Archive member included to satisfy reference by file (symbol)

c:/altera/15.0/nios2eds/bin/gnu/h-x86_64-mingw32/bin/../lib/gcc/nios2-elf/4.9.1/mno-hw-mul\libgcc.a(_muldi3.o)
                              obj/default/main.o (__muldi3)
c:/altera/15.0/nios2eds/bin/gnu/h-x86_64-mingw32/bin/../lib/gcc/nios2-elf/4.9.1/mno-hw-mul\libgcc.a(_udivdi3.o)
                              obj/default/main.o (__udivdi3)
c:/altera/15.0/nios2eds/bin/gnu/h-x86_64-mingw32/bin/../lib/gcc/nios2-elf/4.9.1/mno-hw-mul\libgcc.a(_umoddi3.o)
                              obj/default/main.o (__umoddi3)
c:/altera/15.0/nios2eds/bin/gnu/h-x86_64-mingw32/bin/../lib/gcc/nios2-elf/4.9.1/mno-hw-mul\libgcc.a(lib2-divmod.o)
                              obj/default/main.o (__modsi3)
c:/altera/15.0/nios2eds/bin/gnu/h-x86_64-mingw32/bin/../lib/gcc/nios2-elf/4.9.1/mno-hw-mul\libgcc.a(lib2-mul.o)
                              obj/default/main.o (__mulsi3)
c:/altera/15.0/nios2eds/bin/gnu/h-x86_64-mingw32/bin/../lib/gcc/nios2-elf/4.9.1/mno-hw-mul\libgcc.a(adddf3.o)
                              obj/default/main.o (__adddf3)
c:/altera/15.0/nios2eds/bin/gnu/h-x86_64-mingw32/bin/../lib/gcc/nios2-elf/4.9.1/mno-hw-mul\libgcc.a(subdf3.o)
                              obj/default/main.o (__subdf3)
c:/altera/15.0/nios2eds/bin/gnu/h-x86_64-mingw32/bin/../lib/gcc/nios2-elf/4.9.1/mno-hw-mul\libgcc.a(fixdfsi.o)
                              obj/default/main.o (__fixdfsi)
c:/altera/15.0/nios2eds/bin/gnu/h-x86_64-mingw32/bin/../lib/gcc/nios2-elf/4.9.1/mno-hw-mul\libgcc.a(floatsidf.o)
                              obj/default/main.o (__floatsidf)
c:/altera/15.0/nios2eds/bin/gnu/h-x86_64-mingw32/bin/../lib/gcc/nios2-elf/4.9.1/mno-hw-mul\libgcc.a(_clz.o)
                              c:/altera/15.0/nios2eds/bin/gnu/h-x86_64-mingw32/bin/../lib/gcc/nios2-elf/4.9.1/mno-hw-mul\libgcc.a(_udivdi3.o) (__clz_tab)
c:/altera/15.0/nios2eds/bin/gnu/h-x86_64-mingw32/bin/../lib/gcc/nios2-elf/4.9.1/mno-hw-mul\libgcc.a(_clzsi2.o)
                              c:/altera/15.0/nios2eds/bin/gnu/h-x86_64-mingw32/bin/../lib/gcc/nios2-elf/4.9.1/mno-hw-mul\libgcc.a(adddf3.o) (__clzsi2)
c:/altera/15.0/nios2eds/bin/gnu/h-x86_64-mingw32/bin/../lib/gcc/nios2-elf/4.9.1/../../../../../H-x86_64-mingw32/nios2-elf/lib/mno-hw-mul\libc.a(lib_a-rand.o)
                              obj/default/main.o (srand)
c:/altera/15.0/nios2eds/bin/gnu/h-x86_64-mingw32/bin/../lib/gcc/nios2-elf/4.9.1/../../../../../H-x86_64-mingw32/nios2-elf/lib/mno-hw-mul\libc.a(lib_a-impure.o)
                              c:/altera/15.0/nios2eds/bin/gnu/h-x86_64-mingw32/bin/../lib/gcc/nios2-elf/4.9.1/../../../../../H-x86_64-mingw32/nios2-elf/lib/mno-hw-mul\libc.a(lib_a-rand.o) (_impure_ptr)
../Vegetable-Viking_bsp/\libhal_bsp.a(alt_load.o)
                              ../Vegetable-Viking_bsp//obj/HAL/src/crt0.o (alt_load)
../Vegetable-Viking_bsp/\libhal_bsp.a(alt_main.o)
                              ../Vegetable-Viking_bsp//obj/HAL/src/crt0.o (alt_main)
../Vegetable-Viking_bsp/\libhal_bsp.a(alt_sys_init.o)
                              ../Vegetable-Viking_bsp/\libhal_bsp.a(alt_main.o) (alt_irq_init)
../Vegetable-Viking_bsp/\libhal_bsp.a(altera_avalon_jtag_uart_fd.o)
                              ../Vegetable-Viking_bsp/\libhal_bsp.a(alt_sys_init.o) (altera_avalon_jtag_uart_read_fd)
../Vegetable-Viking_bsp/\libhal_bsp.a(altera_avalon_jtag_uart_init.o)
                              ../Vegetable-Viking_bsp/\libhal_bsp.a(alt_sys_init.o) (altera_avalon_jtag_uart_init)
../Vegetable-Viking_bsp/\libhal_bsp.a(altera_avalon_jtag_uart_ioctl.o)
                              ../Vegetable-Viking_bsp/\libhal_bsp.a(altera_avalon_jtag_uart_fd.o) (altera_avalon_jtag_uart_ioctl)
../Vegetable-Viking_bsp/\libhal_bsp.a(altera_avalon_jtag_uart_read.o)
                              ../Vegetable-Viking_bsp/\libhal_bsp.a(altera_avalon_jtag_uart_fd.o) (altera_avalon_jtag_uart_read)
../Vegetable-Viking_bsp/\libhal_bsp.a(altera_avalon_jtag_uart_write.o)
                              ../Vegetable-Viking_bsp/\libhal_bsp.a(altera_avalon_jtag_uart_fd.o) (altera_avalon_jtag_uart_write)
../Vegetable-Viking_bsp/\libhal_bsp.a(alt_alarm_start.o)
                              ../Vegetable-Viking_bsp/\libhal_bsp.a(altera_avalon_jtag_uart_init.o) (alt_alarm_start)
../Vegetable-Viking_bsp/\libhal_bsp.a(alt_close.o)
                              ../Vegetable-Viking_bsp/\libhal_bsp.a(alt_main.o) (close)
../Vegetable-Viking_bsp/\libhal_bsp.a(alt_dcache_flush_all.o)
                              ../Vegetable-Viking_bsp/\libhal_bsp.a(alt_load.o) (alt_dcache_flush_all)
../Vegetable-Viking_bsp/\libhal_bsp.a(alt_dev.o)
                              ../Vegetable-Viking_bsp/\libhal_bsp.a(alt_sys_init.o) (alt_dev_list)
../Vegetable-Viking_bsp/\libhal_bsp.a(alt_dev_llist_insert.o)
                              ../Vegetable-Viking_bsp/\libhal_bsp.a(alt_sys_init.o) (alt_dev_llist_insert)
../Vegetable-Viking_bsp/\libhal_bsp.a(alt_do_ctors.o)
[...]
Memory Configuration

Name             Origin             Length             Attributes
onchip_memory2_0 0x0000000000000000 0x0000000000000010
reset            0x0000000010000000 0x0000000000000020
sdram            0x0000000010000020 0x0000000007ffffe0
*default*        0x0000000000000000 0xffffffffffffffff

Linker script and memory map

LOAD ../Vegetable-Viking_bsp//obj/HAL/src/crt0.o
LOAD obj/default/main.o
LOAD c:/altera/15.0/nios2eds/bin/gnu/h-x86_64-mingw32/bin/../lib/gcc/nios2-elf/4.9.1/../../../../../H-x86_64-mingw32/nios2-elf/lib/mno-hw-mul\libstdc++.a
LOAD c:/altera/15.0/nios2eds/bin/gnu/h-x86_64-mingw32/bin/../lib/gcc/nios2-elf/4.9.1/../../../../../H-x86_64-mingw32/nios2-elf/lib/mno-hw-mul\libm.a
LOAD c:/altera/15.0/nios2eds/bin/gnu/h-x86_64-mingw32/bin/../lib/gcc/nios2-elf/4.9.1/mno-hw-mul\libgcc.a
START GROUP
LOAD c:/altera/15.0/nios2eds/bin/gnu/h-x86_64-mingw32/bin/../lib/gcc/nios2-elf/4.9.1/../../../../../H-x86_64-mingw32/nios2-elf/lib/mno-hw-mul\libc.a
LOAD c:/altera/15.0/nios2eds/bin/gnu/h-x86_64-mingw32/bin/../lib/gcc/nios2-elf/4.9.1/mno-hw-mul\libgcc.a
LOAD ../Vegetable-Viking_bsp/\libhal_bsp.a
LOAD c:/altera/15.0/nios2eds/bin/gnu/h-x86_64-mingw32/bin/../lib/gcc/nios2-elf/4.9.1/../../../../../H-x86_64-mingw32/nios2-elf/lib/mno-hw-mul\libm.a
END GROUP
LOAD c:/altera/15.0/nios2eds/bin/gnu/h-x86_64-mingw32/bin/../lib/gcc/nios2-elf/4.9.1/mno-hw-mul\libgcc.a
                0x0000000000000000                __alt_mem_onchip_memory2_0 = 0x0
                0x0000000010000000                __alt_mem_sdram = 0x10000000

.entry          0x0000000010000000       0x20
 *(.entry)
 .entry         0x0000000010000000       0x20 ../Vegetable-Viking_bsp//obj/HAL/src/crt0.o
                0x0000000010000000                __reset

.exceptions     0x0000000010000020      0x20c
                0x0000000010000020                PROVIDE (__ram_exceptions_start, ABSOLUTE (.))
                0x0000000010000020                . = ALIGN (0x20)
 *(.irq)
 *(.exceptions.entry.label)
 .exceptions.entry.label
                0x0000000010000020        0x0 ../Vegetable-Viking_bsp/\libhal_bsp.a(alt_irq_entry.o)
                0x0000000010000020                alt_irq_entry
 .exceptions.entry.label
                0x0000000010000020        0x0 ../Vegetable-Viking_bsp/\libhal_bsp.a(alt_exception_entry.o)
                0x0000000010000020                alt_exception
 *(.exceptions.entry.user)
 *(.exceptions.entry.ecc_fatal)
 *(.exceptions.entry)
 .exceptions.entry
                0x0000000010000020       0x54 ../Vegetable-Viking_bsp/\libhal_bsp.a(alt_exception_entry.o)
 *(.exceptions.irqtest.user)
 *(.exceptions.irqtest)
 .exceptions.irqtest
                0x0000000010000074       0x10 ../Vegetable-Viking_bsp/\libhal_bsp.a(alt_irq_entry.o)
 *(.exceptions.irqhandler.user)
 *(.exceptions.irqhandler)
 .exceptions.irqhandler
                0x0000000010000084        0x4 ../Vegetable-Viking_bsp/\libhal_bsp.a(alt_irq_entry.o)
 *(.exceptions.irqreturn.user)
 *(.exceptions.irqreturn)
 .exceptions.irqreturn
                0x0000000010000088        0x4 ../Vegetable-Viking_bsp/\libhal_bsp.a(alt_irq_entry.o)
 *(.exceptions.notirq.label)
 .exceptions.notirq.label
                0x000000001000008c        0x0 ../Vegetable-Viking_bsp/\libhal_bsp.a(alt_irq_entry.o)
 *(.exceptions.notirq.user)
 *(.exceptions.notirq)
 .exceptions.notirq
                0x000000001000008c        0x8 ../Vegetable-Viking_bsp/\libhal_bsp.a(alt_exception_entry.o)
 *(.exceptions.soft.user)
 *(.exceptions.soft)
 *(.exceptions.unknown.user)
 *(.exceptions.unknown)
 .exceptions.unknown
                0x0000000010000094       0x14 ../Vegetable-Viking_bsp/\libhal_bsp.a(alt_exception_entry.o)
 *(.exceptions.exit.label)
 .exceptions.exit.label
                0x00000000100000a8        0x0 ../Vegetable-Viking_bsp/\libhal_bsp.a(alt_irq_entry.o)
 .exceptions.exit.label
                0x00000000100000a8        0x0 ../Vegetable-Viking_bsp/\libhal_bsp.a(alt_exception_entry.o)
 *(.exceptions.exit.user)
 *(.exceptions.exit)
 .exceptions.exit
                0x00000000100000a8       0x54 ../Vegetable-Viking_bsp/\libhal_bsp.a(alt_exception_entry.o)
 *(.exceptions)
 .exceptions    0x00000000100000fc       0xd0 ../Vegetable-Viking_bsp/\libhal_bsp.a(alt_irq_handler.o)
                0x00000000100000fc                alt_irq_handler
 .exceptions    0x00000000100001cc       0x60 ../Vegetable-Viking_bsp/\libhal_bsp.a(alt_instruction_exception_entry.o)
                0x00000000100001cc                alt_instruction_exception_entry
                0x000000001000022c                PROVIDE (__ram_exceptions_end, ABSOLUTE (.))
                0x0000000010000020                PROVIDE (__flash_exceptions_start, LOADADDR (.exceptions))

.text           0x000000001000022c     0x5640
                0x000000001000022c                PROVIDE (stext, ABSOLUTE (.))
 *(.interp)
 *(.hash)
 *(.dynsym)
 *(.dynstr)
 *(.gnu.version)
 *(.gnu.version_d)
 *(.gnu.version_r)
 *(.rel.init)
 *(.rela.init)
 *(.rel.text .rel.text.* .rel.gnu.linkonce.t.*)
 *(.rela.text .rela.text.* .rela.gnu.linkonce.t.*)
 *(.rel.fini)
 *(.rela.fini)
 *(.rel.rodata .rel.rodata.* .rel.gnu.linkonce.r.*)
 *(.rela.rodata .rela.rodata.* .rela.gnu.linkonce.r.*)
 *(.rel.data .rel.data.* .rel.gnu.linkonce.d.*)
 *(.rela.data .rela.data.* .rela.gnu.linkonce.d.*)
 *(.rel.tdata .rel.tdata.* .rel.gnu.linkonce.td.*)
 *(.rela.tdata .rela.tdata.* .rela.gnu.linkonce.td.*)
 *(.rel.tbss .rel.tbss.* .rel.gnu.linkonce.tb.*)
 *(.rela.tbss .rela.tbss.* .rela.gnu.linkonce.tb.*)
 *(.rel.ctors)
 *(.rela.ctors)
 *(.rel.dtors)
 *(.rela.dtors)
 *(.rel.got)
 *(.rela.got)
 *(.rel.sdata .rel.sdata.* .rel.gnu.linkonce.s.*)
 *(.rela.sdata .rela.sdata.* .rela.gnu.linkonce.s.*)
 *(.rel.sbss .rel.sbss.* .rel.gnu.linkonce.sb.*)
 *(.rela.sbss .rela.sbss.* .rela.gnu.linkonce.sb.*)
 *(.rel.sdata2 .rel.sdata2.* .rel.gnu.linkonce.s2.*)
 *(.rela.sdata2 .rela.sdata2.* .rela.gnu.linkonce.s2.*)
 *(.rel.sbss2 .rel.sbss2.* .rel.gnu.linkonce.sb2.*)
 *(.rela.sbss2 .rela.sbss2.* .rela.gnu.linkonce.sb2.*)
 *(.rel.bss .rel.bss.* .rel.gnu.linkonce.b.*)
 *(.rela.bss .rela.bss.* .rela.gnu.linkonce.b.*)
 *(.rel.plt)
 *(.rela.plt)
 *(.rel.dyn)
 *(.init)
 *(.plt)
 *(.text .stub .text.* .gnu.linkonce.t.*)
 .text          0x000000001000022c       0x3c ../Vegetable-Viking_bsp//obj/HAL/src/crt0.o
                0x000000001000022c                _start
 .text          0x0000000010000268     0x1140 obj/default/main.o
                0x0000000010000268                main
                0x00000000100004dc                physicsEngine
                0x00000000100008b0                spawningEngine
                0x0000000010000b44                sliceEngine
                0x0000000010000bc8                FPGAcommunicator
                0x0000000010000d3c                messagePackager
                0x0000000010001184                port2Unpackager
                0x0000000010001258                convertDecimalToBinary
                0x00000000100012c0                convertBinaryToDecimal
 .text          0x00000000100013a8      0x10c c:/altera/15.0/nios2eds/bin/gnu/h-x86_64-mingw32/bin/../lib/gcc/nios2-elf/4.9.1/mno-hw-mul\libgcc.a(_muldi3.o)
                0x00000000100013a8                __muldi3
 .text          0x00000000100014b4      0x640 c:/altera/15.0/nios2eds/bin/gnu/h-x86_64-mingw32/bin/../lib/gcc/nios2-elf/4.9.1/mno-hw-mul\libgcc.a(_udivdi3.o)
                0x00000000100014b4                __udivdi3
 .text          0x0000000010001af4      0x61c c:/altera/15.0/nios2eds/bin/gnu/h-x86_64-mingw32/bin/../lib/gcc/nios2-elf/4.9.1/mno-hw-mul\libgcc.a(_umoddi3.o)
                0x0000000010001af4                __umoddi3
 .text          0x0000000010002110      0x12c c:/altera/15.0/nios2eds/bin/gnu/h-x86_64-mingw32/bin/../lib/gcc/nios2-elf/4.9.1/mno-hw-mul\libgcc.a(lib2-divmod.o)
                0x000000001000217c                __divsi3
                0x00000000100021d0                __modsi3
                0x000000001000222c                __udivsi3
                0x0000000010002234                __umodsi3
 .text          0x000000001000223c       0x28 c:/altera/15.0/nios2eds/bin/gnu/h-x86_64-mingw32/bin/../lib/gcc/nios2-elf/4.9.1/mno-hw-mul\libgcc.a(lib2-mul.o)
                0x000000001000223c                __mulsi3
 .text          0x0000000010002264      0x89c c:/altera/15.0/nios2eds/bin/gnu/h-x86_64-mingw32/bin/../lib/gcc/nios2-elf/4.9.1/mno-hw-mul\libgcc.a(adddf3.o)
                0x0000000010002264                __adddf3
 .text          0x0000000010002b00      0x8d0 c:/altera/15.0/nios2eds/bin/gnu/h-x86_64-mingw32/bin/../lib/gcc/nios2-elf/4.9.1/mno-hw-mul\libgcc.a(subdf3.o)
                0x0000000010002b00                __subdf3
 .text          0x00000000100033d0       0x88 c:/altera/15.0/nios2eds/bin/gnu/h-x86_64-mingw32/bin/../lib/gcc/nios2-elf/4.9.1/mno-hw-mul\libgcc.a(fixdfsi.o)
                0x00000000100033d0                __fixdfsi
 .text          0x0000000010003458       0xd0 c:/altera/15.0/nios2eds/bin/gnu/h-x86_64-mingw32/bin/../lib/gcc/nios2-elf/4.9.1/mno-hw-mul\libgcc.a(floatsidf.o)
                0x0000000010003458                __floatsidf
 .text          0x0000000010003528        0x0 c:/altera/15.0/nios2eds/bin/gnu/h-x86_64-mingw32/bin/../lib/gcc/nios2-elf/4.9.1/mno-hw-mul\libgcc.a(_clz.o)
 .text          0x0000000010003528       0x64 c:/altera/15.0/nios2eds/bin/gnu/h-x86_64-mingw32/bin/../lib/gcc/nios2-elf/4.9.1/mno-hw-mul\libgcc.a(_clzsi2.o)
                0x0000000010003528                __clzsi2
 .text          0x000000001000358c       0x7c c:/altera/15.0/nios2eds/bin/gnu/h-x86_64-mingw32/bin/../lib/gcc/nios2-elf/4.9.1/../../../../../H-x86_64-mingw32/nios2-elf/lib/mno-hw-mul\libc.a(lib_a-rand.o)
                0x000000001000358c                srand
                0x00000000100035a4                rand
 .text          0x0000000010003608        0x0 c:/altera/15.0/nios2eds/bin/gnu/h-x86_64-mingw32/bin/../lib/gcc/nios2-elf/4.9.1/../../../../../H-x86_64-mingw32/nios2-elf/lib/mno-hw-mul\libc.a(lib_a-impure.o)
 .text          0x0000000010003608       0xe4 ../Vegetable-Viking_bsp/\libhal_bsp.a(alt_load.o)
                0x000000001000366c                alt_load
 .text          0x00000000100036ec       0x78 ../Vegetable-Viking_bsp/\libhal_bsp.a(alt_main.o)
                0x00000000100036ec                alt_main
 .text          0x0000000010003764       0xb4 ../Vegetable-Viking_bsp/\libhal_bsp.a(alt_sys_init.o)
                0x000000001000379c                alt_irq_init
                0x00000000100037d0                alt_sys_init
 .text          0x0000000010003818      0x164 ../Vegetable-Viking_bsp/\libhal_bsp.a(altera_avalon_jtag_uart_fd.o)
                0x0000000010003818                altera_avalon_jtag_uart_read_fd
                0x0000000010003878                altera_avalon_jtag_uart_write_fd
                0x00000000100038d8                altera_avalon_jtag_uart_close_fd
                0x0000000010003928                altera_avalon_jtag_uart_ioctl_fd
 .text          0x000000001000397c      0x3d8 ../Vegetable-Viking_bsp/\libhal_bsp.a(altera_avalon_jtag_uart_init.o)
                0x000000001000397c                altera_avalon_jtag_uart_init
                0x0000000010003cec                altera_avalon_jtag_uart_close
 .text          0x0000000010003d54       0xec ../Vegetable-Viking_bsp/\libhal_bsp.a(altera_avalon_jtag_uart_ioctl.o)
                0x0000000010003d54                altera_avalon_jtag_uart_ioctl
 .text          0x0000000010003e40      0x20c ../Vegetable-Viking_bsp/\libhal_bsp.a(altera_avalon_jtag_uart_read.o)
                0x0000000010003e40                altera_avalon_jtag_uart_read
 .text          0x000000001000404c      0x218 ../Vegetable-Viking_bsp/\libhal_bsp.a(altera_avalon_jtag_uart_write.o)
                0x000000001000404c                altera_avalon_jtag_uart_write
 .text          0x0000000010004264      0x140 ../Vegetable-Viking_bsp/\libhal_bsp.a(alt_alarm_start.o)
                0x0000000010004264                alt_alarm_start
 .text          0x00000000100043a4      0x128 ../Vegetable-Viking_bsp/\libhal_bsp.a(alt_close.o)
                0x00000000100043f4                close
 .text          0x00000000100044cc       0x1c ../Vegetable-Viking_bsp/\libhal_bsp.a(alt_dcache_flush_all.o)
                0x00000000100044cc                alt_dcache_flush_all
 .text          0x00000000100044e8       0x2c ../Vegetable-Viking_bsp/\libhal_bsp.a(alt_dev.o)
 .text          0x0000000010004514       0xf4 ../Vegetable-Viking_bsp/\libhal_bsp.a(alt_dev_llist_insert.o)
                0x0000000010004564                alt_dev_llist_insert
 .text          0x0000000010004608       0x5c ../Vegetable-Viking_bsp/\libhal_bsp.a(alt_do_ctors.o)
                0x0000000010004608                _do_ctors
 .text          0x0000000010004664       0x5c ../Vegetable-Viking_bsp/\libhal_bsp.a(alt_do_dtors.o)
                0x0000000010004664                _do_dtors
 .text          0x00000000100046c0        0x0 ../Vegetable-Viking_bsp/\libhal_bsp.a(alt_errno.o)
 .text          0x00000000100046c0       0x1c ../Vegetable-Viking_bsp/\libhal_bsp.a(alt_icache_flush_all.o)
                0x00000000100046c0                alt_icache_flush_all
 .text          0x00000000100046dc      0x1e0 ../Vegetable-Viking_bsp/\libhal_bsp.a(alt_iic.o)
                0x00000000100046dc                alt_ic_isr_register
                0x000000001000472c                alt_ic_irq_enable
                0x00000000100047cc                alt_ic_irq_disable
                0x0000000010004870                alt_ic_irq_enabled
 .text          0x00000000100048bc       0xf0 ../Vegetable-Viking_bsp/\libhal_bsp.a(alt_iic_isr_register.o)
                0x00000000100048bc                alt_iic_isr_register
 .text          0x00000000100049ac      0x158 ../Vegetable-Viking_bsp/\libhal_bsp.a(alt_io_redirect.o)
                0x0000000010004a8c                alt_io_redirect
 .text          0x0000000010004b04        0x0 ../Vegetable-Viking_bsp/\libhal_bsp.a(alt_irq_entry.o)
 .text          0x0000000010004b04        0x0 ../Vegetable-Viking_bsp/\libhal_bsp.a(alt_irq_handler.o)
 .text          0x0000000010004b04        0x0 ../Vegetable-Viking_bsp/\libhal_bsp.a(alt_irq_vars.o)
 .text          0x0000000010004b04      0x2a4 ../Vegetable-Viking_bsp/\libhal_bsp.a(alt_open.o)
                0x0000000010004c48                open
 .text          0x0000000010004da8       0x80 ../Vegetable-Viking_bsp/\libhal_bsp.a(alt_release_fd.o)
                0x0000000010004da8                alt_release_fd
 .text          0x0000000010004e28      0x19c ../Vegetable-Viking_bsp/\libhal_bsp.a(alt_tick.o)
                0x0000000010004e28                alt_alarm_stop
                0x0000000010004ec0                alt_tick
 .text          0x0000000010004fc4       0x20 ../Vegetable-Viking_bsp/\libhal_bsp.a(altera_nios2_gen2_irq.o)
                0x0000000010004fc4                altera_nios2_gen2_irq_init
 .text          0x0000000010004fe4        0x0 ../Vegetable-Viking_bsp/\libhal_bsp.a(alt_exception_entry.o)
 .text          0x0000000010004fe4       0x90 ../Vegetable-Viking_bsp/\libhal_bsp.a(alt_find_dev.o)
                0x0000000010004fe4                alt_find_dev
 .text          0x0000000010005074      0x114 ../Vegetable-Viking_bsp/\libhal_bsp.a(alt_find_file.o)
                0x0000000010005074                alt_find_file
 .text          0x0000000010005188       0xd4 ../Vegetable-Viking_bsp/\libhal_bsp.a(alt_get_fd.o)
                0x0000000010005188                alt_get_fd
 .text          0x000000001000525c       0x9c ../Vegetable-Viking_bsp/\libhal_bsp.a(alt_instruction_exception_entry.o)
                0x000000001000525c                alt_exception_cause_generated_bad_addr
 .text          0x00000000100052f8       0x14 c:/altera/15.0/nios2eds/bin/gnu/h-x86_64-mingw32/bin/../lib/gcc/nios2-elf/4.9.1/../../../../../H-x86_64-mingw32/nios2-elf/lib/mno-hw-mul\libc.a(lib_a-atexit.o)
                0x00000000100052f8                atexit
 .text          0x000000001000530c       0x38 c:/altera/15.0/nios2eds/bin/gnu/h-x86_64-mingw32/bin/../lib/gcc/nios2-elf/4.9.1/../../../../../H-x86_64-mingw32/nios2-elf/lib/mno-hw-mul\libc.a(lib_a-exit.o)
                0x000000001000530c                exit
 .text          0x0000000010005344        0x0 c:/altera/15.0/nios2eds/bin/gnu/h-x86_64-mingw32/bin/../lib/gcc/nios2-elf/4.9.1/../../../../../H-x86_64-mingw32/nios2-elf/lib/mno-hw-mul\libc.a(lib_a-int_errno.o)
 .text          0x0000000010005344       0x7c c:/altera/15.0/nios2eds/bin/gnu/h-x86_64-mingw32/bin/../lib/gcc/nios2-elf/4.9.1/../../../../../H-x86_64-mingw32/nios2-elf/lib/mno-hw-mul\libc.a(lib_a-memcmp.o)
                0x0000000010005344                memcmp
 .text          0x00000000100053c0      0x138 c:/altera/15.0/nios2eds/bin/gnu/h-x86_64-mingw32/bin/../lib/gcc/nios2-elf/4.9.1/../../../../../H-x86_64-mingw32/nios2-elf/lib/mno-hw-mul\libc.a(lib_a-memcpy.o)
                0x00000000100053c0                memcpy
 .text          0x00000000100054f8       0x98 c:/altera/15.0/nios2eds/bin/gnu/h-x86_64-mingw32/bin/../lib/gcc/nios2-elf/4.9.1/../../../../../H-x86_64-mingw32/nios2-elf/lib/mno-hw-mul\libc.a(lib_a-strlen.o)
                0x00000000100054f8                strlen
 .text          0x0000000010005590      0x114 c:/altera/15.0/nios2eds/bin/gnu/h-x86_64-mingw32/bin/../lib/gcc/nios2-elf/4.9.1/../../../../../H-x86_64-mingw32/nios2-elf/lib/mno-hw-mul\libc.a(lib_a-__atexit.o)
                0x0000000010005590                __register_exitproc
 .text          0x00000000100056a4      0x194 c:/altera/15.0/nios2eds/bin/gnu/h-x86_64-mingw32/bin/../lib/gcc/nios2-elf/4.9.1/../../../../../H-x86_64-mingw32/nios2-elf/lib/mno-hw-mul\libc.a(lib_a-__call_atexit.o)
                0x00000000100056a4                __call_exitprocs
 .text          0x0000000010005838       0x34 ../Vegetable-Viking_bsp/\libhal_bsp.a(alt_exit.o)
                0x0000000010005838                _exit
 *(.gnu.warning.*)
 *(.fini)
                0x000000001000586c                PROVIDE (__etext, ABSOLUTE (.))
                0x000000001000586c                PROVIDE (_etext, ABSOLUTE (.))
                0x000000001000586c                PROVIDE (etext, ABSOLUTE (.))
 *(.eh_frame_hdr)
                0x000000001000586c                . = ALIGN (0x4)
                0x000000001000586c                PROVIDE (__preinit_array_start, ABSOLUTE (.))
 *(.preinit_array)
                0x000000001000586c                PROVIDE (__preinit_array_end, ABSOLUTE (.))
                0x000000001000586c                PROVIDE (__init_array_start, ABSOLUTE (.))
 *(.init_array)
                0x000000001000586c                PROVIDE (__init_array_end, ABSOLUTE (.))
                0x000000001000586c                PROVIDE (__fini_array_start, ABSOLUTE (.))
 *(.fini_array)
                0x000000001000586c                PROVIDE (__fini_array_end, ABSOLUTE (.))
 *(.eh_frame)
 *(.gcc_except_table .gcc_except_table.*)
 *(.dynamic)
                0x000000001000586c                PROVIDE (__CTOR_LIST__, ABSOLUTE (.))
 *(.ctors)
 *(SORT(.ctors.*))
                0x000000001000586c                PROVIDE (__CTOR_END__, ABSOLUTE (.))
                0x000000001000586c                PROVIDE (__DTOR_LIST__, ABSOLUTE (.))
 *(.dtors)
 *(SORT(.dtors.*))
                0x000000001000586c                PROVIDE (__DTOR_END__, ABSOLUTE (.))
 *(.jcr)
                0x000000001000586c                . = ALIGN (0x4)

.rodata         0x000000001000586c      0x138
                0x000000001000586c                PROVIDE (__ram_rodata_start, ABSOLUTE (.))
                0x000000001000586c                . = ALIGN (0x4)
 *(.rodata .rodata.* .gnu.linkonce.r.*)
 .rodata        0x000000001000586c      0x100 c:/altera/15.0/nios2eds/bin/gnu/h-x86_64-mingw32/bin/../lib/gcc/nios2-elf/4.9.1/mno-hw-mul\libgcc.a(_clz.o)
                0x000000001000586c                __clz_tab
 .rodata.str1.4
                0x000000001000596c        0x4 c:/altera/15.0/nios2eds/bin/gnu/h-x86_64-mingw32/bin/../lib/gcc/nios2-elf/4.9.1/../../../../../H-x86_64-mingw32/nios2-elf/lib/mno-hw-mul\libc.a(lib_a-impure.o)
 .rodata        0x0000000010005970       0x14 ../Vegetable-Viking_bsp/\libhal_bsp.a(alt_main.o)
 .rodata        0x0000000010005984       0x14 ../Vegetable-Viking_bsp/\libhal_bsp.a(alt_sys_init.o)
 .rodata        0x0000000010005998        0xc ../Vegetable-Viking_bsp/\libhal_bsp.a(alt_dev.o)
 *(.rodata1)
                0x00000000100059a4                . = ALIGN (0x4)
                0x00000000100059a4                PROVIDE (__ram_rodata_end, ABSOLUTE (.))
                0x000000001000586c                PROVIDE (__flash_rodata_start, LOADADDR (.rodata))

.rwdata         0x00000000100059a4     0x1658 load address 0x0000000010006ffc
                0x00000000100059a4                PROVIDE (__ram_rwdata_start, ABSOLUTE (.))
                0x00000000100059a4                . = ALIGN (0x4)
 *(.got.plt)
 *(.got)
 *(.data1)
 *(.data .data.* .gnu.linkonce.d.*)
 .data          0x00000000100059a4        0x0 ../Vegetable-Viking_bsp//obj/HAL/src/crt0.o
 .data          0x00000000100059a4        0x0 obj/default/main.o
 .data          0x00000000100059a4        0x0 c:/altera/15.0/nios2eds/bin/gnu/h-x86_64-mingw32/bin/../lib/gcc/nios2-elf/4.9.1/mno-hw-mul\libgcc.a(_muldi3.o)
 .data          0x00000000100059a4        0x0 c:/altera/15.0/nios2eds/bin/gnu/h-x86_64-mingw32/bin/../lib/gcc/nios2-elf/4.9.1/mno-hw-mul\libgcc.a(_udivdi3.o)
 .data          0x00000000100059a4        0x0 c:/altera/15.0/nios2eds/bin/gnu/h-x86_64-mingw32/bin/../lib/gcc/nios2-elf/4.9.1/mno-hw-mul\libgcc.a(_umoddi3.o)
 .data          0x00000000100059a4        0x0 c:/altera/15.0/nios2eds/bin/gnu/h-x86_64-mingw32/bin/../lib/gcc/nios2-elf/4.9.1/mno-hw-mul\libgcc.a(lib2-divmod.o)
 .data          0x00000000100059a4        0x0 c:/altera/15.0/nios2eds/bin/gnu/h-x86_64-mingw32/bin/../lib/gcc/nios2-elf/4.9.1/mno-hw-mul\libgcc.a(lib2-mul.o)
 .data          0x00000000100059a4        0x0 c:/altera/15.0/nios2eds/bin/gnu/h-x86_64-mingw32/bin/../lib/gcc/nios2-elf/4.9.1/mno-hw-mul\libgcc.a(adddf3.o)
 .data          0x00000000100059a4        0x0 c:/altera/15.0/nios2eds/bin/gnu/h-x86_64-mingw32/bin/../lib/gcc/nios2-elf/4.9.1/mno-hw-mul\libgcc.a(subdf3.o)
 .data          0x00000000100059a4        0x0 c:/altera/15.0/nios2eds/bin/gnu/h-x86_64-mingw32/bin/../lib/gcc/nios2-elf/4.9.1/mno-hw-mul\libgcc.a(fixdfsi.o)
 .data          0x00000000100059a4        0x0 c:/altera/15.0/nios2eds/bin/gnu/h-x86_64-mingw32/bin/../lib/gcc/nios2-elf/4.9.1/mno-hw-mul\libgcc.a(floatsidf.o)
 .data          0x00000000100059a4        0x0 c:/altera/15.0/nios2eds/bin/gnu/h-x86_64-mingw32/bin/../lib/gcc/nios2-elf/4.9.1/mno-hw-mul\libgcc.a(_clz.o)
 .data          0x00000000100059a4        0x0 c:/altera/15.0/nios2eds/bin/gnu/h-x86_64-mingw32/bin/../lib/gcc/nios2-elf/4.9.1/mno-hw-mul\libgcc.a(_clzsi2.o)
 .data          0x00000000100059a4        0x0 c:/altera/15.0/nios2eds/bin/gnu/h-x86_64-mingw32/bin/../lib/gcc/nios2-elf/4.9.1/../../../../../H-x86_64-mingw32/nios2-elf/lib/mno-hw-mul\libc.a(lib_a-rand.o)
 .data          0x00000000100059a4      0x424 c:/altera/15.0/nios2eds/bin/gnu/h-x86_64-mingw32/bin/../lib/gcc/nios2-elf/4.9.1/../../../../../H-x86_64-mingw32/nios2-elf/lib/mno-hw-mul\libc.a(lib_a-impure.o)
 .data          0x0000000010005dc8        0x0 ../Vegetable-Viking_bsp/\libhal_bsp.a(alt_load.o)
 .data          0x0000000010005dc8        0x0 ../Vegetable-Viking_bsp/\libhal_bsp.a(alt_main.o)
 .data          0x0000000010005dc8     0x1060 ../Vegetable-Viking_bsp/\libhal_bsp.a(alt_sys_init.o)
 .data          0x0000000010006e28        0x0 ../Vegetable-Viking_bsp/\libhal_bsp.a(altera_avalon_jtag_uart_fd.o)
 .data          0x0000000010006e28        0x0 ../Vegetable-Viking_bsp/\libhal_bsp.a(altera_avalon_jtag_uart_init.o)
 .data          0x0000000010006e28        0x0 ../Vegetable-Viking_bsp/\libhal_bsp.a(altera_avalon_jtag_uart_ioctl.o)
 .data          0x0000000010006e28        0x0 ../Vegetable-Viking_bsp/\libhal_bsp.a(altera_avalon_jtag_uart_read.o)
 .data          0x0000000010006e28        0x0 ../Vegetable-Viking_bsp/\libhal_bsp.a(altera_avalon_jtag_uart_write.o)
 .data          0x0000000010006e28        0x0 ../Vegetable-Viking_bsp/\libhal_bsp.a(alt_alarm_start.o)
 .data          0x0000000010006e28        0x0 ../Vegetable-Viking_bsp/\libhal_bsp.a(alt_close.o)
 .data          0x0000000010006e28        0x0 ../Vegetable-Viking_bsp/\libhal_bsp.a(alt_dcache_flush_all.o)
 .data          0x0000000010006e28      0x1a8 ../Vegetable-Viking_bsp/\libhal_bsp.a(alt_dev.o)
                0x0000000010006e28                alt_dev_null
                0x0000000010006e50                alt_fd_list
 .data          0x0000000010006fd0        0x0 ../Vegetable-Viking_bsp/\libhal_bsp.a(alt_dev_llist_insert.o)
 .data          0x0000000010006fd0        0x0 ../Vegetable-Viking_bsp/\libhal_bsp.a(alt_do_ctors.o)
 .data          0x0000000010006fd0        0x0 ../Vegetable-Viking_bsp/\libhal_bsp.a(alt_do_dtors.o)
 .data          0x0000000010006fd0        0x0 ../Vegetable-Viking_bsp/\libhal_bsp.a(alt_errno.o)
 .data          0x0000000010006fd0        0x0 ../Vegetable-Viking_bsp/\libhal_bsp.a(alt_icache_flush_all.o)
 .data          0x0000000010006fd0        0x0 ../Vegetable-Viking_bsp/\libhal_bsp.a(alt_iic.o)
 .data          0x0000000010006fd0        0x0 ../Vegetable-Viking_bsp/\libhal_bsp.a(alt_iic_isr_register.o)
 .data          0x0000000010006fd0        0x0 ../Vegetable-Viking_bsp/\libhal_bsp.a(alt_io_redirect.o)
 .data          0x0000000010006fd0        0x0 ../Vegetable-Viking_bsp/\libhal_bsp.a(alt_irq_entry.o)
 .data          0x0000000010006fd0        0x0 ../Vegetable-Viking_bsp/\libhal_bsp.a(alt_irq_handler.o)
 .data          0x0000000010006fd0        0x0 ../Vegetable-Viking_bsp/\libhal_bsp.a(alt_irq_vars.o)
 .data          0x0000000010006fd0        0x0 ../Vegetable-Viking_bsp/\libhal_bsp.a(alt_open.o)
 .data          0x0000000010006fd0        0x0 ../Vegetable-Viking_bsp/\libhal_bsp.a(alt_release_fd.o)
 .data          0x0000000010006fd0        0x0 ../Vegetable-Viking_bsp/\libhal_bsp.a(alt_tick.o)
 .data          0x0000000010006fd0        0x0 ../Vegetable-Viking_bsp/\libhal_bsp.a(altera_nios2_gen2_irq.o)
 .data          0x0000000010006fd0        0x0 ../Vegetable-Viking_bsp/\libhal_bsp.a(alt_exception_entry.o)
 .data          0x0000000010006fd0        0x0 ../Vegetable-Viking_bsp/\libhal_bsp.a(alt_find_dev.o)
 .data          0x0000000010006fd0        0x0 ../Vegetable-Viking_bsp/\libhal_bsp.a(alt_find_file.o)
 .data          0x0000000010006fd0        0x0 ../Vegetable-Viking_bsp/\libhal_bsp.a(alt_get_fd.o)
 .data          0x0000000010006fd0        0x0 ../Vegetable-Viking_bsp/\libhal_bsp.a(alt_instruction_exception_entry.o)
 .data          0x0000000010006fd0        0x0 c:/altera/15.0/nios2eds/bin/gnu/h-x86_64-mingw32/bin/../lib/gcc/nios2-elf/4.9.1/../../../../../H-x86_64-mingw32/nios2-elf/lib/mno-hw-mul\libc.a(lib_a-atexit.o)
 .data          0x0000000010006fd0        0x0 c:/altera/15.0/nios2eds/bin/gnu/h-x86_64-mingw32/bin/../lib/gcc/nios2-elf/4.9.1/../../../../../H-x86_64-mingw32/nios2-elf/lib/mno-hw-mul\libc.a(lib_a-exit.o)
 .data          0x0000000010006fd0        0x0 c:/altera/15.0/nios2eds/bin/gnu/h-x86_64-mingw32/bin/../lib/gcc/nios2-elf/4.9.1/../../../../../H-x86_64-mingw32/nios2-elf/lib/mno-hw-mul\libc.a(lib_a-int_errno.o)
 .data          0x0000000010006fd0        0x0 c:/altera/15.0/nios2eds/bin/gnu/h-x86_64-mingw32/bin/../lib/gcc/nios2-elf/4.9.1/../../../../../H-x86_64-mingw32/nios2-elf/lib/mno-hw-mul\libc.a(lib_a-memcmp.o)
 .data          0x0000000010006fd0        0x0 c:/altera/15.0/nios2eds/bin/gnu/h-x86_64-mingw32/bin/../lib/gcc/nios2-elf/4.9.1/../../../../../H-x86_64-mingw32/nios2-elf/lib/mno-hw-mul\libc.a(lib_a-memcpy.o)
 .data          0x0000000010006fd0        0x0 c:/altera/15.0/nios2eds/bin/gnu/h-x86_64-mingw32/bin/../lib/gcc/nios2-elf/4.9.1/../../../../../H-x86_64-mingw32/nios2-elf/lib/mno-hw-mul\libc.a(lib_a-strlen.o)
 .data          0x0000000010006fd0        0x0 c:/altera/15.0/nios2eds/bin/gnu/h-x86_64-mingw32/bin/../lib/gcc/nios2-elf/4.9.1/../../../../../H-x86_64-mingw32/nios2-elf/lib/mno-hw-mul\libc.a(lib_a-__atexit.o)
 .data          0x0000000010006fd0        0x0 c:/altera/15.0/nios2eds/bin/gnu/h-x86_64-mingw32/bin/../lib/gcc/nios2-elf/4.9.1/../../../../../H-x86_64-mingw32/nios2-elf/lib/mno-hw-mul\libc.a(lib_a-__call_atexit.o)
 .data          0x0000000010006fd0        0x0 ../Vegetable-Viking_bsp/\libhal_bsp.a(alt_exit.o)
                0x000000001000efd0                _gp = ABSOLUTE ((. + 0x8000))
                0x000000001000efd0                PROVIDE (gp, _gp)
 *(.rwdata .rwdata.*)
 *(.sdata .sdata.* .gnu.linkonce.s.*)
 .sdata         0x0000000010006fd0        0x8 c:/altera/15.0/nios2eds/bin/gnu/h-x86_64-mingw32/bin/../lib/gcc/nios2-elf/4.9.1/../../../../../H-x86_64-mingw32/nios2-elf/lib/mno-hw-mul\libc.a(lib_a-impure.o)
                0x0000000010006fd0                _global_impure_ptr
                0x0000000010006fd4                _impure_ptr
 .sdata         0x0000000010006fd8       0x14 ../Vegetable-Viking_bsp/\libhal_bsp.a(alt_dev.o)
                0x0000000010006fd8                alt_fs_list
                0x0000000010006fe0                alt_dev_list
                0x0000000010006fe8                alt_max_fd
 .sdata         0x0000000010006fec        0x4 ../Vegetable-Viking_bsp/\libhal_bsp.a(alt_errno.o)
                0x0000000010006fec                alt_errno
 .sdata         0x0000000010006ff0        0x4 ../Vegetable-Viking_bsp/\libhal_bsp.a(alt_irq_vars.o)
                0x0000000010006ff0                alt_priority_mask
 .sdata         0x0000000010006ff4        0x8 ../Vegetable-Viking_bsp/\libhal_bsp.a(alt_tick.o)
                0x0000000010006ff4                alt_alarm_list
 *(.sdata2 .sdata2.* .gnu.linkonce.s2.*)
                0x0000000010006ffc                . = ALIGN (0x4)
                0x0000000010006ffc                _edata = ABSOLUTE (.)
                0x0000000010006ffc                PROVIDE (edata, ABSOLUTE (.))
                0x0000000010006ffc                PROVIDE (__ram_rwdata_end, ABSOLUTE (.))
                0x0000000010006ffc                PROVIDE (__flash_rwdata_start, LOADADDR (.rwdata))

.bss            0x0000000010008654      0x25c
                0x0000000010008654                __bss_start = ABSOLUTE (.)
                0x0000000010008654                PROVIDE (__sbss_start, ABSOLUTE (.))
                0x0000000010008654                PROVIDE (___sbss_start, ABSOLUTE (.))
 *(.dynsbss)
 *(.sbss .sbss.* .gnu.linkonce.sb.*)
 .sbss          0x0000000010008654       0x1c obj/default/main.o
                0x0000000010008654                yCursor
                0x0000000010008658                xCursor
                0x000000001000865c                cursorClicked
                0x0000000010008660                cursorStreak
                0x0000000010008664                key1
                0x0000000010008668                key3
                0x000000001000866c                key2
 .sbss          0x0000000010008670        0xc ../Vegetable-Viking_bsp/\libhal_bsp.a(alt_main.o)
                0x0000000010008670                alt_argc
                0x0000000010008674                alt_argv
                0x0000000010008678                alt_envp
 .sbss          0x000000001000867c        0x4 ../Vegetable-Viking_bsp/\libhal_bsp.a(alt_irq_vars.o)
                0x000000001000867c                alt_irq_active
 .sbss          0x0000000010008680        0x8 ../Vegetable-Viking_bsp/\libhal_bsp.a(alt_tick.o)
                0x0000000010008680                _alt_tick_rate
                0x0000000010008684                _alt_nticks
 .sbss          0x0000000010008688        0x4 ../Vegetable-Viking_bsp/\libhal_bsp.a(alt_instruction_exception_entry.o)
                0x0000000010008688                alt_instruction_exception_handler
 .sbss          0x000000001000868c        0x4 c:/altera/15.0/nios2eds/bin/gnu/h-x86_64-mingw32/bin/../lib/gcc/nios2-elf/4.9.1/../../../../../H-x86_64-mingw32/nios2-elf/lib/mno-hw-mul\libc.a(lib_a-int_errno.o)
                0x000000001000868c                errno
 *(.sbss2 .sbss2.* .gnu.linkonce.sb2.*)
 *(.scommon)
                0x0000000010008690                PROVIDE (__sbss_end, ABSOLUTE (.))
                0x0000000010008690                PROVIDE (___sbss_end, ABSOLUTE (.))
 *(.dynbss)
 *(.bss .bss.* .gnu.linkonce.b.*)
 .bss           0x0000000010008690        0x0 ../Vegetable-Viking_bsp//obj/HAL/src/crt0.o
 .bss           0x0000000010008690        0x0 obj/default/main.o
 .bss           0x0000000010008690        0x0 c:/altera/15.0/nios2eds/bin/gnu/h-x86_64-mingw32/bin/../lib/gcc/nios2-elf/4.9.1/mno-hw-mul\libgcc.a(_muldi3.o)
 .bss           0x0000000010008690        0x0 c:/altera/15.0/nios2eds/bin/gnu/h-x86_64-mingw32/bin/../lib/gcc/nios2-elf/4.9.1/mno-hw-mul\libgcc.a(_udivdi3.o)
 .bss           0x0000000010008690        0x0 c:/altera/15.0/nios2eds/bin/gnu/h-x86_64-mingw32/bin/../lib/gcc/nios2-elf/4.9.1/mno-hw-mul\libgcc.a(_umoddi3.o)
 .bss           0x0000000010008690        0x0 c:/altera/15.0/nios2eds/bin/gnu/h-x86_64-mingw32/bin/../lib/gcc/nios2-elf/4.9.1/mno-hw-mul\libgcc.a(lib2-divmod.o)
 .bss           0x0000000010008690        0x0 c:/altera/15.0/nios2eds/bin/gnu/h-x86_64-mingw32/bin/../lib/gcc/nios2-elf/4.9.1/mno-hw-mul\libgcc.a(lib2-mul.o)
 .bss           0x0000000010008690        0x0 c:/altera/15.0/nios2eds/bin/gnu/h-x86_64-mingw32/bin/../lib/gcc/nios2-elf/4.9.1/mno-hw-mul\libgcc.a(adddf3.o)
 .bss           0x0000000010008690        0x0 c:/altera/15.0/nios2eds/bin/gnu/h-x86_64-mingw32/bin/../lib/gcc/nios2-elf/4.9.1/mno-hw-mul\libgcc.a(subdf3.o)
 .bss           0x0000000010008690        0x0 c:/altera/15.0/nios2eds/bin/gnu/h-x86_64-mingw32/bin/../lib/gcc/nios2-elf/4.9.1/mno-hw-mul\libgcc.a(fixdfsi.o)
 .bss           0x0000000010008690        0x0 c:/altera/15.0/nios2eds/bin/gnu/h-x86_64-mingw32/bin/../lib/gcc/nios2-elf/4.9.1/mno-hw-mul\libgcc.a(floatsidf.o)
 .bss           0x0000000010008690        0x0 c:/altera/15.0/nios2eds/bin/gnu/h-x86_64-mingw32/bin/../lib/gcc/nios2-elf/4.9.1/mno-hw-mul\libgcc.a(_clz.o)
 .bss           0x0000000010008690        0x0 c:/altera/15.0/nios2eds/bin/gnu/h-x86_64-mingw32/bin/../lib/gcc/nios2-elf/4.9.1/mno-hw-mul\libgcc.a(_clzsi2.o)
 .bss           0x0000000010008690        0x0 c:/altera/15.0/nios2eds/bin/gnu/h-x86_64-mingw32/bin/../lib/gcc/nios2-elf/4.9.1/../../../../../H-x86_64-mingw32/nios2-elf/lib/mno-hw-mul\libc.a(lib_a-rand.o)
 .bss           0x0000000010008690        0x0 c:/altera/15.0/nios2eds/bin/gnu/h-x86_64-mingw32/bin/../lib/gcc/nios2-elf/4.9.1/../../../../../H-x86_64-mingw32/nios2-elf/lib/mno-hw-mul\libc.a(lib_a-impure.o)
 .bss           0x0000000010008690        0x0 ../Vegetable-Viking_bsp/\libhal_bsp.a(alt_load.o)
 .bss           0x0000000010008690        0x0 ../Vegetable-Viking_bsp/\libhal_bsp.a(alt_main.o)
 .bss           0x0000000010008690        0x0 ../Vegetable-Viking_bsp/\libhal_bsp.a(alt_sys_init.o)
 .bss           0x0000000010008690        0x0 ../Vegetable-Viking_bsp/\libhal_bsp.a(altera_avalon_jtag_uart_fd.o)
 .bss           0x0000000010008690        0x0 ../Vegetable-Viking_bsp/\libhal_bsp.a(altera_avalon_jtag_uart_init.o)
 .bss           0x0000000010008690        0x0 ../Vegetable-Viking_bsp/\libhal_bsp.a(altera_avalon_jtag_uart_ioctl.o)
 .bss           0x0000000010008690        0x0 ../Vegetable-Viking_bsp/\libhal_bsp.a(altera_avalon_jtag_uart_read.o)
 .bss           0x0000000010008690        0x0 ../Vegetable-Viking_bsp/\libhal_bsp.a(altera_avalon_jtag_uart_write.o)
 .bss           0x0000000010008690        0x0 ../Vegetable-Viking_bsp/\libhal_bsp.a(alt_alarm_start.o)
 .bss           0x0000000010008690        0x0 ../Vegetable-Viking_bsp/\libhal_bsp.a(alt_close.o)
 .bss           0x0000000010008690        0x0 ../Vegetable-Viking_bsp/\libhal_bsp.a(alt_dcache_flush_all.o)
 .bss           0x0000000010008690        0x0 ../Vegetable-Viking_bsp/\libhal_bsp.a(alt_dev.o)
 .bss           0x0000000010008690        0x0 ../Vegetable-Viking_bsp/\libhal_bsp.a(alt_dev_llist_insert.o)
 .bss           0x0000000010008690        0x0 ../Vegetable-Viking_bsp/\libhal_bsp.a(alt_do_ctors.o)
 .bss           0x0000000010008690        0x0 ../Vegetable-Viking_bsp/\libhal_bsp.a(alt_do_dtors.o)
 .bss           0x0000000010008690        0x0 ../Vegetable-Viking_bsp/\libhal_bsp.a(alt_errno.o)
 .bss           0x0000000010008690        0x0 ../Vegetable-Viking_bsp/\libhal_bsp.a(alt_icache_flush_all.o)
 .bss           0x0000000010008690        0x0 ../Vegetable-Viking_bsp/\libhal_bsp.a(alt_iic.o)
 .bss           0x0000000010008690        0x0 ../Vegetable-Viking_bsp/\libhal_bsp.a(alt_iic_isr_register.o)
 .bss           0x0000000010008690        0x0 ../Vegetable-Viking_bsp/\libhal_bsp.a(alt_io_redirect.o)
 .bss           0x0000000010008690        0x0 ../Vegetable-Viking_bsp/\libhal_bsp.a(alt_irq_entry.o)
 .bss           0x0000000010008690        0x0 ../Vegetable-Viking_bsp/\libhal_bsp.a(alt_irq_handler.o)
 .bss           0x0000000010008690        0x0 ../Vegetable-Viking_bsp/\libhal_bsp.a(alt_irq_vars.o)
 .bss           0x0000000010008690        0x0 ../Vegetable-Viking_bsp/\libhal_bsp.a(alt_open.o)
 .bss           0x0000000010008690        0x0 ../Vegetable-Viking_bsp/\libhal_bsp.a(alt_release_fd.o)
 .bss           0x0000000010008690        0x0 ../Vegetable-Viking_bsp/\libhal_bsp.a(alt_tick.o)
 .bss           0x0000000010008690        0x0 ../Vegetable-Viking_bsp/\libhal_bsp.a(altera_nios2_gen2_irq.o)
 .bss           0x0000000010008690        0x0 ../Vegetable-Viking_bsp/\libhal_bsp.a(alt_exception_entry.o)
 .bss           0x0000000010008690        0x0 ../Vegetable-Viking_bsp/\libhal_bsp.a(alt_find_dev.o)
 .bss           0x0000000010008690        0x0 ../Vegetable-Viking_bsp/\libhal_bsp.a(alt_find_file.o)
 .bss           0x0000000010008690        0x0 ../Vegetable-Viking_bsp/\libhal_bsp.a(alt_get_fd.o)
 .bss           0x0000000010008690        0x0 ../Vegetable-Viking_bsp/\libhal_bsp.a(alt_instruction_exception_entry.o)
 .bss           0x0000000010008690        0x0 c:/altera/15.0/nios2eds/bin/gnu/h-x86_64-mingw32/bin/../lib/gcc/nios2-elf/4.9.1/../../../../../H-x86_64-mingw32/nios2-elf/lib/mno-hw-mul\libc.a(lib_a-atexit.o)
 .bss           0x0000000010008690        0x0 c:/altera/15.0/nios2eds/bin/gnu/h-x86_64-mingw32/bin/../lib/gcc/nios2-elf/4.9.1/../../../../../H-x86_64-mingw32/nios2-elf/lib/mno-hw-mul\libc.a(lib_a-exit.o)
 .bss           0x0000000010008690        0x0 c:/altera/15.0/nios2eds/bin/gnu/h-x86_64-mingw32/bin/../lib/gcc/nios2-elf/4.9.1/../../../../../H-x86_64-mingw32/nios2-elf/lib/mno-hw-mul\libc.a(lib_a-int_errno.o)
 .bss           0x0000000010008690        0x0 c:/altera/15.0/nios2eds/bin/gnu/h-x86_64-mingw32/bin/../lib/gcc/nios2-elf/4.9.1/../../../../../H-x86_64-mingw32/nios2-elf/lib/mno-hw-mul\libc.a(lib_a-memcmp.o)
 .bss           0x0000000010008690        0x0 c:/altera/15.0/nios2eds/bin/gnu/h-x86_64-mingw32/bin/../lib/gcc/nios2-elf/4.9.1/../../../../../H-x86_64-mingw32/nios2-elf/lib/mno-hw-mul\libc.a(lib_a-memcpy.o)
 .bss           0x0000000010008690        0x0 c:/altera/15.0/nios2eds/bin/gnu/h-x86_64-mingw32/bin/../lib/gcc/nios2-elf/4.9.1/../../../../../H-x86_64-mingw32/nios2-elf/lib/mno-hw-mul\libc.a(lib_a-strlen.o)
 .bss           0x0000000010008690        0x0 c:/altera/15.0/nios2eds/bin/gnu/h-x86_64-mingw32/bin/../lib/gcc/nios2-elf/4.9.1/../../../../../H-x86_64-mingw32/nios2-elf/lib/mno-hw-mul\libc.a(lib_a-__atexit.o)
 .bss           0x0000000010008690        0x0 c:/altera/15.0/nios2eds/bin/gnu/h-x86_64-mingw32/bin/../lib/gcc/nios2-elf/4.9.1/../../../../../H-x86_64-mingw32/nios2-elf/lib/mno-hw-mul\libc.a(lib_a-__call_atexit.o)
 .bss           0x0000000010008690        0x0 ../Vegetable-Viking_bsp/\libhal_bsp.a(alt_exit.o)
 *(COMMON)
 COMMON         0x0000000010008690      0x120 obj/default/main.o
                0x0000000010008690                veggieObject
 COMMON         0x00000000100087b0      0x100 ../Vegetable-Viking_bsp/\libhal_bsp.a(alt_irq_handler.o)
                0x00000000100087b0                alt_irq
                0x00000000100088b0                . = ALIGN (0x4)
                0x00000000100088b0                __bss_end = ABSOLUTE (.)

.onchip_memory2_0
                0x0000000000000000        0x0 load address 0x00000000100088b0
                0x0000000000000000                PROVIDE (_alt_partition_onchip_memory2_0_start, ABSOLUTE (.))
 *(.onchip_memory2_0 .onchip_memory2_0. onchip_memory2_0.*)
                0x0000000000000000                . = ALIGN (0x4)
                0x0000000000000000                PROVIDE (_alt_partition_onchip_memory2_0_end, ABSOLUTE (.))
                0x00000000100088b0                PROVIDE (_alt_partition_onchip_memory2_0_load_addr, LOADADDR (.onchip_memory2_0))

.sdram          0x00000000100088b0        0x0
                0x00000000100088b0                PROVIDE (_alt_partition_sdram_start, ABSOLUTE (.))
 *(.sdram .sdram. sdram.*)
                0x00000000100088b0                . = ALIGN (0x4)
                0x00000000100088b0                PROVIDE (_alt_partition_sdram_end, ABSOLUTE (.))
                0x00000000100088b0                _end = ABSOLUTE (.)
                0x00000000100088b0                end = ABSOLUTE (.)
                0x00000000100088b0                __alt_stack_base = ABSOLUTE (.)
                0x00000000100088b0                PROVIDE (_alt_partition_sdram_load_addr, LOADADDR (.sdram))

.stab
 *(.stab)

.stabstr
 *(.stabstr)

.stab.excl
 *(.stab.excl)

.stab.exclstr
 *(.stab.exclstr)

.stab.index
 *(.stab.index)

.stab.indexstr
 *(.stab.indexstr)

.comment        0x0000000000000000       0x23
 *(.comment)
 .comment       0x0000000000000000       0x23 obj/default/main.o
                                         0x24 (size before relaxing)
 .comment       0x0000000000000000       0x24 c:/altera/15.0/nios2eds/bin/gnu/h-x86_64-mingw32/bin/../lib/gcc/nios2-elf/4.9.1/mno-hw-mul\libgcc.a(_muldi3.o)
 .comment       0x0000000000000000       0x24 c:/altera/15.0/nios2eds/bin/gnu/h-x86_64-mingw32/bin/../lib/gcc/nios2-elf/4.9.1/mno-hw-mul\libgcc.a(_udivdi3.o)
 .comment       0x0000000000000000       0x24 c:/altera/15.0/nios2eds/bin/gnu/h-x86_64-mingw32/bin/../lib/gcc/nios2-elf/4.9.1/mno-hw-mul\libgcc.a(_umoddi3.o)
 .comment       0x0000000000000000       0x24 c:/altera/15.0/nios2eds/bin/gnu/h-x86_64-mingw32/bin/../lib/gcc/nios2-elf/4.9.1/mno-hw-mul\libgcc.a(lib2-divmod.o)
 .comment       0x0000000000000000       0x24 c:/altera/15.0/nios2eds/bin/gnu/h-x86_64-mingw32/bin/../lib/gcc/nios2-elf/4.9.1/mno-hw-mul\libgcc.a(lib2-mul.o)
 .comment       0x0000000000000000       0x24 c:/altera/15.0/nios2eds/bin/gnu/h-x86_64-mingw32/bin/../lib/gcc/nios2-elf/4.9.1/mno-hw-mul\libgcc.a(adddf3.o)
 .comment       0x0000000000000000       0x24 c:/altera/15.0/nios2eds/bin/gnu/h-x86_64-mingw32/bin/../lib/gcc/nios2-elf/4.9.1/mno-hw-mul\libgcc.a(subdf3.o)
 .comment       0x0000000000000000       0x24 c:/altera/15.0/nios2eds/bin/gnu/h-x86_64-mingw32/bin/../lib/gcc/nios2-elf/4.9.1/mno-hw-mul\libgcc.a(fixdfsi.o)
 .comment       0x0000000000000000       0x24 c:/altera/15.0/nios2eds/bin/gnu/h-x86_64-mingw32/bin/../lib/gcc/nios2-elf/4.9.1/mno-hw-mul\libgcc.a(floatsidf.o)
 .comment       0x0000000000000000       0x24 c:/altera/15.0/nios2eds/bin/gnu/h-x86_64-mingw32/bin/../lib/gcc/nios2-elf/4.9.1/mno-hw-mul\libgcc.a(_clz.o)
 .comment       0x0000000000000000       0x24 c:/altera/15.0/nios2eds/bin/gnu/h-x86_64-mingw32/bin/../lib/gcc/nios2-elf/4.9.1/mno-hw-mul\libgcc.a(_clzsi2.o)
 .comment       0x0000000000000000       0x24 c:/altera/15.0/nios2eds/bin/gnu/h-x86_64-mingw32/bin/../lib/gcc/nios2-elf/4.9.1/../../../../../H-x86_64-mingw32/nios2-elf/lib/mno-hw-mul\libc.a(lib_a-rand.o)
 .comment       0x0000000000000000       0x24 c:/altera/15.0/nios2eds/bin/gnu/h-x86_64-mingw32/bin/../lib/gcc/nios2-elf/4.9.1/../../../../../H-x86_64-mingw32/nios2-elf/lib/mno-hw-mul\libc.a(lib_a-impure.o)
 .comment       0x0000000000000000       0x24 ../Vegetable-Viking_bsp/\libhal_bsp.a(alt_load.o)
 .comment       0x0000000000000000       0x24 ../Vegetable-Viking_bsp/\libhal_bsp.a(alt_main.o)
 .comment       0x0000000000000000       0x24 ../Vegetable-Viking_bsp/\libhal_bsp.a(alt_sys_init.o)
 .comment       0x0000000000000000       0x24 ../Vegetable-Viking_bsp/\libhal_bsp.a(altera_avalon_jtag_uart_fd.o)
 .comment       0x0000000000000000       0x24 ../Vegetable-Viking_bsp/\libhal_bsp.a(altera_avalon_jtag_uart_init.o)
 .comment       0x0000000000000000       0x24 ../Vegetable-Viking_bsp/\libhal_bsp.a(altera_avalon_jtag_uart_ioctl.o)
 .comment       0x0000000000000000       0x24 ../Vegetable-Viking_bsp/\libhal_bsp.a(altera_avalon_jtag_uart_read.o)
 .comment       0x0000000000000000       0x24 ../Vegetable-Viking_bsp/\libhal_bsp.a(altera_avalon_jtag_uart_write.o)
 .comment       0x0000000000000000       0x24 ../Vegetable-Viking_bsp/\libhal_bsp.a(alt_alarm_start.o)
 .comment       0x0000000000000000       0x24 ../Vegetable-Viking_bsp/\libhal_bsp.a(alt_close.o)
 .comment       0x0000000000000000       0x24 ../Vegetable-Viking_bsp/\libhal_bsp.a(alt_dcache_flush_all.o)
 .comment       0x0000000000000000       0x24 ../Vegetable-Viking_bsp/\libhal_bsp.a(alt_dev.o)
 .comment       0x0000000000000000       0x24 ../Vegetable-Viking_bsp/\libhal_bsp.a(alt_dev_llist_insert.o)
 .comment       0x0000000000000000       0x24 ../Vegetable-Viking_bsp/\libhal_bsp.a(alt_do_ctors.o)
 .comment       0x0000000000000000       0x24 ../Vegetable-Viking_bsp/\libhal_bsp.a(alt_do_dtors.o)
 .comment       0x0000000000000000       0x24 ../Vegetable-Viking_bsp/\libhal_bsp.a(alt_errno.o)
 .comment       0x0000000000000000       0x24 ../Vegetable-Viking_bsp/\libhal_bsp.a(alt_icache_flush_all.o)
 .comment       0x0000000000000000       0x24 ../Vegetable-Viking_bsp/\libhal_bsp.a(alt_iic.o)
 .comment       0x0000000000000000       0x24 ../Vegetable-Viking_bsp/\libhal_bsp.a(alt_iic_isr_register.o)
 .comment       0x0000000000000000       0x24 ../Vegetable-Viking_bsp/\libhal_bsp.a(alt_io_redirect.o)
 .comment       0x0000000000000000       0x24 ../Vegetable-Viking_bsp/\libhal_bsp.a(alt_irq_handler.o)
 .comment       0x0000000000000000       0x24 ../Vegetable-Viking_bsp/\libhal_bsp.a(alt_irq_vars.o)
 .comment       0x0000000000000000       0x24 ../Vegetable-Viking_bsp/\libhal_bsp.a(alt_open.o)
 .comment       0x0000000000000000       0x24 ../Vegetable-Viking_bsp/\libhal_bsp.a(alt_release_fd.o)
 .comment       0x0000000000000000       0x24 ../Vegetable-Viking_bsp/\libhal_bsp.a(alt_tick.o)
 .comment       0x0000000000000000       0x24 ../Vegetable-Viking_bsp/\libhal_bsp.a(altera_nios2_gen2_irq.o)
 .comment       0x0000000000000000       0x24 ../Vegetable-Viking_bsp/\libhal_bsp.a(alt_find_dev.o)
 .comment       0x0000000000000000       0x24 ../Vegetable-Viking_bsp/\libhal_bsp.a(alt_find_file.o)
 .comment       0x0000000000000000       0x24 ../Vegetable-Viking_bsp/\libhal_bsp.a(alt_get_fd.o)
 .comment       0x0000000000000000       0x24 ../Vegetable-Viking_bsp/\libhal_bsp.a(alt_instruction_exception_entry.o)
 .comment       0x0000000000000000       0x24 c:/altera/15.0/nios2eds/bin/gnu/h-x86_64-mingw32/bin/../lib/gcc/nios2-elf/4.9.1/../../../../../H-x86_64-mingw32/nios2-elf/lib/mno-hw-mul\libc.a(lib_a-atexit.o)
 .comment       0x0000000000000000       0x24 c:/altera/15.0/nios2eds/bin/gnu/h-x86_64-mingw32/bin/../lib/gcc/nios2-elf/4.9.1/../../../../../H-x86_64-mingw32/nios2-elf/lib/mno-hw-mul\libc.a(lib_a-exit.o)
 .comment       0x0000000000000000       0x24 c:/altera/15.0/nios2eds/bin/gnu/h-x86_64-mingw32/bin/../lib/gcc/nios2-elf/4.9.1/../../../../../H-x86_64-mingw32/nios2-elf/lib/mno-hw-mul\libc.a(lib_a-int_errno.o)
 .comment       0x0000000000000000       0x24 c:/altera/15.0/nios2eds/bin/gnu/h-x86_64-mingw32/bin/../lib/gcc/nios2-elf/4.9.1/../../../../../H-x86_64-mingw32/nios2-elf/lib/mno-hw-mul\libc.a(lib_a-memcmp.o)
 .comment       0x0000000000000000       0x24 c:/altera/15.0/nios2eds/bin/gnu/h-x86_64-mingw32/bin/../lib/gcc/nios2-elf/4.9.1/../../../../../H-x86_64-mingw32/nios2-elf/lib/mno-hw-mul\libc.a(lib_a-memcpy.o)
 .comment       0x0000000000000000       0x24 c:/altera/15.0/nios2eds/bin/gnu/h-x86_64-mingw32/bin/../lib/gcc/nios2-elf/4.9.1/../../../../../H-x86_64-mingw32/nios2-elf/lib/mno-hw-mul\libc.a(lib_a-strlen.o)
 .comment       0x0000000000000000       0x24 c:/altera/15.0/nios2eds/bin/gnu/h-x86_64-mingw32/bin/../lib/gcc/nios2-elf/4.9.1/../../../../../H-x86_64-mingw32/nios2-elf/lib/mno-hw-mul\libc.a(lib_a-__atexit.o)
 .comment       0x0000000000000000       0x24 c:/altera/15.0/nios2eds/bin/gnu/h-x86_64-mingw32/bin/../lib/gcc/nios2-elf/4.9.1/../../../../../H-x86_64-mingw32/nios2-elf/lib/mno-hw-mul\libc.a(lib_a-__call_atexit.o)
 .comment       0x0000000000000000       0x24 ../Vegetable-Viking_bsp/\libhal_bsp.a(alt_exit.o)

.debug
 *(.debug)

.line
 *(.line)

.debug_srcinfo
 *(.debug_srcinfo)

.debug_sfnames
 *(.debug_sfnames)

.debug_aranges  0x0000000000000000      0x710
 *(.debug_aranges)
 .debug_aranges
                0x0000000000000000       0x28 ../Vegetable-Viking_bsp//obj/HAL/src/crt0.o
 .debug_aranges
                0x0000000000000028       0x20 obj/default/main.o
 .debug_aranges
                0x0000000000000048       0x20 c:/altera/15.0/nios2eds/bin/gnu/h-x86_64-mingw32/bin/../lib/gcc/nios2-elf/4.9.1/mno-hw-mul\libgcc.a(_muldi3.o)
 .debug_aranges
                0x0000000000000068       0x20 c:/altera/15.0/nios2eds/bin/gnu/h-x86_64-mingw32/bin/../lib/gcc/nios2-elf/4.9.1/mno-hw-mul\libgcc.a(_udivdi3.o)
 .debug_aranges
                0x0000000000000088       0x20 c:/altera/15.0/nios2eds/bin/gnu/h-x86_64-mingw32/bin/../lib/gcc/nios2-elf/4.9.1/mno-hw-mul\libgcc.a(_umoddi3.o)
 .debug_aranges
                0x00000000000000a8       0x20 c:/altera/15.0/nios2eds/bin/gnu/h-x86_64-mingw32/bin/../lib/gcc/nios2-elf/4.9.1/mno-hw-mul\libgcc.a(lib2-divmod.o)
 .debug_aranges
                0x00000000000000c8       0x20 c:/altera/15.0/nios2eds/bin/gnu/h-x86_64-mingw32/bin/../lib/gcc/nios2-elf/4.9.1/mno-hw-mul\libgcc.a(lib2-mul.o)
 .debug_aranges
                0x00000000000000e8       0x20 c:/altera/15.0/nios2eds/bin/gnu/h-x86_64-mingw32/bin/../lib/gcc/nios2-elf/4.9.1/mno-hw-mul\libgcc.a(adddf3.o)
 .debug_aranges
                0x0000000000000108       0x20 c:/altera/15.0/nios2eds/bin/gnu/h-x86_64-mingw32/bin/../lib/gcc/nios2-elf/4.9.1/mno-hw-mul\libgcc.a(subdf3.o)
 .debug_aranges
                0x0000000000000128       0x20 c:/altera/15.0/nios2eds/bin/gnu/h-x86_64-mingw32/bin/../lib/gcc/nios2-elf/4.9.1/mno-hw-mul\libgcc.a(fixdfsi.o)
 .debug_aranges
                0x0000000000000148       0x20 c:/altera/15.0/nios2eds/bin/gnu/h-x86_64-mingw32/bin/../lib/gcc/nios2-elf/4.9.1/mno-hw-mul\libgcc.a(floatsidf.o)
 .debug_aranges
                0x0000000000000168       0x18 c:/altera/15.0/nios2eds/bin/gnu/h-x86_64-mingw32/bin/../lib/gcc/nios2-elf/4.9.1/mno-hw-mul\libgcc.a(_clz.o)
 .debug_aranges
                0x0000000000000180       0x20 c:/altera/15.0/nios2eds/bin/gnu/h-x86_64-mingw32/bin/../lib/gcc/nios2-elf/4.9.1/mno-hw-mul\libgcc.a(_clzsi2.o)
 .debug_aranges
                0x00000000000001a0       0x20 c:/altera/15.0/nios2eds/bin/gnu/h-x86_64-mingw32/bin/../lib/gcc/nios2-elf/4.9.1/../../../../../H-x86_64-mingw32/nios2-elf/lib/mno-hw-mul\libc.a(lib_a-rand.o)
 .debug_aranges
                0x00000000000001c0       0x18 c:/altera/15.0/nios2eds/bin/gnu/h-x86_64-mingw32/bin/../lib/gcc/nios2-elf/4.9.1/../../../../../H-x86_64-mingw32/nios2-elf/lib/mno-hw-mul\libc.a(lib_a-impure.o)
 .debug_aranges
                0x00000000000001d8       0x20 ../Vegetable-Viking_bsp/\libhal_bsp.a(alt_load.o)
 .debug_aranges
                0x00000000000001f8       0x20 ../Vegetable-Viking_bsp/\libhal_bsp.a(alt_main.o)
 .debug_aranges
                0x0000000000000218       0x20 ../Vegetable-Viking_bsp/\libhal_bsp.a(alt_sys_init.o)
 .debug_aranges
                0x0000000000000238       0x20 ../Vegetable-Viking_bsp/\libhal_bsp.a(altera_avalon_jtag_uart_fd.o)
 .debug_aranges
                0x0000000000000258       0x20 ../Vegetable-Viking_bsp/\libhal_bsp.a(altera_avalon_jtag_uart_init.o)
 .debug_aranges
                0x0000000000000278       0x20 ../Vegetable-Viking_bsp/\libhal_bsp.a(altera_avalon_jtag_uart_ioctl.o)
 .debug_aranges
                0x0000000000000298       0x20 ../Vegetable-Viking_bsp/\libhal_bsp.a(altera_avalon_jtag_uart_read.o)
 .debug_aranges
                0x00000000000002b8       0x20 ../Vegetable-Viking_bsp/\libhal_bsp.a(altera_avalon_jtag_uart_write.o)
 .debug_aranges
                0x00000000000002d8       0x20 ../Vegetable-Viking_bsp/\libhal_bsp.a(alt_alarm_start.o)
 .debug_aranges
                0x00000000000002f8       0x20 ../Vegetable-Viking_bsp/\libhal_bsp.a(alt_close.o)
 .debug_aranges
                0x0000000000000318       0x20 ../Vegetable-Viking_bsp/\libhal_bsp.a(alt_dcache_flush_all.o)
 .debug_aranges
                0x0000000000000338       0x20 ../Vegetable-Viking_bsp/\libhal_bsp.a(alt_dev.o)
 .debug_aranges
                0x0000000000000358       0x20 ../Vegetable-Viking_bsp/\libhal_bsp.a(alt_dev_llist_insert.o)
 .debug_aranges
                0x0000000000000378       0x20 ../Vegetable-Viking_bsp/\libhal_bsp.a(alt_do_ctors.o)
 .debug_aranges
                0x0000000000000398       0x20 ../Vegetable-Viking_bsp/\libhal_bsp.a(alt_do_dtors.o)
 .debug_aranges
                0x00000000000003b8       0x18 ../Vegetable-Viking_bsp/\libhal_bsp.a(alt_errno.o)
 .debug_aranges
                0x00000000000003d0       0x20 ../Vegetable-Viking_bsp/\libhal_bsp.a(alt_icache_flush_all.o)
 .debug_aranges
                0x00000000000003f0       0x20 ../Vegetable-Viking_bsp/\libhal_bsp.a(alt_iic.o)
 .debug_aranges
                0x0000000000000410       0x20 ../Vegetable-Viking_bsp/\libhal_bsp.a(alt_iic_isr_register.o)
 .debug_aranges
                0x0000000000000430       0x20 ../Vegetable-Viking_bsp/\libhal_bsp.a(alt_io_redirect.o)
 .debug_aranges
                0x0000000000000450       0x30 ../Vegetable-Viking_bsp/\libhal_bsp.a(alt_irq_entry.o)
 .debug_aranges
                0x0000000000000480       0x20 ../Vegetable-Viking_bsp/\libhal_bsp.a(alt_irq_handler.o)
 .debug_aranges
                0x00000000000004a0       0x18 ../Vegetable-Viking_bsp/\libhal_bsp.a(alt_irq_vars.o)
 .debug_aranges
                0x00000000000004b8       0x20 ../Vegetable-Viking_bsp/\libhal_bsp.a(alt_open.o)
 .debug_aranges
                0x00000000000004d8       0x20 ../Vegetable-Viking_bsp/\libhal_bsp.a(alt_release_fd.o)
 .debug_aranges
                0x00000000000004f8       0x20 ../Vegetable-Viking_bsp/\libhal_bsp.a(alt_tick.o)
 .debug_aranges
                0x0000000000000518       0x20 ../Vegetable-Viking_bsp/\libhal_bsp.a(altera_nios2_gen2_irq.o)
 .debug_aranges
                0x0000000000000538       0x38 ../Vegetable-Viking_bsp/\libhal_bsp.a(alt_exception_entry.o)
 .debug_aranges
                0x0000000000000570       0x20 ../Vegetable-Viking_bsp/\libhal_bsp.a(alt_find_dev.o)
 .debug_aranges
                0x0000000000000590       0x20 ../Vegetable-Viking_bsp/\libhal_bsp.a(alt_find_file.o)
 .debug_aranges
                0x00000000000005b0       0x20 ../Vegetable-Viking_bsp/\libhal_bsp.a(alt_get_fd.o)
 .debug_aranges
                0x00000000000005d0       0x28 ../Vegetable-Viking_bsp/\libhal_bsp.a(alt_instruction_exception_entry.o)
 .debug_aranges
                0x00000000000005f8       0x20 c:/altera/15.0/nios2eds/bin/gnu/h-x86_64-mingw32/bin/../lib/gcc/nios2-elf/4.9.1/../../../../../H-x86_64-mingw32/nios2-elf/lib/mno-hw-mul\libc.a(lib_a-atexit.o)
 .debug_aranges
                0x0000000000000618       0x20 c:/altera/15.0/nios2eds/bin/gnu/h-x86_64-mingw32/bin/../lib/gcc/nios2-elf/4.9.1/../../../../../H-x86_64-mingw32/nios2-elf/lib/mno-hw-mul\libc.a(lib_a-exit.o)
 .debug_aranges
                0x0000000000000638       0x18 c:/altera/15.0/nios2eds/bin/gnu/h-x86_64-mingw32/bin/../lib/gcc/nios2-elf/4.9.1/../../../../../H-x86_64-mingw32/nios2-elf/lib/mno-hw-mul\libc.a(lib_a-int_errno.o)
 .debug_aranges
                0x0000000000000650       0x20 c:/altera/15.0/nios2eds/bin/gnu/h-x86_64-mingw32/bin/../lib/gcc/nios2-elf/4.9.1/../../../../../H-x86_64-mingw32/nios2-elf/lib/mno-hw-mul\libc.a(lib_a-memcmp.o)
 .debug_aranges
                0x0000000000000670       0x20 c:/altera/15.0/nios2eds/bin/gnu/h-x86_64-mingw32/bin/../lib/gcc/nios2-elf/4.9.1/../../../../../H-x86_64-mingw32/nios2-elf/lib/mno-hw-mul\libc.a(lib_a-memcpy.o)
 .debug_aranges
                0x0000000000000690       0x20 c:/altera/15.0/nios2eds/bin/gnu/h-x86_64-mingw32/bin/../lib/gcc/nios2-elf/4.9.1/../../../../../H-x86_64-mingw32/nios2-elf/lib/mno-hw-mul\libc.a(lib_a-strlen.o)
 .debug_aranges
                0x00000000000006b0       0x20 c:/altera/15.0/nios2eds/bin/gnu/h-x86_64-mingw32/bin/../lib/gcc/nios2-elf/4.9.1/../../../../../H-x86_64-mingw32/nios2-elf/lib/mno-hw-mul\libc.a(lib_a-__atexit.o)
 .debug_aranges
                0x00000000000006d0       0x20 c:/altera/15.0/nios2eds/bin/gnu/h-x86_64-mingw32/bin/../lib/gcc/nios2-elf/4.9.1/../../../../../H-x86_64-mingw32/nios2-elf/lib/mno-hw-mul\libc.a(lib_a-__call_atexit.o)
 .debug_aranges
                0x00000000000006f0       0x20 ../Vegetable-Viking_bsp/\libhal_bsp.a(alt_exit.o)

.debug_pubnames
 *(.debug_pubnames)

.debug_info     0x0000000000000000     0xa170
 *(.debug_info .gnu.linkonce.wi.*)
 .debug_info    0x0000000000000000       0x6d ../Vegetable-Viking_bsp//obj/HAL/src/crt0.o
 .debug_info    0x000000000000006d      0x4b5 obj/default/main.o
 .debug_info    0x0000000000000522      0x1e2 c:/altera/15.0/nios2eds/bin/gnu/h-x86_64-mingw32/bin/../lib/gcc/nios2-elf/4.9.1/mno-hw-mul\libgcc.a(_muldi3.o)
 .debug_info    0x0000000000000704      0x710 c:/altera/15.0/nios2eds/bin/gnu/h-x86_64-mingw32/bin/../lib/gcc/nios2-elf/4.9.1/mno-hw-mul\libgcc.a(_udivdi3.o)
 .debug_info    0x0000000000000e14      0x767 c:/altera/15.0/nios2eds/bin/gnu/h-x86_64-mingw32/bin/../lib/gcc/nios2-elf/4.9.1/mno-hw-mul\libgcc.a(_umoddi3.o)
 .debug_info    0x000000000000157b      0x234 c:/altera/15.0/nios2eds/bin/gnu/h-x86_64-mingw32/bin/../lib/gcc/nios2-elf/4.9.1/mno-hw-mul\libgcc.a(lib2-divmod.o)
 .debug_info    0x00000000000017af       0xb4 c:/altera/15.0/nios2eds/bin/gnu/h-x86_64-mingw32/bin/../lib/gcc/nios2-elf/4.9.1/mno-hw-mul\libgcc.a(lib2-mul.o)
 .debug_info    0x0000000000001863      0x485 c:/altera/15.0/nios2eds/bin/gnu/h-x86_64-mingw32/bin/../lib/gcc/nios2-elf/4.9.1/mno-hw-mul\libgcc.a(adddf3.o)
 .debug_info    0x0000000000001ce8      0x4a2 c:/altera/15.0/nios2eds/bin/gnu/h-x86_64-mingw32/bin/../lib/gcc/nios2-elf/4.9.1/mno-hw-mul\libgcc.a(subdf3.o)
 .debug_info    0x000000000000218a      0x1a6 c:/altera/15.0/nios2eds/bin/gnu/h-x86_64-mingw32/bin/../lib/gcc/nios2-elf/4.9.1/mno-hw-mul\libgcc.a(fixdfsi.o)
 .debug_info    0x0000000000002330      0x1b6 c:/altera/15.0/nios2eds/bin/gnu/h-x86_64-mingw32/bin/../lib/gcc/nios2-elf/4.9.1/mno-hw-mul\libgcc.a(floatsidf.o)
 .debug_info    0x00000000000024e6       0xab c:/altera/15.0/nios2eds/bin/gnu/h-x86_64-mingw32/bin/../lib/gcc/nios2-elf/4.9.1/mno-hw-mul\libgcc.a(_clz.o)
 .debug_info    0x0000000000002591      0x11d c:/altera/15.0/nios2eds/bin/gnu/h-x86_64-mingw32/bin/../lib/gcc/nios2-elf/4.9.1/mno-hw-mul\libgcc.a(_clzsi2.o)
 .debug_info    0x00000000000026ae      0x8a1 c:/altera/15.0/nios2eds/bin/gnu/h-x86_64-mingw32/bin/../lib/gcc/nios2-elf/4.9.1/../../../../../H-x86_64-mingw32/nios2-elf/lib/mno-hw-mul\libc.a(lib_a-rand.o)
 .debug_info    0x0000000000002f4f      0x88f c:/altera/15.0/nios2eds/bin/gnu/h-x86_64-mingw32/bin/../lib/gcc/nios2-elf/4.9.1/../../../../../H-x86_64-mingw32/nios2-elf/lib/mno-hw-mul\libc.a(lib_a-impure.o)
 .debug_info    0x00000000000037de      0x13e ../Vegetable-Viking_bsp/\libhal_bsp.a(alt_load.o)
 .debug_info    0x000000000000391c      0x12a ../Vegetable-Viking_bsp/\libhal_bsp.a(alt_main.o)
 .debug_info    0x0000000000003a46      0x4bc ../Vegetable-Viking_bsp/\libhal_bsp.a(alt_sys_init.o)
 .debug_info    0x0000000000003f02      0x527 ../Vegetable-Viking_bsp/\libhal_bsp.a(altera_avalon_jtag_uart_fd.o)
 .debug_info    0x0000000000004429      0x3a1 ../Vegetable-Viking_bsp/\libhal_bsp.a(altera_avalon_jtag_uart_init.o)
 .debug_info    0x00000000000047ca      0x279 ../Vegetable-Viking_bsp/\libhal_bsp.a(altera_avalon_jtag_uart_ioctl.o)
 .debug_info    0x0000000000004a43      0x342 ../Vegetable-Viking_bsp/\libhal_bsp.a(altera_avalon_jtag_uart_read.o)
 .debug_info    0x0000000000004d85      0x339 ../Vegetable-Viking_bsp/\libhal_bsp.a(altera_avalon_jtag_uart_write.o)
 .debug_info    0x00000000000050be      0x2c5 ../Vegetable-Viking_bsp/\libhal_bsp.a(alt_alarm_start.o)
 .debug_info    0x0000000000005383      0x31a ../Vegetable-Viking_bsp/\libhal_bsp.a(alt_close.o)
 .debug_info    0x000000000000569d       0x8b ../Vegetable-Viking_bsp/\libhal_bsp.a(alt_dcache_flush_all.o)
 .debug_info    0x0000000000005728      0x495 ../Vegetable-Viking_bsp/\libhal_bsp.a(alt_dev.o)
 .debug_info    0x0000000000005bbd      0x1a2 ../Vegetable-Viking_bsp/\libhal_bsp.a(alt_dev_llist_insert.o)
 .debug_info    0x0000000000005d5f       0x83 ../Vegetable-Viking_bsp/\libhal_bsp.a(alt_do_ctors.o)
 .debug_info    0x0000000000005de2       0x83 ../Vegetable-Viking_bsp/\libhal_bsp.a(alt_do_dtors.o)
 .debug_info    0x0000000000005e65       0x9f ../Vegetable-Viking_bsp/\libhal_bsp.a(alt_errno.o)
 .debug_info    0x0000000000005f04       0x8b ../Vegetable-Viking_bsp/\libhal_bsp.a(alt_icache_flush_all.o)
 .debug_info    0x0000000000005f8f      0x349 ../Vegetable-Viking_bsp/\libhal_bsp.a(alt_iic.o)
 .debug_info    0x00000000000062d8      0x1e8 ../Vegetable-Viking_bsp/\libhal_bsp.a(alt_iic_isr_register.o)
 .debug_info    0x00000000000064c0      0x49e ../Vegetable-Viking_bsp/\libhal_bsp.a(alt_io_redirect.o)
 .debug_info    0x000000000000695e       0x76 ../Vegetable-Viking_bsp/\libhal_bsp.a(alt_irq_entry.o)
 .debug_info    0x00000000000069d4      0x180 ../Vegetable-Viking_bsp/\libhal_bsp.a(alt_irq_handler.o)
 .debug_info    0x0000000000006b54       0x88 ../Vegetable-Viking_bsp/\libhal_bsp.a(alt_irq_vars.o)
 .debug_info    0x0000000000006bdc      0x3b4 ../Vegetable-Viking_bsp/\libhal_bsp.a(alt_open.o)
 .debug_info    0x0000000000006f90      0x2b0 ../Vegetable-Viking_bsp/\libhal_bsp.a(alt_release_fd.o)
 .debug_info    0x0000000000007240      0x292 ../Vegetable-Viking_bsp/\libhal_bsp.a(alt_tick.o)
 .debug_info    0x00000000000074d2       0x8b ../Vegetable-Viking_bsp/\libhal_bsp.a(altera_nios2_gen2_irq.o)
 .debug_info    0x000000000000755d       0x7c ../Vegetable-Viking_bsp/\libhal_bsp.a(alt_exception_entry.o)
 .debug_info    0x00000000000075d9      0x2e2 ../Vegetable-Viking_bsp/\libhal_bsp.a(alt_find_dev.o)
 .debug_info    0x00000000000078bb      0x2df ../Vegetable-Viking_bsp/\libhal_bsp.a(alt_find_file.o)
 .debug_info    0x0000000000007b9a      0x309 ../Vegetable-Viking_bsp/\libhal_bsp.a(alt_get_fd.o)
 .debug_info    0x0000000000007ea3      0x1d8 ../Vegetable-Viking_bsp/\libhal_bsp.a(alt_instruction_exception_entry.o)
 .debug_info    0x000000000000807b      0x10a c:/altera/15.0/nios2eds/bin/gnu/h-x86_64-mingw32/bin/../lib/gcc/nios2-elf/4.9.1/../../../../../H-x86_64-mingw32/nios2-elf/lib/mno-hw-mul\libc.a(lib_a-atexit.o)
 .debug_info    0x0000000000008185      0x8df c:/altera/15.0/nios2eds/bin/gnu/h-x86_64-mingw32/bin/../lib/gcc/nios2-elf/4.9.1/../../../../../H-x86_64-mingw32/nios2-elf/lib/mno-hw-mul\libc.a(lib_a-exit.o)
 .debug_info    0x0000000000008a64       0x83 c:/altera/15.0/nios2eds/bin/gnu/h-x86_64-mingw32/bin/../lib/gcc/nios2-elf/4.9.1/../../../../../H-x86_64-mingw32/nios2-elf/lib/mno-hw-mul\libc.a(lib_a-int_errno.o)
 .debug_info    0x0000000000008ae7      0x113 c:/altera/15.0/nios2eds/bin/gnu/h-x86_64-mingw32/bin/../lib/gcc/nios2-elf/4.9.1/../../../../../H-x86_64-mingw32/nios2-elf/lib/mno-hw-mul\libc.a(lib_a-memcmp.o)
 .debug_info    0x0000000000008bfa      0x133 c:/altera/15.0/nios2eds/bin/gnu/h-x86_64-mingw32/bin/../lib/gcc/nios2-elf/4.9.1/../../../../../H-x86_64-mingw32/nios2-elf/lib/mno-hw-mul\libc.a(lib_a-memcpy.o)
 .debug_info    0x0000000000008d2d       0xdb c:/altera/15.0/nios2eds/bin/gnu/h-x86_64-mingw32/bin/../lib/gcc/nios2-elf/4.9.1/../../../../../H-x86_64-mingw32/nios2-elf/lib/mno-hw-mul\libc.a(lib_a-strlen.o)
 .debug_info    0x0000000000008e08      0x93b c:/altera/15.0/nios2eds/bin/gnu/h-x86_64-mingw32/bin/../lib/gcc/nios2-elf/4.9.1/../../../../../H-x86_64-mingw32/nios2-elf/lib/mno-hw-mul\libc.a(lib_a-__atexit.o)
 .debug_info    0x0000000000009743      0x948 c:/altera/15.0/nios2eds/bin/gnu/h-x86_64-mingw32/bin/../lib/gcc/nios2-elf/4.9.1/../../../../../H-x86_64-mingw32/nios2-elf/lib/mno-hw-mul\libc.a(lib_a-__call_atexit.o)
 .debug_info    0x000000000000a08b       0xe5 ../Vegetable-Viking_bsp/\libhal_bsp.a(alt_exit.o)

.debug_abbrev   0x0000000000000000     0x35f7
 *(.debug_abbrev)
 .debug_abbrev  0x0000000000000000       0x12 ../Vegetable-Viking_bsp//obj/HAL/src/crt0.o
 .debug_abbrev  0x0000000000000012      0x13f obj/default/main.o
 .debug_abbrev  0x0000000000000151       0xe0 c:/altera/15.0/nios2eds/bin/gnu/h-x86_64-mingw32/bin/../lib/gcc/nios2-elf/4.9.1/mno-hw-mul\libgcc.a(_muldi3.o)
 .debug_abbrev  0x0000000000000231      0x170 c:/altera/15.0/nios2eds/bin/gnu/h-x86_64-mingw32/bin/../lib/gcc/nios2-elf/4.9.1/mno-hw-mul\libgcc.a(_udivdi3.o)
 .debug_abbrev  0x00000000000003a1      0x19c c:/altera/15.0/nios2eds/bin/gnu/h-x86_64-mingw32/bin/../lib/gcc/nios2-elf/4.9.1/mno-hw-mul\libgcc.a(_umoddi3.o)
 .debug_abbrev  0x000000000000053d       0xd9 c:/altera/15.0/nios2eds/bin/gnu/h-x86_64-mingw32/bin/../lib/gcc/nios2-elf/4.9.1/mno-hw-mul\libgcc.a(lib2-divmod.o)
 .debug_abbrev  0x0000000000000616       0x6f c:/altera/15.0/nios2eds/bin/gnu/h-x86_64-mingw32/bin/../lib/gcc/nios2-elf/4.9.1/mno-hw-mul\libgcc.a(lib2-mul.o)
 .debug_abbrev  0x0000000000000685      0x13a c:/altera/15.0/nios2eds/bin/gnu/h-x86_64-mingw32/bin/../lib/gcc/nios2-elf/4.9.1/mno-hw-mul\libgcc.a(adddf3.o)
 .debug_abbrev  0x00000000000007bf      0x133 c:/altera/15.0/nios2eds/bin/gnu/h-x86_64-mingw32/bin/../lib/gcc/nios2-elf/4.9.1/mno-hw-mul\libgcc.a(subdf3.o)
 .debug_abbrev  0x00000000000008f2      0x119 c:/altera/15.0/nios2eds/bin/gnu/h-x86_64-mingw32/bin/../lib/gcc/nios2-elf/4.9.1/mno-hw-mul\libgcc.a(fixdfsi.o)
 .debug_abbrev  0x0000000000000a0b      0x11e c:/altera/15.0/nios2eds/bin/gnu/h-x86_64-mingw32/bin/../lib/gcc/nios2-elf/4.9.1/mno-hw-mul\libgcc.a(floatsidf.o)
 .debug_abbrev  0x0000000000000b29       0x5d c:/altera/15.0/nios2eds/bin/gnu/h-x86_64-mingw32/bin/../lib/gcc/nios2-elf/4.9.1/mno-hw-mul\libgcc.a(_clz.o)
 .debug_abbrev  0x0000000000000b86       0xbe c:/altera/15.0/nios2eds/bin/gnu/h-x86_64-mingw32/bin/../lib/gcc/nios2-elf/4.9.1/mno-hw-mul\libgcc.a(_clzsi2.o)
 .debug_abbrev  0x0000000000000c44      0x1b8 c:/altera/15.0/nios2eds/bin/gnu/h-x86_64-mingw32/bin/../lib/gcc/nios2-elf/4.9.1/../../../../../H-x86_64-mingw32/nios2-elf/lib/mno-hw-mul\libc.a(lib_a-rand.o)
 .debug_abbrev  0x0000000000000dfc      0x180 c:/altera/15.0/nios2eds/bin/gnu/h-x86_64-mingw32/bin/../lib/gcc/nios2-elf/4.9.1/../../../../../H-x86_64-mingw32/nios2-elf/lib/mno-hw-mul\libc.a(lib_a-impure.o)
 .debug_abbrev  0x0000000000000f7c       0x9f ../Vegetable-Viking_bsp/\libhal_bsp.a(alt_load.o)
 .debug_abbrev  0x000000000000101b       0xba ../Vegetable-Viking_bsp/\libhal_bsp.a(alt_main.o)
 .debug_abbrev  0x00000000000010d5      0x187 ../Vegetable-Viking_bsp/\libhal_bsp.a(alt_sys_init.o)
 .debug_abbrev  0x000000000000125c      0x127 ../Vegetable-Viking_bsp/\libhal_bsp.a(altera_avalon_jtag_uart_fd.o)
 .debug_abbrev  0x0000000000001383      0x197 ../Vegetable-Viking_bsp/\libhal_bsp.a(altera_avalon_jtag_uart_init.o)
 .debug_abbrev  0x000000000000151a      0x111 ../Vegetable-Viking_bsp/\libhal_bsp.a(altera_avalon_jtag_uart_ioctl.o)
 .debug_abbrev  0x000000000000162b      0x1ac ../Vegetable-Viking_bsp/\libhal_bsp.a(altera_avalon_jtag_uart_read.o)
 .debug_abbrev  0x00000000000017d7      0x1a8 ../Vegetable-Viking_bsp/\libhal_bsp.a(altera_avalon_jtag_uart_write.o)
 .debug_abbrev  0x000000000000197f      0x162 ../Vegetable-Viking_bsp/\libhal_bsp.a(alt_alarm_start.o)
 .debug_abbrev  0x0000000000001ae1      0x11f ../Vegetable-Viking_bsp/\libhal_bsp.a(alt_close.o)
 .debug_abbrev  0x0000000000001c00       0x42 ../Vegetable-Viking_bsp/\libhal_bsp.a(alt_dcache_flush_all.o)
 .debug_abbrev  0x0000000000001c42       0xd9 ../Vegetable-Viking_bsp/\libhal_bsp.a(alt_dev.o)
 .debug_abbrev  0x0000000000001d1b      0x114 ../Vegetable-Viking_bsp/\libhal_bsp.a(alt_dev_llist_insert.o)
 .debug_abbrev  0x0000000000001e2f       0x79 ../Vegetable-Viking_bsp/\libhal_bsp.a(alt_do_ctors.o)
 .debug_abbrev  0x0000000000001ea8       0x79 ../Vegetable-Viking_bsp/\libhal_bsp.a(alt_do_dtors.o)
 .debug_abbrev  0x0000000000001f21       0x5a ../Vegetable-Viking_bsp/\libhal_bsp.a(alt_errno.o)
 .debug_abbrev  0x0000000000001f7b       0x42 ../Vegetable-Viking_bsp/\libhal_bsp.a(alt_icache_flush_all.o)
 .debug_abbrev  0x0000000000001fbd      0x163 ../Vegetable-Viking_bsp/\libhal_bsp.a(alt_iic.o)
 .debug_abbrev  0x0000000000002120      0x169 ../Vegetable-Viking_bsp/\libhal_bsp.a(alt_iic_isr_register.o)
 .debug_abbrev  0x0000000000002289      0x114 ../Vegetable-Viking_bsp/\libhal_bsp.a(alt_io_redirect.o)
 .debug_abbrev  0x000000000000239d       0x12 ../Vegetable-Viking_bsp/\libhal_bsp.a(alt_irq_entry.o)
 .debug_abbrev  0x00000000000023af      0x122 ../Vegetable-Viking_bsp/\libhal_bsp.a(alt_irq_handler.o)
 .debug_abbrev  0x00000000000024d1       0x40 ../Vegetable-Viking_bsp/\libhal_bsp.a(alt_irq_vars.o)
 .debug_abbrev  0x0000000000002511      0x148 ../Vegetable-Viking_bsp/\libhal_bsp.a(alt_open.o)
 .debug_abbrev  0x0000000000002659       0xde ../Vegetable-Viking_bsp/\libhal_bsp.a(alt_release_fd.o)
 .debug_abbrev  0x0000000000002737      0x15a ../Vegetable-Viking_bsp/\libhal_bsp.a(alt_tick.o)
 .debug_abbrev  0x0000000000002891       0x42 ../Vegetable-Viking_bsp/\libhal_bsp.a(altera_nios2_gen2_irq.o)
 .debug_abbrev  0x00000000000028d3       0x12 ../Vegetable-Viking_bsp/\libhal_bsp.a(alt_exception_entry.o)
 .debug_abbrev  0x00000000000028e5       0xf0 ../Vegetable-Viking_bsp/\libhal_bsp.a(alt_find_dev.o)
 .debug_abbrev  0x00000000000029d5       0xf0 ../Vegetable-Viking_bsp/\libhal_bsp.a(alt_find_file.o)
 .debug_abbrev  0x0000000000002ac5      0x10d ../Vegetable-Viking_bsp/\libhal_bsp.a(alt_get_fd.o)
 .debug_abbrev  0x0000000000002bd2       0xd1 ../Vegetable-Viking_bsp/\libhal_bsp.a(alt_instruction_exception_entry.o)
 .debug_abbrev  0x0000000000002ca3       0xb8 c:/altera/15.0/nios2eds/bin/gnu/h-x86_64-mingw32/bin/../lib/gcc/nios2-elf/4.9.1/../../../../../H-x86_64-mingw32/nios2-elf/lib/mno-hw-mul\libc.a(lib_a-atexit.o)
 .debug_abbrev  0x0000000000002d5b      0x1e6 c:/altera/15.0/nios2eds/bin/gnu/h-x86_64-mingw32/bin/../lib/gcc/nios2-elf/4.9.1/../../../../../H-x86_64-mingw32/nios2-elf/lib/mno-hw-mul\libc.a(lib_a-exit.o)
 .debug_abbrev  0x0000000000002f41       0x37 c:/altera/15.0/nios2eds/bin/gnu/h-x86_64-mingw32/bin/../lib/gcc/nios2-elf/4.9.1/../../../../../H-x86_64-mingw32/nios2-elf/lib/mno-hw-mul\libc.a(lib_a-int_errno.o)
 .debug_abbrev  0x0000000000002f78       0x7f c:/altera/15.0/nios2eds/bin/gnu/h-x86_64-mingw32/bin/../lib/gcc/nios2-elf/4.9.1/../../../../../H-x86_64-mingw32/nios2-elf/lib/mno-hw-mul\libc.a(lib_a-memcmp.o)
 .debug_abbrev  0x0000000000002ff7       0x9c c:/altera/15.0/nios2eds/bin/gnu/h-x86_64-mingw32/bin/../lib/gcc/nios2-elf/4.9.1/../../../../../H-x86_64-mingw32/nios2-elf/lib/mno-hw-mul\libc.a(lib_a-memcpy.o)
 .debug_abbrev  0x0000000000003093       0x90 c:/altera/15.0/nios2eds/bin/gnu/h-x86_64-mingw32/bin/../lib/gcc/nios2-elf/4.9.1/../../../../../H-x86_64-mingw32/nios2-elf/lib/mno-hw-mul\libc.a(lib_a-strlen.o)
 .debug_abbrev  0x0000000000003123      0x21e c:/altera/15.0/nios2eds/bin/gnu/h-x86_64-mingw32/bin/../lib/gcc/nios2-elf/4.9.1/../../../../../H-x86_64-mingw32/nios2-elf/lib/mno-hw-mul\libc.a(lib_a-__atexit.o)
 .debug_abbrev  0x0000000000003341      0x210 c:/altera/15.0/nios2eds/bin/gnu/h-x86_64-mingw32/bin/../lib/gcc/nios2-elf/4.9.1/../../../../../H-x86_64-mingw32/nios2-elf/lib/mno-hw-mul\libc.a(lib_a-__call_atexit.o)
 .debug_abbrev  0x0000000000003551       0xa6 ../Vegetable-Viking_bsp/\libhal_bsp.a(alt_exit.o)

.debug_line     0x0000000000000000     0x3a3b
 *(.debug_line)
 .debug_line    0x0000000000000000       0x66 ../Vegetable-Viking_bsp//obj/HAL/src/crt0.o
 .debug_line    0x0000000000000066      0x1e8 obj/default/main.o
 .debug_line    0x000000000000024e       0xa1 c:/altera/15.0/nios2eds/bin/gnu/h-x86_64-mingw32/bin/../lib/gcc/nios2-elf/4.9.1/mno-hw-mul\libgcc.a(_muldi3.o)
 .debug_line    0x00000000000002ef      0x13a c:/altera/15.0/nios2eds/bin/gnu/h-x86_64-mingw32/bin/../lib/gcc/nios2-elf/4.9.1/mno-hw-mul\libgcc.a(_udivdi3.o)
 .debug_line    0x0000000000000429      0x14b c:/altera/15.0/nios2eds/bin/gnu/h-x86_64-mingw32/bin/../lib/gcc/nios2-elf/4.9.1/mno-hw-mul\libgcc.a(_umoddi3.o)
 .debug_line    0x0000000000000574       0xc7 c:/altera/15.0/nios2eds/bin/gnu/h-x86_64-mingw32/bin/../lib/gcc/nios2-elf/4.9.1/mno-hw-mul\libgcc.a(lib2-divmod.o)
 .debug_line    0x000000000000063b       0x80 c:/altera/15.0/nios2eds/bin/gnu/h-x86_64-mingw32/bin/../lib/gcc/nios2-elf/4.9.1/mno-hw-mul\libgcc.a(lib2-mul.o)
 .debug_line    0x00000000000006bb      0x386 c:/altera/15.0/nios2eds/bin/gnu/h-x86_64-mingw32/bin/../lib/gcc/nios2-elf/4.9.1/mno-hw-mul\libgcc.a(adddf3.o)
 .debug_line    0x0000000000000a41      0x3a1 c:/altera/15.0/nios2eds/bin/gnu/h-x86_64-mingw32/bin/../lib/gcc/nios2-elf/4.9.1/mno-hw-mul\libgcc.a(subdf3.o)
 .debug_line    0x0000000000000de2       0x9c c:/altera/15.0/nios2eds/bin/gnu/h-x86_64-mingw32/bin/../lib/gcc/nios2-elf/4.9.1/mno-hw-mul\libgcc.a(fixdfsi.o)
 .debug_line    0x0000000000000e7e       0xa0 c:/altera/15.0/nios2eds/bin/gnu/h-x86_64-mingw32/bin/../lib/gcc/nios2-elf/4.9.1/mno-hw-mul\libgcc.a(floatsidf.o)
 .debug_line    0x0000000000000f1e       0x56 c:/altera/15.0/nios2eds/bin/gnu/h-x86_64-mingw32/bin/../lib/gcc/nios2-elf/4.9.1/mno-hw-mul\libgcc.a(_clz.o)
 .debug_line    0x0000000000000f74       0xba c:/altera/15.0/nios2eds/bin/gnu/h-x86_64-mingw32/bin/../lib/gcc/nios2-elf/4.9.1/mno-hw-mul\libgcc.a(_clzsi2.o)
 .debug_line    0x000000000000102e      0x1f3 c:/altera/15.0/nios2eds/bin/gnu/h-x86_64-mingw32/bin/../lib/gcc/nios2-elf/4.9.1/../../../../../H-x86_64-mingw32/nios2-elf/lib/mno-hw-mul\libc.a(lib_a-rand.o)
 .debug_line    0x0000000000001221      0x162 c:/altera/15.0/nios2eds/bin/gnu/h-x86_64-mingw32/bin/../lib/gcc/nios2-elf/4.9.1/../../../../../H-x86_64-mingw32/nios2-elf/lib/mno-hw-mul\libc.a(lib_a-impure.o)
 .debug_line    0x0000000000001383       0x8d ../Vegetable-Viking_bsp/\libhal_bsp.a(alt_load.o)
 .debug_line    0x0000000000001410       0xa4 ../Vegetable-Viking_bsp/\libhal_bsp.a(alt_main.o)
 .debug_line    0x00000000000014b4      0x137 ../Vegetable-Viking_bsp/\libhal_bsp.a(alt_sys_init.o)
 .debug_line    0x00000000000015eb      0x12f ../Vegetable-Viking_bsp/\libhal_bsp.a(altera_avalon_jtag_uart_fd.o)
 .debug_line    0x000000000000171a      0x180 ../Vegetable-Viking_bsp/\libhal_bsp.a(altera_avalon_jtag_uart_init.o)
 .debug_line    0x000000000000189a      0x12e ../Vegetable-Viking_bsp/\libhal_bsp.a(altera_avalon_jtag_uart_ioctl.o)
 .debug_line    0x00000000000019c8      0x16a ../Vegetable-Viking_bsp/\libhal_bsp.a(altera_avalon_jtag_uart_read.o)
 .debug_line    0x0000000000001b32      0x16a ../Vegetable-Viking_bsp/\libhal_bsp.a(altera_avalon_jtag_uart_write.o)
 .debug_line    0x0000000000001c9c       0xfa ../Vegetable-Viking_bsp/\libhal_bsp.a(alt_alarm_start.o)
 .debug_line    0x0000000000001d96      0x15e ../Vegetable-Viking_bsp/\libhal_bsp.a(alt_close.o)
 .debug_line    0x0000000000001ef4       0x51 ../Vegetable-Viking_bsp/\libhal_bsp.a(alt_dcache_flush_all.o)
 .debug_line    0x0000000000001f45       0xf0 ../Vegetable-Viking_bsp/\libhal_bsp.a(alt_dev.o)
 .debug_line    0x0000000000002035       0xd0 ../Vegetable-Viking_bsp/\libhal_bsp.a(alt_dev_llist_insert.o)
 .debug_line    0x0000000000002105       0x59 ../Vegetable-Viking_bsp/\libhal_bsp.a(alt_do_ctors.o)
 .debug_line    0x000000000000215e       0x59 ../Vegetable-Viking_bsp/\libhal_bsp.a(alt_do_dtors.o)
 .debug_line    0x00000000000021b7       0x51 ../Vegetable-Viking_bsp/\libhal_bsp.a(alt_errno.o)
 .debug_line    0x0000000000002208       0x4f ../Vegetable-Viking_bsp/\libhal_bsp.a(alt_icache_flush_all.o)
 .debug_line    0x0000000000002257       0xef ../Vegetable-Viking_bsp/\libhal_bsp.a(alt_iic.o)
 .debug_line    0x0000000000002346       0xdb ../Vegetable-Viking_bsp/\libhal_bsp.a(alt_iic_isr_register.o)
 .debug_line    0x0000000000002421      0x12d ../Vegetable-Viking_bsp/\libhal_bsp.a(alt_io_redirect.o)
 .debug_line    0x000000000000254e       0x6b ../Vegetable-Viking_bsp/\libhal_bsp.a(alt_irq_entry.o)
 .debug_line    0x00000000000025b9       0xaa ../Vegetable-Viking_bsp/\libhal_bsp.a(alt_irq_handler.o)
 .debug_line    0x0000000000002663       0x50 ../Vegetable-Viking_bsp/\libhal_bsp.a(alt_irq_vars.o)
 .debug_line    0x00000000000026b3      0x12d ../Vegetable-Viking_bsp/\libhal_bsp.a(alt_open.o)
 .debug_line    0x00000000000027e0       0xb0 ../Vegetable-Viking_bsp/\libhal_bsp.a(alt_release_fd.o)
 .debug_line    0x0000000000002890       0xfe ../Vegetable-Viking_bsp/\libhal_bsp.a(alt_tick.o)
 .debug_line    0x000000000000298e       0x51 ../Vegetable-Viking_bsp/\libhal_bsp.a(altera_nios2_gen2_irq.o)
 .debug_line    0x00000000000029df       0xb3 ../Vegetable-Viking_bsp/\libhal_bsp.a(alt_exception_entry.o)
 .debug_line    0x0000000000002a92       0xb5 ../Vegetable-Viking_bsp/\libhal_bsp.a(alt_find_dev.o)
 .debug_line    0x0000000000002b47       0xd1 ../Vegetable-Viking_bsp/\libhal_bsp.a(alt_find_file.o)
 .debug_line    0x0000000000002c18       0xd8 ../Vegetable-Viking_bsp/\libhal_bsp.a(alt_get_fd.o)
 .debug_line    0x0000000000002cf0       0xb9 ../Vegetable-Viking_bsp/\libhal_bsp.a(alt_instruction_exception_entry.o)
 .debug_line    0x0000000000002da9       0xe9 c:/altera/15.0/nios2eds/bin/gnu/h-x86_64-mingw32/bin/../lib/gcc/nios2-elf/4.9.1/../../../../../H-x86_64-mingw32/nios2-elf/lib/mno-hw-mul\libc.a(lib_a-atexit.o)
 .debug_line    0x0000000000002e92      0x1fd c:/altera/15.0/nios2eds/bin/gnu/h-x86_64-mingw32/bin/../lib/gcc/nios2-elf/4.9.1/../../../../../H-x86_64-mingw32/nios2-elf/lib/mno-hw-mul\libc.a(lib_a-exit.o)
 .debug_line    0x000000000000308f       0x60 c:/altera/15.0/nios2eds/bin/gnu/h-x86_64-mingw32/bin/../lib/gcc/nios2-elf/4.9.1/../../../../../H-x86_64-mingw32/nios2-elf/lib/mno-hw-mul\libc.a(lib_a-int_errno.o)
 .debug_line    0x00000000000030ef      0x178 c:/altera/15.0/nios2eds/bin/gnu/h-x86_64-mingw32/bin/../lib/gcc/nios2-elf/4.9.1/../../../../../H-x86_64-mingw32/nios2-elf/lib/mno-hw-mul\libc.a(lib_a-memcmp.o)
 .debug_line    0x0000000000003267      0x187 c:/altera/15.0/nios2eds/bin/gnu/h-x86_64-mingw32/bin/../lib/gcc/nios2-elf/4.9.1/../../../../../H-x86_64-mingw32/nios2-elf/lib/mno-hw-mul\libc.a(lib_a-memcpy.o)
 .debug_line    0x00000000000033ee      0x171 c:/altera/15.0/nios2eds/bin/gnu/h-x86_64-mingw32/bin/../lib/gcc/nios2-elf/4.9.1/../../../../../H-x86_64-mingw32/nios2-elf/lib/mno-hw-mul\libc.a(lib_a-strlen.o)
 .debug_line    0x000000000000355f      0x227 c:/altera/15.0/nios2eds/bin/gnu/h-x86_64-mingw32/bin/../lib/gcc/nios2-elf/4.9.1/../../../../../H-x86_64-mingw32/nios2-elf/lib/mno-hw-mul\libc.a(lib_a-__atexit.o)
 .debug_line    0x0000000000003786      0x244 c:/altera/15.0/nios2eds/bin/gnu/h-x86_64-mingw32/bin/../lib/gcc/nios2-elf/4.9.1/../../../../../H-x86_64-mingw32/nios2-elf/lib/mno-hw-mul\libc.a(lib_a-__call_atexit.o)
 .debug_line    0x00000000000039ca       0x71 ../Vegetable-Viking_bsp/\libhal_bsp.a(alt_exit.o)

.debug_frame    0x0000000000000000      0xee8
 *(.debug_frame)
 .debug_frame   0x0000000000000000      0x1b0 obj/default/main.o
 .debug_frame   0x00000000000001b0       0x54 c:/altera/15.0/nios2eds/bin/gnu/h-x86_64-mingw32/bin/../lib/gcc/nios2-elf/4.9.1/mno-hw-mul\libgcc.a(_muldi3.o)
 .debug_frame   0x0000000000000204       0x54 c:/altera/15.0/nios2eds/bin/gnu/h-x86_64-mingw32/bin/../lib/gcc/nios2-elf/4.9.1/mno-hw-mul\libgcc.a(_udivdi3.o)
 .debug_frame   0x0000000000000258       0x54 c:/altera/15.0/nios2eds/bin/gnu/h-x86_64-mingw32/bin/../lib/gcc/nios2-elf/4.9.1/mno-hw-mul\libgcc.a(_umoddi3.o)
 .debug_frame   0x00000000000002ac       0x8c c:/altera/15.0/nios2eds/bin/gnu/h-x86_64-mingw32/bin/../lib/gcc/nios2-elf/4.9.1/mno-hw-mul\libgcc.a(lib2-divmod.o)
 .debug_frame   0x0000000000000338       0x20 c:/altera/15.0/nios2eds/bin/gnu/h-x86_64-mingw32/bin/../lib/gcc/nios2-elf/4.9.1/mno-hw-mul\libgcc.a(lib2-mul.o)
 .debug_frame   0x0000000000000358       0x40 c:/altera/15.0/nios2eds/bin/gnu/h-x86_64-mingw32/bin/../lib/gcc/nios2-elf/4.9.1/mno-hw-mul\libgcc.a(adddf3.o)
 .debug_frame   0x0000000000000398       0x44 c:/altera/15.0/nios2eds/bin/gnu/h-x86_64-mingw32/bin/../lib/gcc/nios2-elf/4.9.1/mno-hw-mul\libgcc.a(subdf3.o)
 .debug_frame   0x00000000000003dc       0x20 c:/altera/15.0/nios2eds/bin/gnu/h-x86_64-mingw32/bin/../lib/gcc/nios2-elf/4.9.1/mno-hw-mul\libgcc.a(fixdfsi.o)
 .debug_frame   0x00000000000003fc       0x38 c:/altera/15.0/nios2eds/bin/gnu/h-x86_64-mingw32/bin/../lib/gcc/nios2-elf/4.9.1/mno-hw-mul\libgcc.a(floatsidf.o)
 .debug_frame   0x0000000000000434       0x20 c:/altera/15.0/nios2eds/bin/gnu/h-x86_64-mingw32/bin/../lib/gcc/nios2-elf/4.9.1/mno-hw-mul\libgcc.a(_clzsi2.o)
 .debug_frame   0x0000000000000454       0x44 c:/altera/15.0/nios2eds/bin/gnu/h-x86_64-mingw32/bin/../lib/gcc/nios2-elf/4.9.1/../../../../../H-x86_64-mingw32/nios2-elf/lib/mno-hw-mul\libc.a(lib_a-rand.o)
 .debug_frame   0x0000000000000498       0x5c ../Vegetable-Viking_bsp/\libhal_bsp.a(alt_load.o)
 .debug_frame   0x00000000000004f4       0x2c ../Vegetable-Viking_bsp/\libhal_bsp.a(alt_main.o)
 .debug_frame   0x0000000000000520       0x88 ../Vegetable-Viking_bsp/\libhal_bsp.a(alt_sys_init.o)
 .debug_frame   0x00000000000005a8       0xb0 ../Vegetable-Viking_bsp/\libhal_bsp.a(altera_avalon_jtag_uart_fd.o)
 .debug_frame   0x0000000000000658       0xa4 ../Vegetable-Viking_bsp/\libhal_bsp.a(altera_avalon_jtag_uart_init.o)
 .debug_frame   0x00000000000006fc       0x34 ../Vegetable-Viking_bsp/\libhal_bsp.a(altera_avalon_jtag_uart_ioctl.o)
 .debug_frame   0x0000000000000730       0x38 ../Vegetable-Viking_bsp/\libhal_bsp.a(altera_avalon_jtag_uart_read.o)
 .debug_frame   0x0000000000000768       0x38 ../Vegetable-Viking_bsp/\libhal_bsp.a(altera_avalon_jtag_uart_write.o)
 .debug_frame   0x00000000000007a0       0x34 ../Vegetable-Viking_bsp/\libhal_bsp.a(alt_alarm_start.o)
 .debug_frame   0x00000000000007d4       0x60 ../Vegetable-Viking_bsp/\libhal_bsp.a(alt_close.o)
 .debug_frame   0x0000000000000834       0x34 ../Vegetable-Viking_bsp/\libhal_bsp.a(alt_dcache_flush_all.o)
 .debug_frame   0x0000000000000868       0x34 ../Vegetable-Viking_bsp/\libhal_bsp.a(alt_dev.o)
 .debug_frame   0x000000000000089c       0x60 ../Vegetable-Viking_bsp/\libhal_bsp.a(alt_dev_llist_insert.o)
 .debug_frame   0x00000000000008fc       0x38 ../Vegetable-Viking_bsp/\libhal_bsp.a(alt_do_ctors.o)
 .debug_frame   0x0000000000000934       0x38 ../Vegetable-Viking_bsp/\libhal_bsp.a(alt_do_dtors.o)
 .debug_frame   0x000000000000096c       0x34 ../Vegetable-Viking_bsp/\libhal_bsp.a(alt_icache_flush_all.o)
 .debug_frame   0x00000000000009a0       0xa4 ../Vegetable-Viking_bsp/\libhal_bsp.a(alt_iic.o)
 .debug_frame   0x0000000000000a44       0x38 ../Vegetable-Viking_bsp/\libhal_bsp.a(alt_iic_isr_register.o)
 .debug_frame   0x0000000000000a7c       0x64 ../Vegetable-Viking_bsp/\libhal_bsp.a(alt_io_redirect.o)
 .debug_frame   0x0000000000000ae0       0x38 ../Vegetable-Viking_bsp/\libhal_bsp.a(alt_irq_handler.o)
 .debug_frame   0x0000000000000b18       0x8c ../Vegetable-Viking_bsp/\libhal_bsp.a(alt_open.o)
 .debug_frame   0x0000000000000ba4       0x3c ../Vegetable-Viking_bsp/\libhal_bsp.a(alt_release_fd.o)
 .debug_frame   0x0000000000000be0       0x5c ../Vegetable-Viking_bsp/\libhal_bsp.a(alt_tick.o)
 .debug_frame   0x0000000000000c3c       0x34 ../Vegetable-Viking_bsp/\libhal_bsp.a(altera_nios2_gen2_irq.o)
 .debug_frame   0x0000000000000c70       0x38 ../Vegetable-Viking_bsp/\libhal_bsp.a(alt_find_dev.o)
 .debug_frame   0x0000000000000ca8       0x38 ../Vegetable-Viking_bsp/\libhal_bsp.a(alt_find_file.o)
 .debug_frame   0x0000000000000ce0       0x3c ../Vegetable-Viking_bsp/\libhal_bsp.a(alt_get_fd.o)
 .debug_frame   0x0000000000000d1c       0x5c ../Vegetable-Viking_bsp/\libhal_bsp.a(alt_instruction_exception_entry.o)
 .debug_frame   0x0000000000000d78       0x20 c:/altera/15.0/nios2eds/bin/gnu/h-x86_64-mingw32/bin/../lib/gcc/nios2-elf/4.9.1/../../../../../H-x86_64-mingw32/nios2-elf/lib/mno-hw-mul\libc.a(lib_a-atexit.o)
 .debug_frame   0x0000000000000d98       0x28 c:/altera/15.0/nios2eds/bin/gnu/h-x86_64-mingw32/bin/../lib/gcc/nios2-elf/4.9.1/../../../../../H-x86_64-mingw32/nios2-elf/lib/mno-hw-mul\libc.a(lib_a-exit.o)
 .debug_frame   0x0000000000000dc0       0x20 c:/altera/15.0/nios2eds/bin/gnu/h-x86_64-mingw32/bin/../lib/gcc/nios2-elf/4.9.1/../../../../../H-x86_64-mingw32/nios2-elf/lib/mno-hw-mul\libc.a(lib_a-memcmp.o)
 .debug_frame   0x0000000000000de0       0x30 c:/altera/15.0/nios2eds/bin/gnu/h-x86_64-mingw32/bin/../lib/gcc/nios2-elf/4.9.1/../../../../../H-x86_64-mingw32/nios2-elf/lib/mno-hw-mul\libc.a(lib_a-memcpy.o)
 .debug_frame   0x0000000000000e10       0x20 c:/altera/15.0/nios2eds/bin/gnu/h-x86_64-mingw32/bin/../lib/gcc/nios2-elf/4.9.1/../../../../../H-x86_64-mingw32/nios2-elf/lib/mno-hw-mul\libc.a(lib_a-strlen.o)
 .debug_frame   0x0000000000000e30       0x38 c:/altera/15.0/nios2eds/bin/gnu/h-x86_64-mingw32/bin/../lib/gcc/nios2-elf/4.9.1/../../../../../H-x86_64-mingw32/nios2-elf/lib/mno-hw-mul\libc.a(lib_a-__atexit.o)
 .debug_frame   0x0000000000000e68       0x54 c:/altera/15.0/nios2eds/bin/gnu/h-x86_64-mingw32/bin/../lib/gcc/nios2-elf/4.9.1/../../../../../H-x86_64-mingw32/nios2-elf/lib/mno-hw-mul\libc.a(lib_a-__call_atexit.o)
 .debug_frame   0x0000000000000ebc       0x2c ../Vegetable-Viking_bsp/\libhal_bsp.a(alt_exit.o)

.debug_str      0x0000000000000000     0x2141
 *(.debug_str)
 .debug_str     0x0000000000000000      0x310 obj/default/main.o
                                        0x362 (size before relaxing)
 .debug_str     0x0000000000000310      0x193 c:/altera/15.0/nios2eds/bin/gnu/h-x86_64-mingw32/bin/../lib/gcc/nios2-elf/4.9.1/mno-hw-mul\libgcc.a(_muldi3.o)
                                        0x217 (size before relaxing)
 .debug_str     0x00000000000004a3       0xf5 c:/altera/15.0/nios2eds/bin/gnu/h-x86_64-mingw32/bin/../lib/gcc/nios2-elf/4.9.1/mno-hw-mul\libgcc.a(_udivdi3.o)
                                        0x28e (size before relaxing)
 .debug_str     0x0000000000000598        0xa c:/altera/15.0/nios2eds/bin/gnu/h-x86_64-mingw32/bin/../lib/gcc/nios2-elf/4.9.1/mno-hw-mul\libgcc.a(_umoddi3.o)
                                        0x28e (size before relaxing)
 .debug_str     0x00000000000005a2       0x7f c:/altera/15.0/nios2eds/bin/gnu/h-x86_64-mingw32/bin/../lib/gcc/nios2-elf/4.9.1/mno-hw-mul\libgcc.a(lib2-divmod.o)
                                        0x1d0 (size before relaxing)
 .debug_str     0x0000000000000621       0x40 c:/altera/15.0/nios2eds/bin/gnu/h-x86_64-mingw32/bin/../lib/gcc/nios2-elf/4.9.1/mno-hw-mul\libgcc.a(lib2-mul.o)
                                        0x191 (size before relaxing)
 .debug_str     0x0000000000000661       0xd9 c:/altera/15.0/nios2eds/bin/gnu/h-x86_64-mingw32/bin/../lib/gcc/nios2-elf/4.9.1/mno-hw-mul\libgcc.a(adddf3.o)
                                        0x262 (size before relaxing)
 .debug_str     0x000000000000073a       0x39 c:/altera/15.0/nios2eds/bin/gnu/h-x86_64-mingw32/bin/../lib/gcc/nios2-elf/4.9.1/mno-hw-mul\libgcc.a(subdf3.o)
                                        0x262 (size before relaxing)
 .debug_str     0x0000000000000773       0x43 c:/altera/15.0/nios2eds/bin/gnu/h-x86_64-mingw32/bin/../lib/gcc/nios2-elf/4.9.1/mno-hw-mul\libgcc.a(fixdfsi.o)
                                        0x20e (size before relaxing)
 .debug_str     0x00000000000007b6       0x4c c:/altera/15.0/nios2eds/bin/gnu/h-x86_64-mingw32/bin/../lib/gcc/nios2-elf/4.9.1/mno-hw-mul\libgcc.a(floatsidf.o)
                                        0x212 (size before relaxing)
 .debug_str     0x0000000000000000      0x1d5 c:/altera/15.0/nios2eds/bin/gnu/h-x86_64-mingw32/bin/../lib/gcc/nios2-elf/4.9.1/mno-hw-mul\libgcc.a(_clz.o)
 .debug_str     0x0000000000000802        0x9 c:/altera/15.0/nios2eds/bin/gnu/h-x86_64-mingw32/bin/../lib/gcc/nios2-elf/4.9.1/mno-hw-mul\libgcc.a(_clzsi2.o)
                                        0x1f2 (size before relaxing)
 .debug_str     0x000000000000080b      0x462 c:/altera/15.0/nios2eds/bin/gnu/h-x86_64-mingw32/bin/../lib/gcc/nios2-elf/4.9.1/../../../../../H-x86_64-mingw32/nios2-elf/lib/mno-hw-mul\libc.a(lib_a-rand.o)
                                        0x563 (size before relaxing)
 .debug_str     0x0000000000000c6d       0xea c:/altera/15.0/nios2eds/bin/gnu/h-x86_64-mingw32/bin/../lib/gcc/nios2-elf/4.9.1/../../../../../H-x86_64-mingw32/nios2-elf/lib/mno-hw-mul\libc.a(lib_a-impure.o)
                                        0x572 (size before relaxing)
 .debug_str     0x0000000000000d57      0x12a ../Vegetable-Viking_bsp/\libhal_bsp.a(alt_load.o)
                                        0x1f4 (size before relaxing)
 .debug_str     0x0000000000000e81       0x70 ../Vegetable-Viking_bsp/\libhal_bsp.a(alt_main.o)
                                        0x17f (size before relaxing)
 .debug_str     0x0000000000000ef1      0x1a2 ../Vegetable-Viking_bsp/\libhal_bsp.a(alt_sys_init.o)
                                        0x33a (size before relaxing)
 .debug_str     0x0000000000001093       0xb9 ../Vegetable-Viking_bsp/\libhal_bsp.a(altera_avalon_jtag_uart_fd.o)
                                        0x386 (size before relaxing)
 .debug_str     0x000000000000114c       0xd1 ../Vegetable-Viking_bsp/\libhal_bsp.a(altera_avalon_jtag_uart_init.o)
                                        0x31a (size before relaxing)
 .debug_str     0x000000000000121d       0x4a ../Vegetable-Viking_bsp/\libhal_bsp.a(altera_avalon_jtag_uart_ioctl.o)
                                        0x275 (size before relaxing)
 .debug_str     0x0000000000001267       0x7f ../Vegetable-Viking_bsp/\libhal_bsp.a(altera_avalon_jtag_uart_read.o)
                                        0x2ca (size before relaxing)
 .debug_str     0x00000000000012e6       0x4a ../Vegetable-Viking_bsp/\libhal_bsp.a(altera_avalon_jtag_uart_write.o)
                                        0x2cb (size before relaxing)
 .debug_str     0x0000000000001330       0x59 ../Vegetable-Viking_bsp/\libhal_bsp.a(alt_alarm_start.o)
                                        0x260 (size before relaxing)
 .debug_str     0x0000000000001389       0x44 ../Vegetable-Viking_bsp/\libhal_bsp.a(alt_close.o)
                                        0x1ed (size before relaxing)
 .debug_str     0x00000000000013cd       0x34 ../Vegetable-Viking_bsp/\libhal_bsp.a(alt_dcache_flush_all.o)
                                        0x137 (size before relaxing)
 .debug_str     0x0000000000001401      0x120 ../Vegetable-Viking_bsp/\libhal_bsp.a(alt_dev.o)
                                        0x2e7 (size before relaxing)
 .debug_str     0x0000000000001521       0x34 ../Vegetable-Viking_bsp/\libhal_bsp.a(alt_dev_llist_insert.o)
                                        0x1ae (size before relaxing)
 .debug_str     0x0000000000001555       0x48 ../Vegetable-Viking_bsp/\libhal_bsp.a(alt_do_ctors.o)
                                         0xbe (size before relaxing)
 .debug_str     0x000000000000159d       0x4c ../Vegetable-Viking_bsp/\libhal_bsp.a(alt_do_dtors.o)
                                         0xbd (size before relaxing)
 .debug_str     0x00000000000015e9       0x14 ../Vegetable-Viking_bsp/\libhal_bsp.a(alt_errno.o)
                                        0x127 (size before relaxing)
 .debug_str     0x00000000000015fd       0x34 ../Vegetable-Viking_bsp/\libhal_bsp.a(alt_icache_flush_all.o)
                                        0x137 (size before relaxing)
 .debug_str     0x0000000000001631       0xc4 ../Vegetable-Viking_bsp/\libhal_bsp.a(alt_iic.o)
                                        0x220 (size before relaxing)
 .debug_str     0x00000000000016f5       0x4c ../Vegetable-Viking_bsp/\libhal_bsp.a(alt_iic_isr_register.o)
                                        0x1ca (size before relaxing)
 .debug_str     0x0000000000001741       0x56 ../Vegetable-Viking_bsp/\libhal_bsp.a(alt_io_redirect.o)
                                        0x2f8 (size before relaxing)
 .debug_str     0x0000000000001797       0x3a ../Vegetable-Viking_bsp/\libhal_bsp.a(alt_irq_handler.o)
                                        0x179 (size before relaxing)
 .debug_str     0x00000000000017d1       0x17 ../Vegetable-Viking_bsp/\libhal_bsp.a(alt_irq_vars.o)
                                        0x128 (size before relaxing)
 .debug_str     0x00000000000017e8       0x2f ../Vegetable-Viking_bsp/\libhal_bsp.a(alt_open.o)
                                        0x22d (size before relaxing)
 .debug_str     0x0000000000001817       0x28 ../Vegetable-Viking_bsp/\libhal_bsp.a(alt_release_fd.o)
                                        0x1c1 (size before relaxing)
 .debug_str     0x000000000000183f       0x4a ../Vegetable-Viking_bsp/\libhal_bsp.a(alt_tick.o)
                                        0x234 (size before relaxing)
 .debug_str     0x0000000000001889       0x3b ../Vegetable-Viking_bsp/\libhal_bsp.a(altera_nios2_gen2_irq.o)
                                        0x13e (size before relaxing)
 .debug_str     0x00000000000018c4       0x24 ../Vegetable-Viking_bsp/\libhal_bsp.a(alt_find_dev.o)
                                        0x1ce (size before relaxing)
 .debug_str     0x00000000000018e8       0x26 ../Vegetable-Viking_bsp/\libhal_bsp.a(alt_find_file.o)
                                        0x1dc (size before relaxing)
 .debug_str     0x000000000000190e       0x30 ../Vegetable-Viking_bsp/\libhal_bsp.a(alt_get_fd.o)
                                        0x1fe (size before relaxing)
 .debug_str     0x000000000000193e      0x48b ../Vegetable-Viking_bsp/\libhal_bsp.a(alt_instruction_exception_entry.o)
                                        0x581 (size before relaxing)
 .debug_str     0x0000000000001dc9       0x82 c:/altera/15.0/nios2eds/bin/gnu/h-x86_64-mingw32/bin/../lib/gcc/nios2-elf/4.9.1/../../../../../H-x86_64-mingw32/nios2-elf/lib/mno-hw-mul\libc.a(lib_a-atexit.o)
                                        0x1e5 (size before relaxing)