Archive member included to satisfy reference by file (symbol)

c:/altera/15.0/nios2eds/bin/gnu/h-x86_64-mingw32/bin/../lib/gcc/nios2-elf/4.9.1/mno-hw-mul\libgcc.a(_udivdi3.o)
                              obj/default/main.o (__udivdi3)
c:/altera/15.0/nios2eds/bin/gnu/h-x86_64-mingw32/bin/../lib/gcc/nios2-elf/4.9.1/mno-hw-mul\libgcc.a(_umoddi3.o)
                              obj/default/main.o (__umoddi3)
c:/altera/15.0/nios2eds/bin/gnu/h-x86_64-mingw32/bin/../lib/gcc/nios2-elf/4.9.1/mno-hw-mul\libgcc.a(lib2-divmod.o)
                              obj/default/main.o (__modsi3)
c:/altera/15.0/nios2eds/bin/gnu/h-x86_64-mingw32/bin/../lib/gcc/nios2-elf/4.9.1/mno-hw-mul\libgcc.a(lib2-mul.o)
                              obj/default/main.o (__mulsi3)
c:/altera/15.0/nios2eds/bin/gnu/h-x86_64-mingw32/bin/../lib/gcc/nios2-elf/4.9.1/mno-hw-mul\libgcc.a(adddf3.o)
                              obj/default/main.o (__adddf3)
c:/altera/15.0/nios2eds/bin/gnu/h-x86_64-mingw32/bin/../lib/gcc/nios2-elf/4.9.1/mno-hw-mul\libgcc.a(subdf3.o)
                              obj/default/main.o (__subdf3)
c:/altera/15.0/nios2eds/bin/gnu/h-x86_64-mingw32/bin/../lib/gcc/nios2-elf/4.9.1/mno-hw-mul\libgcc.a(fixdfsi.o)
                              obj/default/main.o (__fixdfsi)
c:/altera/15.0/nios2eds/bin/gnu/h-x86_64-mingw32/bin/../lib/gcc/nios2-elf/4.9.1/mno-hw-mul\libgcc.a(floatsidf.o)
                              obj/default/main.o (__floatsidf)
c:/altera/15.0/nios2eds/bin/gnu/h-x86_64-mingw32/bin/../lib/gcc/nios2-elf/4.9.1/mno-hw-mul\libgcc.a(_clz.o)
                              c:/altera/15.0/nios2eds/bin/gnu/h-x86_64-mingw32/bin/../lib/gcc/nios2-elf/4.9.1/mno-hw-mul\libgcc.a(_udivdi3.o) (__clz_tab)
c:/altera/15.0/nios2eds/bin/gnu/h-x86_64-mingw32/bin/../lib/gcc/nios2-elf/4.9.1/mno-hw-mul\libgcc.a(_clzsi2.o)
                              c:/altera/15.0/nios2eds/bin/gnu/h-x86_64-mingw32/bin/../lib/gcc/nios2-elf/4.9.1/mno-hw-mul\libgcc.a(adddf3.o) (__clzsi2)
c:/altera/15.0/nios2eds/bin/gnu/h-x86_64-mingw32/bin/../lib/gcc/nios2-elf/4.9.1/../../../../../H-x86_64-mingw32/nios2-elf/lib/mno-hw-mul\libc.a(lib_a-printf.o)
                              obj/default/main.o (printf)
c:/altera/15.0/nios2eds/bin/gnu/h-x86_64-mingw32/bin/../lib/gcc/nios2-elf/4.9.1/../../../../../H-x86_64-mingw32/nios2-elf/lib/mno-hw-mul\libc.a(lib_a-rand.o)
                              obj/default/main.o (srand)
c:/altera/15.0/nios2eds/bin/gnu/h-x86_64-mingw32/bin/../lib/gcc/nios2-elf/4.9.1/../../../../../H-x86_64-mingw32/nios2-elf/lib/mno-hw-mul\libc.a(lib_a-vfprintf.o)
                              c:/altera/15.0/nios2eds/bin/gnu/h-x86_64-mingw32/bin/../lib/gcc/nios2-elf/4.9.1/../../../../../H-x86_64-mingw32/nios2-elf/lib/mno-hw-mul\libc.a(lib_a-printf.o) (___vfprintf_internal_r)
c:/altera/15.0/nios2eds/bin/gnu/h-x86_64-mingw32/bin/../lib/gcc/nios2-elf/4.9.1/../../../../../H-x86_64-mingw32/nios2-elf/lib/mno-hw-mul\libc.a(lib_a-wsetup.o)
                              c:/altera/15.0/nios2eds/bin/gnu/h-x86_64-mingw32/bin/../lib/gcc/nios2-elf/4.9.1/../../../../../H-x86_64-mingw32/nios2-elf/lib/mno-hw-mul\libc.a(lib_a-vfprintf.o) (__swsetup_r)
c:/altera/15.0/nios2eds/bin/gnu/h-x86_64-mingw32/bin/../lib/gcc/nios2-elf/4.9.1/../../../../../H-x86_64-mingw32/nios2-elf/lib/mno-hw-mul\libc.a(lib_a-dtoa.o)
                              c:/altera/15.0/nios2eds/bin/gnu/h-x86_64-mingw32/bin/../lib/gcc/nios2-elf/4.9.1/../../../../../H-x86_64-mingw32/nios2-elf/lib/mno-hw-mul\libc.a(lib_a-vfprintf.o) (_dtoa_r)
c:/altera/15.0/nios2eds/bin/gnu/h-x86_64-mingw32/bin/../lib/gcc/nios2-elf/4.9.1/../../../../../H-x86_64-mingw32/nios2-elf/lib/mno-hw-mul\libc.a(lib_a-fflush.o)
                              c:/altera/15.0/nios2eds/bin/gnu/h-x86_64-mingw32/bin/../lib/gcc/nios2-elf/4.9.1/../../../../../H-x86_64-mingw32/nios2-elf/lib/mno-hw-mul\libc.a(lib_a-vfprintf.o) (_fflush_r)
c:/altera/15.0/nios2eds/bin/gnu/h-x86_64-mingw32/bin/../lib/gcc/nios2-elf/4.9.1/../../../../../H-x86_64-mingw32/nios2-elf/lib/mno-hw-mul\libc.a(lib_a-findfp.o)
                              c:/altera/15.0/nios2eds/bin/gnu/h-x86_64-mingw32/bin/../lib/gcc/nios2-elf/4.9.1/../../../../../H-x86_64-mingw32/nios2-elf/lib/mno-hw-mul\libc.a(lib_a-vfprintf.o) (__sinit)
c:/altera/15.0/nios2eds/bin/gnu/h-x86_64-mingw32/bin/../lib/gcc/nios2-elf/4.9.1/../../../../../H-x86_64-mingw32/nios2-elf/lib/mno-hw-mul\libc.a(lib_a-freer.o)
                              c:/altera/15.0/nios2eds/bin/gnu/h-x86_64-mingw32/bin/../lib/gcc/nios2-elf/4.9.1/../../../../../H-x86_64-mingw32/nios2-elf/lib/mno-hw-mul\libc.a(lib_a-wsetup.o) (_free_r)
c:/altera/15.0/nios2eds/bin/gnu/h-x86_64-mingw32/bin/../lib/gcc/nios2-elf/4.9.1/../../../../../H-x86_64-mingw32/nios2-elf/lib/mno-hw-mul\libc.a(lib_a-fwalk.o)
                              c:/altera/15.0/nios2eds/bin/gnu/h-x86_64-mingw32/bin/../lib/gcc/nios2-elf/4.9.1/../../../../../H-x86_64-mingw32/nios2-elf/lib/mno-hw-mul\libc.a(lib_a-findfp.o) (_fwalk)
[...]
Memory Configuration

Name             Origin             Length             Attributes
onchip_memory2_0 0x0000000000000000 0x0000000000000010
reset            0x0000000010000000 0x0000000000000020
sdram            0x0000000010000020 0x0000000007ffffe0
*default*        0x0000000000000000 0xffffffffffffffff

Linker script and memory map

LOAD ../Vegetable-Viking_bsp//obj/HAL/src/crt0.o
LOAD obj/default/main.o
LOAD c:/altera/15.0/nios2eds/bin/gnu/h-x86_64-mingw32/bin/../lib/gcc/nios2-elf/4.9.1/../../../../../H-x86_64-mingw32/nios2-elf/lib/mno-hw-mul\libstdc++.a
LOAD c:/altera/15.0/nios2eds/bin/gnu/h-x86_64-mingw32/bin/../lib/gcc/nios2-elf/4.9.1/../../../../../H-x86_64-mingw32/nios2-elf/lib/mno-hw-mul\libm.a
LOAD c:/altera/15.0/nios2eds/bin/gnu/h-x86_64-mingw32/bin/../lib/gcc/nios2-elf/4.9.1/mno-hw-mul\libgcc.a
START GROUP
LOAD c:/altera/15.0/nios2eds/bin/gnu/h-x86_64-mingw32/bin/../lib/gcc/nios2-elf/4.9.1/../../../../../H-x86_64-mingw32/nios2-elf/lib/mno-hw-mul\libc.a
LOAD c:/altera/15.0/nios2eds/bin/gnu/h-x86_64-mingw32/bin/../lib/gcc/nios2-elf/4.9.1/mno-hw-mul\libgcc.a
LOAD ../Vegetable-Viking_bsp/\libhal_bsp.a
LOAD c:/altera/15.0/nios2eds/bin/gnu/h-x86_64-mingw32/bin/../lib/gcc/nios2-elf/4.9.1/../../../../../H-x86_64-mingw32/nios2-elf/lib/mno-hw-mul\libm.a
END GROUP
LOAD c:/altera/15.0/nios2eds/bin/gnu/h-x86_64-mingw32/bin/../lib/gcc/nios2-elf/4.9.1/mno-hw-mul\libgcc.a
                0x0000000000000000                __alt_mem_onchip_memory2_0 = 0x0
                0x0000000010000000                __alt_mem_sdram = 0x10000000

.entry          0x0000000010000000       0x20
 *(.entry)
 .entry         0x0000000010000000       0x20 ../Vegetable-Viking_bsp//obj/HAL/src/crt0.o
                0x0000000010000000                __reset

.exceptions     0x0000000010000020      0x20c
                0x0000000010000020                PROVIDE (__ram_exceptions_start, ABSOLUTE (.))
                0x0000000010000020                . = ALIGN (0x20)
 *(.irq)
 *(.exceptions.entry.label)
 .exceptions.entry.label
                0x0000000010000020        0x0 ../Vegetable-Viking_bsp/\libhal_bsp.a(alt_irq_entry.o)
                0x0000000010000020                alt_irq_entry
 .exceptions.entry.label
                0x0000000010000020        0x0 ../Vegetable-Viking_bsp/\libhal_bsp.a(alt_exception_entry.o)
                0x0000000010000020                alt_exception
 *(.exceptions.entry.user)
 *(.exceptions.entry.ecc_fatal)
 *(.exceptions.entry)
 .exceptions.entry
                0x0000000010000020       0x54 ../Vegetable-Viking_bsp/\libhal_bsp.a(alt_exception_entry.o)
 *(.exceptions.irqtest.user)
 *(.exceptions.irqtest)
 .exceptions.irqtest
                0x0000000010000074       0x10 ../Vegetable-Viking_bsp/\libhal_bsp.a(alt_irq_entry.o)
 *(.exceptions.irqhandler.user)
 *(.exceptions.irqhandler)
 .exceptions.irqhandler
                0x0000000010000084        0x4 ../Vegetable-Viking_bsp/\libhal_bsp.a(alt_irq_entry.o)
 *(.exceptions.irqreturn.user)
 *(.exceptions.irqreturn)
 .exceptions.irqreturn
                0x0000000010000088        0x4 ../Vegetable-Viking_bsp/\libhal_bsp.a(alt_irq_entry.o)
 *(.exceptions.notirq.label)
 .exceptions.notirq.label
                0x000000001000008c        0x0 ../Vegetable-Viking_bsp/\libhal_bsp.a(alt_irq_entry.o)
 *(.exceptions.notirq.user)
 *(.exceptions.notirq)
 .exceptions.notirq
                0x000000001000008c        0x8 ../Vegetable-Viking_bsp/\libhal_bsp.a(alt_exception_entry.o)
 *(.exceptions.soft.user)
 *(.exceptions.soft)
 *(.exceptions.unknown.user)
 *(.exceptions.unknown)
 .exceptions.unknown
                0x0000000010000094       0x14 ../Vegetable-Viking_bsp/\libhal_bsp.a(alt_exception_entry.o)
 *(.exceptions.exit.label)
 .exceptions.exit.label
                0x00000000100000a8        0x0 ../Vegetable-Viking_bsp/\libhal_bsp.a(alt_irq_entry.o)
 .exceptions.exit.label
                0x00000000100000a8        0x0 ../Vegetable-Viking_bsp/\libhal_bsp.a(alt_exception_entry.o)
 *(.exceptions.exit.user)
 *(.exceptions.exit)
 .exceptions.exit
                0x00000000100000a8       0x54 ../Vegetable-Viking_bsp/\libhal_bsp.a(alt_exception_entry.o)
 *(.exceptions)
 .exceptions    0x00000000100000fc       0xd0 ../Vegetable-Viking_bsp/\libhal_bsp.a(alt_irq_handler.o)
                0x00000000100000fc                alt_irq_handler
 .exceptions    0x00000000100001cc       0x60 ../Vegetable-Viking_bsp/\libhal_bsp.a(alt_instruction_exception_entry.o)
                0x00000000100001cc                alt_instruction_exception_entry
                0x000000001000022c                PROVIDE (__ram_exceptions_end, ABSOLUTE (.))
                0x0000000010000020                PROVIDE (__flash_exceptions_start, LOADADDR (.exceptions))

.text           0x000000001000022c    0x10ec0
                0x000000001000022c                PROVIDE (stext, ABSOLUTE (.))
 *(.interp)
 *(.hash)
 *(.dynsym)
 *(.dynstr)
 *(.gnu.version)
 *(.gnu.version_d)
 *(.gnu.version_r)
 *(.rel.init)
 *(.rela.init)
 *(.rel.text .rel.text.* .rel.gnu.linkonce.t.*)
 *(.rela.text .rela.text.* .rela.gnu.linkonce.t.*)
 *(.rel.fini)
 *(.rela.fini)
 *(.rel.rodata .rel.rodata.* .rel.gnu.linkonce.r.*)
 *(.rela.rodata .rela.rodata.* .rela.gnu.linkonce.r.*)
 *(.rel.data .rel.data.* .rel.gnu.linkonce.d.*)
 *(.rela.data .rela.data.* .rela.gnu.linkonce.d.*)
 *(.rel.tdata .rel.tdata.* .rel.gnu.linkonce.td.*)
 *(.rela.tdata .rela.tdata.* .rela.gnu.linkonce.td.*)
 *(.rel.tbss .rel.tbss.* .rel.gnu.linkonce.tb.*)
 *(.rela.tbss .rela.tbss.* .rela.gnu.linkonce.tb.*)
 *(.rel.ctors)
 *(.rela.ctors)
 *(.rel.dtors)
 *(.rela.dtors)
 *(.rel.got)
 *(.rela.got)
 *(.rel.sdata .rel.sdata.* .rel.gnu.linkonce.s.*)
 *(.rela.sdata .rela.sdata.* .rela.gnu.linkonce.s.*)
 *(.rel.sbss .rel.sbss.* .rel.gnu.linkonce.sb.*)
 *(.rela.sbss .rela.sbss.* .rela.gnu.linkonce.sb.*)
 *(.rel.sdata2 .rel.sdata2.* .rel.gnu.linkonce.s2.*)
 *(.rela.sdata2 .rela.sdata2.* .rela.gnu.linkonce.s2.*)
 *(.rel.sbss2 .rel.sbss2.* .rel.gnu.linkonce.sb2.*)
 *(.rela.sbss2 .rela.sbss2.* .rela.gnu.linkonce.sb2.*)
 *(.rel.bss .rel.bss.* .rel.gnu.linkonce.b.*)
 *(.rela.bss .rela.bss.* .rela.gnu.linkonce.b.*)
 *(.rel.plt)
 *(.rela.plt)
 *(.rel.dyn)
 *(.init)
 *(.plt)
 *(.text .stub .text.* .gnu.linkonce.t.*)
 .text          0x000000001000022c       0x3c ../Vegetable-Viking_bsp//obj/HAL/src/crt0.o
                0x000000001000022c                _start
 .text          0x0000000010000268     0x1d0c obj/default/main.o
                0x0000000010000268                main
                0x0000000010000604                statusEngine
                0x0000000010000714                physicsEngine
                0x0000000010000aec                spawningEngine
                0x00000000100010a0                slicingEngine
                0x000000001000152c                disintegrateEngine
                0x0000000010001734                FPGAcommunicator
                0x0000000010001bcc                messagePackager
                0x0000000010001d28                port2Unpackager
                0x0000000010001e24                convertDecimalToBinary
                0x0000000010001e8c                convertBinaryToDecimal
 .text          0x0000000010001f74      0x640 c:/altera/15.0/nios2eds/bin/gnu/h-x86_64-mingw32/bin/../lib/gcc/nios2-elf/4.9.1/mno-hw-mul\libgcc.a(_udivdi3.o)
                0x0000000010001f74                __udivdi3
 .text          0x00000000100025b4      0x61c c:/altera/15.0/nios2eds/bin/gnu/h-x86_64-mingw32/bin/../lib/gcc/nios2-elf/4.9.1/mno-hw-mul\libgcc.a(_umoddi3.o)
                0x00000000100025b4                __umoddi3
 .text          0x0000000010002bd0      0x12c c:/altera/15.0/nios2eds/bin/gnu/h-x86_64-mingw32/bin/../lib/gcc/nios2-elf/4.9.1/mno-hw-mul\libgcc.a(lib2-divmod.o)
                0x0000000010002c3c                __divsi3
                0x0000000010002c90                __modsi3
                0x0000000010002cec                __udivsi3
                0x0000000010002cf4                __umodsi3
 .text          0x0000000010002cfc       0x28 c:/altera/15.0/nios2eds/bin/gnu/h-x86_64-mingw32/bin/../lib/gcc/nios2-elf/4.9.1/mno-hw-mul\libgcc.a(lib2-mul.o)
                0x0000000010002cfc                __mulsi3
 .text          0x0000000010002d24      0x89c c:/altera/15.0/nios2eds/bin/gnu/h-x86_64-mingw32/bin/../lib/gcc/nios2-elf/4.9.1/mno-hw-mul\libgcc.a(adddf3.o)
                0x0000000010002d24                __adddf3
 .text          0x00000000100035c0      0x8d0 c:/altera/15.0/nios2eds/bin/gnu/h-x86_64-mingw32/bin/../lib/gcc/nios2-elf/4.9.1/mno-hw-mul\libgcc.a(subdf3.o)
                0x00000000100035c0                __subdf3
 .text          0x0000000010003e90       0x88 c:/altera/15.0/nios2eds/bin/gnu/h-x86_64-mingw32/bin/../lib/gcc/nios2-elf/4.9.1/mno-hw-mul\libgcc.a(fixdfsi.o)
                0x0000000010003e90                __fixdfsi
 .text          0x0000000010003f18       0xd0 c:/altera/15.0/nios2eds/bin/gnu/h-x86_64-mingw32/bin/../lib/gcc/nios2-elf/4.9.1/mno-hw-mul\libgcc.a(floatsidf.o)
                0x0000000010003f18                __floatsidf
 .text          0x0000000010003fe8        0x0 c:/altera/15.0/nios2eds/bin/gnu/h-x86_64-mingw32/bin/../lib/gcc/nios2-elf/4.9.1/mno-hw-mul\libgcc.a(_clz.o)
 .text          0x0000000010003fe8       0x64 c:/altera/15.0/nios2eds/bin/gnu/h-x86_64-mingw32/bin/../lib/gcc/nios2-elf/4.9.1/mno-hw-mul\libgcc.a(_clzsi2.o)
                0x0000000010003fe8                __clzsi2
 .text          0x000000001000404c       0x68 c:/altera/15.0/nios2eds/bin/gnu/h-x86_64-mingw32/bin/../lib/gcc/nios2-elf/4.9.1/../../../../../H-x86_64-mingw32/nios2-elf/lib/mno-hw-mul\libc.a(lib_a-printf.o)
                0x000000001000404c                _printf_r
                0x0000000010004078                printf
 .text          0x00000000100040b4       0x7c c:/altera/15.0/nios2eds/bin/gnu/h-x86_64-mingw32/bin/../lib/gcc/nios2-elf/4.9.1/../../../../../H-x86_64-mingw32/nios2-elf/lib/mno-hw-mul\libc.a(lib_a-rand.o)
                0x00000000100040b4                srand
                0x00000000100040cc                rand
 .text          0x0000000010004130     0x2120 c:/altera/15.0/nios2eds/bin/gnu/h-x86_64-mingw32/bin/../lib/gcc/nios2-elf/4.9.1/../../../../../H-x86_64-mingw32/nios2-elf/lib/mno-hw-mul\libc.a(lib_a-vfprintf.o)
                0x0000000010004130                ___vfprintf_internal_r
                0x000000001000622c                __vfprintf_internal
 .text          0x0000000010006250      0x130 c:/altera/15.0/nios2eds/bin/gnu/h-x86_64-mingw32/bin/../lib/gcc/nios2-elf/4.9.1/../../../../../H-x86_64-mingw32/nios2-elf/lib/mno-hw-mul\libc.a(lib_a-wsetup.o)
                0x0000000010006250                __swsetup_r
 .text          0x0000000010006380     0x1950 c:/altera/15.0/nios2eds/bin/gnu/h-x86_64-mingw32/bin/../lib/gcc/nios2-elf/4.9.1/../../../../../H-x86_64-mingw32/nios2-elf/lib/mno-hw-mul\libc.a(lib_a-dtoa.o)
                0x00000000100065a8                _dtoa_r
 .text          0x0000000010007cd0      0x258 c:/altera/15.0/nios2eds/bin/gnu/h-x86_64-mingw32/bin/../lib/gcc/nios2-elf/4.9.1/../../../../../H-x86_64-mingw32/nios2-elf/lib/mno-hw-mul\libc.a(lib_a-fflush.o)
                0x0000000010007cd0                _fflush_r
                0x0000000010007ef8                fflush
 .text          0x0000000010007f28      0x3b4 c:/altera/15.0/nios2eds/bin/gnu/h-x86_64-mingw32/bin/../lib/gcc/nios2-elf/4.9.1/../../../../../H-x86_64-mingw32/nios2-elf/lib/mno-hw-mul\libc.a(lib_a-findfp.o)
                0x0000000010007f38                _cleanup_r
                0x00000000100080e4                __sfmoreglue
                0x000000001000815c                __sfp
                0x0000000010008274                _cleanup
                0x000000001000828c                __sinit
                0x000000001000829c                __sfp_lock_acquire
                0x00000000100082a0                __sfp_lock_release
                0x00000000100082a4                __sinit_lock_acquire
                0x00000000100082a8                __sinit_lock_release
                0x00000000100082ac                __fp_lock_all
                0x00000000100082c4                __fp_unlock_all
 .text          0x00000000100082dc      0x414 c:/altera/15.0/nios2eds/bin/gnu/h-x86_64-mingw32/bin/../lib/gcc/nios2-elf/4.9.1/../../../../../H-x86_64-mingw32/nios2-elf/lib/mno-hw-mul\libc.a(lib_a-freer.o)
                0x00000000100082dc                _malloc_trim_r
                0x0000000010008400                _free_r
 .text          0x00000000100086f0      0x170 c:/altera/15.0/nios2eds/bin/gnu/h-x86_64-mingw32/bin/../lib/gcc/nios2-elf/4.9.1/../../../../../H-x86_64-mingw32/nios2-elf/lib/mno-hw-mul\libc.a(lib_a-fwalk.o)
                0x00000000100086f0                _fwalk
                0x00000000100087a8                _fwalk_reent
 .text          0x0000000010008860        0x0 c:/altera/15.0/nios2eds/bin/gnu/h-x86_64-mingw32/bin/../lib/gcc/nios2-elf/4.9.1/../../../../../H-x86_64-mingw32/nios2-elf/lib/mno-hw-mul\libc.a(lib_a-impure.o)
 .text          0x0000000010008860       0xe0 c:/altera/15.0/nios2eds/bin/gnu/h-x86_64-mingw32/bin/../lib/gcc/nios2-elf/4.9.1/../../../../../H-x86_64-mingw32/nios2-elf/lib/mno-hw-mul\libc.a(lib_a-locale.o)
                0x0000000010008860                _setlocale_r
                0x00000000100088dc                __locale_charset
                0x00000000100088e8                __locale_mb_cur_max
                0x00000000100088f8                __locale_msgcharset
                0x0000000010008904                __locale_cjk_lang
                0x000000001000890c                _localeconv_r
                0x0000000010008918                setlocale
                0x0000000010008934                localeconv
 .text          0x0000000010008940      0x1b8 c:/altera/15.0/nios2eds/bin/gnu/h-x86_64-mingw32/bin/../lib/gcc/nios2-elf/4.9.1/../../../../../H-x86_64-mingw32/nios2-elf/lib/mno-hw-mul\libc.a(lib_a-makebuf.o)
                0x0000000010008940                __smakebuf_r
 .text          0x0000000010008af8      0x7a8 c:/altera/15.0/nios2eds/bin/gnu/h-x86_64-mingw32/bin/../lib/gcc/nios2-elf/4.9.1/../../../../../H-x86_64-mingw32/nios2-elf/lib/mno-hw-mul\libc.a(lib_a-mallocr.o)
                0x0000000010008af8                _malloc_r
 .text          0x00000000100092a0       0xe8 c:/altera/15.0/nios2eds/bin/gnu/h-x86_64-mingw32/bin/../lib/gcc/nios2-elf/4.9.1/../../../../../H-x86_64-mingw32/nios2-elf/lib/mno-hw-mul\libc.a(lib_a-memchr.o)
                0x00000000100092a0                memchr
 .text          0x0000000010009388      0x138 c:/altera/15.0/nios2eds/bin/gnu/h-x86_64-mingw32/bin/../lib/gcc/nios2-elf/4.9.1/../../../../../H-x86_64-mingw32/nios2-elf/lib/mno-hw-mul\libc.a(lib_a-memcpy.o)
                0x0000000010009388                memcpy
 .text          0x00000000100094c0      0x124 c:/altera/15.0/nios2eds/bin/gnu/h-x86_64-mingw32/bin/../lib/gcc/nios2-elf/4.9.1/../../../../../H-x86_64-mingw32/nios2-elf/lib/mno-hw-mul\libc.a(lib_a-memset.o)
                0x00000000100094c0                memset
 .text          0x00000000100095e4     0x1048 c:/altera/15.0/nios2eds/bin/gnu/h-x86_64-mingw32/bin/../lib/gcc/nios2-elf/4.9.1/../../../../../H-x86_64-mingw32/nios2-elf/lib/mno-hw-mul\libc.a(lib_a-mprec.o)
                0x00000000100095e4                _Balloc
                0x000000001000968c                _Bfree
                0x00000000100096b4                __multadd
                0x00000000100097f0                __s2b
                0x00000000100098f4                __hi0bits
                0x000000001000995c                __lo0bits
                0x0000000010009a0c                __i2b
                0x0000000010009a48                __multiply
                0x0000000010009cd8                __pow5mult
                0x0000000010009e18                __lshift
                0x0000000010009f60                __mcmp
                0x0000000010009fc0                __mdiff
                0x000000001000a158                __ulp
                0x000000001000a1b8                __b2d
                0x000000001000a2d4                __d2b
                0x000000001000a410                __ratio
                0x000000001000a4b4                _mprec_log10
                0x000000001000a528                __copybits
                0x000000001000a5a0                __any_on
 .text          0x000000001000a62c       0x74 c:/altera/15.0/nios2eds/bin/gnu/h-x86_64-mingw32/bin/../lib/gcc/nios2-elf/4.9.1/../../../../../H-x86_64-mingw32/nios2-elf/lib/mno-hw-mul\libc.a(lib_a-s_fpclassify.o)
                0x000000001000a62c                __fpclassifyd
 .text          0x000000001000a6a0       0x54 c:/altera/15.0/nios2eds/bin/gnu/h-x86_64-mingw32/bin/../lib/gcc/nios2-elf/4.9.1/../../../../../H-x86_64-mingw32/nios2-elf/lib/mno-hw-mul\libc.a(lib_a-sbrkr.o)
                0x000000001000a6a0                _sbrk_r
 .text          0x000000001000a6f4      0x13c c:/altera/15.0/nios2eds/bin/gnu/h-x86_64-mingw32/bin/../lib/gcc/nios2-elf/4.9.1/../../../../../H-x86_64-mingw32/nios2-elf/lib/mno-hw-mul\libc.a(lib_a-stdio.o)
                0x000000001000a6f4                __sread
                0x000000001000a748                __seofread
                0x000000001000a750                __swrite
                0x000000001000a7cc                __sseek
                0x000000001000a828                __sclose
 .text          0x000000001000a830       0xa4 c:/altera/15.0/nios2eds/bin/gnu/h-x86_64-mingw32/bin/../lib/gcc/nios2-elf/4.9.1/../../../../../H-x86_64-mingw32/nios2-elf/lib/mno-hw-mul\libc.a(lib_a-strcmp.o)
                0x000000001000a830                strcmp
 .text          0x000000001000a8d4       0x98 c:/altera/15.0/nios2eds/bin/gnu/h-x86_64-mingw32/bin/../lib/gcc/nios2-elf/4.9.1/../../../../../H-x86_64-mingw32/nios2-elf/lib/mno-hw-mul\libc.a(lib_a-strlen.o)
                0x000000001000a8d4                strlen
 .text          0x000000001000a96c     0x155c c:/altera/15.0/nios2eds/bin/gnu/h-x86_64-mingw32/bin/../lib/gcc/nios2-elf/4.9.1/../../../../../H-x86_64-mingw32/nios2-elf/lib/mno-hw-mul\libc.a(lib_a-vfiprintf.o)
                0x000000001000aa68                __sprint_r
                0x000000001000aa80                ___vfiprintf_internal_r
                0x000000001000bea4                __vfiprintf_internal
 .text          0x000000001000bec8       0x5c c:/altera/15.0/nios2eds/bin/gnu/h-x86_64-mingw32/bin/../lib/gcc/nios2-elf/4.9.1/../../../../../H-x86_64-mingw32/nios2-elf/lib/mno-hw-mul\libc.a(lib_a-writer.o)
                0x000000001000bec8                _write_r
 .text          0x000000001000bf24       0x54 c:/altera/15.0/nios2eds/bin/gnu/h-x86_64-mingw32/bin/../lib/gcc/nios2-elf/4.9.1/../../../../../H-x86_64-mingw32/nios2-elf/lib/mno-hw-mul\libc.a(closer.o)
                0x000000001000bf24                _close_r
 .text          0x000000001000bf78       0xd8 c:/altera/15.0/nios2eds/bin/gnu/h-x86_64-mingw32/bin/../lib/gcc/nios2-elf/4.9.1/../../../../../H-x86_64-mingw32/nios2-elf/lib/mno-hw-mul\libc.a(lib_a-callocr.o)
                0x000000001000bf78                _calloc_r
 .text          0x000000001000c050      0x114 c:/altera/15.0/nios2eds/bin/gnu/h-x86_64-mingw32/bin/../lib/gcc/nios2-elf/4.9.1/../../../../../H-x86_64-mingw32/nios2-elf/lib/mno-hw-mul\libc.a(lib_a-fclose.o)
                0x000000001000c050                _fclose_r
                0x000000001000c150                fclose
 .text          0x000000001000c164      0x1dc c:/altera/15.0/nios2eds/bin/gnu/h-x86_64-mingw32/bin/../lib/gcc/nios2-elf/4.9.1/../../../../../H-x86_64-mingw32/nios2-elf/lib/mno-hw-mul\libc.a(lib_a-fputwc.o)
                0x000000001000c164                _fputwc_r
                0x000000001000c2e8                fputwc
 .text          0x000000001000c340       0x58 c:/altera/15.0/nios2eds/bin/gnu/h-x86_64-mingw32/bin/../lib/gcc/nios2-elf/4.9.1/../../../../../H-x86_64-mingw32/nios2-elf/lib/mno-hw-mul\libc.a(lib_a-fstatr.o)
                0x000000001000c340                _fstat_r
 .text          0x000000001000c398      0x4a4 c:/altera/15.0/nios2eds/bin/gnu/h-x86_64-mingw32/bin/../lib/gcc/nios2-elf/4.9.1/../../../../../H-x86_64-mingw32/nios2-elf/lib/mno-hw-mul\libc.a(lib_a-fvwrite.o)
                0x000000001000c398                __sfvwrite_r
 .text          0x000000001000c83c        0x0 c:/altera/15.0/nios2eds/bin/gnu/h-x86_64-mingw32/bin/../lib/gcc/nios2-elf/4.9.1/../../../../../H-x86_64-mingw32/nios2-elf/lib/mno-hw-mul\libc.a(lib_a-int_errno.o)
 .text          0x000000001000c83c       0x54 c:/altera/15.0/nios2eds/bin/gnu/h-x86_64-mingw32/bin/../lib/gcc/nios2-elf/4.9.1/../../../../../H-x86_64-mingw32/nios2-elf/lib/mno-hw-mul\libc.a(lib_a-isattyr.o)
                0x000000001000c83c                _isatty_r
 .text          0x000000001000c890       0x5c c:/altera/15.0/nios2eds/bin/gnu/h-x86_64-mingw32/bin/../lib/gcc/nios2-elf/4.9.1/../../../../../H-x86_64-mingw32/nios2-elf/lib/mno-hw-mul\libc.a(lib_a-lseekr.o)
                0x000000001000c890                _lseek_r
 .text          0x000000001000c8ec      0x15c c:/altera/15.0/nios2eds/bin/gnu/h-x86_64-mingw32/bin/../lib/gcc/nios2-elf/4.9.1/../../../../../H-x86_64-mingw32/nios2-elf/lib/mno-hw-mul\libc.a(lib_a-memmove.o)
                0x000000001000c8ec                memmove
 .text          0x000000001000ca48       0x5c c:/altera/15.0/nios2eds/bin/gnu/h-x86_64-mingw32/bin/../lib/gcc/nios2-elf/4.9.1/../../../../../H-x86_64-mingw32/nios2-elf/lib/mno-hw-mul\libc.a(lib_a-readr.o)
                0x000000001000ca48                _read_r
 .text          0x000000001000caa4      0x5a0 c:/altera/15.0/nios2eds/bin/gnu/h-x86_64-mingw32/bin/../lib/gcc/nios2-elf/4.9.1/../../../../../H-x86_64-mingw32/nios2-elf/lib/mno-hw-mul\libc.a(lib_a-reallocr.o)
                0x000000001000caa4                _realloc_r
 .text          0x000000001000d044      0x170 c:/altera/15.0/nios2eds/bin/gnu/h-x86_64-mingw32/bin/../lib/gcc/nios2-elf/4.9.1/../../../../../H-x86_64-mingw32/nios2-elf/lib/mno-hw-mul\libc.a(lib_a-wbuf.o)
                0x000000001000d044                __swbuf_r
                0x000000001000d198                __swbuf
 .text          0x000000001000d1b4      0x174 c:/altera/15.0/nios2eds/bin/gnu/h-x86_64-mingw32/bin/../lib/gcc/nios2-elf/4.9.1/../../../../../H-x86_64-mingw32/nios2-elf/lib/mno-hw-mul\libc.a(lib_a-wcrtomb.o)
                0x000000001000d1b4                _wcrtomb_r
                0x000000001000d250                wcrtomb
 .text          0x000000001000d328       0x8c c:/altera/15.0/nios2eds/bin/gnu/h-x86_64-mingw32/bin/../lib/gcc/nios2-elf/4.9.1/../../../../../H-x86_64-mingw32/nios2-elf/lib/mno-hw-mul\libc.a(lib_a-wctomb_r.o)
                0x000000001000d328                __ascii_wctomb
                0x000000001000d358                _wctomb_r
 .text          0x000000001000d3b4      0x10c c:/altera/15.0/nios2eds/bin/gnu/h-x86_64-mingw32/bin/../lib/gcc/nios2-elf/4.9.1/mno-hw-mul\libgcc.a(_muldi3.o)
                0x000000001000d3b4                __muldi3
 .text          0x000000001000d4c0      0x980 c:/altera/15.0/nios2eds/bin/gnu/h-x86_64-mingw32/bin/../lib/gcc/nios2-elf/4.9.1/mno-hw-mul\libgcc.a(divdf3.o)
                0x000000001000d4c0                __divdf3
 .text          0x000000001000de40       0x84 c:/altera/15.0/nios2eds/bin/gnu/h-x86_64-mingw32/bin/../lib/gcc/nios2-elf/4.9.1/mno-hw-mul\libgcc.a(eqdf2.o)
                0x000000001000de40                __nedf2
                0x000000001000de40                __eqdf2
 .text          0x000000001000dec4       0xe0 c:/altera/15.0/nios2eds/bin/gnu/h-x86_64-mingw32/bin/../lib/gcc/nios2-elf/4.9.1/mno-hw-mul\libgcc.a(gedf2.o)
                0x000000001000dec4                __gedf2
                0x000000001000dec4                __gtdf2
 .text          0x000000001000dfa4       0xe0 c:/altera/15.0/nios2eds/bin/gnu/h-x86_64-mingw32/bin/../lib/gcc/nios2-elf/4.9.1/mno-hw-mul\libgcc.a(ledf2.o)
                0x000000001000dfa4                __ledf2
                0x000000001000dfa4                __ltdf2
 .text          0x000000001000e084      0x86c c:/altera/15.0/nios2eds/bin/gnu/h-x86_64-mingw32/bin/../lib/gcc/nios2-elf/4.9.1/mno-hw-mul\libgcc.a(muldf3.o)
                0x000000001000e084                __muldf3
 .text          0x000000001000e8f0       0xa4 c:/altera/15.0/nios2eds/bin/gnu/h-x86_64-mingw32/bin/../lib/gcc/nios2-elf/4.9.1/mno-hw-mul\libgcc.a(floatunsidf.o)
                0x000000001000e8f0                __floatunsidf
 .text          0x000000001000e994      0x128 ../Vegetable-Viking_bsp/\libhal_bsp.a(alt_close.o)
                0x000000001000e9e4                close
 .text          0x000000001000eabc       0x2c ../Vegetable-Viking_bsp/\libhal_bsp.a(alt_dev.o)
 .text          0x000000001000eae8        0x0 ../Vegetable-Viking_bsp/\libhal_bsp.a(alt_errno.o)
 .text          0x000000001000eae8      0x108 ../Vegetable-Viking_bsp/\libhal_bsp.a(alt_fstat.o)
                0x000000001000eb38                fstat
 .text          0x000000001000ebf0       0xfc ../Vegetable-Viking_bsp/\libhal_bsp.a(alt_isatty.o)
                0x000000001000ec40                isatty
 .text          0x000000001000ecec       0xe4 ../Vegetable-Viking_bsp/\libhal_bsp.a(alt_load.o)
                0x000000001000ed50                alt_load
 .text          0x000000001000edd0      0x12c ../Vegetable-Viking_bsp/\libhal_bsp.a(alt_lseek.o)
                0x000000001000ee20                lseek
 .text          0x000000001000eefc       0x78 ../Vegetable-Viking_bsp/\libhal_bsp.a(alt_main.o)
                0x000000001000eefc                alt_main
 .text          0x000000001000ef74       0x40 ../Vegetable-Viking_bsp/\libhal_bsp.a(alt_malloc_lock.o)
                0x000000001000ef74                __malloc_lock
                0x000000001000ef94                __malloc_unlock
 .text          0x000000001000efb4      0x154 ../Vegetable-Viking_bsp/\libhal_bsp.a(alt_read.o)
                0x000000001000f004                read
 .text          0x000000001000f108       0x80 ../Vegetable-Viking_bsp/\libhal_bsp.a(alt_release_fd.o)
                0x000000001000f108                alt_release_fd
 .text          0x000000001000f188       0xb0 ../Vegetable-Viking_bsp/\libhal_bsp.a(alt_sbrk.o)
                0x000000001000f188                sbrk
 .text          0x000000001000f238      0x150 ../Vegetable-Viking_bsp/\libhal_bsp.a(alt_write.o)
                0x000000001000f288                write
 .text          0x000000001000f388       0xb4 ../Vegetable-Viking_bsp/\libhal_bsp.a(alt_sys_init.o)
                0x000000001000f3c0                alt_irq_init
                0x000000001000f3f4                alt_sys_init
 .text          0x000000001000f43c      0x164 ../Vegetable-Viking_bsp/\libhal_bsp.a(altera_avalon_jtag_uart_fd.o)
                0x000000001000f43c                altera_avalon_jtag_uart_read_fd
                0x000000001000f49c                altera_avalon_jtag_uart_write_fd
                0x000000001000f4fc                altera_avalon_jtag_uart_close_fd
                0x000000001000f54c                altera_avalon_jtag_uart_ioctl_fd
 .text          0x000000001000f5a0      0x3d8 ../Vegetable-Viking_bsp/\libhal_bsp.a(altera_avalon_jtag_uart_init.o)
                0x000000001000f5a0                altera_avalon_jtag_uart_init
                0x000000001000f910                altera_avalon_jtag_uart_close
 .text          0x000000001000f978       0xec ../Vegetable-Viking_bsp/\libhal_bsp.a(altera_avalon_jtag_uart_ioctl.o)
                0x000000001000f978                altera_avalon_jtag_uart_ioctl
 .text          0x000000001000fa64      0x20c ../Vegetable-Viking_bsp/\libhal_bsp.a(altera_avalon_jtag_uart_read.o)
                0x000000001000fa64                altera_avalon_jtag_uart_read
 .text          0x000000001000fc70      0x218 ../Vegetable-Viking_bsp/\libhal_bsp.a(altera_avalon_jtag_uart_write.o)
                0x000000001000fc70                altera_avalon_jtag_uart_write
 .text          0x000000001000fe88      0x140 ../Vegetable-Viking_bsp/\libhal_bsp.a(alt_alarm_start.o)
                0x000000001000fe88                alt_alarm_start
 .text          0x000000001000ffc8       0x1c ../Vegetable-Viking_bsp/\libhal_bsp.a(alt_dcache_flush_all.o)
                0x000000001000ffc8                alt_dcache_flush_all
 .text          0x000000001000ffe4       0xf4 ../Vegetable-Viking_bsp/\libhal_bsp.a(alt_dev_llist_insert.o)
                0x0000000010010034                alt_dev_llist_insert
 .text          0x00000000100100d8       0x5c ../Vegetable-Viking_bsp/\libhal_bsp.a(alt_do_ctors.o)
                0x00000000100100d8                _do_ctors
 .text          0x0000000010010134       0x5c ../Vegetable-Viking_bsp/\libhal_bsp.a(alt_do_dtors.o)
                0x0000000010010134                _do_dtors
 .text          0x0000000010010190       0x1c ../Vegetable-Viking_bsp/\libhal_bsp.a(alt_icache_flush_all.o)
                0x0000000010010190                alt_icache_flush_all
 .text          0x00000000100101ac      0x1e0 ../Vegetable-Viking_bsp/\libhal_bsp.a(alt_iic.o)
                0x00000000100101ac                alt_ic_isr_register
                0x00000000100101fc                alt_ic_irq_enable
                0x000000001001029c                alt_ic_irq_disable
                0x0000000010010340                alt_ic_irq_enabled
 .text          0x000000001001038c       0xf0 ../Vegetable-Viking_bsp/\libhal_bsp.a(alt_iic_isr_register.o)
                0x000000001001038c                alt_iic_isr_register
 .text          0x000000001001047c      0x158 ../Vegetable-Viking_bsp/\libhal_bsp.a(alt_io_redirect.o)
                0x000000001001055c                alt_io_redirect
 .text          0x00000000100105d4        0x0 ../Vegetable-Viking_bsp/\libhal_bsp.a(alt_irq_entry.o)
 .text          0x00000000100105d4        0x0 ../Vegetable-Viking_bsp/\libhal_bsp.a(alt_irq_handler.o)
 .text          0x00000000100105d4        0x0 ../Vegetable-Viking_bsp/\libhal_bsp.a(alt_irq_vars.o)
 .text          0x00000000100105d4      0x2a4 ../Vegetable-Viking_bsp/\libhal_bsp.a(alt_open.o)
                0x0000000010010718                open
 .text          0x0000000010010878      0x19c ../Vegetable-Viking_bsp/\libhal_bsp.a(alt_tick.o)
                0x0000000010010878                alt_alarm_stop
                0x0000000010010910                alt_tick
 .text          0x0000000010010a14       0x20 ../Vegetable-Viking_bsp/\libhal_bsp.a(altera_nios2_gen2_irq.o)
                0x0000000010010a14                altera_nios2_gen2_irq_init
 .text          0x0000000010010a34        0x0 ../Vegetable-Viking_bsp/\libhal_bsp.a(alt_exception_entry.o)
 .text          0x0000000010010a34       0x90 ../Vegetable-Viking_bsp/\libhal_bsp.a(alt_find_dev.o)
                0x0000000010010a34                alt_find_dev
 .text          0x0000000010010ac4      0x114 ../Vegetable-Viking_bsp/\libhal_bsp.a(alt_find_file.o)
                0x0000000010010ac4                alt_find_file
 .text          0x0000000010010bd8       0xd4 ../Vegetable-Viking_bsp/\libhal_bsp.a(alt_get_fd.o)
                0x0000000010010bd8                alt_get_fd
 .text          0x0000000010010cac       0x9c ../Vegetable-Viking_bsp/\libhal_bsp.a(alt_instruction_exception_entry.o)
                0x0000000010010cac                alt_exception_cause_generated_bad_addr
 .text          0x0000000010010d48       0x14 c:/altera/15.0/nios2eds/bin/gnu/h-x86_64-mingw32/bin/../lib/gcc/nios2-elf/4.9.1/../../../../../H-x86_64-mingw32/nios2-elf/lib/mno-hw-mul\libc.a(lib_a-atexit.o)
                0x0000000010010d48                atexit
 .text          0x0000000010010d5c       0x38 c:/altera/15.0/nios2eds/bin/gnu/h-x86_64-mingw32/bin/../lib/gcc/nios2-elf/4.9.1/../../../../../H-x86_64-mingw32/nios2-elf/lib/mno-hw-mul\libc.a(lib_a-exit.o)
                0x0000000010010d5c                exit
 .text          0x0000000010010d94       0x7c c:/altera/15.0/nios2eds/bin/gnu/h-x86_64-mingw32/bin/../lib/gcc/nios2-elf/4.9.1/../../../../../H-x86_64-mingw32/nios2-elf/lib/mno-hw-mul\libc.a(lib_a-memcmp.o)
                0x0000000010010d94                memcmp
 .text          0x0000000010010e10      0x114 c:/altera/15.0/nios2eds/bin/gnu/h-x86_64-mingw32/bin/../lib/gcc/nios2-elf/4.9.1/../../../../../H-x86_64-mingw32/nios2-elf/lib/mno-hw-mul\libc.a(lib_a-__atexit.o)
                0x0000000010010e10                __register_exitproc
 .text          0x0000000010010f24      0x194 c:/altera/15.0/nios2eds/bin/gnu/h-x86_64-mingw32/bin/../lib/gcc/nios2-elf/4.9.1/../../../../../H-x86_64-mingw32/nios2-elf/lib/mno-hw-mul\libc.a(lib_a-__call_atexit.o)
                0x0000000010010f24                __call_exitprocs
 .text          0x00000000100110b8       0x34 ../Vegetable-Viking_bsp/\libhal_bsp.a(alt_exit.o)
                0x00000000100110b8                _exit
 *(.gnu.warning.*)
 *(.fini)
                0x00000000100110ec                PROVIDE (__etext, ABSOLUTE (.))
                0x00000000100110ec                PROVIDE (_etext, ABSOLUTE (.))
                0x00000000100110ec                PROVIDE (etext, ABSOLUTE (.))
 *(.eh_frame_hdr)
                0x00000000100110ec                . = ALIGN (0x4)
                0x00000000100110ec                PROVIDE (__preinit_array_start, ABSOLUTE (.))
 *(.preinit_array)
                0x00000000100110ec                PROVIDE (__preinit_array_end, ABSOLUTE (.))
                0x00000000100110ec                PROVIDE (__init_array_start, ABSOLUTE (.))
 *(.init_array)
                0x00000000100110ec                PROVIDE (__init_array_end, ABSOLUTE (.))
                0x00000000100110ec                PROVIDE (__fini_array_start, ABSOLUTE (.))
 *(.fini_array)
                0x00000000100110ec                PROVIDE (__fini_array_end, ABSOLUTE (.))
 *(.eh_frame)
 *(.gcc_except_table .gcc_except_table.*)
 *(.dynamic)
                0x00000000100110ec                PROVIDE (__CTOR_LIST__, ABSOLUTE (.))
 *(.ctors)
 *(SORT(.ctors.*))
                0x00000000100110ec                PROVIDE (__CTOR_END__, ABSOLUTE (.))
                0x00000000100110ec                PROVIDE (__DTOR_LIST__, ABSOLUTE (.))
 *(.dtors)
 *(SORT(.dtors.*))
                0x00000000100110ec                PROVIDE (__DTOR_END__, ABSOLUTE (.))
 *(.jcr)
                0x00000000100110ec                . = ALIGN (0x4)

.rodata         0x00000000100110ec      0x314
                0x00000000100110ec                PROVIDE (__ram_rodata_start, ABSOLUTE (.))
                0x00000000100110ec                . = ALIGN (0x4)
 *(.rodata .rodata.* .gnu.linkonce.r.*)
 .rodata        0x00000000100110ec       0x18 obj/default/main.o
 .rodata        0x0000000010011104      0x100 c:/altera/15.0/nios2eds/bin/gnu/h-x86_64-mingw32/bin/../lib/gcc/nios2-elf/4.9.1/mno-hw-mul\libgcc.a(_clz.o)
                0x0000000010011104                __clz_tab
 .rodata.str1.4
                0x0000000010011204       0x42 c:/altera/15.0/nios2eds/bin/gnu/h-x86_64-mingw32/bin/../lib/gcc/nios2-elf/4.9.1/../../../../../H-x86_64-mingw32/nios2-elf/lib/mno-hw-mul\libc.a(lib_a-vfprintf.o)
                                         0x44 (size before relaxing)
 .rodata        0x0000000010011246       0x20 c:/altera/15.0/nios2eds/bin/gnu/h-x86_64-mingw32/bin/../lib/gcc/nios2-elf/4.9.1/../../../../../H-x86_64-mingw32/nios2-elf/lib/mno-hw-mul\libc.a(lib_a-vfprintf.o)
 *fill*         0x0000000010011266        0x2 
 .rodata.str1.4
                0x0000000010011268       0x10 c:/altera/15.0/nios2eds/bin/gnu/h-x86_64-mingw32/bin/../lib/gcc/nios2-elf/4.9.1/../../../../../H-x86_64-mingw32/nios2-elf/lib/mno-hw-mul\libc.a(lib_a-dtoa.o)
                                         0x14 (size before relaxing)
 .rodata.str1.4
                0x0000000010011278        0x2 c:/altera/15.0/nios2eds/bin/gnu/h-x86_64-mingw32/bin/../lib/gcc/nios2-elf/4.9.1/../../../../../H-x86_64-mingw32/nios2-elf/lib/mno-hw-mul\libc.a(lib_a-impure.o)
                                          0x4 (size before relaxing)
 *fill*         0x000000001001127a        0x2 
 .rodata.str1.4
                0x000000001001127c        0xc c:/altera/15.0/nios2eds/bin/gnu/h-x86_64-mingw32/bin/../lib/gcc/nios2-elf/4.9.1/../../../../../H-x86_64-mingw32/nios2-elf/lib/mno-hw-mul\libc.a(lib_a-locale.o)
                                         0x14 (size before relaxing)
 .rodata        0x0000000010011288      0x124 c:/altera/15.0/nios2eds/bin/gnu/h-x86_64-mingw32/bin/../lib/gcc/nios2-elf/4.9.1/../../../../../H-x86_64-mingw32/nios2-elf/lib/mno-hw-mul\libc.a(lib_a-mprec.o)
                0x0000000010011294                __mprec_tinytens
                0x00000000100112bc                __mprec_bigtens
                0x00000000100112e4                __mprec_tens
 .rodata.str1.4
                0x0000000000000000       0x30 c:/altera/15.0/nios2eds/bin/gnu/h-x86_64-mingw32/bin/../lib/gcc/nios2-elf/4.9.1/../../../../../H-x86_64-mingw32/nios2-elf/lib/mno-hw-mul\libc.a(lib_a-vfiprintf.o)
 .rodata        0x00000000100113ac       0x20 c:/altera/15.0/nios2eds/bin/gnu/h-x86_64-mingw32/bin/../lib/gcc/nios2-elf/4.9.1/../../../../../H-x86_64-mingw32/nios2-elf/lib/mno-hw-mul\libc.a(lib_a-vfiprintf.o)
 .rodata        0x00000000100113cc        0xc ../Vegetable-Viking_bsp/\libhal_bsp.a(alt_dev.o)
 .rodata        0x00000000100113d8       0x14 ../Vegetable-Viking_bsp/\libhal_bsp.a(alt_main.o)
 .rodata        0x00000000100113ec       0x14 ../Vegetable-Viking_bsp/\libhal_bsp.a(alt_sys_init.o)
 *(.rodata1)
                0x0000000010011400                . = ALIGN (0x4)
                0x0000000010011400                PROVIDE (__ram_rodata_end, ABSOLUTE (.))
                0x00000000100110ec                PROVIDE (__flash_rodata_start, LOADADDR (.rodata))

.rwdata         0x0000000010011400     0x1aec load address 0x0000000010012eec
                0x0000000010011400                PROVIDE (__ram_rwdata_start, ABSOLUTE (.))
                0x0000000010011400                . = ALIGN (0x4)
 *(.got.plt)
 *(.got)
 *(.data1)
 *(.data .data.* .gnu.linkonce.d.*)
 .data          0x0000000010011400        0x0 ../Vegetable-Viking_bsp//obj/HAL/src/crt0.o
 .data          0x0000000010011400        0x0 obj/default/main.o
 .data          0x0000000010011400        0x0 c:/altera/15.0/nios2eds/bin/gnu/h-x86_64-mingw32/bin/../lib/gcc/nios2-elf/4.9.1/mno-hw-mul\libgcc.a(_udivdi3.o)
 .data          0x0000000010011400        0x0 c:/altera/15.0/nios2eds/bin/gnu/h-x86_64-mingw32/bin/../lib/gcc/nios2-elf/4.9.1/mno-hw-mul\libgcc.a(_umoddi3.o)
 .data          0x0000000010011400        0x0 c:/altera/15.0/nios2eds/bin/gnu/h-x86_64-mingw32/bin/../lib/gcc/nios2-elf/4.9.1/mno-hw-mul\libgcc.a(lib2-divmod.o)
 .data          0x0000000010011400        0x0 c:/altera/15.0/nios2eds/bin/gnu/h-x86_64-mingw32/bin/../lib/gcc/nios2-elf/4.9.1/mno-hw-mul\libgcc.a(lib2-mul.o)
 .data          0x0000000010011400        0x0 c:/altera/15.0/nios2eds/bin/gnu/h-x86_64-mingw32/bin/../lib/gcc/nios2-elf/4.9.1/mno-hw-mul\libgcc.a(adddf3.o)
 .data          0x0000000010011400        0x0 c:/altera/15.0/nios2eds/bin/gnu/h-x86_64-mingw32/bin/../lib/gcc/nios2-elf/4.9.1/mno-hw-mul\libgcc.a(subdf3.o)
 .data          0x0000000010011400        0x0 c:/altera/15.0/nios2eds/bin/gnu/h-x86_64-mingw32/bin/../lib/gcc/nios2-elf/4.9.1/mno-hw-mul\libgcc.a(fixdfsi.o)
 .data          0x0000000010011400        0x0 c:/altera/15.0/nios2eds/bin/gnu/h-x86_64-mingw32/bin/../lib/gcc/nios2-elf/4.9.1/mno-hw-mul\libgcc.a(floatsidf.o)
 .data          0x0000000010011400        0x0 c:/altera/15.0/nios2eds/bin/gnu/h-x86_64-mingw32/bin/../lib/gcc/nios2-elf/4.9.1/mno-hw-mul\libgcc.a(_clz.o)
 .data          0x0000000010011400        0x0 c:/altera/15.0/nios2eds/bin/gnu/h-x86_64-mingw32/bin/../lib/gcc/nios2-elf/4.9.1/mno-hw-mul\libgcc.a(_clzsi2.o)
 .data          0x0000000010011400        0x0 c:/altera/15.0/nios2eds/bin/gnu/h-x86_64-mingw32/bin/../lib/gcc/nios2-elf/4.9.1/../../../../../H-x86_64-mingw32/nios2-elf/lib/mno-hw-mul\libc.a(lib_a-printf.o)
 .data          0x0000000010011400        0x0 c:/altera/15.0/nios2eds/bin/gnu/h-x86_64-mingw32/bin/../lib/gcc/nios2-elf/4.9.1/../../../../../H-x86_64-mingw32/nios2-elf/lib/mno-hw-mul\libc.a(lib_a-rand.o)
 .data          0x0000000010011400        0x0 c:/altera/15.0/nios2eds/bin/gnu/h-x86_64-mingw32/bin/../lib/gcc/nios2-elf/4.9.1/../../../../../H-x86_64-mingw32/nios2-elf/lib/mno-hw-mul\libc.a(lib_a-vfprintf.o)
 .data          0x0000000010011400        0x0 c:/altera/15.0/nios2eds/bin/gnu/h-x86_64-mingw32/bin/../lib/gcc/nios2-elf/4.9.1/../../../../../H-x86_64-mingw32/nios2-elf/lib/mno-hw-mul\libc.a(lib_a-wsetup.o)
 .data          0x0000000010011400        0x0 c:/altera/15.0/nios2eds/bin/gnu/h-x86_64-mingw32/bin/../lib/gcc/nios2-elf/4.9.1/../../../../../H-x86_64-mingw32/nios2-elf/lib/mno-hw-mul\libc.a(lib_a-dtoa.o)
 .data          0x0000000010011400        0x0 c:/altera/15.0/nios2eds/bin/gnu/h-x86_64-mingw32/bin/../lib/gcc/nios2-elf/4.9.1/../../../../../H-x86_64-mingw32/nios2-elf/lib/mno-hw-mul\libc.a(lib_a-fflush.o)
 .data          0x0000000010011400        0x0 c:/altera/15.0/nios2eds/bin/gnu/h-x86_64-mingw32/bin/../lib/gcc/nios2-elf/4.9.1/../../../../../H-x86_64-mingw32/nios2-elf/lib/mno-hw-mul\libc.a(lib_a-findfp.o)
 .data          0x0000000010011400        0x0 c:/altera/15.0/nios2eds/bin/gnu/h-x86_64-mingw32/bin/../lib/gcc/nios2-elf/4.9.1/../../../../../H-x86_64-mingw32/nios2-elf/lib/mno-hw-mul\libc.a(lib_a-freer.o)
 .data          0x0000000010011400        0x0 c:/altera/15.0/nios2eds/bin/gnu/h-x86_64-mingw32/bin/../lib/gcc/nios2-elf/4.9.1/../../../../../H-x86_64-mingw32/nios2-elf/lib/mno-hw-mul\libc.a(lib_a-fwalk.o)
 .data          0x0000000010011400      0x424 c:/altera/15.0/nios2eds/bin/gnu/h-x86_64-mingw32/bin/../lib/gcc/nios2-elf/4.9.1/../../../../../H-x86_64-mingw32/nios2-elf/lib/mno-hw-mul\libc.a(lib_a-impure.o)
 .data          0x0000000010011824       0x78 c:/altera/15.0/nios2eds/bin/gnu/h-x86_64-mingw32/bin/../lib/gcc/nios2-elf/4.9.1/../../../../../H-x86_64-mingw32/nios2-elf/lib/mno-hw-mul\libc.a(lib_a-locale.o)
 .data          0x000000001001189c        0x0 c:/altera/15.0/nios2eds/bin/gnu/h-x86_64-mingw32/bin/../lib/gcc/nios2-elf/4.9.1/../../../../../H-x86_64-mingw32/nios2-elf/lib/mno-hw-mul\libc.a(lib_a-makebuf.o)
 .data          0x000000001001189c      0x408 c:/altera/15.0/nios2eds/bin/gnu/h-x86_64-mingw32/bin/../lib/gcc/nios2-elf/4.9.1/../../../../../H-x86_64-mingw32/nios2-elf/lib/mno-hw-mul\libc.a(lib_a-mallocr.o)
                0x000000001001189c                __malloc_av_
 .data          0x0000000010011ca4        0x0 c:/altera/15.0/nios2eds/bin/gnu/h-x86_64-mingw32/bin/../lib/gcc/nios2-elf/4.9.1/../../../../../H-x86_64-mingw32/nios2-elf/lib/mno-hw-mul\libc.a(lib_a-memchr.o)
 .data          0x0000000010011ca4        0x0 c:/altera/15.0/nios2eds/bin/gnu/h-x86_64-mingw32/bin/../lib/gcc/nios2-elf/4.9.1/../../../../../H-x86_64-mingw32/nios2-elf/lib/mno-hw-mul\libc.a(lib_a-memcpy.o)
 .data          0x0000000010011ca4        0x0 c:/altera/15.0/nios2eds/bin/gnu/h-x86_64-mingw32/bin/../lib/gcc/nios2-elf/4.9.1/../../../../../H-x86_64-mingw32/nios2-elf/lib/mno-hw-mul\libc.a(lib_a-memset.o)
 .data          0x0000000010011ca4        0x0 c:/altera/15.0/nios2eds/bin/gnu/h-x86_64-mingw32/bin/../lib/gcc/nios2-elf/4.9.1/../../../../../H-x86_64-mingw32/nios2-elf/lib/mno-hw-mul\libc.a(lib_a-mprec.o)
 .data          0x0000000010011ca4        0x0 c:/altera/15.0/nios2eds/bin/gnu/h-x86_64-mingw32/bin/../lib/gcc/nios2-elf/4.9.1/../../../../../H-x86_64-mingw32/nios2-elf/lib/mno-hw-mul\libc.a(lib_a-s_fpclassify.o)
 .data          0x0000000010011ca4        0x0 c:/altera/15.0/nios2eds/bin/gnu/h-x86_64-mingw32/bin/../lib/gcc/nios2-elf/4.9.1/../../../../../H-x86_64-mingw32/nios2-elf/lib/mno-hw-mul\libc.a(lib_a-sbrkr.o)
 .data          0x0000000010011ca4        0x0 c:/altera/15.0/nios2eds/bin/gnu/h-x86_64-mingw32/bin/../lib/gcc/nios2-elf/4.9.1/../../../../../H-x86_64-mingw32/nios2-elf/lib/mno-hw-mul\libc.a(lib_a-stdio.o)
 .data          0x0000000010011ca4        0x0 c:/altera/15.0/nios2eds/bin/gnu/h-x86_64-mingw32/bin/../lib/gcc/nios2-elf/4.9.1/../../../../../H-x86_64-mingw32/nios2-elf/lib/mno-hw-mul\libc.a(lib_a-strcmp.o)
 .data          0x0000000010011ca4        0x0 c:/altera/15.0/nios2eds/bin/gnu/h-x86_64-mingw32/bin/../lib/gcc/nios2-elf/4.9.1/../../../../../H-x86_64-mingw32/nios2-elf/lib/mno-hw-mul\libc.a(lib_a-strlen.o)
 .data          0x0000000010011ca4        0x0 c:/altera/15.0/nios2eds/bin/gnu/h-x86_64-mingw32/bin/../lib/gcc/nios2-elf/4.9.1/../../../../../H-x86_64-mingw32/nios2-elf/lib/mno-hw-mul\libc.a(lib_a-vfiprintf.o)
 .data          0x0000000010011ca4        0x0 c:/altera/15.0/nios2eds/bin/gnu/h-x86_64-mingw32/bin/../lib/gcc/nios2-elf/4.9.1/../../../../../H-x86_64-mingw32/nios2-elf/lib/mno-hw-mul\libc.a(lib_a-writer.o)
 .data          0x0000000010011ca4        0x0 c:/altera/15.0/nios2eds/bin/gnu/h-x86_64-mingw32/bin/../lib/gcc/nios2-elf/4.9.1/../../../../../H-x86_64-mingw32/nios2-elf/lib/mno-hw-mul\libc.a(closer.o)
 .data          0x0000000010011ca4        0x0 c:/altera/15.0/nios2eds/bin/gnu/h-x86_64-mingw32/bin/../lib/gcc/nios2-elf/4.9.1/../../../../../H-x86_64-mingw32/nios2-elf/lib/mno-hw-mul\libc.a(lib_a-callocr.o)
 .data          0x0000000010011ca4        0x0 c:/altera/15.0/nios2eds/bin/gnu/h-x86_64-mingw32/bin/../lib/gcc/nios2-elf/4.9.1/../../../../../H-x86_64-mingw32/nios2-elf/lib/mno-hw-mul\libc.a(lib_a-fclose.o)
 .data          0x0000000010011ca4        0x0 c:/altera/15.0/nios2eds/bin/gnu/h-x86_64-mingw32/bin/../lib/gcc/nios2-elf/4.9.1/../../../../../H-x86_64-mingw32/nios2-elf/lib/mno-hw-mul\libc.a(lib_a-fputwc.o)
 .data          0x0000000010011ca4        0x0 c:/altera/15.0/nios2eds/bin/gnu/h-x86_64-mingw32/bin/../lib/gcc/nios2-elf/4.9.1/../../../../../H-x86_64-mingw32/nios2-elf/lib/mno-hw-mul\libc.a(lib_a-fstatr.o)
 .data          0x0000000010011ca4        0x0 c:/altera/15.0/nios2eds/bin/gnu/h-x86_64-mingw32/bin/../lib/gcc/nios2-elf/4.9.1/../../../../../H-x86_64-mingw32/nios2-elf/lib/mno-hw-mul\libc.a(lib_a-fvwrite.o)
 .data          0x0000000010011ca4        0x0 c:/altera/15.0/nios2eds/bin/gnu/h-x86_64-mingw32/bin/../lib/gcc/nios2-elf/4.9.1/../../../../../H-x86_64-mingw32/nios2-elf/lib/mno-hw-mul\libc.a(lib_a-int_errno.o)
 .data          0x0000000010011ca4        0x0 c:/altera/15.0/nios2eds/bin/gnu/h-x86_64-mingw32/bin/../lib/gcc/nios2-elf/4.9.1/../../../../../H-x86_64-mingw32/nios2-elf/lib/mno-hw-mul\libc.a(lib_a-isattyr.o)
 .data          0x0000000010011ca4        0x0 c:/altera/15.0/nios2eds/bin/gnu/h-x86_64-mingw32/bin/../lib/gcc/nios2-elf/4.9.1/../../../../../H-x86_64-mingw32/nios2-elf/lib/mno-hw-mul\libc.a(lib_a-lseekr.o)
 .data          0x0000000010011ca4        0x0 c:/altera/15.0/nios2eds/bin/gnu/h-x86_64-mingw32/bin/../lib/gcc/nios2-elf/4.9.1/../../../../../H-x86_64-mingw32/nios2-elf/lib/mno-hw-mul\libc.a(lib_a-memmove.o)
 .data          0x0000000010011ca4        0x0 c:/altera/15.0/nios2eds/bin/gnu/h-x86_64-mingw32/bin/../lib/gcc/nios2-elf/4.9.1/../../../../../H-x86_64-mingw32/nios2-elf/lib/mno-hw-mul\libc.a(lib_a-readr.o)
 .data          0x0000000010011ca4        0x0 c:/altera/15.0/nios2eds/bin/gnu/h-x86_64-mingw32/bin/../lib/gcc/nios2-elf/4.9.1/../../../../../H-x86_64-mingw32/nios2-elf/lib/mno-hw-mul\libc.a(lib_a-reallocr.o)
 .data          0x0000000010011ca4        0x0 c:/altera/15.0/nios2eds/bin/gnu/h-x86_64-mingw32/bin/../lib/gcc/nios2-elf/4.9.1/../../../../../H-x86_64-mingw32/nios2-elf/lib/mno-hw-mul\libc.a(lib_a-wbuf.o)
 .data          0x0000000010011ca4        0x0 c:/altera/15.0/nios2eds/bin/gnu/h-x86_64-mingw32/bin/../lib/gcc/nios2-elf/4.9.1/../../../../../H-x86_64-mingw32/nios2-elf/lib/mno-hw-mul\libc.a(lib_a-wcrtomb.o)
 .data          0x0000000010011ca4        0x0 c:/altera/15.0/nios2eds/bin/gnu/h-x86_64-mingw32/bin/../lib/gcc/nios2-elf/4.9.1/../../../../../H-x86_64-mingw32/nios2-elf/lib/mno-hw-mul\libc.a(lib_a-wctomb_r.o)
 .data          0x0000000010011ca4        0x0 c:/altera/15.0/nios2eds/bin/gnu/h-x86_64-mingw32/bin/../lib/gcc/nios2-elf/4.9.1/mno-hw-mul\libgcc.a(_muldi3.o)
 .data          0x0000000010011ca4        0x0 c:/altera/15.0/nios2eds/bin/gnu/h-x86_64-mingw32/bin/../lib/gcc/nios2-elf/4.9.1/mno-hw-mul\libgcc.a(divdf3.o)
 .data          0x0000000010011ca4        0x0 c:/altera/15.0/nios2eds/bin/gnu/h-x86_64-mingw32/bin/../lib/gcc/nios2-elf/4.9.1/mno-hw-mul\libgcc.a(eqdf2.o)
 .data          0x0000000010011ca4        0x0 c:/altera/15.0/nios2eds/bin/gnu/h-x86_64-mingw32/bin/../lib/gcc/nios2-elf/4.9.1/mno-hw-mul\libgcc.a(gedf2.o)
 .data          0x0000000010011ca4        0x0 c:/altera/15.0/nios2eds/bin/gnu/h-x86_64-mingw32/bin/../lib/gcc/nios2-elf/4.9.1/mno-hw-mul\libgcc.a(ledf2.o)
 .data          0x0000000010011ca4        0x0 c:/altera/15.0/nios2eds/bin/gnu/h-x86_64-mingw32/bin/../lib/gcc/nios2-elf/4.9.1/mno-hw-mul\libgcc.a(muldf3.o)
 .data          0x0000000010011ca4        0x0 c:/altera/15.0/nios2eds/bin/gnu/h-x86_64-mingw32/bin/../lib/gcc/nios2-elf/4.9.1/mno-hw-mul\libgcc.a(floatunsidf.o)
 .data          0x0000000010011ca4        0x0 ../Vegetable-Viking_bsp/\libhal_bsp.a(alt_close.o)
 .data          0x0000000010011ca4      0x1a8 ../Vegetable-Viking_bsp/\libhal_bsp.a(alt_dev.o)
                0x0000000010011ca4                alt_dev_null
                0x0000000010011ccc                alt_fd_list
 .data          0x0000000010011e4c        0x0 ../Vegetable-Viking_bsp/\libhal_bsp.a(alt_errno.o)
 .data          0x0000000010011e4c        0x0 ../Vegetable-Viking_bsp/\libhal_bsp.a(alt_fstat.o)
 .data          0x0000000010011e4c        0x0 ../Vegetable-Viking_bsp/\libhal_bsp.a(alt_isatty.o)
 .data          0x0000000010011e4c        0x0 ../Vegetable-Viking_bsp/\libhal_bsp.a(alt_load.o)
 .data          0x0000000010011e4c        0x0 ../Vegetable-Viking_bsp/\libhal_bsp.a(alt_lseek.o)
 .data          0x0000000010011e4c        0x0 ../Vegetable-Viking_bsp/\libhal_bsp.a(alt_main.o)
 .data          0x0000000010011e4c        0x0 ../Vegetable-Viking_bsp/\libhal_bsp.a(alt_malloc_lock.o)
 .data          0x0000000010011e4c        0x0 ../Vegetable-Viking_bsp/\libhal_bsp.a(alt_read.o)
 .data          0x0000000010011e4c        0x0 ../Vegetable-Viking_bsp/\libhal_bsp.a(alt_release_fd.o)
 .data          0x0000000010011e4c        0x0 ../Vegetable-Viking_bsp/\libhal_bsp.a(alt_sbrk.o)
 .data          0x0000000010011e4c        0x0 ../Vegetable-Viking_bsp/\libhal_bsp.a(alt_write.o)
 .data          0x0000000010011e4c     0x1060 ../Vegetable-Viking_bsp/\libhal_bsp.a(alt_sys_init.o)
 .data          0x0000000010012eac        0x0 ../Vegetable-Viking_bsp/\libhal_bsp.a(altera_avalon_jtag_uart_fd.o)
 .data          0x0000000010012eac        0x0 ../Vegetable-Viking_bsp/\libhal_bsp.a(altera_avalon_jtag_uart_init.o)
 .data          0x0000000010012eac        0x0 ../Vegetable-Viking_bsp/\libhal_bsp.a(altera_avalon_jtag_uart_ioctl.o)
 .data          0x0000000010012eac        0x0 ../Vegetable-Viking_bsp/\libhal_bsp.a(altera_avalon_jtag_uart_read.o)
 .data          0x0000000010012eac        0x0 ../Vegetable-Viking_bsp/\libhal_bsp.a(altera_avalon_jtag_uart_write.o)
 .data          0x0000000010012eac        0x0 ../Vegetable-Viking_bsp/\libhal_bsp.a(alt_alarm_start.o)
 .data          0x0000000010012eac        0x0 ../Vegetable-Viking_bsp/\libhal_bsp.a(alt_dcache_flush_all.o)
 .data          0x0000000010012eac        0x0 ../Vegetable-Viking_bsp/\libhal_bsp.a(alt_dev_llist_insert.o)
 .data          0x0000000010012eac        0x0 ../Vegetable-Viking_bsp/\libhal_bsp.a(alt_do_ctors.o)
 .data          0x0000000010012eac        0x0 ../Vegetable-Viking_bsp/\libhal_bsp.a(alt_do_dtors.o)
 .data          0x0000000010012eac        0x0 ../Vegetable-Viking_bsp/\libhal_bsp.a(alt_icache_flush_all.o)
 .data          0x0000000010012eac        0x0 ../Vegetable-Viking_bsp/\libhal_bsp.a(alt_iic.o)
 .data          0x0000000010012eac        0x0 ../Vegetable-Viking_bsp/\libhal_bsp.a(alt_iic_isr_register.o)
 .data          0x0000000010012eac        0x0 ../Vegetable-Viking_bsp/\libhal_bsp.a(alt_io_redirect.o)
 .data          0x0000000010012eac        0x0 ../Vegetable-Viking_bsp/\libhal_bsp.a(alt_irq_entry.o)
 .data          0x0000000010012eac        0x0 ../Vegetable-Viking_bsp/\libhal_bsp.a(alt_irq_handler.o)
 .data          0x0000000010012eac        0x0 ../Vegetable-Viking_bsp/\libhal_bsp.a(alt_irq_vars.o)
 .data          0x0000000010012eac        0x0 ../Vegetable-Viking_bsp/\libhal_bsp.a(alt_open.o)
 .data          0x0000000010012eac        0x0 ../Vegetable-Viking_bsp/\libhal_bsp.a(alt_tick.o)
 .data          0x0000000010012eac        0x0 ../Vegetable-Viking_bsp/\libhal_bsp.a(altera_nios2_gen2_irq.o)
 .data          0x0000000010012eac        0x0 ../Vegetable-Viking_bsp/\libhal_bsp.a(alt_exception_entry.o)
 .data          0x0000000010012eac        0x0 ../Vegetable-Viking_bsp/\libhal_bsp.a(alt_find_dev.o)
 .data          0x0000000010012eac        0x0 ../Vegetable-Viking_bsp/\libhal_bsp.a(alt_find_file.o)
 .data          0x0000000010012eac        0x0 ../Vegetable-Viking_bsp/\libhal_bsp.a(alt_get_fd.o)
 .data          0x0000000010012eac        0x0 ../Vegetable-Viking_bsp/\libhal_bsp.a(alt_instruction_exception_entry.o)
 .data          0x0000000010012eac        0x0 c:/altera/15.0/nios2eds/bin/gnu/h-x86_64-mingw32/bin/../lib/gcc/nios2-elf/4.9.1/../../../../../H-x86_64-mingw32/nios2-elf/lib/mno-hw-mul\libc.a(lib_a-atexit.o)
 .data          0x0000000010012eac        0x0 c:/altera/15.0/nios2eds/bin/gnu/h-x86_64-mingw32/bin/../lib/gcc/nios2-elf/4.9.1/../../../../../H-x86_64-mingw32/nios2-elf/lib/mno-hw-mul\libc.a(lib_a-exit.o)
 .data          0x0000000010012eac        0x0 c:/altera/15.0/nios2eds/bin/gnu/h-x86_64-mingw32/bin/../lib/gcc/nios2-elf/4.9.1/../../../../../H-x86_64-mingw32/nios2-elf/lib/mno-hw-mul\libc.a(lib_a-memcmp.o)
 .data          0x0000000010012eac        0x0 c:/altera/15.0/nios2eds/bin/gnu/h-x86_64-mingw32/bin/../lib/gcc/nios2-elf/4.9.1/../../../../../H-x86_64-mingw32/nios2-elf/lib/mno-hw-mul\libc.a(lib_a-__atexit.o)
 .data          0x0000000010012eac        0x0 c:/altera/15.0/nios2eds/bin/gnu/h-x86_64-mingw32/bin/../lib/gcc/nios2-elf/4.9.1/../../../../../H-x86_64-mingw32/nios2-elf/lib/mno-hw-mul\libc.a(lib_a-__call_atexit.o)
 .data          0x0000000010012eac        0x0 ../Vegetable-Viking_bsp/\libhal_bsp.a(alt_exit.o)
                0x000000001001aeac                _gp = ABSOLUTE ((. + 0x8000))
                0x000000001001aeac                PROVIDE (gp, _gp)
 *(.rwdata .rwdata.*)
 *(.sdata .sdata.* .gnu.linkonce.s.*)
 .sdata         0x0000000010012eac        0x8 c:/altera/15.0/nios2eds/bin/gnu/h-x86_64-mingw32/bin/../lib/gcc/nios2-elf/4.9.1/../../../../../H-x86_64-mingw32/nios2-elf/lib/mno-hw-mul\libc.a(lib_a-impure.o)
                0x0000000010012eac                _global_impure_ptr
                0x0000000010012eb0                _impure_ptr
 .sdata         0x0000000010012eb4        0x4 c:/altera/15.0/nios2eds/bin/gnu/h-x86_64-mingw32/bin/../lib/gcc/nios2-elf/4.9.1/../../../../../H-x86_64-mingw32/nios2-elf/lib/mno-hw-mul\libc.a(lib_a-locale.o)
                0x0000000010012eb4                __mb_cur_max
 .sdata         0x0000000010012eb8        0x8 c:/altera/15.0/nios2eds/bin/gnu/h-x86_64-mingw32/bin/../lib/gcc/nios2-elf/4.9.1/../../../../../H-x86_64-mingw32/nios2-elf/lib/mno-hw-mul\libc.a(lib_a-mallocr.o)
                0x0000000010012eb8                __malloc_sbrk_base
                0x0000000010012ebc                __malloc_trim_threshold
 .sdata         0x0000000010012ec0        0x4 c:/altera/15.0/nios2eds/bin/gnu/h-x86_64-mingw32/bin/../lib/gcc/nios2-elf/4.9.1/../../../../../H-x86_64-mingw32/nios2-elf/lib/mno-hw-mul\libc.a(lib_a-wctomb_r.o)
                0x0000000010012ec0                __wctomb
 .sdata         0x0000000010012ec4       0x14 ../Vegetable-Viking_bsp/\libhal_bsp.a(alt_dev.o)
                0x0000000010012ec4                alt_fs_list
                0x0000000010012ecc                alt_dev_list
                0x0000000010012ed4                alt_max_fd
 .sdata         0x0000000010012ed8        0x4 ../Vegetable-Viking_bsp/\libhal_bsp.a(alt_errno.o)
                0x0000000010012ed8                alt_errno
 .sdata         0x0000000010012edc        0x4 ../Vegetable-Viking_bsp/\libhal_bsp.a(alt_sbrk.o)
 .sdata         0x0000000010012ee0        0x4 ../Vegetable-Viking_bsp/\libhal_bsp.a(alt_irq_vars.o)
                0x0000000010012ee0                alt_priority_mask
 .sdata         0x0000000010012ee4        0x8 ../Vegetable-Viking_bsp/\libhal_bsp.a(alt_tick.o)
                0x0000000010012ee4                alt_alarm_list
 *(.sdata2 .sdata2.* .gnu.linkonce.s2.*)
                0x0000000010012eec                . = ALIGN (0x4)
                0x0000000010012eec                _edata = ABSOLUTE (.)
                0x0000000010012eec                PROVIDE (edata, ABSOLUTE (.))
                0x0000000010012eec                PROVIDE (__ram_rwdata_end, ABSOLUTE (.))
                0x0000000010012eec                PROVIDE (__flash_rwdata_start, LOADADDR (.rwdata))

.bss            0x00000000100149d8      0x3dc
                0x00000000100149d8                __bss_start = ABSOLUTE (.)
                0x00000000100149d8                PROVIDE (__sbss_start, ABSOLUTE (.))
                0x00000000100149d8                PROVIDE (___sbss_start, ABSOLUTE (.))
 *(.dynsbss)
 *(.sbss .sbss.* .gnu.linkonce.sb.*)
 .sbss          0x00000000100149d8       0x3c obj/default/main.o
                0x00000000100149d8                elapsedTime
                0x00000000100149dc                sameFruit
                0x00000000100149e0                lastPhysixed
                0x00000000100149e4                yCursor
                0x00000000100149e8                xCursor
                0x00000000100149ec                cursorClicked
                0x00000000100149f0                cursorStreak
                0x00000000100149f4                lastSpawned
                0x00000000100149f8                lastDisintegrated
                0x00000000100149fc                key1
                0x0000000010014a00                key3
                0x0000000010014a04                nextSpawnTime
                0x0000000010014a08                key2
                0x0000000010014a0c                roundStart
                0x0000000010014a10                comboFruit
 .sbss          0x0000000010014a14        0xc c:/altera/15.0/nios2eds/bin/gnu/h-x86_64-mingw32/bin/../lib/gcc/nios2-elf/4.9.1/../../../../../H-x86_64-mingw32/nios2-elf/lib/mno-hw-mul\libc.a(lib_a-locale.o)
                0x0000000010014a14                _PathLocale
                0x0000000010014a18                __mlocale_changed
                0x0000000010014a1c                __nlocale_changed
 .sbss          0x0000000010014a20        0xc c:/altera/15.0/nios2eds/bin/gnu/h-x86_64-mingw32/bin/../lib/gcc/nios2-elf/4.9.1/../../../../../H-x86_64-mingw32/nios2-elf/lib/mno-hw-mul\libc.a(lib_a-mallocr.o)
                0x0000000010014a20                __malloc_max_total_mem
                0x0000000010014a24                __malloc_max_sbrked_mem
                0x0000000010014a28                __malloc_top_pad
 .sbss          0x0000000010014a2c        0x4 c:/altera/15.0/nios2eds/bin/gnu/h-x86_64-mingw32/bin/../lib/gcc/nios2-elf/4.9.1/../../../../../H-x86_64-mingw32/nios2-elf/lib/mno-hw-mul\libc.a(lib_a-int_errno.o)
                0x0000000010014a2c                errno
 .sbss          0x0000000010014a30        0xc ../Vegetable-Viking_bsp/\libhal_bsp.a(alt_main.o)
                0x0000000010014a30                alt_argc
                0x0000000010014a34                alt_argv
                0x0000000010014a38                alt_envp
 .sbss          0x0000000010014a3c        0x4 ../Vegetable-Viking_bsp/\libhal_bsp.a(alt_irq_vars.o)
                0x0000000010014a3c                alt_irq_active
 .sbss          0x0000000010014a40        0x8 ../Vegetable-Viking_bsp/\libhal_bsp.a(alt_tick.o)
                0x0000000010014a40                _alt_tick_rate
                0x0000000010014a44                _alt_nticks
 .sbss          0x0000000010014a48        0x4 ../Vegetable-Viking_bsp/\libhal_bsp.a(alt_instruction_exception_entry.o)
                0x0000000010014a48                alt_instruction_exception_handler
 *(.sbss2 .sbss2.* .gnu.linkonce.sb2.*)
 *(.scommon)
                0x0000000010014a4c                PROVIDE (__sbss_end, ABSOLUTE (.))
                0x0000000010014a4c                PROVIDE (___sbss_end, ABSOLUTE (.))
 *(.dynbss)
 *(.bss .bss.* .gnu.linkonce.b.*)
 .bss           0x0000000010014a4c        0x0 ../Vegetable-Viking_bsp//obj/HAL/src/crt0.o
 .bss           0x0000000010014a4c        0x0 obj/default/main.o
 .bss           0x0000000010014a4c        0x0 c:/altera/15.0/nios2eds/bin/gnu/h-x86_64-mingw32/bin/../lib/gcc/nios2-elf/4.9.1/mno-hw-mul\libgcc.a(_udivdi3.o)
 .bss           0x0000000010014a4c        0x0 c:/altera/15.0/nios2eds/bin/gnu/h-x86_64-mingw32/bin/../lib/gcc/nios2-elf/4.9.1/mno-hw-mul\libgcc.a(_umoddi3.o)
 .bss           0x0000000010014a4c        0x0 c:/altera/15.0/nios2eds/bin/gnu/h-x86_64-mingw32/bin/../lib/gcc/nios2-elf/4.9.1/mno-hw-mul\libgcc.a(lib2-divmod.o)
 .bss           0x0000000010014a4c        0x0 c:/altera/15.0/nios2eds/bin/gnu/h-x86_64-mingw32/bin/../lib/gcc/nios2-elf/4.9.1/mno-hw-mul\libgcc.a(lib2-mul.o)
 .bss           0x0000000010014a4c        0x0 c:/altera/15.0/nios2eds/bin/gnu/h-x86_64-mingw32/bin/../lib/gcc/nios2-elf/4.9.1/mno-hw-mul\libgcc.a(adddf3.o)
 .bss           0x0000000010014a4c        0x0 c:/altera/15.0/nios2eds/bin/gnu/h-x86_64-mingw32/bin/../lib/gcc/nios2-elf/4.9.1/mno-hw-mul\libgcc.a(subdf3.o)
 .bss           0x0000000010014a4c        0x0 c:/altera/15.0/nios2eds/bin/gnu/h-x86_64-mingw32/bin/../lib/gcc/nios2-elf/4.9.1/mno-hw-mul\libgcc.a(fixdfsi.o)
 .bss           0x0000000010014a4c        0x0 c:/altera/15.0/nios2eds/bin/gnu/h-x86_64-mingw32/bin/../lib/gcc/nios2-elf/4.9.1/mno-hw-mul\libgcc.a(floatsidf.o)
 .bss           0x0000000010014a4c        0x0 c:/altera/15.0/nios2eds/bin/gnu/h-x86_64-mingw32/bin/../lib/gcc/nios2-elf/4.9.1/mno-hw-mul\libgcc.a(_clz.o)
 .bss           0x0000000010014a4c        0x0 c:/altera/15.0/nios2eds/bin/gnu/h-x86_64-mingw32/bin/../lib/gcc/nios2-elf/4.9.1/mno-hw-mul\libgcc.a(_clzsi2.o)
 .bss           0x0000000010014a4c        0x0 c:/altera/15.0/nios2eds/bin/gnu/h-x86_64-mingw32/bin/../lib/gcc/nios2-elf/4.9.1/../../../../../H-x86_64-mingw32/nios2-elf/lib/mno-hw-mul\libc.a(lib_a-printf.o)
 .bss           0x0000000010014a4c        0x0 c:/altera/15.0/nios2eds/bin/gnu/h-x86_64-mingw32/bin/../lib/gcc/nios2-elf/4.9.1/../../../../../H-x86_64-mingw32/nios2-elf/lib/mno-hw-mul\libc.a(lib_a-rand.o)
 .bss           0x0000000010014a4c        0x0 c:/altera/15.0/nios2eds/bin/gnu/h-x86_64-mingw32/bin/../lib/gcc/nios2-elf/4.9.1/../../../../../H-x86_64-mingw32/nios2-elf/lib/mno-hw-mul\libc.a(lib_a-vfprintf.o)
 .bss           0x0000000010014a4c        0x0 c:/altera/15.0/nios2eds/bin/gnu/h-x86_64-mingw32/bin/../lib/gcc/nios2-elf/4.9.1/../../../../../H-x86_64-mingw32/nios2-elf/lib/mno-hw-mul\libc.a(lib_a-wsetup.o)
 .bss           0x0000000010014a4c        0x0 c:/altera/15.0/nios2eds/bin/gnu/h-x86_64-mingw32/bin/../lib/gcc/nios2-elf/4.9.1/../../../../../H-x86_64-mingw32/nios2-elf/lib/mno-hw-mul\libc.a(lib_a-dtoa.o)
 .bss           0x0000000010014a4c        0x0 c:/altera/15.0/nios2eds/bin/gnu/h-x86_64-mingw32/bin/../lib/gcc/nios2-elf/4.9.1/../../../../../H-x86_64-mingw32/nios2-elf/lib/mno-hw-mul\libc.a(lib_a-fflush.o)
 .bss           0x0000000010014a4c        0x0 c:/altera/15.0/nios2eds/bin/gnu/h-x86_64-mingw32/bin/../lib/gcc/nios2-elf/4.9.1/../../../../../H-x86_64-mingw32/nios2-elf/lib/mno-hw-mul\libc.a(lib_a-findfp.o)
 .bss           0x0000000010014a4c        0x0 c:/altera/15.0/nios2eds/bin/gnu/h-x86_64-mingw32/bin/../lib/gcc/nios2-elf/4.9.1/../../../../../H-x86_64-mingw32/nios2-elf/lib/mno-hw-mul\libc.a(lib_a-freer.o)
 .bss           0x0000000010014a4c        0x0 c:/altera/15.0/nios2eds/bin/gnu/h-x86_64-mingw32/bin/../lib/gcc/nios2-elf/4.9.1/../../../../../H-x86_64-mingw32/nios2-elf/lib/mno-hw-mul\libc.a(lib_a-fwalk.o)
 .bss           0x0000000010014a4c        0x0 c:/altera/15.0/nios2eds/bin/gnu/h-x86_64-mingw32/bin/../lib/gcc/nios2-elf/4.9.1/../../../../../H-x86_64-mingw32/nios2-elf/lib/mno-hw-mul\libc.a(lib_a-impure.o)
 .bss           0x0000000010014a4c        0x0 c:/altera/15.0/nios2eds/bin/gnu/h-x86_64-mingw32/bin/../lib/gcc/nios2-elf/4.9.1/../../../../../H-x86_64-mingw32/nios2-elf/lib/mno-hw-mul\libc.a(lib_a-locale.o)
 .bss           0x0000000010014a4c        0x0 c:/altera/15.0/nios2eds/bin/gnu/h-x86_64-mingw32/bin/../lib/gcc/nios2-elf/4.9.1/../../../../../H-x86_64-mingw32/nios2-elf/lib/mno-hw-mul\libc.a(lib_a-makebuf.o)
 .bss           0x0000000010014a4c       0x28 c:/altera/15.0/nios2eds/bin/gnu/h-x86_64-mingw32/bin/../lib/gcc/nios2-elf/4.9.1/../../../../../H-x86_64-mingw32/nios2-elf/lib/mno-hw-mul\libc.a(lib_a-mallocr.o)
                0x0000000010014a4c                __malloc_current_mallinfo
 .bss           0x0000000010014a74        0x0 c:/altera/15.0/nios2eds/bin/gnu/h-x86_64-mingw32/bin/../lib/gcc/nios2-elf/4.9.1/../../../../../H-x86_64-mingw32/nios2-elf/lib/mno-hw-mul\libc.a(lib_a-memchr.o)
 .bss           0x0000000010014a74        0x0 c:/altera/15.0/nios2eds/bin/gnu/h-x86_64-mingw32/bin/../lib/gcc/nios2-elf/4.9.1/../../../../../H-x86_64-mingw32/nios2-elf/lib/mno-hw-mul\libc.a(lib_a-memcpy.o)
 .bss           0x0000000010014a74        0x0 c:/altera/15.0/nios2eds/bin/gnu/h-x86_64-mingw32/bin/../lib/gcc/nios2-elf/4.9.1/../../../../../H-x86_64-mingw32/nios2-elf/lib/mno-hw-mul\libc.a(lib_a-memset.o)
 .bss           0x0000000010014a74        0x0 c:/altera/15.0/nios2eds/bin/gnu/h-x86_64-mingw32/bin/../lib/gcc/nios2-elf/4.9.1/../../../../../H-x86_64-mingw32/nios2-elf/lib/mno-hw-mul\libc.a(lib_a-mprec.o)
 .bss           0x0000000010014a74        0x0 c:/altera/15.0/nios2eds/bin/gnu/h-x86_64-mingw32/bin/../lib/gcc/nios2-elf/4.9.1/../../../../../H-x86_64-mingw32/nios2-elf/lib/mno-hw-mul\libc.a(lib_a-s_fpclassify.o)
 .bss           0x0000000010014a74        0x0 c:/altera/15.0/nios2eds/bin/gnu/h-x86_64-mingw32/bin/../lib/gcc/nios2-elf/4.9.1/../../../../../H-x86_64-mingw32/nios2-elf/lib/mno-hw-mul\libc.a(lib_a-sbrkr.o)
 .bss           0x0000000010014a74        0x0 c:/altera/15.0/nios2eds/bin/gnu/h-x86_64-mingw32/bin/../lib/gcc/nios2-elf/4.9.1/../../../../../H-x86_64-mingw32/nios2-elf/lib/mno-hw-mul\libc.a(lib_a-stdio.o)
 .bss           0x0000000010014a74        0x0 c:/altera/15.0/nios2eds/bin/gnu/h-x86_64-mingw32/bin/../lib/gcc/nios2-elf/4.9.1/../../../../../H-x86_64-mingw32/nios2-elf/lib/mno-hw-mul\libc.a(lib_a-strcmp.o)
 .bss           0x0000000010014a74        0x0 c:/altera/15.0/nios2eds/bin/gnu/h-x86_64-mingw32/bin/../lib/gcc/nios2-elf/4.9.1/../../../../../H-x86_64-mingw32/nios2-elf/lib/mno-hw-mul\libc.a(lib_a-strlen.o)
 .bss           0x0000000010014a74        0x0 c:/altera/15.0/nios2eds/bin/gnu/h-x86_64-mingw32/bin/../lib/gcc/nios2-elf/4.9.1/../../../../../H-x86_64-mingw32/nios2-elf/lib/mno-hw-mul\libc.a(lib_a-vfiprintf.o)
 .bss           0x0000000010014a74        0x0 c:/altera/15.0/nios2eds/bin/gnu/h-x86_64-mingw32/bin/../lib/gcc/nios2-elf/4.9.1/../../../../../H-x86_64-mingw32/nios2-elf/lib/mno-hw-mul\libc.a(lib_a-writer.o)
 .bss           0x0000000010014a74        0x0 c:/altera/15.0/nios2eds/bin/gnu/h-x86_64-mingw32/bin/../lib/gcc/nios2-elf/4.9.1/../../../../../H-x86_64-mingw32/nios2-elf/lib/mno-hw-mul\libc.a(closer.o)
 .bss           0x0000000010014a74        0x0 c:/altera/15.0/nios2eds/bin/gnu/h-x86_64-mingw32/bin/../lib/gcc/nios2-elf/4.9.1/../../../../../H-x86_64-mingw32/nios2-elf/lib/mno-hw-mul\libc.a(lib_a-callocr.o)
 .bss           0x0000000010014a74        0x0 c:/altera/15.0/nios2eds/bin/gnu/h-x86_64-mingw32/bin/../lib/gcc/nios2-elf/4.9.1/../../../../../H-x86_64-mingw32/nios2-elf/lib/mno-hw-mul\libc.a(lib_a-fclose.o)
 .bss           0x0000000010014a74        0x0 c:/altera/15.0/nios2eds/bin/gnu/h-x86_64-mingw32/bin/../lib/gcc/nios2-elf/4.9.1/../../../../../H-x86_64-mingw32/nios2-elf/lib/mno-hw-mul\libc.a(lib_a-fputwc.o)
 .bss           0x0000000010014a74        0x0 c:/altera/15.0/nios2eds/bin/gnu/h-x86_64-mingw32/bin/../lib/gcc/nios2-elf/4.9.1/../../../../../H-x86_64-mingw32/nios2-elf/lib/mno-hw-mul\libc.a(lib_a-fstatr.o)
 .bss           0x0000000010014a74        0x0 c:/altera/15.0/nios2eds/bin/gnu/h-x86_64-mingw32/bin/../lib/gcc/nios2-elf/4.9.1/../../../../../H-x86_64-mingw32/nios2-elf/lib/mno-hw-mul\libc.a(lib_a-fvwrite.o)
 .bss           0x0000000010014a74        0x0 c:/altera/15.0/nios2eds/bin/gnu/h-x86_64-mingw32/bin/../lib/gcc/nios2-elf/4.9.1/../../../../../H-x86_64-mingw32/nios2-elf/lib/mno-hw-mul\libc.a(lib_a-int_errno.o)
 .bss           0x0000000010014a74        0x0 c:/altera/15.0/nios2eds/bin/gnu/h-x86_64-mingw32/bin/../lib/gcc/nios2-elf/4.9.1/../../../../../H-x86_64-mingw32/nios2-elf/lib/mno-hw-mul\libc.a(lib_a-isattyr.o)
 .bss           0x0000000010014a74        0x0 c:/altera/15.0/nios2eds/bin/gnu/h-x86_64-mingw32/bin/../lib/gcc/nios2-elf/4.9.1/../../../../../H-x86_64-mingw32/nios2-elf/lib/mno-hw-mul\libc.a(lib_a-lseekr.o)
 .bss           0x0000000010014a74        0x0 c:/altera/15.0/nios2eds/bin/gnu/h-x86_64-mingw32/bin/../lib/gcc/nios2-elf/4.9.1/../../../../../H-x86_64-mingw32/nios2-elf/lib/mno-hw-mul\libc.a(lib_a-memmove.o)
 .bss           0x0000000010014a74        0x0 c:/altera/15.0/nios2eds/bin/gnu/h-x86_64-mingw32/bin/../lib/gcc/nios2-elf/4.9.1/../../../../../H-x86_64-mingw32/nios2-elf/lib/mno-hw-mul\libc.a(lib_a-readr.o)
 .bss           0x0000000010014a74        0x0 c:/altera/15.0/nios2eds/bin/gnu/h-x86_64-mingw32/bin/../lib/gcc/nios2-elf/4.9.1/../../../../../H-x86_64-mingw32/nios2-elf/lib/mno-hw-mul\libc.a(lib_a-reallocr.o)
 .bss           0x0000000010014a74        0x0 c:/altera/15.0/nios2eds/bin/gnu/h-x86_64-mingw32/bin/../lib/gcc/nios2-elf/4.9.1/../../../../../H-x86_64-mingw32/nios2-elf/lib/mno-hw-mul\libc.a(lib_a-wbuf.o)
 .bss           0x0000000010014a74        0x0 c:/altera/15.0/nios2eds/bin/gnu/h-x86_64-mingw32/bin/../lib/gcc/nios2-elf/4.9.1/../../../../../H-x86_64-mingw32/nios2-elf/lib/mno-hw-mul\libc.a(lib_a-wcrtomb.o)
 .bss           0x0000000010014a74        0x0 c:/altera/15.0/nios2eds/bin/gnu/h-x86_64-mingw32/bin/../lib/gcc/nios2-elf/4.9.1/../../../../../H-x86_64-mingw32/nios2-elf/lib/mno-hw-mul\libc.a(lib_a-wctomb_r.o)
 .bss           0x0000000010014a74        0x0 c:/altera/15.0/nios2eds/bin/gnu/h-x86_64-mingw32/bin/../lib/gcc/nios2-elf/4.9.1/mno-hw-mul\libgcc.a(_muldi3.o)
 .bss           0x0000000010014a74        0x0 c:/altera/15.0/nios2eds/bin/gnu/h-x86_64-mingw32/bin/../lib/gcc/nios2-elf/4.9.1/mno-hw-mul\libgcc.a(divdf3.o)
 .bss           0x0000000010014a74        0x0 c:/altera/15.0/nios2eds/bin/gnu/h-x86_64-mingw32/bin/../lib/gcc/nios2-elf/4.9.1/mno-hw-mul\libgcc.a(eqdf2.o)
 .bss           0x0000000010014a74        0x0 c:/altera/15.0/nios2eds/bin/gnu/h-x86_64-mingw32/bin/../lib/gcc/nios2-elf/4.9.1/mno-hw-mul\libgcc.a(gedf2.o)
 .bss           0x0000000010014a74        0x0 c:/altera/15.0/nios2eds/bin/gnu/h-x86_64-mingw32/bin/../lib/gcc/nios2-elf/4.9.1/mno-hw-mul\libgcc.a(ledf2.o)
 .bss           0x0000000010014a74        0x0 c:/altera/15.0/nios2eds/bin/gnu/h-x86_64-mingw32/bin/../lib/gcc/nios2-elf/4.9.1/mno-hw-mul\libgcc.a(muldf3.o)
 .bss           0x0000000010014a74        0x0 c:/altera/15.0/nios2eds/bin/gnu/h-x86_64-mingw32/bin/../lib/gcc/nios2-elf/4.9.1/mno-hw-mul\libgcc.a(floatunsidf.o)
 .bss           0x0000000010014a74        0x0 ../Vegetable-Viking_bsp/\libhal_bsp.a(alt_close.o)
 .bss           0x0000000010014a74        0x0 ../Vegetable-Viking_bsp/\libhal_bsp.a(alt_dev.o)
 .bss           0x0000000010014a74        0x0 ../Vegetable-Viking_bsp/\libhal_bsp.a(alt_errno.o)
 .bss           0x0000000010014a74        0x0 ../Vegetable-Viking_bsp/\libhal_bsp.a(alt_fstat.o)
 .bss           0x0000000010014a74        0x0 ../Vegetable-Viking_bsp/\libhal_bsp.a(alt_isatty.o)
 .bss           0x0000000010014a74        0x0 ../Vegetable-Viking_bsp/\libhal_bsp.a(alt_load.o)
 .bss           0x0000000010014a74        0x0 ../Vegetable-Viking_bsp/\libhal_bsp.a(alt_lseek.o)
 .bss           0x0000000010014a74        0x0 ../Vegetable-Viking_bsp/\libhal_bsp.a(alt_main.o)
 .bss           0x0000000010014a74        0x0 ../Vegetable-Viking_bsp/\libhal_bsp.a(alt_malloc_lock.o)
 .bss           0x0000000010014a74        0x0 ../Vegetable-Viking_bsp/\libhal_bsp.a(alt_read.o)
 .bss           0x0000000010014a74        0x0 ../Vegetable-Viking_bsp/\libhal_bsp.a(alt_release_fd.o)
 .bss           0x0000000010014a74        0x0 ../Vegetable-Viking_bsp/\libhal_bsp.a(alt_sbrk.o)
 .bss           0x0000000010014a74        0x0 ../Vegetable-Viking_bsp/\libhal_bsp.a(alt_write.o)
 .bss           0x0000000010014a74        0x0 ../Vegetable-Viking_bsp/\libhal_bsp.a(alt_sys_init.o)
 .bss           0x0000000010014a74        0x0 ../Vegetable-Viking_bsp/\libhal_bsp.a(altera_avalon_jtag_uart_fd.o)
 .bss           0x0000000010014a74        0x0 ../Vegetable-Viking_bsp/\libhal_bsp.a(altera_avalon_jtag_uart_init.o)
 .bss           0x0000000010014a74        0x0 ../Vegetable-Viking_bsp/\libhal_bsp.a(altera_avalon_jtag_uart_ioctl.o)
 .bss           0x0000000010014a74        0x0 ../Vegetable-Viking_bsp/\libhal_bsp.a(altera_avalon_jtag_uart_read.o)
 .bss           0x0000000010014a74        0x0 ../Vegetable-Viking_bsp/\libhal_bsp.a(altera_avalon_jtag_uart_write.o)
 .bss           0x0000000010014a74        0x0 ../Vegetable-Viking_bsp/\libhal_bsp.a(alt_alarm_start.o)
 .bss           0x0000000010014a74        0x0 ../Vegetable-Viking_bsp/\libhal_bsp.a(alt_dcache_flush_all.o)
 .bss           0x0000000010014a74        0x0 ../Vegetable-Viking_bsp/\libhal_bsp.a(alt_dev_llist_insert.o)
 .bss           0x0000000010014a74        0x0 ../Vegetable-Viking_bsp/\libhal_bsp.a(alt_do_ctors.o)
 .bss           0x0000000010014a74        0x0 ../Vegetable-Viking_bsp/\libhal_bsp.a(alt_do_dtors.o)
 .bss           0x0000000010014a74        0x0 ../Vegetable-Viking_bsp/\libhal_bsp.a(alt_icache_flush_all.o)
 .bss           0x0000000010014a74        0x0 ../Vegetable-Viking_bsp/\libhal_bsp.a(alt_iic.o)
 .bss           0x0000000010014a74        0x0 ../Vegetable-Viking_bsp/\libhal_bsp.a(alt_iic_isr_register.o)
 .bss           0x0000000010014a74        0x0 ../Vegetable-Viking_bsp/\libhal_bsp.a(alt_io_redirect.o)
 .bss           0x0000000010014a74        0x0 ../Vegetable-Viking_bsp/\libhal_bsp.a(alt_irq_entry.o)
 .bss           0x0000000010014a74        0x0 ../Vegetable-Viking_bsp/\libhal_bsp.a(alt_irq_handler.o)
 .bss           0x0000000010014a74        0x0 ../Vegetable-Viking_bsp/\libhal_bsp.a(alt_irq_vars.o)
 .bss           0x0000000010014a74        0x0 ../Vegetable-Viking_bsp/\libhal_bsp.a(alt_open.o)
 .bss           0x0000000010014a74        0x0 ../Vegetable-Viking_bsp/\libhal_bsp.a(alt_tick.o)
 .bss           0x0000000010014a74        0x0 ../Vegetable-Viking_bsp/\libhal_bsp.a(altera_nios2_gen2_irq.o)
 .bss           0x0000000010014a74        0x0 ../Vegetable-Viking_bsp/\libhal_bsp.a(alt_exception_entry.o)
 .bss           0x0000000010014a74        0x0 ../Vegetable-Viking_bsp/\libhal_bsp.a(alt_find_dev.o)
 .bss           0x0000000010014a74        0x0 ../Vegetable-Viking_bsp/\libhal_bsp.a(alt_find_file.o)
 .bss           0x0000000010014a74        0x0 ../Vegetable-Viking_bsp/\libhal_bsp.a(alt_get_fd.o)
 .bss           0x0000000010014a74        0x0 ../Vegetable-Viking_bsp/\libhal_bsp.a(alt_instruction_exception_entry.o)
 .bss           0x0000000010014a74        0x0 c:/altera/15.0/nios2eds/bin/gnu/h-x86_64-mingw32/bin/../lib/gcc/nios2-elf/4.9.1/../../../../../H-x86_64-mingw32/nios2-elf/lib/mno-hw-mul\libc.a(lib_a-atexit.o)
 .bss           0x0000000010014a74        0x0 c:/altera/15.0/nios2eds/bin/gnu/h-x86_64-mingw32/bin/../lib/gcc/nios2-elf/4.9.1/../../../../../H-x86_64-mingw32/nios2-elf/lib/mno-hw-mul\libc.a(lib_a-exit.o)
 .bss           0x0000000010014a74        0x0 c:/altera/15.0/nios2eds/bin/gnu/h-x86_64-mingw32/bin/../lib/gcc/nios2-elf/4.9.1/../../../../../H-x86_64-mingw32/nios2-elf/lib/mno-hw-mul\libc.a(lib_a-memcmp.o)
 .bss           0x0000000010014a74        0x0 c:/altera/15.0/nios2eds/bin/gnu/h-x86_64-mingw32/bin/../lib/gcc/nios2-elf/4.9.1/../../../../../H-x86_64-mingw32/nios2-elf/lib/mno-hw-mul\libc.a(lib_a-__atexit.o)
 .bss           0x0000000010014a74        0x0 c:/altera/15.0/nios2eds/bin/gnu/h-x86_64-mingw32/bin/../lib/gcc/nios2-elf/4.9.1/../../../../../H-x86_64-mingw32/nios2-elf/lib/mno-hw-mul\libc.a(lib_a-__call_atexit.o)
 .bss           0x0000000010014a74        0x0 ../Vegetable-Viking_bsp/\libhal_bsp.a(alt_exit.o)
 *(COMMON)
 COMMON         0x0000000010014a74      0x240 obj/default/main.o
                0x0000000010014a74                veggieObject
 COMMON         0x0000000010014cb4      0x100 ../Vegetable-Viking_bsp/\libhal_bsp.a(alt_irq_handler.o)
                0x0000000010014cb4                alt_irq
                0x0000000010014db4                . = ALIGN (0x4)
                0x0000000010014db4                __bss_end = ABSOLUTE (.)

.onchip_memory2_0
                0x0000000000000000        0x0 load address 0x0000000010014db4
                0x0000000000000000                PROVIDE (_alt_partition_onchip_memory2_0_start, ABSOLUTE (.))
 *(.onchip_memory2_0 .onchip_memory2_0. onchip_memory2_0.*)
                0x0000000000000000                . = ALIGN (0x4)
                0x0000000000000000                PROVIDE (_alt_partition_onchip_memory2_0_end, ABSOLUTE (.))
                0x0000000010014db4                PROVIDE (_alt_partition_onchip_memory2_0_load_addr, LOADADDR (.onchip_memory2_0))

.sdram          0x0000000010014db4        0x0
                0x0000000010014db4                PROVIDE (_alt_partition_sdram_start, ABSOLUTE (.))
 *(.sdram .sdram. sdram.*)
                0x0000000010014db4                . = ALIGN (0x4)
                0x0000000010014db4                PROVIDE (_alt_partition_sdram_end, ABSOLUTE (.))
                0x0000000010014db4                _end = ABSOLUTE (.)
                0x0000000010014db4                end = ABSOLUTE (.)
                0x0000000010014db4                __alt_stack_base = ABSOLUTE (.)
                0x0000000010014db4                PROVIDE (_alt_partition_sdram_load_addr, LOADADDR (.sdram))

.stab
 *(.stab)

.stabstr
 *(.stabstr)

.stab.excl
 *(.stab.excl)

.stab.exclstr
 *(.stab.exclstr)

.stab.index
 *(.stab.index)

.stab.indexstr
 *(.stab.indexstr)

.comment        0x0000000000000000       0x23
 *(.comment)
 .comment       0x0000000000000000       0x23 obj/default/main.o
                                         0x24 (size before relaxing)
 .comment       0x0000000000000000       0x24 c:/altera/15.0/nios2eds/bin/gnu/h-x86_64-mingw32/bin/../lib/gcc/nios2-elf/4.9.1/mno-hw-mul\libgcc.a(_udivdi3.o)
 .comment       0x0000000000000000       0x24 c:/altera/15.0/nios2eds/bin/gnu/h-x86_64-mingw32/bin/../lib/gcc/nios2-elf/4.9.1/mno-hw-mul\libgcc.a(_umoddi3.o)
 .comment       0x0000000000000000       0x24 c:/altera/15.0/nios2eds/bin/gnu/h-x86_64-mingw32/bin/../lib/gcc/nios2-elf/4.9.1/mno-hw-mul\libgcc.a(lib2-divmod.o)
 .comment       0x0000000000000000       0x24 c:/altera/15.0/nios2eds/bin/gnu/h-x86_64-mingw32/bin/../lib/gcc/nios2-elf/4.9.1/mno-hw-mul\libgcc.a(lib2-mul.o)
 .comment       0x0000000000000000       0x24 c:/altera/15.0/nios2eds/bin/gnu/h-x86_64-mingw32/bin/../lib/gcc/nios2-elf/4.9.1/mno-hw-mul\libgcc.a(adddf3.o)
 .comment       0x0000000000000000       0x24 c:/altera/15.0/nios2eds/bin/gnu/h-x86_64-mingw32/bin/../lib/gcc/nios2-elf/4.9.1/mno-hw-mul\libgcc.a(subdf3.o)
 .comment       0x0000000000000000       0x24 c:/altera/15.0/nios2eds/bin/gnu/h-x86_64-mingw32/bin/../lib/gcc/nios2-elf/4.9.1/mno-hw-mul\libgcc.a(fixdfsi.o)
 .comment       0x0000000000000000       0x24 c:/altera/15.0/nios2eds/bin/gnu/h-x86_64-mingw32/bin/../lib/gcc/nios2-elf/4.9.1/mno-hw-mul\libgcc.a(floatsidf.o)
 .comment       0x0000000000000000       0x24 c:/altera/15.0/nios2eds/bin/gnu/h-x86_64-mingw32/bin/../lib/gcc/nios2-elf/4.9.1/mno-hw-mul\libgcc.a(_clz.o)
 .comment       0x0000000000000000       0x24 c:/altera/15.0/nios2eds/bin/gnu/h-x86_64-mingw32/bin/../lib/gcc/nios2-elf/4.9.1/mno-hw-mul\libgcc.a(_clzsi2.o)
 .comment       0x0000000000000000       0x24 c:/altera/15.0/nios2eds/bin/gnu/h-x86_64-mingw32/bin/../lib/gcc/nios2-elf/4.9.1/../../../../../H-x86_64-mingw32/nios2-elf/lib/mno-hw-mul\libc.a(lib_a-printf.o)
 .comment       0x0000000000000000       0x24 c:/altera/15.0/nios2eds/bin/gnu/h-x86_64-mingw32/bin/../lib/gcc/nios2-elf/4.9.1/../../../../../H-x86_64-mingw32/nios2-elf/lib/mno-hw-mul\libc.a(lib_a-rand.o)
 .comment       0x0000000000000000       0x24 c:/altera/15.0/nios2eds/bin/gnu/h-x86_64-mingw32/bin/../lib/gcc/nios2-elf/4.9.1/../../../../../H-x86_64-mingw32/nios2-elf/lib/mno-hw-mul\libc.a(lib_a-vfprintf.o)
 .comment       0x0000000000000000       0x24 c:/altera/15.0/nios2eds/bin/gnu/h-x86_64-mingw32/bin/../lib/gcc/nios2-elf/4.9.1/../../../../../H-x86_64-mingw32/nios2-elf/lib/mno-hw-mul\libc.a(lib_a-wsetup.o)
 .comment       0x0000000000000000       0x24 c:/altera/15.0/nios2eds/bin/gnu/h-x86_64-mingw32/bin/../lib/gcc/nios2-elf/4.9.1/../../../../../H-x86_64-mingw32/nios2-elf/lib/mno-hw-mul\libc.a(lib_a-dtoa.o)
 .comment       0x0000000000000000       0x24 c:/altera/15.0/nios2eds/bin/gnu/h-x86_64-mingw32/bin/../lib/gcc/nios2-elf/4.9.1/../../../../../H-x86_64-mingw32/nios2-elf/lib/mno-hw-mul\libc.a(lib_a-fflush.o)
 .comment       0x0000000000000000       0x24 c:/altera/15.0/nios2eds/bin/gnu/h-x86_64-mingw32/bin/../lib/gcc/nios2-elf/4.9.1/../../../../../H-x86_64-mingw32/nios2-elf/lib/mno-hw-mul\libc.a(lib_a-findfp.o)
 .comment       0x0000000000000000       0x24 c:/altera/15.0/nios2eds/bin/gnu/h-x86_64-mingw32/bin/../lib/gcc/nios2-elf/4.9.1/../../../../../H-x86_64-mingw32/nios2-elf/lib/mno-hw-mul\libc.a(lib_a-freer.o)
 .comment       0x0000000000000000       0x24 c:/altera/15.0/nios2eds/bin/gnu/h-x86_64-mingw32/bin/../lib/gcc/nios2-elf/4.9.1/../../../../../H-x86_64-mingw32/nios2-elf/lib/mno-hw-mul\libc.a(lib_a-fwalk.o)
 .comment       0x0000000000000000       0x24 c:/altera/15.0/nios2eds/bin/gnu/h-x86_64-mingw32/bin/../lib/gcc/nios2-elf/4.9.1/../../../../../H-x86_64-mingw32/nios2-elf/lib/mno-hw-mul\libc.a(lib_a-impure.o)
 .comment       0x0000000000000000       0x24 c:/altera/15.0/nios2eds/bin/gnu/h-x86_64-mingw32/bin/../lib/gcc/nios2-elf/4.9.1/../../../../../H-x86_64-mingw32/nios2-elf/lib/mno-hw-mul\libc.a(lib_a-locale.o)
 .comment       0x0000000000000000       0x24 c:/altera/15.0/nios2eds/bin/gnu/h-x86_64-mingw32/bin/../lib/gcc/nios2-elf/4.9.1/../../../../../H-x86_64-mingw32/nios2-elf/lib/mno-hw-mul\libc.a(lib_a-makebuf.o)
 .comment       0x0000000000000000       0x24 c:/altera/15.0/nios2eds/bin/gnu/h-x86_64-mingw32/bin/../lib/gcc/nios2-elf/4.9.1/../../../../../H-x86_64-mingw32/nios2-elf/lib/mno-hw-mul\libc.a(lib_a-mallocr.o)
 .comment       0x0000000000000000       0x24 c:/altera/15.0/nios2eds/bin/gnu/h-x86_64-mingw32/bin/../lib/gcc/nios2-elf/4.9.1/../../../../../H-x86_64-mingw32/nios2-elf/lib/mno-hw-mul\libc.a(lib_a-memchr.o)
 .comment       0x0000000000000000       0x24 c:/altera/15.0/nios2eds/bin/gnu/h-x86_64-mingw32/bin/../lib/gcc/nios2-elf/4.9.1/../../../../../H-x86_64-mingw32/nios2-elf/lib/mno-hw-mul\libc.a(lib_a-memcpy.o)
 .comment       0x0000000000000000       0x24 c:/altera/15.0/nios2eds/bin/gnu/h-x86_64-mingw32/bin/../lib/gcc/nios2-elf/4.9.1/../../../../../H-x86_64-mingw32/nios2-elf/lib/mno-hw-mul\libc.a(lib_a-memset.o)
 .comment       0x0000000000000000       0x24 c:/altera/15.0/nios2eds/bin/gnu/h-x86_64-mingw32/bin/../lib/gcc/nios2-elf/4.9.1/../../../../../H-x86_64-mingw32/nios2-elf/lib/mno-hw-mul\libc.a(lib_a-mprec.o)
 .comment       0x0000000000000000       0x24 c:/altera/15.0/nios2eds/bin/gnu/h-x86_64-mingw32/bin/../lib/gcc/nios2-elf/4.9.1/../../../../../H-x86_64-mingw32/nios2-elf/lib/mno-hw-mul\libc.a(lib_a-s_fpclassify.o)
 .comment       0x0000000000000000       0x24 c:/altera/15.0/nios2eds/bin/gnu/h-x86_64-mingw32/bin/../lib/gcc/nios2-elf/4.9.1/../../../../../H-x86_64-mingw32/nios2-elf/lib/mno-hw-mul\libc.a(lib_a-sbrkr.o)
 .comment       0x0000000000000000       0x24 c:/altera/15.0/nios2eds/bin/gnu/h-x86_64-mingw32/bin/../lib/gcc/nios2-elf/4.9.1/../../../../../H-x86_64-mingw32/nios2-elf/lib/mno-hw-mul\libc.a(lib_a-stdio.o)
 .comment       0x0000000000000000       0x24 c:/altera/15.0/nios2eds/bin/gnu/h-x86_64-mingw32/bin/../lib/gcc/nios2-elf/4.9.1/../../../../../H-x86_64-mingw32/nios2-elf/lib/mno-hw-mul\libc.a(lib_a-strcmp.o)
 .comment       0x0000000000000000       0x24 c:/altera/15.0/nios2eds/bin/gnu/h-x86_64-mingw32/bin/../lib/gcc/nios2-elf/4.9.1/../../../../../H-x86_64-mingw32/nios2-elf/lib/mno-hw-mul\libc.a(lib_a-strlen.o)
 .comment       0x0000000000000000       0x24 c:/altera/15.0/nios2eds/bin/gnu/h-x86_64-mingw32/bin/../lib/gcc/nios2-elf/4.9.1/../../../../../H-x86_64-mingw32/nios2-elf/lib/mno-hw-mul\libc.a(lib_a-vfiprintf.o)
 .comment       0x0000000000000000       0x24 c:/altera/15.0/nios2eds/bin/gnu/h-x86_64-mingw32/bin/../lib/gcc/nios2-elf/4.9.1/../../../../../H-x86_64-mingw32/nios2-elf/lib/mno-hw-mul\libc.a(lib_a-writer.o)
 .comment       0x0000000000000000       0x24 c:/altera/15.0/nios2eds/bin/gnu/h-x86_64-mingw32/bin/../lib/gcc/nios2-elf/4.9.1/../../../../../H-x86_64-mingw32/nios2-elf/lib/mno-hw-mul\libc.a(closer.o)
 .comment       0x0000000000000000       0x24 c:/altera/15.0/nios2eds/bin/gnu/h-x86_64-mingw32/bin/../lib/gcc/nios2-elf/4.9.1/../../../../../H-x86_64-mingw32/nios2-elf/lib/mno-hw-mul\libc.a(lib_a-callocr.o)
 .comment       0x0000000000000000       0x24 c:/altera/15.0/nios2eds/bin/gnu/h-x86_64-mingw32/bin/../lib/gcc/nios2-elf/4.9.1/../../../../../H-x86_64-mingw32/nios2-elf/lib/mno-hw-mul\libc.a(lib_a-fclose.o)
 .comment       0x0000000000000000       0x24 c:/altera/15.0/nios2eds/bin/gnu/h-x86_64-mingw32/bin/../lib/gcc/nios2-elf/4.9.1/../../../../../H-x86_64-mingw32/nios2-elf/lib/mno-hw-mul\libc.a(lib_a-fputwc.o)
 .comment       0x0000000000000000       0x24 c:/altera/15.0/nios2eds/bin/gnu/h-x86_64-mingw32/bin/../lib/gcc/nios2-elf/4.9.1/../../../../../H-x86_64-mingw32/nios2-elf/lib/mno-hw-mul\libc.a(lib_a-fstatr.o)
 .comment       0x0000000000000000       0x24 c:/altera/15.0/nios2eds/bin/gnu/h-x86_64-mingw32/bin/../lib/gcc/nios2-elf/4.9.1/../../../../../H-x86_64-mingw32/nios2-elf/lib/mno-hw-mul\libc.a(lib_a-fvwrite.o)
 .comment       0x0000000000000000       0x24 c:/altera/15.0/nios2eds/bin/gnu/h-x86_64-mingw32/bin/../lib/gcc/nios2-elf/4.9.1/../../../../../H-x86_64-mingw32/nios2-elf/lib/mno-hw-mul\libc.a(lib_a-int_errno.o)
 .comment       0x0000000000000000       0x24 c:/altera/15.0/nios2eds/bin/gnu/h-x86_64-mingw32/bin/../lib/gcc/nios2-elf/4.9.1/../../../../../H-x86_64-mingw32/nios2-elf/lib/mno-hw-mul\libc.a(lib_a-isattyr.o)
 .comment       0x0000000000000000       0x24 c:/altera/15.0/nios2eds/bin/gnu/h-x86_64-mingw32/bin/../lib/gcc/nios2-elf/4.9.1/../../../../../H-x86_64-mingw32/nios2-elf/lib/mno-hw-mul\libc.a(lib_a-lseekr.o)
 .comment       0x0000000000000000       0x24 c:/altera/15.0/nios2eds/bin/gnu/h-x86_64-mingw32/bin/../lib/gcc/nios2-elf/4.9.1/../../../../../H-x86_64-mingw32/nios2-elf/lib/mno-hw-mul\libc.a(lib_a-memmove.o)
 .comment       0x0000000000000000       0x24 c:/altera/15.0/nios2eds/bin/gnu/h-x86_64-mingw32/bin/../lib/gcc/nios2-elf/4.9.1/../../../../../H-x86_64-mingw32/nios2-elf/lib/mno-hw-mul\libc.a(lib_a-readr.o)
 .comment       0x0000000000000000       0x24 c:/altera/15.0/nios2eds/bin/gnu/h-x86_64-mingw32/bin/../lib/gcc/nios2-elf/4.9.1/../../../../../H-x86_64-mingw32/nios2-elf/lib/mno-hw-mul\libc.a(lib_a-reallocr.o)
 .comment       0x0000000000000000       0x24 c:/altera/15.0/nios2eds/bin/gnu/h-x86_64-mingw32/bin/../lib/gcc/nios2-elf/4.9.1/../../../../../H-x86_64-mingw32/nios2-elf/lib/mno-hw-mul\libc.a(lib_a-wbuf.o)
 .comment       0x0000000000000000       0x24 c:/altera/15.0/nios2eds/bin/gnu/h-x86_64-mingw32/bin/../lib/gcc/nios2-elf/4.9.1/../../../../../H-x86_64-mingw32/nios2-elf/lib/mno-hw-mul\libc.a(lib_a-wcrtomb.o)
 .comment       0x0000000000000000       0x24 c:/altera/15.0/nios2eds/bin/gnu/h-x86_64-mingw32/bin/../lib/gcc/nios2-elf/4.9.1/../../../../../H-x86_64-mingw32/nios2-elf/lib/mno-hw-mul\libc.a(lib_a-wctomb_r.o)
 .comment       0x0000000000000000       0x24 c:/altera/15.0/nios2eds/bin/gnu/h-x86_64-mingw32/bin/../lib/gcc/nios2-elf/4.9.1/mno-hw-mul\libgcc.a(_muldi3.o)
 .comment       0x0000000000000000       0x24 c:/altera/15.0/nios2eds/bin/gnu/h-x86_64-mingw32/bin/../lib/gcc/nios2-elf/4.9.1/mno-hw-mul\libgcc.a(divdf3.o)
 .comment       0x0000000000000000       0x24 c:/altera/15.0/nios2eds/bin/gnu/h-x86_64-mingw32/bin/../lib/gcc/nios2-elf/4.9.1/mno-hw-mul\libgcc.a(eqdf2.o)
 .comment       0x0000000000000000       0x24 c:/altera/15.0/nios2eds/bin/gnu/h-x86_64-mingw32/bin/../lib/gcc/nios2-elf/4.9.1/mno-hw-mul\libgcc.a(gedf2.o)
 .comment       0x0000000000000000       0x24 c:/altera/15.0/nios2eds/bin/gnu/h-x86_64-mingw32/bin/../lib/gcc/nios2-elf/4.9.1/mno-hw-mul\libgcc.a(ledf2.o)
 .comment       0x0000000000000000       0x24 c:/altera/15.0/nios2eds/bin/gnu/h-x86_64-mingw32/bin/../lib/gcc/nios2-elf/4.9.1/mno-hw-mul\libgcc.a(muldf3.o)
 .comment       0x0000000000000000       0x24 c:/altera/15.0/nios2eds/bin/gnu/h-x86_64-mingw32/bin/../lib/gcc/nios2-elf/4.9.1/mno-hw-mul\libgcc.a(floatunsidf.o)
 .comment       0x0000000000000000       0x24 ../Vegetable-Viking_bsp/\libhal_bsp.a(alt_close.o)
 .comment       0x0000000000000000       0x24 ../Vegetable-Viking_bsp/\libhal_bsp.a(alt_dev.o)
 .comment       0x0000000000000000       0x24 ../Vegetable-Viking_bsp/\libhal_bsp.a(alt_errno.o)
 .comment       0x0000000000000000       0x24 ../Vegetable-Viking_bsp/\libhal_bsp.a(alt_fstat.o)
 .comment       0x0000000000000000       0x24 ../Vegetable-Viking_bsp/\libhal_bsp.a(alt_isatty.o)
 .comment       0x0000000000000000       0x24 ../Vegetable-Viking_bsp/\libhal_bsp.a(alt_load.o)
 .comment       0x0000000000000000       0x24 ../Vegetable-Viking_bsp/\libhal_bsp.a(alt_lseek.o)
 .comment       0x0000000000000000       0x24 ../Vegetable-Viking_bsp/\libhal_bsp.a(alt_main.o)
 .comment       0x0000000000000000       0x24 ../Vegetable-Viking_bsp/\libhal_bsp.a(alt_malloc_lock.o)
 .comment       0x0000000000000000       0x24 ../Vegetable-Viking_bsp/\libhal_bsp.a(alt_read.o)
 .comment       0x0000000000000000       0x24 ../Vegetable-Viking_bsp/\libhal_bsp.a(alt_release_fd.o)
 .comment       0x0000000000000000       0x24 ../Vegetable-Viking_bsp/\libhal_bsp.a(alt_sbrk.o)
 .comment       0x0000000000000000       0x24 ../Vegetable-Viking_bsp/\libhal_bsp.a(alt_write.o)
 .comment       0x0000000000000000       0x24 ../Vegetable-Viking_bsp/\libhal_bsp.a(alt_sys_init.o)
 .comment       0x0000000000000000       0x24 ../Vegetable-Viking_bsp/\libhal_bsp.a(altera_avalon_jtag_uart_fd.o)
 .comment       0x0000000000000000       0x24 ../Vegetable-Viking_bsp/\libhal_bsp.a(altera_avalon_jtag_uart_init.o)
 .comment       0x0000000000000000       0x24 ../Vegetable-Viking_bsp/\libhal_bsp.a(altera_avalon_jtag_uart_ioctl.o)
 .comment       0x0000000000000000       0x24 ../Vegetable-Viking_bsp/\libhal_bsp.a(altera_avalon_jtag_uart_read.o)
 .comment       0x0000000000000000       0x24 ../Vegetable-Viking_bsp/\libhal_bsp.a(altera_avalon_jtag_uart_write.o)
 .comment       0x0000000000000000       0x24 ../Vegetable-Viking_bsp/\libhal_bsp.a(alt_alarm_start.o)
 .comment       0x0000000000000000       0x24 ../Vegetable-Viking_bsp/\libhal_bsp.a(alt_dcache_flush_all.o)
 .comment       0x0000000000000000       0x24 ../Vegetable-Viking_bsp/\libhal_bsp.a(alt_dev_llist_insert.o)
 .comment       0x0000000000000000       0x24 ../Vegetable-Viking_bsp/\libhal_bsp.a(alt_do_ctors.o)
 .comment       0x0000000000000000       0x24 ../Vegetable-Viking_bsp/\libhal_bsp.a(alt_do_dtors.o)
 .comment       0x0000000000000000       0x24 ../Vegetable-Viking_bsp/\libhal_bsp.a(alt_icache_flush_all.o)
 .comment       0x0000000000000000       0x24 ../Vegetable-Viking_bsp/\libhal_bsp.a(alt_iic.o)
 .comment       0x0000000000000000       0x24 ../Vegetable-Viking_bsp/\libhal_bsp.a(alt_iic_isr_register.o)
 .comment       0x0000000000000000       0x24 ../Vegetable-Viking_bsp/\libhal_bsp.a(alt_io_redirect.o)
 .comment       0x0000000000000000       0x24 ../Vegetable-Viking_bsp/\libhal_bsp.a(alt_irq_handler.o)
 .comment       0x0000000000000000       0x24 ../Vegetable-Viking_bsp/\libhal_bsp.a(alt_irq_vars.o)
 .comment       0x0000000000000000       0x24 ../Vegetable-Viking_bsp/\libhal_bsp.a(alt_open.o)
 .comment       0x0000000000000000       0x24 ../Vegetable-Viking_bsp/\libhal_bsp.a(alt_tick.o)
 .comment       0x0000000000000000       0x24 ../Vegetable-Viking_bsp/\libhal_bsp.a(altera_nios2_gen2_irq.o)
 .comment       0x0000000000000000       0x24 ../Vegetable-Viking_bsp/\libhal_bsp.a(alt_find_dev.o)
 .comment       0x0000000000000000       0x24 ../Vegetable-Viking_bsp/\libhal_bsp.a(alt_find_file.o)
 .comment       0x0000000000000000       0x24 ../Vegetable-Viking_bsp/\libhal_bsp.a(alt_get_fd.o)
 .comment       0x0000000000000000       0x24 ../Vegetable-Viking_bsp/\libhal_bsp.a(alt_instruction_exception_entry.o)
 .comment       0x0000000000000000       0x24 c:/altera/15.0/nios2eds/bin/gnu/h-x86_64-mingw32/bin/../lib/gcc/nios2-elf/4.9.1/../../../../../H-x86_64-mingw32/nios2-elf/lib/mno-hw-mul\libc.a(lib_a-atexit.o)
 .comment       0x0000000000000000       0x24 c:/altera/15.0/nios2eds/bin/gnu/h-x86_64-mingw32/bin/../lib/gcc/nios2-elf/4.9.1/../../../../../H-x86_64-mingw32/nios2-elf/lib/mno-hw-mul\libc.a(lib_a-exit.o)
 .comment       0x0000000000000000       0x24 c:/altera/15.0/nios2eds/bin/gnu/h-x86_64-mingw32/bin/../lib/gcc/nios2-elf/4.9.1/../../../../../H-x86_64-mingw32/nios2-elf/lib/mno-hw-mul\libc.a(lib_a-memcmp.o)
 .comment       0x0000000000000000       0x24 c:/altera/15.0/nios2eds/bin/gnu/h-x86_64-mingw32/bin/../lib/gcc/nios2-elf/4.9.1/../../../../../H-x86_64-mingw32/nios2-elf/lib/mno-hw-mul\libc.a(lib_a-__atexit.o)
 .comment       0x0000000000000000       0x24 c:/altera/15.0/nios2eds/bin/gnu/h-x86_64-mingw32/bin/../lib/gcc/nios2-elf/4.9.1/../../../../../H-x86_64-mingw32/nios2-elf/lib/mno-hw-mul\libc.a(lib_a-__call_atexit.o)
 .comment       0x0000000000000000       0x24 ../Vegetable-Viking_bsp/\libhal_bsp.a(alt_exit.o)

.debug
 *(.debug)

.line
 *(.line)

.debug_srcinfo
 *(.debug_srcinfo)

.debug_sfnames
 *(.debug_sfnames)

.debug_aranges  0x0000000000000000      0xcf0
 *(.debug_aranges)
 .debug_aranges
                0x0000000000000000       0x28 ../Vegetable-Viking_bsp//obj/HAL/src/crt0.o
 .debug_aranges
                0x0000000000000028       0x20 obj/default/main.o
 .debug_aranges