Archive member included to satisfy reference by file (symbol)

c:/altera/15.0/nios2eds/bin/gnu/h-x86_64-mingw32/bin/../lib/gcc/nios2-elf/4.9.1/../../../../../H-x86_64-mingw32/nios2-elf/lib/mno-hw-mul\libm.a(lib_a-w_pow.o)
                              obj/default/main.o (pow)
c:/altera/15.0/nios2eds/bin/gnu/h-x86_64-mingw32/bin/../lib/gcc/nios2-elf/4.9.1/../../../../../H-x86_64-mingw32/nios2-elf/lib/mno-hw-mul\libm.a(lib_a-e_pow.o)
                              c:/altera/15.0/nios2eds/bin/gnu/h-x86_64-mingw32/bin/../lib/gcc/nios2-elf/4.9.1/../../../../../H-x86_64-mingw32/nios2-elf/lib/mno-hw-mul\libm.a(lib_a-w_pow.o) (__ieee754_pow)
c:/altera/15.0/nios2eds/bin/gnu/h-x86_64-mingw32/bin/../lib/gcc/nios2-elf/4.9.1/../../../../../H-x86_64-mingw32/nios2-elf/lib/mno-hw-mul\libm.a(lib_a-e_sqrt.o)
                              c:/altera/15.0/nios2eds/bin/gnu/h-x86_64-mingw32/bin/../lib/gcc/nios2-elf/4.9.1/../../../../../H-x86_64-mingw32/nios2-elf/lib/mno-hw-mul\libm.a(lib_a-e_pow.o) (__ieee754_sqrt)
c:/altera/15.0/nios2eds/bin/gnu/h-x86_64-mingw32/bin/../lib/gcc/nios2-elf/4.9.1/../../../../../H-x86_64-mingw32/nios2-elf/lib/mno-hw-mul\libm.a(lib_a-s_fabs.o)
                              c:/altera/15.0/nios2eds/bin/gnu/h-x86_64-mingw32/bin/../lib/gcc/nios2-elf/4.9.1/../../../../../H-x86_64-mingw32/nios2-elf/lib/mno-hw-mul\libm.a(lib_a-e_pow.o) (fabs)
c:/altera/15.0/nios2eds/bin/gnu/h-x86_64-mingw32/bin/../lib/gcc/nios2-elf/4.9.1/../../../../../H-x86_64-mingw32/nios2-elf/lib/mno-hw-mul\libm.a(lib_a-s_finite.o)
                              c:/altera/15.0/nios2eds/bin/gnu/h-x86_64-mingw32/bin/../lib/gcc/nios2-elf/4.9.1/../../../../../H-x86_64-mingw32/nios2-elf/lib/mno-hw-mul\libm.a(lib_a-w_pow.o) (finite)
c:/altera/15.0/nios2eds/bin/gnu/h-x86_64-mingw32/bin/../lib/gcc/nios2-elf/4.9.1/../../../../../H-x86_64-mingw32/nios2-elf/lib/mno-hw-mul\libm.a(lib_a-s_fpclassify.o)
                              c:/altera/15.0/nios2eds/bin/gnu/h-x86_64-mingw32/bin/../lib/gcc/nios2-elf/4.9.1/../../../../../H-x86_64-mingw32/nios2-elf/lib/mno-hw-mul\libm.a(lib_a-w_pow.o) (__fpclassifyd)
c:/altera/15.0/nios2eds/bin/gnu/h-x86_64-mingw32/bin/../lib/gcc/nios2-elf/4.9.1/../../../../../H-x86_64-mingw32/nios2-elf/lib/mno-hw-mul\libm.a(lib_a-s_lib_ver.o)
                              c:/altera/15.0/nios2eds/bin/gnu/h-x86_64-mingw32/bin/../lib/gcc/nios2-elf/4.9.1/../../../../../H-x86_64-mingw32/nios2-elf/lib/mno-hw-mul\libm.a(lib_a-w_pow.o) (__fdlib_version)
c:/altera/15.0/nios2eds/bin/gnu/h-x86_64-mingw32/bin/../lib/gcc/nios2-elf/4.9.1/../../../../../H-x86_64-mingw32/nios2-elf/lib/mno-hw-mul\libm.a(lib_a-s_matherr.o)
                              c:/altera/15.0/nios2eds/bin/gnu/h-x86_64-mingw32/bin/../lib/gcc/nios2-elf/4.9.1/../../../../../H-x86_64-mingw32/nios2-elf/lib/mno-hw-mul\libm.a(lib_a-w_pow.o) (matherr)
c:/altera/15.0/nios2eds/bin/gnu/h-x86_64-mingw32/bin/../lib/gcc/nios2-elf/4.9.1/../../../../../H-x86_64-mingw32/nios2-elf/lib/mno-hw-mul\libm.a(lib_a-s_nan.o)
                              c:/altera/15.0/nios2eds/bin/gnu/h-x86_64-mingw32/bin/../lib/gcc/nios2-elf/4.9.1/../../../../../H-x86_64-mingw32/nios2-elf/lib/mno-hw-mul\libm.a(lib_a-e_pow.o) (nan)
c:/altera/15.0/nios2eds/bin/gnu/h-x86_64-mingw32/bin/../lib/gcc/nios2-elf/4.9.1/../../../../../H-x86_64-mingw32/nios2-elf/lib/mno-hw-mul\libm.a(lib_a-s_rint.o)
                              c:/altera/15.0/nios2eds/bin/gnu/h-x86_64-mingw32/bin/../lib/gcc/nios2-elf/4.9.1/../../../../../H-x86_64-mingw32/nios2-elf/lib/mno-hw-mul\libm.a(lib_a-w_pow.o) (rint)
c:/altera/15.0/nios2eds/bin/gnu/h-x86_64-mingw32/bin/../lib/gcc/nios2-elf/4.9.1/../../../../../H-x86_64-mingw32/nios2-elf/lib/mno-hw-mul\libm.a(lib_a-s_scalbn.o)
                              c:/altera/15.0/nios2eds/bin/gnu/h-x86_64-mingw32/bin/../lib/gcc/nios2-elf/4.9.1/../../../../../H-x86_64-mingw32/nios2-elf/lib/mno-hw-mul\libm.a(lib_a-e_pow.o) (scalbn)
c:/altera/15.0/nios2eds/bin/gnu/h-x86_64-mingw32/bin/../lib/gcc/nios2-elf/4.9.1/../../../../../H-x86_64-mingw32/nios2-elf/lib/mno-hw-mul\libm.a(lib_a-s_copysign.o)
                              c:/altera/15.0/nios2eds/bin/gnu/h-x86_64-mingw32/bin/../lib/gcc/nios2-elf/4.9.1/../../../../../H-x86_64-mingw32/nios2-elf/lib/mno-hw-mul\libm.a(lib_a-s_scalbn.o) (copysign)
c:/altera/15.0/nios2eds/bin/gnu/h-x86_64-mingw32/bin/../lib/gcc/nios2-elf/4.9.1/mno-hw-mul\libgcc.a(_muldi3.o)
                              obj/default/main.o (__muldi3)
c:/altera/15.0/nios2eds/bin/gnu/h-x86_64-mingw32/bin/../lib/gcc/nios2-elf/4.9.1/mno-hw-mul\libgcc.a(_fixunsdfsi.o)
                              obj/default/main.o (__fixunsdfsi)
c:/altera/15.0/nios2eds/bin/gnu/h-x86_64-mingw32/bin/../lib/gcc/nios2-elf/4.9.1/mno-hw-mul\libgcc.a(_udivdi3.o)
                              obj/default/main.o (__udivdi3)
c:/altera/15.0/nios2eds/bin/gnu/h-x86_64-mingw32/bin/../lib/gcc/nios2-elf/4.9.1/mno-hw-mul\libgcc.a(_umoddi3.o)
                              obj/default/main.o (__umoddi3)
[...]
Memory Configuration

Name             Origin             Length             Attributes
onchip_memory2_0 0x0000000000000000 0x0000000000000010
reset            0x0000000010000000 0x0000000000000020
sdram            0x0000000010000020 0x0000000007ffffe0
*default*        0x0000000000000000 0xffffffffffffffff

Linker script and memory map

LOAD ../Vegetable-Viking_bsp//obj/HAL/src/crt0.o
LOAD obj/default/main.o
LOAD c:/altera/15.0/nios2eds/bin/gnu/h-x86_64-mingw32/bin/../lib/gcc/nios2-elf/4.9.1/../../../../../H-x86_64-mingw32/nios2-elf/lib/mno-hw-mul\libstdc++.a
LOAD c:/altera/15.0/nios2eds/bin/gnu/h-x86_64-mingw32/bin/../lib/gcc/nios2-elf/4.9.1/../../../../../H-x86_64-mingw32/nios2-elf/lib/mno-hw-mul\libm.a
LOAD c:/altera/15.0/nios2eds/bin/gnu/h-x86_64-mingw32/bin/../lib/gcc/nios2-elf/4.9.1/mno-hw-mul\libgcc.a
START GROUP
LOAD c:/altera/15.0/nios2eds/bin/gnu/h-x86_64-mingw32/bin/../lib/gcc/nios2-elf/4.9.1/../../../../../H-x86_64-mingw32/nios2-elf/lib/mno-hw-mul\libc.a
LOAD c:/altera/15.0/nios2eds/bin/gnu/h-x86_64-mingw32/bin/../lib/gcc/nios2-elf/4.9.1/mno-hw-mul\libgcc.a
LOAD ../Vegetable-Viking_bsp/\libhal_bsp.a
LOAD c:/altera/15.0/nios2eds/bin/gnu/h-x86_64-mingw32/bin/../lib/gcc/nios2-elf/4.9.1/../../../../../H-x86_64-mingw32/nios2-elf/lib/mno-hw-mul\libm.a
END GROUP
LOAD c:/altera/15.0/nios2eds/bin/gnu/h-x86_64-mingw32/bin/../lib/gcc/nios2-elf/4.9.1/mno-hw-mul\libgcc.a
                0x0000000000000000                __alt_mem_onchip_memory2_0 = 0x0
                0x0000000010000000                __alt_mem_sdram = 0x10000000

.entry          0x0000000010000000       0x20
 *(.entry)
 .entry         0x0000000010000000       0x20 ../Vegetable-Viking_bsp//obj/HAL/src/crt0.o
                0x0000000010000000                __reset

.exceptions     0x0000000010000020      0x20c
                0x0000000010000020                PROVIDE (__ram_exceptions_start, ABSOLUTE (.))
                0x0000000010000020                . = ALIGN (0x20)
 *(.irq)
 *(.exceptions.entry.label)
 .exceptions.entry.label
                0x0000000010000020        0x0 ../Vegetable-Viking_bsp/\libhal_bsp.a(alt_irq_entry.o)
                0x0000000010000020                alt_irq_entry
 .exceptions.entry.label
                0x0000000010000020        0x0 ../Vegetable-Viking_bsp/\libhal_bsp.a(alt_exception_entry.o)
                0x0000000010000020                alt_exception
 *(.exceptions.entry.user)
 *(.exceptions.entry.ecc_fatal)
 *(.exceptions.entry)
 .exceptions.entry
                0x0000000010000020       0x54 ../Vegetable-Viking_bsp/\libhal_bsp.a(alt_exception_entry.o)
 *(.exceptions.irqtest.user)
 *(.exceptions.irqtest)
 .exceptions.irqtest
                0x0000000010000074       0x10 ../Vegetable-Viking_bsp/\libhal_bsp.a(alt_irq_entry.o)
 *(.exceptions.irqhandler.user)
 *(.exceptions.irqhandler)
 .exceptions.irqhandler
                0x0000000010000084        0x4 ../Vegetable-Viking_bsp/\libhal_bsp.a(alt_irq_entry.o)
 *(.exceptions.irqreturn.user)
 *(.exceptions.irqreturn)
 .exceptions.irqreturn
                0x0000000010000088        0x4 ../Vegetable-Viking_bsp/\libhal_bsp.a(alt_irq_entry.o)
 *(.exceptions.notirq.label)
 .exceptions.notirq.label
                0x000000001000008c        0x0 ../Vegetable-Viking_bsp/\libhal_bsp.a(alt_irq_entry.o)
 *(.exceptions.notirq.user)
 *(.exceptions.notirq)
 .exceptions.notirq
                0x000000001000008c        0x8 ../Vegetable-Viking_bsp/\libhal_bsp.a(alt_exception_entry.o)
 *(.exceptions.soft.user)
 *(.exceptions.soft)
 *(.exceptions.unknown.user)
 *(.exceptions.unknown)
 .exceptions.unknown
                0x0000000010000094       0x14 ../Vegetable-Viking_bsp/\libhal_bsp.a(alt_exception_entry.o)
 *(.exceptions.exit.label)
 .exceptions.exit.label
                0x00000000100000a8        0x0 ../Vegetable-Viking_bsp/\libhal_bsp.a(alt_irq_entry.o)
 .exceptions.exit.label
                0x00000000100000a8        0x0 ../Vegetable-Viking_bsp/\libhal_bsp.a(alt_exception_entry.o)
 *(.exceptions.exit.user)
 *(.exceptions.exit)
 .exceptions.exit
                0x00000000100000a8       0x54 ../Vegetable-Viking_bsp/\libhal_bsp.a(alt_exception_entry.o)
 *(.exceptions)
 .exceptions    0x00000000100000fc       0xd0 ../Vegetable-Viking_bsp/\libhal_bsp.a(alt_irq_handler.o)
                0x00000000100000fc                alt_irq_handler
 .exceptions    0x00000000100001cc       0x60 ../Vegetable-Viking_bsp/\libhal_bsp.a(alt_instruction_exception_entry.o)
                0x00000000100001cc                alt_instruction_exception_entry
                0x000000001000022c                PROVIDE (__ram_exceptions_end, ABSOLUTE (.))
                0x0000000010000020                PROVIDE (__flash_exceptions_start, LOADADDR (.exceptions))

.text           0x000000001000022c     0xb93c
                0x000000001000022c                PROVIDE (stext, ABSOLUTE (.))
 *(.interp)
 *(.hash)
 *(.dynsym)
 *(.dynstr)
 *(.gnu.version)
 *(.gnu.version_d)
 *(.gnu.version_r)
 *(.rel.init)
 *(.rela.init)
 *(.rel.text .rel.text.* .rel.gnu.linkonce.t.*)
 *(.rela.text .rela.text.* .rela.gnu.linkonce.t.*)
 *(.rel.fini)
 *(.rela.fini)
 *(.rel.rodata .rel.rodata.* .rel.gnu.linkonce.r.*)
 *(.rela.rodata .rela.rodata.* .rela.gnu.linkonce.r.*)
 *(.rel.data .rel.data.* .rel.gnu.linkonce.d.*)
 *(.rela.data .rela.data.* .rela.gnu.linkonce.d.*)
 *(.rel.tdata .rel.tdata.* .rel.gnu.linkonce.td.*)
 *(.rela.tdata .rela.tdata.* .rela.gnu.linkonce.td.*)
 *(.rel.tbss .rel.tbss.* .rel.gnu.linkonce.tb.*)
 *(.rela.tbss .rela.tbss.* .rela.gnu.linkonce.tb.*)
 *(.rel.ctors)
 *(.rela.ctors)
 *(.rel.dtors)
 *(.rela.dtors)
 *(.rel.got)
 *(.rela.got)
 *(.rel.sdata .rel.sdata.* .rel.gnu.linkonce.s.*)
 *(.rela.sdata .rela.sdata.* .rela.gnu.linkonce.s.*)
 *(.rel.sbss .rel.sbss.* .rel.gnu.linkonce.sb.*)
 *(.rela.sbss .rela.sbss.* .rela.gnu.linkonce.sb.*)
 *(.rel.sdata2 .rel.sdata2.* .rel.gnu.linkonce.s2.*)
 *(.rela.sdata2 .rela.sdata2.* .rela.gnu.linkonce.s2.*)
 *(.rel.sbss2 .rel.sbss2.* .rel.gnu.linkonce.sb2.*)
 *(.rela.sbss2 .rela.sbss2.* .rela.gnu.linkonce.sb2.*)
 *(.rel.bss .rel.bss.* .rel.gnu.linkonce.b.*)
 *(.rela.bss .rela.bss.* .rela.gnu.linkonce.b.*)
 *(.rel.plt)
 *(.rela.plt)
 *(.rel.dyn)
 *(.init)
 *(.plt)
 *(.text .stub .text.* .gnu.linkonce.t.*)
 .text          0x000000001000022c       0x3c ../Vegetable-Viking_bsp//obj/HAL/src/crt0.o
                0x000000001000022c                _start
 .text          0x0000000010000268     0x1248 obj/default/main.o
                0x0000000010000268                main
                0x0000000010000518                spawningEngine
                0x00000000100007c4                physicsEngine
                0x0000000010000b98                FPGAcommunicator
                0x0000000010000d8c                messagePackager
                0x00000000100011a8                port2Unpackager
                0x000000001000127c                convertDecimalToBinary
                0x0000000010001338                convertBinaryToDecimal
 .text          0x00000000100014b0      0x4a4 c:/altera/15.0/nios2eds/bin/gnu/h-x86_64-mingw32/bin/../lib/gcc/nios2-elf/4.9.1/../../../../../H-x86_64-mingw32/nios2-elf/lib/mno-hw-mul\libm.a(lib_a-w_pow.o)
                0x00000000100014b0                pow
 .text          0x0000000010001954     0x10cc c:/altera/15.0/nios2eds/bin/gnu/h-x86_64-mingw32/bin/../lib/gcc/nios2-elf/4.9.1/../../../../../H-x86_64-mingw32/nios2-elf/lib/mno-hw-mul\libm.a(lib_a-e_pow.o)
                0x0000000010001954                __ieee754_pow
 .text          0x0000000010002a20      0x294 c:/altera/15.0/nios2eds/bin/gnu/h-x86_64-mingw32/bin/../lib/gcc/nios2-elf/4.9.1/../../../../../H-x86_64-mingw32/nios2-elf/lib/mno-hw-mul\libm.a(lib_a-e_sqrt.o)
                0x0000000010002a20                __ieee754_sqrt
 .text          0x0000000010002cb4       0x14 c:/altera/15.0/nios2eds/bin/gnu/h-x86_64-mingw32/bin/../lib/gcc/nios2-elf/4.9.1/../../../../../H-x86_64-mingw32/nios2-elf/lib/mno-hw-mul\libm.a(lib_a-s_fabs.o)
                0x0000000010002cb4                fabs
 .text          0x0000000010002cc8       0x1c c:/altera/15.0/nios2eds/bin/gnu/h-x86_64-mingw32/bin/../lib/gcc/nios2-elf/4.9.1/../../../../../H-x86_64-mingw32/nios2-elf/lib/mno-hw-mul\libm.a(lib_a-s_finite.o)
                0x0000000010002cc8                finite
 .text          0x0000000010002ce4       0x74 c:/altera/15.0/nios2eds/bin/gnu/h-x86_64-mingw32/bin/../lib/gcc/nios2-elf/4.9.1/../../../../../H-x86_64-mingw32/nios2-elf/lib/mno-hw-mul\libm.a(lib_a-s_fpclassify.o)
                0x0000000010002ce4                __fpclassifyd
 .text          0x0000000010002d58        0x0 c:/altera/15.0/nios2eds/bin/gnu/h-x86_64-mingw32/bin/../lib/gcc/nios2-elf/4.9.1/../../../../../H-x86_64-mingw32/nios2-elf/lib/mno-hw-mul\libm.a(lib_a-s_lib_ver.o)
 .text          0x0000000010002d58        0x8 c:/altera/15.0/nios2eds/bin/gnu/h-x86_64-mingw32/bin/../lib/gcc/nios2-elf/4.9.1/../../../../../H-x86_64-mingw32/nios2-elf/lib/mno-hw-mul\libm.a(lib_a-s_matherr.o)
                0x0000000010002d58                matherr
 .text          0x0000000010002d60        0xc c:/altera/15.0/nios2eds/bin/gnu/h-x86_64-mingw32/bin/../lib/gcc/nios2-elf/4.9.1/../../../../../H-x86_64-mingw32/nios2-elf/lib/mno-hw-mul\libm.a(lib_a-s_nan.o)
                0x0000000010002d60                nan
 .text          0x0000000010002d6c      0x1e4 c:/altera/15.0/nios2eds/bin/gnu/h-x86_64-mingw32/bin/../lib/gcc/nios2-elf/4.9.1/../../../../../H-x86_64-mingw32/nios2-elf/lib/mno-hw-mul\libm.a(lib_a-s_rint.o)
                0x0000000010002d6c                rint
 .text          0x0000000010002f50      0x1cc c:/altera/15.0/nios2eds/bin/gnu/h-x86_64-mingw32/bin/../lib/gcc/nios2-elf/4.9.1/../../../../../H-x86_64-mingw32/nios2-elf/lib/mno-hw-mul\libm.a(lib_a-s_scalbn.o)
                0x0000000010002f50                scalbn
 .text          0x000000001000311c       0x1c c:/altera/15.0/nios2eds/bin/gnu/h-x86_64-mingw32/bin/../lib/gcc/nios2-elf/4.9.1/../../../../../H-x86_64-mingw32/nios2-elf/lib/mno-hw-mul\libm.a(lib_a-s_copysign.o)
                0x000000001000311c                copysign
 .text          0x0000000010003138      0x10c c:/altera/15.0/nios2eds/bin/gnu/h-x86_64-mingw32/bin/../lib/gcc/nios2-elf/4.9.1/mno-hw-mul\libgcc.a(_muldi3.o)
                0x0000000010003138                __muldi3
 .text          0x0000000010003244       0x74 c:/altera/15.0/nios2eds/bin/gnu/h-x86_64-mingw32/bin/../lib/gcc/nios2-elf/4.9.1/mno-hw-mul\libgcc.a(_fixunsdfsi.o)
                0x0000000010003244                __fixunsdfsi
 .text          0x00000000100032b8      0x640 c:/altera/15.0/nios2eds/bin/gnu/h-x86_64-mingw32/bin/../lib/gcc/nios2-elf/4.9.1/mno-hw-mul\libgcc.a(_udivdi3.o)
                0x00000000100032b8                __udivdi3
 .text          0x00000000100038f8      0x61c c:/altera/15.0/nios2eds/bin/gnu/h-x86_64-mingw32/bin/../lib/gcc/nios2-elf/4.9.1/mno-hw-mul\libgcc.a(_umoddi3.o)
                0x00000000100038f8                __umoddi3
 .text          0x0000000010003f14      0x12c c:/altera/15.0/nios2eds/bin/gnu/h-x86_64-mingw32/bin/../lib/gcc/nios2-elf/4.9.1/mno-hw-mul\libgcc.a(lib2-divmod.o)
                0x0000000010003f80                __divsi3
                0x0000000010003fd4                __modsi3
                0x0000000010004030                __udivsi3
                0x0000000010004038                __umodsi3
 .text          0x0000000010004040       0x28 c:/altera/15.0/nios2eds/bin/gnu/h-x86_64-mingw32/bin/../lib/gcc/nios2-elf/4.9.1/mno-hw-mul\libgcc.a(lib2-mul.o)
                0x0000000010004040                __mulsi3
 .text          0x0000000010004068      0x89c c:/altera/15.0/nios2eds/bin/gnu/h-x86_64-mingw32/bin/../lib/gcc/nios2-elf/4.9.1/mno-hw-mul\libgcc.a(adddf3.o)
                0x0000000010004068                __adddf3
 .text          0x0000000010004904      0x980 c:/altera/15.0/nios2eds/bin/gnu/h-x86_64-mingw32/bin/../lib/gcc/nios2-elf/4.9.1/mno-hw-mul\libgcc.a(divdf3.o)
                0x0000000010004904                __divdf3
 .text          0x0000000010005284       0x84 c:/altera/15.0/nios2eds/bin/gnu/h-x86_64-mingw32/bin/../lib/gcc/nios2-elf/4.9.1/mno-hw-mul\libgcc.a(eqdf2.o)
                0x0000000010005284                __nedf2
                0x0000000010005284                __eqdf2
 .text          0x0000000010005308       0xe0 c:/altera/15.0/nios2eds/bin/gnu/h-x86_64-mingw32/bin/../lib/gcc/nios2-elf/4.9.1/mno-hw-mul\libgcc.a(gedf2.o)
                0x0000000010005308                __gedf2
                0x0000000010005308                __gtdf2
 .text          0x00000000100053e8       0xe0 c:/altera/15.0/nios2eds/bin/gnu/h-x86_64-mingw32/bin/../lib/gcc/nios2-elf/4.9.1/mno-hw-mul\libgcc.a(ledf2.o)
                0x00000000100053e8                __ledf2
                0x00000000100053e8                __ltdf2
 .text          0x00000000100054c8      0x86c c:/altera/15.0/nios2eds/bin/gnu/h-x86_64-mingw32/bin/../lib/gcc/nios2-elf/4.9.1/mno-hw-mul\libgcc.a(muldf3.o)
                0x00000000100054c8                __muldf3
 .text          0x0000000010005d34      0x8d0 c:/altera/15.0/nios2eds/bin/gnu/h-x86_64-mingw32/bin/../lib/gcc/nios2-elf/4.9.1/mno-hw-mul\libgcc.a(subdf3.o)
                0x0000000010005d34                __subdf3
 .text          0x0000000010006604       0x88 c:/altera/15.0/nios2eds/bin/gnu/h-x86_64-mingw32/bin/../lib/gcc/nios2-elf/4.9.1/mno-hw-mul\libgcc.a(fixdfsi.o)
                0x0000000010006604                __fixdfsi
 .text          0x000000001000668c       0xd0 c:/altera/15.0/nios2eds/bin/gnu/h-x86_64-mingw32/bin/../lib/gcc/nios2-elf/4.9.1/mno-hw-mul\libgcc.a(floatsidf.o)
                0x000000001000668c                __floatsidf
 .text          0x000000001000675c       0xa4 c:/altera/15.0/nios2eds/bin/gnu/h-x86_64-mingw32/bin/../lib/gcc/nios2-elf/4.9.1/mno-hw-mul\libgcc.a(floatunsidf.o)
                0x000000001000675c                __floatunsidf
 .text          0x0000000010006800        0x0 c:/altera/15.0/nios2eds/bin/gnu/h-x86_64-mingw32/bin/../lib/gcc/nios2-elf/4.9.1/mno-hw-mul\libgcc.a(_clz.o)
 .text          0x0000000010006800       0x64 c:/altera/15.0/nios2eds/bin/gnu/h-x86_64-mingw32/bin/../lib/gcc/nios2-elf/4.9.1/mno-hw-mul\libgcc.a(_clzsi2.o)
                0x0000000010006800                __clzsi2
 .text          0x0000000010006864       0x10 c:/altera/15.0/nios2eds/bin/gnu/h-x86_64-mingw32/bin/../lib/gcc/nios2-elf/4.9.1/../../../../../H-x86_64-mingw32/nios2-elf/lib/mno-hw-mul\libc.a(lib_a-errno.o)
                0x0000000010006864                __errno
 .text          0x0000000010006874        0x0 c:/altera/15.0/nios2eds/bin/gnu/h-x86_64-mingw32/bin/../lib/gcc/nios2-elf/4.9.1/../../../../../H-x86_64-mingw32/nios2-elf/lib/mno-hw-mul\libc.a(lib_a-impure.o)
 .text          0x0000000010006874       0xcc c:/altera/15.0/nios2eds/bin/gnu/h-x86_64-mingw32/bin/../lib/gcc/nios2-elf/4.9.1/../../../../../H-x86_64-mingw32/nios2-elf/lib/mno-hw-mul\libc.a(lib_a-puts.o)
                0x0000000010006874                _puts_r
                0x000000001000692c                puts
 .text          0x0000000010006940       0x7c c:/altera/15.0/nios2eds/bin/gnu/h-x86_64-mingw32/bin/../lib/gcc/nios2-elf/4.9.1/../../../../../H-x86_64-mingw32/nios2-elf/lib/mno-hw-mul\libc.a(lib_a-rand.o)
                0x0000000010006940                srand
                0x0000000010006958                rand
 .text          0x00000000100069bc       0x98 c:/altera/15.0/nios2eds/bin/gnu/h-x86_64-mingw32/bin/../lib/gcc/nios2-elf/4.9.1/../../../../../H-x86_64-mingw32/nios2-elf/lib/mno-hw-mul\libc.a(lib_a-strlen.o)
                0x00000000100069bc                strlen
 .text          0x0000000010006a54      0x4a4 c:/altera/15.0/nios2eds/bin/gnu/h-x86_64-mingw32/bin/../lib/gcc/nios2-elf/4.9.1/../../../../../H-x86_64-mingw32/nios2-elf/lib/mno-hw-mul\libc.a(lib_a-fvwrite.o)
                0x0000000010006a54                __sfvwrite_r
 .text          0x0000000010006ef8      0x7a8 c:/altera/15.0/nios2eds/bin/gnu/h-x86_64-mingw32/bin/../lib/gcc/nios2-elf/4.9.1/../../../../../H-x86_64-mingw32/nios2-elf/lib/mno-hw-mul\libc.a(lib_a-mallocr.o)
                0x0000000010006ef8                _malloc_r
 .text          0x00000000100076a0       0xe8 c:/altera/15.0/nios2eds/bin/gnu/h-x86_64-mingw32/bin/../lib/gcc/nios2-elf/4.9.1/../../../../../H-x86_64-mingw32/nios2-elf/lib/mno-hw-mul\libc.a(lib_a-memchr.o)
                0x00000000100076a0                memchr
 .text          0x0000000010007788      0x138 c:/altera/15.0/nios2eds/bin/gnu/h-x86_64-mingw32/bin/../lib/gcc/nios2-elf/4.9.1/../../../../../H-x86_64-mingw32/nios2-elf/lib/mno-hw-mul\libc.a(lib_a-memcpy.o)
                0x0000000010007788                memcpy
 .text          0x00000000100078c0      0x15c c:/altera/15.0/nios2eds/bin/gnu/h-x86_64-mingw32/bin/../lib/gcc/nios2-elf/4.9.1/../../../../../H-x86_64-mingw32/nios2-elf/lib/mno-hw-mul\libc.a(lib_a-memmove.o)
                0x00000000100078c0                memmove
 .text          0x0000000010007a1c      0x5a0 c:/altera/15.0/nios2eds/bin/gnu/h-x86_64-mingw32/bin/../lib/gcc/nios2-elf/4.9.1/../../../../../H-x86_64-mingw32/nios2-elf/lib/mno-hw-mul\libc.a(lib_a-reallocr.o)
                0x0000000010007a1c                _realloc_r
 .text          0x0000000010007fbc       0x54 c:/altera/15.0/nios2eds/bin/gnu/h-x86_64-mingw32/bin/../lib/gcc/nios2-elf/4.9.1/../../../../../H-x86_64-mingw32/nios2-elf/lib/mno-hw-mul\libc.a(lib_a-sbrkr.o)
                0x0000000010007fbc                _sbrk_r
 .text          0x0000000010008010      0x130 c:/altera/15.0/nios2eds/bin/gnu/h-x86_64-mingw32/bin/../lib/gcc/nios2-elf/4.9.1/../../../../../H-x86_64-mingw32/nios2-elf/lib/mno-hw-mul\libc.a(lib_a-wsetup.o)
                0x0000000010008010                __swsetup_r
 .text          0x0000000010008140      0x258 c:/altera/15.0/nios2eds/bin/gnu/h-x86_64-mingw32/bin/../lib/gcc/nios2-elf/4.9.1/../../../../../H-x86_64-mingw32/nios2-elf/lib/mno-hw-mul\libc.a(lib_a-fflush.o)
                0x0000000010008140                _fflush_r
                0x0000000010008368                fflush
 .text          0x0000000010008398      0x3b4 c:/altera/15.0/nios2eds/bin/gnu/h-x86_64-mingw32/bin/../lib/gcc/nios2-elf/4.9.1/../../../../../H-x86_64-mingw32/nios2-elf/lib/mno-hw-mul\libc.a(lib_a-findfp.o)
                0x00000000100083a8                _cleanup_r
                0x0000000010008554                __sfmoreglue
                0x00000000100085cc                __sfp
                0x00000000100086e4                _cleanup
                0x00000000100086fc                __sinit
                0x000000001000870c                __sfp_lock_acquire
                0x0000000010008710                __sfp_lock_release
                0x0000000010008714                __sinit_lock_acquire
                0x0000000010008718                __sinit_lock_release
                0x000000001000871c                __fp_lock_all
                0x0000000010008734                __fp_unlock_all
 .text          0x000000001000874c      0x414 c:/altera/15.0/nios2eds/bin/gnu/h-x86_64-mingw32/bin/../lib/gcc/nios2-elf/4.9.1/../../../../../H-x86_64-mingw32/nios2-elf/lib/mno-hw-mul\libc.a(lib_a-freer.o)
                0x000000001000874c                _malloc_trim_r
                0x0000000010008870                _free_r
 .text          0x0000000010008b60      0x170 c:/altera/15.0/nios2eds/bin/gnu/h-x86_64-mingw32/bin/../lib/gcc/nios2-elf/4.9.1/../../../../../H-x86_64-mingw32/nios2-elf/lib/mno-hw-mul\libc.a(lib_a-fwalk.o)
                0x0000000010008b60                _fwalk
                0x0000000010008c18                _fwalk_reent
 .text          0x0000000010008cd0        0x0 c:/altera/15.0/nios2eds/bin/gnu/h-x86_64-mingw32/bin/../lib/gcc/nios2-elf/4.9.1/../../../../../H-x86_64-mingw32/nios2-elf/lib/mno-hw-mul\libc.a(lib_a-int_errno.o)
 .text          0x0000000010008cd0      0x1b8 c:/altera/15.0/nios2eds/bin/gnu/h-x86_64-mingw32/bin/../lib/gcc/nios2-elf/4.9.1/../../../../../H-x86_64-mingw32/nios2-elf/lib/mno-hw-mul\libc.a(lib_a-makebuf.o)
                0x0000000010008cd0                __smakebuf_r
 .text          0x0000000010008e88      0x124 c:/altera/15.0/nios2eds/bin/gnu/h-x86_64-mingw32/bin/../lib/gcc/nios2-elf/4.9.1/../../../../../H-x86_64-mingw32/nios2-elf/lib/mno-hw-mul\libc.a(lib_a-memset.o)
                0x0000000010008e88                memset
 .text          0x0000000010008fac      0x13c c:/altera/15.0/nios2eds/bin/gnu/h-x86_64-mingw32/bin/../lib/gcc/nios2-elf/4.9.1/../../../../../H-x86_64-mingw32/nios2-elf/lib/mno-hw-mul\libc.a(lib_a-stdio.o)
                0x0000000010008fac                __sread
                0x0000000010009000                __seofread
                0x0000000010009008                __swrite
                0x0000000010009084                __sseek
                0x00000000100090e0                __sclose
 .text          0x00000000100090e8       0x5c c:/altera/15.0/nios2eds/bin/gnu/h-x86_64-mingw32/bin/../lib/gcc/nios2-elf/4.9.1/../../../../../H-x86_64-mingw32/nios2-elf/lib/mno-hw-mul\libc.a(lib_a-writer.o)
                0x00000000100090e8                _write_r
 .text          0x0000000010009144       0x54 c:/altera/15.0/nios2eds/bin/gnu/h-x86_64-mingw32/bin/../lib/gcc/nios2-elf/4.9.1/../../../../../H-x86_64-mingw32/nios2-elf/lib/mno-hw-mul\libc.a(closer.o)
                0x0000000010009144                _close_r
 .text          0x0000000010009198      0x114 c:/altera/15.0/nios2eds/bin/gnu/h-x86_64-mingw32/bin/../lib/gcc/nios2-elf/4.9.1/../../../../../H-x86_64-mingw32/nios2-elf/lib/mno-hw-mul\libc.a(lib_a-fclose.o)
                0x0000000010009198                _fclose_r
                0x0000000010009298                fclose
 .text          0x00000000100092ac       0x58 c:/altera/15.0/nios2eds/bin/gnu/h-x86_64-mingw32/bin/../lib/gcc/nios2-elf/4.9.1/../../../../../H-x86_64-mingw32/nios2-elf/lib/mno-hw-mul\libc.a(lib_a-fstatr.o)
                0x00000000100092ac                _fstat_r
 .text          0x0000000010009304       0x54 c:/altera/15.0/nios2eds/bin/gnu/h-x86_64-mingw32/bin/../lib/gcc/nios2-elf/4.9.1/../../../../../H-x86_64-mingw32/nios2-elf/lib/mno-hw-mul\libc.a(lib_a-isattyr.o)
                0x0000000010009304                _isatty_r
 .text          0x0000000010009358       0x5c c:/altera/15.0/nios2eds/bin/gnu/h-x86_64-mingw32/bin/../lib/gcc/nios2-elf/4.9.1/../../../../../H-x86_64-mingw32/nios2-elf/lib/mno-hw-mul\libc.a(lib_a-lseekr.o)
                0x0000000010009358                _lseek_r
 .text          0x00000000100093b4       0x5c c:/altera/15.0/nios2eds/bin/gnu/h-x86_64-mingw32/bin/../lib/gcc/nios2-elf/4.9.1/../../../../../H-x86_64-mingw32/nios2-elf/lib/mno-hw-mul\libc.a(lib_a-readr.o)
                0x00000000100093b4                _read_r
 .text          0x0000000010009410      0x128 ../Vegetable-Viking_bsp/\libhal_bsp.a(alt_close.o)
                0x0000000010009460                close
 .text          0x0000000010009538       0x2c ../Vegetable-Viking_bsp/\libhal_bsp.a(alt_dev.o)
 .text          0x0000000010009564        0x0 ../Vegetable-Viking_bsp/\libhal_bsp.a(alt_errno.o)
 .text          0x0000000010009564      0x108 ../Vegetable-Viking_bsp/\libhal_bsp.a(alt_fstat.o)
                0x00000000100095b4                fstat
 .text          0x000000001000966c       0xfc ../Vegetable-Viking_bsp/\libhal_bsp.a(alt_isatty.o)
                0x00000000100096bc                isatty
 .text          0x0000000010009768       0xe4 ../Vegetable-Viking_bsp/\libhal_bsp.a(alt_load.o)
                0x00000000100097cc                alt_load
 .text          0x000000001000984c      0x12c ../Vegetable-Viking_bsp/\libhal_bsp.a(alt_lseek.o)
                0x000000001000989c                lseek
 .text          0x0000000010009978       0x78 ../Vegetable-Viking_bsp/\libhal_bsp.a(alt_main.o)
                0x0000000010009978                alt_main
 .text          0x00000000100099f0       0x40 ../Vegetable-Viking_bsp/\libhal_bsp.a(alt_malloc_lock.o)
                0x00000000100099f0                __malloc_lock
                0x0000000010009a10                __malloc_unlock
 .text          0x0000000010009a30      0x154 ../Vegetable-Viking_bsp/\libhal_bsp.a(alt_read.o)
                0x0000000010009a80                read
 .text          0x0000000010009b84       0x80 ../Vegetable-Viking_bsp/\libhal_bsp.a(alt_release_fd.o)
                0x0000000010009b84                alt_release_fd
 .text          0x0000000010009c04       0xb0 ../Vegetable-Viking_bsp/\libhal_bsp.a(alt_sbrk.o)
                0x0000000010009c04                sbrk
 .text          0x0000000010009cb4      0x150 ../Vegetable-Viking_bsp/\libhal_bsp.a(alt_write.o)
                0x0000000010009d04                write
 .text          0x0000000010009e04       0xb4 ../Vegetable-Viking_bsp/\libhal_bsp.a(alt_sys_init.o)
                0x0000000010009e3c                alt_irq_init
                0x0000000010009e70                alt_sys_init
 .text          0x0000000010009eb8      0x164 ../Vegetable-Viking_bsp/\libhal_bsp.a(altera_avalon_jtag_uart_fd.o)
                0x0000000010009eb8                altera_avalon_jtag_uart_read_fd
                0x0000000010009f18                altera_avalon_jtag_uart_write_fd
                0x0000000010009f78                altera_avalon_jtag_uart_close_fd
                0x0000000010009fc8                altera_avalon_jtag_uart_ioctl_fd
 .text          0x000000001000a01c      0x3d8 ../Vegetable-Viking_bsp/\libhal_bsp.a(altera_avalon_jtag_uart_init.o)
                0x000000001000a01c                altera_avalon_jtag_uart_init
                0x000000001000a38c                altera_avalon_jtag_uart_close
 .text          0x000000001000a3f4       0xec ../Vegetable-Viking_bsp/\libhal_bsp.a(altera_avalon_jtag_uart_ioctl.o)
                0x000000001000a3f4                altera_avalon_jtag_uart_ioctl
 .text          0x000000001000a4e0      0x20c ../Vegetable-Viking_bsp/\libhal_bsp.a(altera_avalon_jtag_uart_read.o)
                0x000000001000a4e0                altera_avalon_jtag_uart_read
 .text          0x000000001000a6ec      0x218 ../Vegetable-Viking_bsp/\libhal_bsp.a(altera_avalon_jtag_uart_write.o)
                0x000000001000a6ec                altera_avalon_jtag_uart_write
 .text          0x000000001000a904      0x140 ../Vegetable-Viking_bsp/\libhal_bsp.a(alt_alarm_start.o)
                0x000000001000a904                alt_alarm_start
 .text          0x000000001000aa44       0x1c ../Vegetable-Viking_bsp/\libhal_bsp.a(alt_dcache_flush_all.o)
                0x000000001000aa44                alt_dcache_flush_all
 .text          0x000000001000aa60       0xf4 ../Vegetable-Viking_bsp/\libhal_bsp.a(alt_dev_llist_insert.o)
                0x000000001000aab0                alt_dev_llist_insert
 .text          0x000000001000ab54       0x5c ../Vegetable-Viking_bsp/\libhal_bsp.a(alt_do_ctors.o)
                0x000000001000ab54                _do_ctors
 .text          0x000000001000abb0       0x5c ../Vegetable-Viking_bsp/\libhal_bsp.a(alt_do_dtors.o)
                0x000000001000abb0                _do_dtors
 .text          0x000000001000ac0c       0x1c ../Vegetable-Viking_bsp/\libhal_bsp.a(alt_icache_flush_all.o)
                0x000000001000ac0c                alt_icache_flush_all
 .text          0x000000001000ac28      0x1e0 ../Vegetable-Viking_bsp/\libhal_bsp.a(alt_iic.o)
                0x000000001000ac28                alt_ic_isr_register
                0x000000001000ac78                alt_ic_irq_enable
                0x000000001000ad18                alt_ic_irq_disable
                0x000000001000adbc                alt_ic_irq_enabled
 .text          0x000000001000ae08       0xf0 ../Vegetable-Viking_bsp/\libhal_bsp.a(alt_iic_isr_register.o)
                0x000000001000ae08                alt_iic_isr_register
 .text          0x000000001000aef8      0x158 ../Vegetable-Viking_bsp/\libhal_bsp.a(alt_io_redirect.o)
                0x000000001000afd8                alt_io_redirect
 .text          0x000000001000b050        0x0 ../Vegetable-Viking_bsp/\libhal_bsp.a(alt_irq_entry.o)
 .text          0x000000001000b050        0x0 ../Vegetable-Viking_bsp/\libhal_bsp.a(alt_irq_handler.o)
 .text          0x000000001000b050        0x0 ../Vegetable-Viking_bsp/\libhal_bsp.a(alt_irq_vars.o)
 .text          0x000000001000b050      0x2a4 ../Vegetable-Viking_bsp/\libhal_bsp.a(alt_open.o)
                0x000000001000b194                open
 .text          0x000000001000b2f4      0x19c ../Vegetable-Viking_bsp/\libhal_bsp.a(alt_tick.o)
                0x000000001000b2f4                alt_alarm_stop
                0x000000001000b38c                alt_tick
 .text          0x000000001000b490       0x20 ../Vegetable-Viking_bsp/\libhal_bsp.a(altera_nios2_gen2_irq.o)
                0x000000001000b490                altera_nios2_gen2_irq_init
 .text          0x000000001000b4b0        0x0 ../Vegetable-Viking_bsp/\libhal_bsp.a(alt_exception_entry.o)
 .text          0x000000001000b4b0       0x90 ../Vegetable-Viking_bsp/\libhal_bsp.a(alt_find_dev.o)
                0x000000001000b4b0                alt_find_dev
 .text          0x000000001000b540      0x114 ../Vegetable-Viking_bsp/\libhal_bsp.a(alt_find_file.o)
                0x000000001000b540                alt_find_file
 .text          0x000000001000b654       0xd4 ../Vegetable-Viking_bsp/\libhal_bsp.a(alt_get_fd.o)
                0x000000001000b654                alt_get_fd
 .text          0x000000001000b728       0x9c ../Vegetable-Viking_bsp/\libhal_bsp.a(alt_instruction_exception_entry.o)
                0x000000001000b728                alt_exception_cause_generated_bad_addr
 .text          0x000000001000b7c4       0x14 c:/altera/15.0/nios2eds/bin/gnu/h-x86_64-mingw32/bin/../lib/gcc/nios2-elf/4.9.1/../../../../../H-x86_64-mingw32/nios2-elf/lib/mno-hw-mul\libc.a(lib_a-atexit.o)
                0x000000001000b7c4                atexit
 .text          0x000000001000b7d8       0x38 c:/altera/15.0/nios2eds/bin/gnu/h-x86_64-mingw32/bin/../lib/gcc/nios2-elf/4.9.1/../../../../../H-x86_64-mingw32/nios2-elf/lib/mno-hw-mul\libc.a(lib_a-exit.o)
                0x000000001000b7d8                exit
 .text          0x000000001000b810       0x7c c:/altera/15.0/nios2eds/bin/gnu/h-x86_64-mingw32/bin/../lib/gcc/nios2-elf/4.9.1/../../../../../H-x86_64-mingw32/nios2-elf/lib/mno-hw-mul\libc.a(lib_a-memcmp.o)
                0x000000001000b810                memcmp
 .text          0x000000001000b88c      0x114 c:/altera/15.0/nios2eds/bin/gnu/h-x86_64-mingw32/bin/../lib/gcc/nios2-elf/4.9.1/../../../../../H-x86_64-mingw32/nios2-elf/lib/mno-hw-mul\libc.a(lib_a-__atexit.o)
                0x000000001000b88c                __register_exitproc
 .text          0x000000001000b9a0      0x194 c:/altera/15.0/nios2eds/bin/gnu/h-x86_64-mingw32/bin/../lib/gcc/nios2-elf/4.9.1/../../../../../H-x86_64-mingw32/nios2-elf/lib/mno-hw-mul\libc.a(lib_a-__call_atexit.o)
                0x000000001000b9a0                __call_exitprocs
 .text          0x000000001000bb34       0x34 ../Vegetable-Viking_bsp/\libhal_bsp.a(alt_exit.o)
                0x000000001000bb34                _exit
 *(.gnu.warning.*)
 *(.fini)
                0x000000001000bb68                PROVIDE (__etext, ABSOLUTE (.))
                0x000000001000bb68                PROVIDE (_etext, ABSOLUTE (.))
                0x000000001000bb68                PROVIDE (etext, ABSOLUTE (.))
 *(.eh_frame_hdr)
                0x000000001000bb68                . = ALIGN (0x4)
                0x000000001000bb68                PROVIDE (__preinit_array_start, ABSOLUTE (.))
 *(.preinit_array)
                0x000000001000bb68                PROVIDE (__preinit_array_end, ABSOLUTE (.))
                0x000000001000bb68                PROVIDE (__init_array_start, ABSOLUTE (.))
 *(.init_array)
                0x000000001000bb68                PROVIDE (__init_array_end, ABSOLUTE (.))
                0x000000001000bb68                PROVIDE (__fini_array_start, ABSOLUTE (.))
 *(.fini_array)
                0x000000001000bb68                PROVIDE (__fini_array_end, ABSOLUTE (.))
 *(.eh_frame)
 *(.gcc_except_table .gcc_except_table.*)
 *(.dynamic)
                0x000000001000bb68                PROVIDE (__CTOR_LIST__, ABSOLUTE (.))
 *(.ctors)
 *(SORT(.ctors.*))
                0x000000001000bb68                PROVIDE (__CTOR_END__, ABSOLUTE (.))
                0x000000001000bb68                PROVIDE (__DTOR_LIST__, ABSOLUTE (.))
 *(.dtors)
 *(SORT(.dtors.*))
                0x000000001000bb68                PROVIDE (__DTOR_END__, ABSOLUTE (.))
 *(.jcr)
                0x000000001000bb68                . = ALIGN (0x4)

.rodata         0x000000001000bb68      0x1e8
                0x000000001000bb68                PROVIDE (__ram_rodata_start, ABSOLUTE (.))
                0x000000001000bb68                . = ALIGN (0x4)
 *(.rodata .rodata.* .gnu.linkonce.r.*)
 .rodata        0x000000001000bb68       0x64 obj/default/main.o
 .rodata.str1.4
                0x000000001000bbcc        0x4 c:/altera/15.0/nios2eds/bin/gnu/h-x86_64-mingw32/bin/../lib/gcc/nios2-elf/4.9.1/../../../../../H-x86_64-mingw32/nios2-elf/lib/mno-hw-mul\libm.a(lib_a-w_pow.o)
 .rodata.str1.4
                0x000000001000bbd0        0x1 c:/altera/15.0/nios2eds/bin/gnu/h-x86_64-mingw32/bin/../lib/gcc/nios2-elf/4.9.1/../../../../../H-x86_64-mingw32/nios2-elf/lib/mno-hw-mul\libm.a(lib_a-e_pow.o)
                                          0x4 (size before relaxing)
 *fill*         0x000000001000bbd1        0x3 
 .rodata        0x000000001000bbd4       0x30 c:/altera/15.0/nios2eds/bin/gnu/h-x86_64-mingw32/bin/../lib/gcc/nios2-elf/4.9.1/../../../../../H-x86_64-mingw32/nios2-elf/lib/mno-hw-mul\libm.a(lib_a-e_pow.o)
 .rodata        0x000000001000bc04       0x10 c:/altera/15.0/nios2eds/bin/gnu/h-x86_64-mingw32/bin/../lib/gcc/nios2-elf/4.9.1/../../../../../H-x86_64-mingw32/nios2-elf/lib/mno-hw-mul\libm.a(lib_a-s_rint.o)
 .rodata        0x000000001000bc14      0x100 c:/altera/15.0/nios2eds/bin/gnu/h-x86_64-mingw32/bin/../lib/gcc/nios2-elf/4.9.1/mno-hw-mul\libgcc.a(_clz.o)
                0x000000001000bc14                __clz_tab
 .rodata.str1.4
                0x000000001000bd14        0x2 c:/altera/15.0/nios2eds/bin/gnu/h-x86_64-mingw32/bin/../lib/gcc/nios2-elf/4.9.1/../../../../../H-x86_64-mingw32/nios2-elf/lib/mno-hw-mul\libc.a(lib_a-impure.o)
                                          0x4 (size before relaxing)
 *fill*         0x000000001000bd16        0x2 
 .rodata.str1.4
                0x000000001000bd18        0x4 c:/altera/15.0/nios2eds/bin/gnu/h-x86_64-mingw32/bin/../lib/gcc/nios2-elf/4.9.1/../../../../../H-x86_64-mingw32/nios2-elf/lib/mno-hw-mul\libc.a(lib_a-puts.o)
 .rodata        0x000000001000bd1c        0xc ../Vegetable-Viking_bsp/\libhal_bsp.a(alt_dev.o)
 .rodata        0x000000001000bd28       0x14 ../Vegetable-Viking_bsp/\libhal_bsp.a(alt_main.o)
 .rodata        0x000000001000bd3c       0x14 ../Vegetable-Viking_bsp/\libhal_bsp.a(alt_sys_init.o)
 *(.rodata1)
                0x000000001000bd50                . = ALIGN (0x4)
                0x000000001000bd50                PROVIDE (__ram_rodata_end, ABSOLUTE (.))
                0x000000001000bb68                PROVIDE (__flash_rodata_start, LOADADDR (.rodata))

.rwdata         0x000000001000bd50     0x1a70 load address 0x000000001000d7c0
                0x000000001000bd50                PROVIDE (__ram_rwdata_start, ABSOLUTE (.))
                0x000000001000bd50                . = ALIGN (0x4)
 *(.got.plt)
 *(.got)
 *(.data1)
 *(.data .data.* .gnu.linkonce.d.*)
 .data          0x000000001000bd50        0x0 ../Vegetable-Viking_bsp//obj/HAL/src/crt0.o
 .data          0x000000001000bd50        0x0 obj/default/main.o
 .data          0x000000001000bd50        0x0 c:/altera/15.0/nios2eds/bin/gnu/h-x86_64-mingw32/bin/../lib/gcc/nios2-elf/4.9.1/../../../../../H-x86_64-mingw32/nios2-elf/lib/mno-hw-mul\libm.a(lib_a-w_pow.o)
 .data          0x000000001000bd50        0x0 c:/altera/15.0/nios2eds/bin/gnu/h-x86_64-mingw32/bin/../lib/gcc/nios2-elf/4.9.1/../../../../../H-x86_64-mingw32/nios2-elf/lib/mno-hw-mul\libm.a(lib_a-e_pow.o)
 .data          0x000000001000bd50        0x0 c:/altera/15.0/nios2eds/bin/gnu/h-x86_64-mingw32/bin/../lib/gcc/nios2-elf/4.9.1/../../../../../H-x86_64-mingw32/nios2-elf/lib/mno-hw-mul\libm.a(lib_a-e_sqrt.o)
 .data          0x000000001000bd50        0x0 c:/altera/15.0/nios2eds/bin/gnu/h-x86_64-mingw32/bin/../lib/gcc/nios2-elf/4.9.1/../../../../../H-x86_64-mingw32/nios2-elf/lib/mno-hw-mul\libm.a(lib_a-s_fabs.o)
 .data          0x000000001000bd50        0x0 c:/altera/15.0/nios2eds/bin/gnu/h-x86_64-mingw32/bin/../lib/gcc/nios2-elf/4.9.1/../../../../../H-x86_64-mingw32/nios2-elf/lib/mno-hw-mul\libm.a(lib_a-s_finite.o)
 .data          0x000000001000bd50        0x0 c:/altera/15.0/nios2eds/bin/gnu/h-x86_64-mingw32/bin/../lib/gcc/nios2-elf/4.9.1/../../../../../H-x86_64-mingw32/nios2-elf/lib/mno-hw-mul\libm.a(lib_a-s_fpclassify.o)
 .data          0x000000001000bd50        0x0 c:/altera/15.0/nios2eds/bin/gnu/h-x86_64-mingw32/bin/../lib/gcc/nios2-elf/4.9.1/../../../../../H-x86_64-mingw32/nios2-elf/lib/mno-hw-mul\libm.a(lib_a-s_lib_ver.o)
 .data          0x000000001000bd50        0x0 c:/altera/15.0/nios2eds/bin/gnu/h-x86_64-mingw32/bin/../lib/gcc/nios2-elf/4.9.1/../../../../../H-x86_64-mingw32/nios2-elf/lib/mno-hw-mul\libm.a(lib_a-s_matherr.o)
 .data          0x000000001000bd50        0x0 c:/altera/15.0/nios2eds/bin/gnu/h-x86_64-mingw32/bin/../lib/gcc/nios2-elf/4.9.1/../../../../../H-x86_64-mingw32/nios2-elf/lib/mno-hw-mul\libm.a(lib_a-s_nan.o)
 .data          0x000000001000bd50        0x0 c:/altera/15.0/nios2eds/bin/gnu/h-x86_64-mingw32/bin/../lib/gcc/nios2-elf/4.9.1/../../../../../H-x86_64-mingw32/nios2-elf/lib/mno-hw-mul\libm.a(lib_a-s_rint.o)
 .data          0x000000001000bd50        0x0 c:/altera/15.0/nios2eds/bin/gnu/h-x86_64-mingw32/bin/../lib/gcc/nios2-elf/4.9.1/../../../../../H-x86_64-mingw32/nios2-elf/lib/mno-hw-mul\libm.a(lib_a-s_scalbn.o)
 .data          0x000000001000bd50        0x0 c:/altera/15.0/nios2eds/bin/gnu/h-x86_64-mingw32/bin/../lib/gcc/nios2-elf/4.9.1/../../../../../H-x86_64-mingw32/nios2-elf/lib/mno-hw-mul\libm.a(lib_a-s_copysign.o)
 .data          0x000000001000bd50        0x0 c:/altera/15.0/nios2eds/bin/gnu/h-x86_64-mingw32/bin/../lib/gcc/nios2-elf/4.9.1/mno-hw-mul\libgcc.a(_muldi3.o)
 .data          0x000000001000bd50        0x0 c:/altera/15.0/nios2eds/bin/gnu/h-x86_64-mingw32/bin/../lib/gcc/nios2-elf/4.9.1/mno-hw-mul\libgcc.a(_fixunsdfsi.o)
 .data          0x000000001000bd50        0x0 c:/altera/15.0/nios2eds/bin/gnu/h-x86_64-mingw32/bin/../lib/gcc/nios2-elf/4.9.1/mno-hw-mul\libgcc.a(_udivdi3.o)
 .data          0x000000001000bd50        0x0 c:/altera/15.0/nios2eds/bin/gnu/h-x86_64-mingw32/bin/../lib/gcc/nios2-elf/4.9.1/mno-hw-mul\libgcc.a(_umoddi3.o)
 .data          0x000000001000bd50        0x0 c:/altera/15.0/nios2eds/bin/gnu/h-x86_64-mingw32/bin/../lib/gcc/nios2-elf/4.9.1/mno-hw-mul\libgcc.a(lib2-divmod.o)
 .data          0x000000001000bd50        0x0 c:/altera/15.0/nios2eds/bin/gnu/h-x86_64-mingw32/bin/../lib/gcc/nios2-elf/4.9.1/mno-hw-mul\libgcc.a(lib2-mul.o)
 .data          0x000000001000bd50        0x0 c:/altera/15.0/nios2eds/bin/gnu/h-x86_64-mingw32/bin/../lib/gcc/nios2-elf/4.9.1/mno-hw-mul\libgcc.a(adddf3.o)
 .data          0x000000001000bd50        0x0 c:/altera/15.0/nios2eds/bin/gnu/h-x86_64-mingw32/bin/../lib/gcc/nios2-elf/4.9.1/mno-hw-mul\libgcc.a(divdf3.o)
 .data          0x000000001000bd50        0x0 c:/altera/15.0/nios2eds/bin/gnu/h-x86_64-mingw32/bin/../lib/gcc/nios2-elf/4.9.1/mno-hw-mul\libgcc.a(eqdf2.o)
 .data          0x000000001000bd50        0x0 c:/altera/15.0/nios2eds/bin/gnu/h-x86_64-mingw32/bin/../lib/gcc/nios2-elf/4.9.1/mno-hw-mul\libgcc.a(gedf2.o)
 .data          0x000000001000bd50        0x0 c:/altera/15.0/nios2eds/bin/gnu/h-x86_64-mingw32/bin/../lib/gcc/nios2-elf/4.9.1/mno-hw-mul\libgcc.a(ledf2.o)
 .data          0x000000001000bd50        0x0 c:/altera/15.0/nios2eds/bin/gnu/h-x86_64-mingw32/bin/../lib/gcc/nios2-elf/4.9.1/mno-hw-mul\libgcc.a(muldf3.o)
 .data          0x000000001000bd50        0x0 c:/altera/15.0/nios2eds/bin/gnu/h-x86_64-mingw32/bin/../lib/gcc/nios2-elf/4.9.1/mno-hw-mul\libgcc.a(subdf3.o)
 .data          0x000000001000bd50        0x0 c:/altera/15.0/nios2eds/bin/gnu/h-x86_64-mingw32/bin/../lib/gcc/nios2-elf/4.9.1/mno-hw-mul\libgcc.a(fixdfsi.o)
 .data          0x000000001000bd50        0x0 c:/altera/15.0/nios2eds/bin/gnu/h-x86_64-mingw32/bin/../lib/gcc/nios2-elf/4.9.1/mno-hw-mul\libgcc.a(floatsidf.o)
 .data          0x000000001000bd50        0x0 c:/altera/15.0/nios2eds/bin/gnu/h-x86_64-mingw32/bin/../lib/gcc/nios2-elf/4.9.1/mno-hw-mul\libgcc.a(floatunsidf.o)
 .data          0x000000001000bd50        0x0 c:/altera/15.0/nios2eds/bin/gnu/h-x86_64-mingw32/bin/../lib/gcc/nios2-elf/4.9.1/mno-hw-mul\libgcc.a(_clz.o)
 .data          0x000000001000bd50        0x0 c:/altera/15.0/nios2eds/bin/gnu/h-x86_64-mingw32/bin/../lib/gcc/nios2-elf/4.9.1/mno-hw-mul\libgcc.a(_clzsi2.o)
 .data          0x000000001000bd50        0x0 c:/altera/15.0/nios2eds/bin/gnu/h-x86_64-mingw32/bin/../lib/gcc/nios2-elf/4.9.1/../../../../../H-x86_64-mingw32/nios2-elf/lib/mno-hw-mul\libc.a(lib_a-errno.o)
 .data          0x000000001000bd50      0x424 c:/altera/15.0/nios2eds/bin/gnu/h-x86_64-mingw32/bin/../lib/gcc/nios2-elf/4.9.1/../../../../../H-x86_64-mingw32/nios2-elf/lib/mno-hw-mul\libc.a(lib_a-impure.o)
 .data          0x000000001000c174        0x0 c:/altera/15.0/nios2eds/bin/gnu/h-x86_64-mingw32/bin/../lib/gcc/nios2-elf/4.9.1/../../../../../H-x86_64-mingw32/nios2-elf/lib/mno-hw-mul\libc.a(lib_a-puts.o)
 .data          0x000000001000c174        0x0 c:/altera/15.0/nios2eds/bin/gnu/h-x86_64-mingw32/bin/../lib/gcc/nios2-elf/4.9.1/../../../../../H-x86_64-mingw32/nios2-elf/lib/mno-hw-mul\libc.a(lib_a-rand.o)
 .data          0x000000001000c174        0x0 c:/altera/15.0/nios2eds/bin/gnu/h-x86_64-mingw32/bin/../lib/gcc/nios2-elf/4.9.1/../../../../../H-x86_64-mingw32/nios2-elf/lib/mno-hw-mul\libc.a(lib_a-strlen.o)
 .data          0x000000001000c174        0x0 c:/altera/15.0/nios2eds/bin/gnu/h-x86_64-mingw32/bin/../lib/gcc/nios2-elf/4.9.1/../../../../../H-x86_64-mingw32/nios2-elf/lib/mno-hw-mul\libc.a(lib_a-fvwrite.o)
 .data          0x000000001000c174      0x408 c:/altera/15.0/nios2eds/bin/gnu/h-x86_64-mingw32/bin/../lib/gcc/nios2-elf/4.9.1/../../../../../H-x86_64-mingw32/nios2-elf/lib/mno-hw-mul\libc.a(lib_a-mallocr.o)
                0x000000001000c174                __malloc_av_
 .data          0x000000001000c57c        0x0 c:/altera/15.0/nios2eds/bin/gnu/h-x86_64-mingw32/bin/../lib/gcc/nios2-elf/4.9.1/../../../../../H-x86_64-mingw32/nios2-elf/lib/mno-hw-mul\libc.a(lib_a-memchr.o)
 .data          0x000000001000c57c        0x0 c:/altera/15.0/nios2eds/bin/gnu/h-x86_64-mingw32/bin/../lib/gcc/nios2-elf/4.9.1/../../../../../H-x86_64-mingw32/nios2-elf/lib/mno-hw-mul\libc.a(lib_a-memcpy.o)
 .data          0x000000001000c57c        0x0 c:/altera/15.0/nios2eds/bin/gnu/h-x86_64-mingw32/bin/../lib/gcc/nios2-elf/4.9.1/../../../../../H-x86_64-mingw32/nios2-elf/lib/mno-hw-mul\libc.a(lib_a-memmove.o)
 .data          0x000000001000c57c        0x0 c:/altera/15.0/nios2eds/bin/gnu/h-x86_64-mingw32/bin/../lib/gcc/nios2-elf/4.9.1/../../../../../H-x86_64-mingw32/nios2-elf/lib/mno-hw-mul\libc.a(lib_a-reallocr.o)
 .data          0x000000001000c57c        0x0 c:/altera/15.0/nios2eds/bin/gnu/h-x86_64-mingw32/bin/../lib/gcc/nios2-elf/4.9.1/../../../../../H-x86_64-mingw32/nios2-elf/lib/mno-hw-mul\libc.a(lib_a-sbrkr.o)
 .data          0x000000001000c57c        0x0 c:/altera/15.0/nios2eds/bin/gnu/h-x86_64-mingw32/bin/../lib/gcc/nios2-elf/4.9.1/../../../../../H-x86_64-mingw32/nios2-elf/lib/mno-hw-mul\libc.a(lib_a-wsetup.o)
 .data          0x000000001000c57c        0x0 c:/altera/15.0/nios2eds/bin/gnu/h-x86_64-mingw32/bin/../lib/gcc/nios2-elf/4.9.1/../../../../../H-x86_64-mingw32/nios2-elf/lib/mno-hw-mul\libc.a(lib_a-fflush.o)
 .data          0x000000001000c57c        0x0 c:/altera/15.0/nios2eds/bin/gnu/h-x86_64-mingw32/bin/../lib/gcc/nios2-elf/4.9.1/../../../../../H-x86_64-mingw32/nios2-elf/lib/mno-hw-mul\libc.a(lib_a-findfp.o)
 .data          0x000000001000c57c        0x0 c:/altera/15.0/nios2eds/bin/gnu/h-x86_64-mingw32/bin/../lib/gcc/nios2-elf/4.9.1/../../../../../H-x86_64-mingw32/nios2-elf/lib/mno-hw-mul\libc.a(lib_a-freer.o)
 .data          0x000000001000c57c        0x0 c:/altera/15.0/nios2eds/bin/gnu/h-x86_64-mingw32/bin/../lib/gcc/nios2-elf/4.9.1/../../../../../H-x86_64-mingw32/nios2-elf/lib/mno-hw-mul\libc.a(lib_a-fwalk.o)
 .data          0x000000001000c57c        0x0 c:/altera/15.0/nios2eds/bin/gnu/h-x86_64-mingw32/bin/../lib/gcc/nios2-elf/4.9.1/../../../../../H-x86_64-mingw32/nios2-elf/lib/mno-hw-mul\libc.a(lib_a-int_errno.o)
 .data          0x000000001000c57c        0x0 c:/altera/15.0/nios2eds/bin/gnu/h-x86_64-mingw32/bin/../lib/gcc/nios2-elf/4.9.1/../../../../../H-x86_64-mingw32/nios2-elf/lib/mno-hw-mul\libc.a(lib_a-makebuf.o)
 .data          0x000000001000c57c        0x0 c:/altera/15.0/nios2eds/bin/gnu/h-x86_64-mingw32/bin/../lib/gcc/nios2-elf/4.9.1/../../../../../H-x86_64-mingw32/nios2-elf/lib/mno-hw-mul\libc.a(lib_a-memset.o)
 .data          0x000000001000c57c        0x0 c:/altera/15.0/nios2eds/bin/gnu/h-x86_64-mingw32/bin/../lib/gcc/nios2-elf/4.9.1/../../../../../H-x86_64-mingw32/nios2-elf/lib/mno-hw-mul\libc.a(lib_a-stdio.o)
 .data          0x000000001000c57c        0x0 c:/altera/15.0/nios2eds/bin/gnu/h-x86_64-mingw32/bin/../lib/gcc/nios2-elf/4.9.1/../../../../../H-x86_64-mingw32/nios2-elf/lib/mno-hw-mul\libc.a(lib_a-writer.o)
 .data          0x000000001000c57c        0x0 c:/altera/15.0/nios2eds/bin/gnu/h-x86_64-mingw32/bin/../lib/gcc/nios2-elf/4.9.1/../../../../../H-x86_64-mingw32/nios2-elf/lib/mno-hw-mul\libc.a(closer.o)
 .data          0x000000001000c57c        0x0 c:/altera/15.0/nios2eds/bin/gnu/h-x86_64-mingw32/bin/../lib/gcc/nios2-elf/4.9.1/../../../../../H-x86_64-mingw32/nios2-elf/lib/mno-hw-mul\libc.a(lib_a-fclose.o)
 .data          0x000000001000c57c        0x0 c:/altera/15.0/nios2eds/bin/gnu/h-x86_64-mingw32/bin/../lib/gcc/nios2-elf/4.9.1/../../../../../H-x86_64-mingw32/nios2-elf/lib/mno-hw-mul\libc.a(lib_a-fstatr.o)
 .data          0x000000001000c57c        0x0 c:/altera/15.0/nios2eds/bin/gnu/h-x86_64-mingw32/bin/../lib/gcc/nios2-elf/4.9.1/../../../../../H-x86_64-mingw32/nios2-elf/lib/mno-hw-mul\libc.a(lib_a-isattyr.o)
 .data          0x000000001000c57c        0x0 c:/altera/15.0/nios2eds/bin/gnu/h-x86_64-mingw32/bin/../lib/gcc/nios2-elf/4.9.1/../../../../../H-x86_64-mingw32/nios2-elf/lib/mno-hw-mul\libc.a(lib_a-lseekr.o)
 .data          0x000000001000c57c        0x0 c:/altera/15.0/nios2eds/bin/gnu/h-x86_64-mingw32/bin/../lib/gcc/nios2-elf/4.9.1/../../../../../H-x86_64-mingw32/nios2-elf/lib/mno-hw-mul\libc.a(lib_a-readr.o)
 .data          0x000000001000c57c        0x0 ../Vegetable-Viking_bsp/\libhal_bsp.a(alt_close.o)
 .data          0x000000001000c57c      0x1a8 ../Vegetable-Viking_bsp/\libhal_bsp.a(alt_dev.o)
                0x000000001000c57c                alt_dev_null
                0x000000001000c5a4                alt_fd_list
 .data          0x000000001000c724        0x0 ../Vegetable-Viking_bsp/\libhal_bsp.a(alt_errno.o)
 .data          0x000000001000c724        0x0 ../Vegetable-Viking_bsp/\libhal_bsp.a(alt_fstat.o)
 .data          0x000000001000c724        0x0 ../Vegetable-Viking_bsp/\libhal_bsp.a(alt_isatty.o)
 .data          0x000000001000c724        0x0 ../Vegetable-Viking_bsp/\libhal_bsp.a(alt_load.o)
 .data          0x000000001000c724        0x0 ../Vegetable-Viking_bsp/\libhal_bsp.a(alt_lseek.o)
 .data          0x000000001000c724        0x0 ../Vegetable-Viking_bsp/\libhal_bsp.a(alt_main.o)
 .data          0x000000001000c724        0x0 ../Vegetable-Viking_bsp/\libhal_bsp.a(alt_malloc_lock.o)
 .data          0x000000001000c724        0x0 ../Vegetable-Viking_bsp/\libhal_bsp.a(alt_read.o)
 .data          0x000000001000c724        0x0 ../Vegetable-Viking_bsp/\libhal_bsp.a(alt_release_fd.o)
 .data          0x000000001000c724        0x0 ../Vegetable-Viking_bsp/\libhal_bsp.a(alt_sbrk.o)
 .data          0x000000001000c724        0x0 ../Vegetable-Viking_bsp/\libhal_bsp.a(alt_write.o)
 .data          0x000000001000c724     0x1060 ../Vegetable-Viking_bsp/\libhal_bsp.a(alt_sys_init.o)
 .data          0x000000001000d784        0x0 ../Vegetable-Viking_bsp/\libhal_bsp.a(altera_avalon_jtag_uart_fd.o)
 .data          0x000000001000d784        0x0 ../Vegetable-Viking_bsp/\libhal_bsp.a(altera_avalon_jtag_uart_init.o)
 .data          0x000000001000d784        0x0 ../Vegetable-Viking_bsp/\libhal_bsp.a(altera_avalon_jtag_uart_ioctl.o)
 .data          0x000000001000d784        0x0 ../Vegetable-Viking_bsp/\libhal_bsp.a(altera_avalon_jtag_uart_read.o)
 .data          0x000000001000d784        0x0 ../Vegetable-Viking_bsp/\libhal_bsp.a(altera_avalon_jtag_uart_write.o)
 .data          0x000000001000d784        0x0 ../Vegetable-Viking_bsp/\libhal_bsp.a(alt_alarm_start.o)
 .data          0x000000001000d784        0x0 ../Vegetable-Viking_bsp/\libhal_bsp.a(alt_dcache_flush_all.o)
 .data          0x000000001000d784        0x0 ../Vegetable-Viking_bsp/\libhal_bsp.a(alt_dev_llist_insert.o)
 .data          0x000000001000d784        0x0 ../Vegetable-Viking_bsp/\libhal_bsp.a(alt_do_ctors.o)
 .data          0x000000001000d784        0x0 ../Vegetable-Viking_bsp/\libhal_bsp.a(alt_do_dtors.o)
 .data          0x000000001000d784        0x0 ../Vegetable-Viking_bsp/\libhal_bsp.a(alt_icache_flush_all.o)
 .data          0x000000001000d784        0x0 ../Vegetable-Viking_bsp/\libhal_bsp.a(alt_iic.o)
 .data          0x000000001000d784        0x0 ../Vegetable-Viking_bsp/\libhal_bsp.a(alt_iic_isr_register.o)
 .data          0x000000001000d784        0x0 ../Vegetable-Viking_bsp/\libhal_bsp.a(alt_io_redirect.o)
 .data          0x000000001000d784        0x0 ../Vegetable-Viking_bsp/\libhal_bsp.a(alt_irq_entry.o)
 .data          0x000000001000d784        0x0 ../Vegetable-Viking_bsp/\libhal_bsp.a(alt_irq_handler.o)
 .data          0x000000001000d784        0x0 ../Vegetable-Viking_bsp/\libhal_bsp.a(alt_irq_vars.o)
 .data          0x000000001000d784        0x0 ../Vegetable-Viking_bsp/\libhal_bsp.a(alt_open.o)
 .data          0x000000001000d784        0x0 ../Vegetable-Viking_bsp/\libhal_bsp.a(alt_tick.o)
 .data          0x000000001000d784        0x0 ../Vegetable-Viking_bsp/\libhal_bsp.a(altera_nios2_gen2_irq.o)
 .data          0x000000001000d784        0x0 ../Vegetable-Viking_bsp/\libhal_bsp.a(alt_exception_entry.o)
 .data          0x000000001000d784        0x0 ../Vegetable-Viking_bsp/\libhal_bsp.a(alt_find_dev.o)
 .data          0x000000001000d784        0x0 ../Vegetable-Viking_bsp/\libhal_bsp.a(alt_find_file.o)
 .data          0x000000001000d784        0x0 ../Vegetable-Viking_bsp/\libhal_bsp.a(alt_get_fd.o)
 .data          0x000000001000d784        0x0 ../Vegetable-Viking_bsp/\libhal_bsp.a(alt_instruction_exception_entry.o)
 .data          0x000000001000d784        0x0 c:/altera/15.0/nios2eds/bin/gnu/h-x86_64-mingw32/bin/../lib/gcc/nios2-elf/4.9.1/../../../../../H-x86_64-mingw32/nios2-elf/lib/mno-hw-mul\libc.a(lib_a-atexit.o)
 .data          0x000000001000d784        0x0 c:/altera/15.0/nios2eds/bin/gnu/h-x86_64-mingw32/bin/../lib/gcc/nios2-elf/4.9.1/../../../../../H-x86_64-mingw32/nios2-elf/lib/mno-hw-mul\libc.a(lib_a-exit.o)
 .data          0x000000001000d784        0x0 c:/altera/15.0/nios2eds/bin/gnu/h-x86_64-mingw32/bin/../lib/gcc/nios2-elf/4.9.1/../../../../../H-x86_64-mingw32/nios2-elf/lib/mno-hw-mul\libc.a(lib_a-memcmp.o)
 .data          0x000000001000d784        0x0 c:/altera/15.0/nios2eds/bin/gnu/h-x86_64-mingw32/bin/../lib/gcc/nios2-elf/4.9.1/../../../../../H-x86_64-mingw32/nios2-elf/lib/mno-hw-mul\libc.a(lib_a-__atexit.o)
 .data          0x000000001000d784        0x0 c:/altera/15.0/nios2eds/bin/gnu/h-x86_64-mingw32/bin/../lib/gcc/nios2-elf/4.9.1/../../../../../H-x86_64-mingw32/nios2-elf/lib/mno-hw-mul\libc.a(lib_a-__call_atexit.o)
 .data          0x000000001000d784        0x0 ../Vegetable-Viking_bsp/\libhal_bsp.a(alt_exit.o)
                0x0000000010015784                _gp = ABSOLUTE ((. + 0x8000))
                0x0000000010015784                PROVIDE (gp, _gp)
 *(.rwdata .rwdata.*)
 *(.sdata .sdata.* .gnu.linkonce.s.*)
 .sdata         0x000000001000d784        0x4 c:/altera/15.0/nios2eds/bin/gnu/h-x86_64-mingw32/bin/../lib/gcc/nios2-elf/4.9.1/../../../../../H-x86_64-mingw32/nios2-elf/lib/mno-hw-mul\libm.a(lib_a-s_lib_ver.o)
                0x000000001000d784                __fdlib_version
 .sdata         0x000000001000d788        0x8 c:/altera/15.0/nios2eds/bin/gnu/h-x86_64-mingw32/bin/../lib/gcc/nios2-elf/4.9.1/../../../../../H-x86_64-mingw32/nios2-elf/lib/mno-hw-mul\libc.a(lib_a-impure.o)
                0x000000001000d788                _global_impure_ptr
                0x000000001000d78c                _impure_ptr
 .sdata         0x000000001000d790        0x8 c:/altera/15.0/nios2eds/bin/gnu/h-x86_64-mingw32/bin/../lib/gcc/nios2-elf/4.9.1/../../../../../H-x86_64-mingw32/nios2-elf/lib/mno-hw-mul\libc.a(lib_a-mallocr.o)
                0x000000001000d790                __malloc_sbrk_base
                0x000000001000d794                __malloc_trim_threshold
 .sdata         0x000000001000d798       0x14 ../Vegetable-Viking_bsp/\libhal_bsp.a(alt_dev.o)
                0x000000001000d798                alt_fs_list
                0x000000001000d7a0                alt_dev_list
                0x000000001000d7a8                alt_max_fd
 .sdata         0x000000001000d7ac        0x4 ../Vegetable-Viking_bsp/\libhal_bsp.a(alt_errno.o)
                0x000000001000d7ac                alt_errno
 .sdata         0x000000001000d7b0        0x4 ../Vegetable-Viking_bsp/\libhal_bsp.a(alt_sbrk.o)
 .sdata         0x000000001000d7b4        0x4 ../Vegetable-Viking_bsp/\libhal_bsp.a(alt_irq_vars.o)
                0x000000001000d7b4                alt_priority_mask
 .sdata         0x000000001000d7b8        0x8 ../Vegetable-Viking_bsp/\libhal_bsp.a(alt_tick.o)
                0x000000001000d7b8                alt_alarm_list
 *(.sdata2 .sdata2.* .gnu.linkonce.s2.*)
                0x000000001000d7c0                . = ALIGN (0x4)
                0x000000001000d7c0                _edata = ABSOLUTE (.)
                0x000000001000d7c0                PROVIDE (edata, ABSOLUTE (.))
                0x000000001000d7c0                PROVIDE (__ram_rwdata_end, ABSOLUTE (.))
                0x000000001000d7c0                PROVIDE (__flash_rwdata_start, LOADADDR (.rwdata))

.bss            0x000000001000f230      0x3b0
                0x000000001000f230                __bss_start = ABSOLUTE (.)
                0x000000001000f230                PROVIDE (__sbss_start, ABSOLUTE (.))
                0x000000001000f230                PROVIDE (___sbss_start, ABSOLUTE (.))
 *(.dynsbss)
 *(.sbss .sbss.* .gnu.linkonce.sb.*)
 .sbss          0x000000001000f230       0x1c obj/default/main.o
                0x000000001000f230                yCursor
                0x000000001000f234                xCursor
                0x000000001000f238                cursorClicked
                0x000000001000f23c                cursorStreak
                0x000000001000f240                key1
                0x000000001000f244                key3
                0x000000001000f248                key2
 .sbss          0x000000001000f24c        0xc c:/altera/15.0/nios2eds/bin/gnu/h-x86_64-mingw32/bin/../lib/gcc/nios2-elf/4.9.1/../../../../../H-x86_64-mingw32/nios2-elf/lib/mno-hw-mul\libc.a(lib_a-mallocr.o)
                0x000000001000f24c                __malloc_max_total_mem
                0x000000001000f250                __malloc_max_sbrked_mem
                0x000000001000f254                __malloc_top_pad
 .sbss          0x000000001000f258        0x4 c:/altera/15.0/nios2eds/bin/gnu/h-x86_64-mingw32/bin/../lib/gcc/nios2-elf/4.9.1/../../../../../H-x86_64-mingw32/nios2-elf/lib/mno-hw-mul\libc.a(lib_a-int_errno.o)
                0x000000001000f258                errno
 .sbss          0x000000001000f25c        0xc ../Vegetable-Viking_bsp/\libhal_bsp.a(alt_main.o)
                0x000000001000f25c                alt_argc
                0x000000001000f260                alt_argv
                0x000000001000f264                alt_envp
 .sbss          0x000000001000f268        0x4 ../Vegetable-Viking_bsp/\libhal_bsp.a(alt_irq_vars.o)
                0x000000001000f268                alt_irq_active
 .sbss          0x000000001000f26c        0x8 ../Vegetable-Viking_bsp/\libhal_bsp.a(alt_tick.o)
                0x000000001000f26c                _alt_tick_rate
                0x000000001000f270                _alt_nticks
 .sbss          0x000000001000f274        0x4 ../Vegetable-Viking_bsp/\libhal_bsp.a(alt_instruction_exception_entry.o)
                0x000000001000f274                alt_instruction_exception_handler
 *(.sbss2 .sbss2.* .gnu.linkonce.sb2.*)
 *(.scommon)
                0x000000001000f278                PROVIDE (__sbss_end, ABSOLUTE (.))
                0x000000001000f278                PROVIDE (___sbss_end, ABSOLUTE (.))
 *(.dynbss)
 *(.bss .bss.* .gnu.linkonce.b.*)
 .bss           0x000000001000f278        0x0 ../Vegetable-Viking_bsp//obj/HAL/src/crt0.o
 .bss           0x000000001000f278        0x0 obj/default/main.o
 .bss           0x000000001000f278        0x0 c:/altera/15.0/nios2eds/bin/gnu/h-x86_64-mingw32/bin/../lib/gcc/nios2-elf/4.9.1/../../../../../H-x86_64-mingw32/nios2-elf/lib/mno-hw-mul\libm.a(lib_a-w_pow.o)
 .bss           0x000000001000f278        0x0 c:/altera/15.0/nios2eds/bin/gnu/h-x86_64-mingw32/bin/../lib/gcc/nios2-elf/4.9.1/../../../../../H-x86_64-mingw32/nios2-elf/lib/mno-hw-mul\libm.a(lib_a-e_pow.o)
 .bss           0x000000001000f278        0x0 c:/altera/15.0/nios2eds/bin/gnu/h-x86_64-mingw32/bin/../lib/gcc/nios2-elf/4.9.1/../../../../../H-x86_64-mingw32/nios2-elf/lib/mno-hw-mul\libm.a(lib_a-e_sqrt.o)
 .bss           0x000000001000f278        0x0 c:/altera/15.0/nios2eds/bin/gnu/h-x86_64-mingw32/bin/../lib/gcc/nios2-elf/4.9.1/../../../../../H-x86_64-mingw32/nios2-elf/lib/mno-hw-mul\libm.a(lib_a-s_fabs.o)
 .bss           0x000000001000f278        0x0 c:/altera/15.0/nios2eds/bin/gnu/h-x86_64-mingw32/bin/../lib/gcc/nios2-elf/4.9.1/../../../../../H-x86_64-mingw32/nios2-elf/lib/mno-hw-mul\libm.a(lib_a-s_finite.o)
 .bss           0x000000001000f278        0x0 c:/altera/15.0/nios2eds/bin/gnu/h-x86_64-mingw32/bin/../lib/gcc/nios2-elf/4.9.1/../../../../../H-x86_64-mingw32/nios2-elf/lib/mno-hw-mul\libm.a(lib_a-s_fpclassify.o)
 .bss           0x000000001000f278        0x0 c:/altera/15.0/nios2eds/bin/gnu/h-x86_64-mingw32/bin/../lib/gcc/nios2-elf/4.9.1/../../../../../H-x86_64-mingw32/nios2-elf/lib/mno-hw-mul\libm.a(lib_a-s_lib_ver.o)
 .bss           0x000000001000f278        0x0 c:/altera/15.0/nios2eds/bin/gnu/h-x86_64-mingw32/bin/../lib/gcc/nios2-elf/4.9.1/../../../../../H-x86_64-mingw32/nios2-elf/lib/mno-hw-mul\libm.a(lib_a-s_matherr.o)
 .bss           0x000000001000f278        0x0 c:/altera/15.0/nios2eds/bin/gnu/h-x86_64-mingw32/bin/../lib/gcc/nios2-elf/4.9.1/../../../../../H-x86_64-mingw32/nios2-elf/lib/mno-hw-mul\libm.a(lib_a-s_nan.o)
 .bss           0x000000001000f278        0x0 c:/altera/15.0/nios2eds/bin/gnu/h-x86_64-mingw32/bin/../lib/gcc/nios2-elf/4.9.1/../../../../../H-x86_64-mingw32/nios2-elf/lib/mno-hw-mul\libm.a(lib_a-s_rint.o)
 .bss           0x000000001000f278        0x0 c:/altera/15.0/nios2eds/bin/gnu/h-x86_64-mingw32/bin/../lib/gcc/nios2-elf/4.9.1/../../../../../H-x86_64-mingw32/nios2-elf/lib/mno-hw-mul\libm.a(lib_a-s_scalbn.o)
 .bss           0x000000001000f278        0x0 c:/altera/15.0/nios2eds/bin/gnu/h-x86_64-mingw32/bin/../lib/gcc/nios2-elf/4.9.1/../../../../../H-x86_64-mingw32/nios2-elf/lib/mno-hw-mul\libm.a(lib_a-s_copysign.o)
 .bss           0x000000001000f278        0x0 c:/altera/15.0/nios2eds/bin/gnu/h-x86_64-mingw32/bin/../lib/gcc/nios2-elf/4.9.1/mno-hw-mul\libgcc.a(_muldi3.o)
 .bss           0x000000001000f278        0x0 c:/altera/15.0/nios2eds/bin/gnu/h-x86_64-mingw32/bin/../lib/gcc/nios2-elf/4.9.1/mno-hw-mul\libgcc.a(_fixunsdfsi.o)
 .bss           0x000000001000f278        0x0 c:/altera/15.0/nios2eds/bin/gnu/h-x86_64-mingw32/bin/../lib/gcc/nios2-elf/4.9.1/mno-hw-mul\libgcc.a(_udivdi3.o)
 .bss           0x000000001000f278        0x0 c:/altera/15.0/nios2eds/bin/gnu/h-x86_64-mingw32/bin/../lib/gcc/nios2-elf/4.9.1/mno-hw-mul\libgcc.a(_umoddi3.o)
 .bss           0x000000001000f278        0x0 c:/altera/15.0/nios2eds/bin/gnu/h-x86_64-mingw32/bin/../lib/gcc/nios2-elf/4.9.1/mno-hw-mul\libgcc.a(lib2-divmod.o)
 .bss           0x000000001000f278        0x0 c:/altera/15.0/nios2eds/bin/gnu/h-x86_64-mingw32/bin/../lib/gcc/nios2-elf/4.9.1/mno-hw-mul\libgcc.a(lib2-mul.o)
 .bss           0x000000001000f278        0x0 c:/altera/15.0/nios2eds/bin/gnu/h-x86_64-mingw32/bin/../lib/gcc/nios2-elf/4.9.1/mno-hw-mul\libgcc.a(adddf3.o)
 .bss           0x000000001000f278        0x0 c:/altera/15.0/nios2eds/bin/gnu/h-x86_64-mingw32/bin/../lib/gcc/nios2-elf/4.9.1/mno-hw-mul\libgcc.a(divdf3.o)
 .bss           0x000000001000f278        0x0 c:/altera/15.0/nios2eds/bin/gnu/h-x86_64-mingw32/bin/../lib/gcc/nios2-elf/4.9.1/mno-hw-mul\libgcc.a(eqdf2.o)
 .bss           0x000000001000f278        0x0 c:/altera/15.0/nios2eds/bin/gnu/h-x86_64-mingw32/bin/../lib/gcc/nios2-elf/4.9.1/mno-hw-mul\libgcc.a(gedf2.o)
 .bss           0x000000001000f278        0x0 c:/altera/15.0/nios2eds/bin/gnu/h-x86_64-mingw32/bin/../lib/gcc/nios2-elf/4.9.1/mno-hw-mul\libgcc.a(ledf2.o)
 .bss           0x000000001000f278        0x0 c:/altera/15.0/nios2eds/bin/gnu/h-x86_64-mingw32/bin/../lib/gcc/nios2-elf/4.9.1/mno-hw-mul\libgcc.a(muldf3.o)
 .bss           0x000000001000f278        0x0 c:/altera/15.0/nios2eds/bin/gnu/h-x86_64-mingw32/bin/../lib/gcc/nios2-elf/4.9.1/mno-hw-mul\libgcc.a(subdf3.o)
 .bss           0x000000001000f278        0x0 c:/altera/15.0/nios2eds/bin/gnu/h-x86_64-mingw32/bin/../lib/gcc/nios2-elf/4.9.1/mno-hw-mul\libgcc.a(fixdfsi.o)
 .bss           0x000000001000f278        0x0 c:/altera/15.0/nios2eds/bin/gnu/h-x86_64-mingw32/bin/../lib/gcc/nios2-elf/4.9.1/mno-hw-mul\libgcc.a(floatsidf.o)
 .bss           0x000000001000f278        0x0 c:/altera/15.0/nios2eds/bin/gnu/h-x86_64-mingw32/bin/../lib/gcc/nios2-elf/4.9.1/mno-hw-mul\libgcc.a(floatunsidf.o)
 .bss           0x000000001000f278        0x0 c:/altera/15.0/nios2eds/bin/gnu/h-x86_64-mingw32/bin/../lib/gcc/nios2-elf/4.9.1/mno-hw-mul\libgcc.a(_clz.o)
 .bss           0x000000001000f278        0x0 c:/altera/15.0/nios2eds/bin/gnu/h-x86_64-mingw32/bin/../lib/gcc/nios2-elf/4.9.1/mno-hw-mul\libgcc.a(_clzsi2.o)
 .bss           0x000000001000f278        0x0 c:/altera/15.0/nios2eds/bin/gnu/h-x86_64-mingw32/bin/../lib/gcc/nios2-elf/4.9.1/../../../../../H-x86_64-mingw32/nios2-elf/lib/mno-hw-mul\libc.a(lib_a-errno.o)
 .bss           0x000000001000f278        0x0 c:/altera/15.0/nios2eds/bin/gnu/h-x86_64-mingw32/bin/../lib/gcc/nios2-elf/4.9.1/../../../../../H-x86_64-mingw32/nios2-elf/lib/mno-hw-mul\libc.a(lib_a-impure.o)
 .bss           0x000000001000f278        0x0 c:/altera/15.0/nios2eds/bin/gnu/h-x86_64-mingw32/bin/../lib/gcc/nios2-elf/4.9.1/../../../../../H-x86_64-mingw32/nios2-elf/lib/mno-hw-mul\libc.a(lib_a-puts.o)
 .bss           0x000000001000f278        0x0 c:/altera/15.0/nios2eds/bin/gnu/h-x86_64-mingw32/bin/../lib/gcc/nios2-elf/4.9.1/../../../../../H-x86_64-mingw32/nios2-elf/lib/mno-hw-mul\libc.a(lib_a-rand.o)
 .bss           0x000000001000f278        0x0 c:/altera/15.0/nios2eds/bin/gnu/h-x86_64-mingw32/bin/../lib/gcc/nios2-elf/4.9.1/../../../../../H-x86_64-mingw32/nios2-elf/lib/mno-hw-mul\libc.a(lib_a-strlen.o)
 .bss           0x000000001000f278        0x0 c:/altera/15.0/nios2eds/bin/gnu/h-x86_64-mingw32/bin/../lib/gcc/nios2-elf/4.9.1/../../../../../H-x86_64-mingw32/nios2-elf/lib/mno-hw-mul\libc.a(lib_a-fvwrite.o)
 .bss           0x000000001000f278       0x28 c:/altera/15.0/nios2eds/bin/gnu/h-x86_64-mingw32/bin/../lib/gcc/nios2-elf/4.9.1/../../../../../H-x86_64-mingw32/nios2-elf/lib/mno-hw-mul\libc.a(lib_a-mallocr.o)
                0x000000001000f278                __malloc_current_mallinfo
 .bss           0x000000001000f2a0        0x0 c:/altera/15.0/nios2eds/bin/gnu/h-x86_64-mingw32/bin/../lib/gcc/nios2-elf/4.9.1/../../../../../H-x86_64-mingw32/nios2-elf/lib/mno-hw-mul\libc.a(lib_a-memchr.o)
 .bss           0x000000001000f2a0        0x0 c:/altera/15.0/nios2eds/bin/gnu/h-x86_64-mingw32/bin/../lib/gcc/nios2-elf/4.9.1/../../../../../H-x86_64-mingw32/nios2-elf/lib/mno-hw-mul\libc.a(lib_a-memcpy.o)
 .bss           0x000000001000f2a0        0x0 c:/altera/15.0/nios2eds/bin/gnu/h-x86_64-mingw32/bin/../lib/gcc/nios2-elf/4.9.1/../../../../../H-x86_64-mingw32/nios2-elf/lib/mno-hw-mul\libc.a(lib_a-memmove.o)
 .bss           0x000000001000f2a0        0x0 c:/altera/15.0/nios2eds/bin/gnu/h-x86_64-mingw32/bin/../lib/gcc/nios2-elf/4.9.1/../../../../../H-x86_64-mingw32/nios2-elf/lib/mno-hw-mul\libc.a(lib_a-reallocr.o)
 .bss           0x000000001000f2a0        0x0 c:/altera/15.0/nios2eds/bin/gnu/h-x86_64-mingw32/bin/../lib/gcc/nios2-elf/4.9.1/../../../../../H-x86_64-mingw32/nios2-elf/lib/mno-hw-mul\libc.a(lib_a-sbrkr.o)
 .bss           0x000000001000f2a0        0x0 c:/altera/15.0/nios2eds/bin/gnu/h-x86_64-mingw32/bin/../lib/gcc/nios2-elf/4.9.1/../../../../../H-x86_64-mingw32/nios2-elf/lib/mno-hw-mul\libc.a(lib_a-wsetup.o)
 .bss           0x000000001000f2a0        0x0 c:/altera/15.0/nios2eds/bin/gnu/h-x86_64-mingw32/bin/../lib/gcc/nios2-elf/4.9.1/../../../../../H-x86_64-mingw32/nios2-elf/lib/mno-hw-mul\libc.a(lib_a-fflush.o)
 .bss           0x000000001000f2a0        0x0 c:/altera/15.0/nios2eds/bin/gnu/h-x86_64-mingw32/bin/../lib/gcc/nios2-elf/4.9.1/../../../../../H-x86_64-mingw32/nios2-elf/lib/mno-hw-mul\libc.a(lib_a-findfp.o)
 .bss           0x000000001000f2a0        0x0 c:/altera/15.0/nios2eds/bin/gnu/h-x86_64-mingw32/bin/../lib/gcc/nios2-elf/4.9.1/../../../../../H-x86_64-mingw32/nios2-elf/lib/mno-hw-mul\libc.a(lib_a-freer.o)
 .bss           0x000000001000f2a0        0x0 c:/altera/15.0/nios2eds/bin/gnu/h-x86_64-mingw32/bin/../lib/gcc/nios2-elf/4.9.1/../../../../../H-x86_64-mingw32/nios2-elf/lib/mno-hw-mul\libc.a(lib_a-fwalk.o)
 .bss           0x000000001000f2a0        0x0 c:/altera/15.0/nios2eds/bin/gnu/h-x86_64-mingw32/bin/../lib/gcc/nios2-elf/4.9.1/../../../../../H-x86_64-mingw32/nios2-elf/lib/mno-hw-mul\libc.a(lib_a-int_errno.o)
 .bss           0x000000001000f2a0        0x0 c:/altera/15.0/nios2eds/bin/gnu/h-x86_64-mingw32/bin/../lib/gcc/nios2-elf/4.9.1/../../../../../H-x86_64-mingw32/nios2-elf/lib/mno-hw-mul\libc.a(lib_a-makebuf.o)
 .bss           0x000000001000f2a0        0x0 c:/altera/15.0/nios2eds/bin/gnu/h-x86_64-mingw32/bin/../lib/gcc/nios2-elf/4.9.1/../../../../../H-x86_64-mingw32/nios2-elf/lib/mno-hw-mul\libc.a(lib_a-memset.o)
 .bss           0x000000001000f2a0        0x0 c:/altera/15.0/nios2eds/bin/gnu/h-x86_64-mingw32/bin/../lib/gcc/nios2-elf/4.9.1/../../../../../H-x86_64-mingw32/nios2-elf/lib/mno-hw-mul\libc.a(lib_a-stdio.o)
 .bss           0x000000001000f2a0        0x0 c:/altera/15.0/nios2eds/bin/gnu/h-x86_64-mingw32/bin/../lib/gcc/nios2-elf/4.9.1/../../../../../H-x86_64-mingw32/nios2-elf/lib/mno-hw-mul\libc.a(lib_a-writer.o)
 .bss           0x000000001000f2a0        0x0 c:/altera/15.0/nios2eds/bin/gnu/h-x86_64-mingw32/bin/../lib/gcc/nios2-elf/4.9.1/../../../../../H-x86_64-mingw32/nios2-elf/lib/mno-hw-mul\libc.a(closer.o)
 .bss           0x000000001000f2a0        0x0 c:/altera/15.0/nios2eds/bin/gnu/h-x86_64-mingw32/bin/../lib/gcc/nios2-elf/4.9.1/../../../../../H-x86_64-mingw32/nios2-elf/lib/mno-hw-mul\libc.a(lib_a-fclose.o)
 .bss           0x000000001000f2a0        0x0 c:/altera/15.0/nios2eds/bin/gnu/h-x86_64-mingw32/bin/../lib/gcc/nios2-elf/4.9.1/../../../../../H-x86_64-mingw32/nios2-elf/lib/mno-hw-mul\libc.a(lib_a-fstatr.o)
 .bss           0x000000001000f2a0        0x0 c:/altera/15.0/nios2eds/bin/gnu/h-x86_64-mingw32/bin/../lib/gcc/nios2-elf/4.9.1/../../../../../H-x86_64-mingw32/nios2-elf/lib/mno-hw-mul\libc.a(lib_a-isattyr.o)
 .bss           0x000000001000f2a0        0x0 c:/altera/15.0/nios2eds/bin/gnu/h-x86_64-mingw32/bin/../lib/gcc/nios2-elf/4.9.1/../../../../../H-x86_64-mingw32/nios2-elf/lib/mno-hw-mul\libc.a(lib_a-lseekr.o)
 .bss           0x000000001000f2a0        0x0 c:/altera/15.0/nios2eds/bin/gnu/h-x86_64-mingw32/bin/../lib/gcc/nios2-elf/4.9.1/../../../../../H-x86_64-mingw32/nios2-elf/lib/mno-hw-mul\libc.a(lib_a-readr.o)
 .bss           0x000000001000f2a0        0x0 ../Vegetable-Viking_bsp/\libhal_bsp.a(alt_close.o)
 .bss           0x000000001000f2a0        0x0 ../Vegetable-Viking_bsp/\libhal_bsp.a(alt_dev.o)
 .bss           0x000000001000f2a0        0x0 ../Vegetable-Viking_bsp/\libhal_bsp.a(alt_errno.o)
 .bss           0x000000001000f2a0        0x0 ../Vegetable-Viking_bsp/\libhal_bsp.a(alt_fstat.o)
 .bss           0x000000001000f2a0        0x0 ../Vegetable-Viking_bsp/\libhal_bsp.a(alt_isatty.o)
 .bss           0x000000001000f2a0        0x0 ../Vegetable-Viking_bsp/\libhal_bsp.a(alt_load.o)
 .bss           0x000000001000f2a0        0x0 ../Vegetable-Viking_bsp/\libhal_bsp.a(alt_lseek.o)
 .bss           0x000000001000f2a0        0x0 ../Vegetable-Viking_bsp/\libhal_bsp.a(alt_main.o)
 .bss           0x000000001000f2a0        0x0 ../Vegetable-Viking_bsp/\libhal_bsp.a(alt_malloc_lock.o)
 .bss           0x000000001000f2a0        0x0 ../Vegetable-Viking_bsp/\libhal_bsp.a(alt_read.o)
 .bss           0x000000001000f2a0        0x0 ../Vegetable-Viking_bsp/\libhal_bsp.a(alt_release_fd.o)
 .bss           0x000000001000f2a0        0x0 ../Vegetable-Viking_bsp/\libhal_bsp.a(alt_sbrk.o)
 .bss           0x000000001000f2a0        0x0 ../Vegetable-Viking_bsp/\libhal_bsp.a(alt_write.o)
 .bss           0x000000001000f2a0        0x0 ../Vegetable-Viking_bsp/\libhal_bsp.a(alt_sys_init.o)
 .bss           0x000000001000f2a0        0x0 ../Vegetable-Viking_bsp/\libhal_bsp.a(altera_avalon_jtag_uart_fd.o)
 .bss           0x000000001000f2a0        0x0 ../Vegetable-Viking_bsp/\libhal_bsp.a(altera_avalon_jtag_uart_init.o)
 .bss           0x000000001000f2a0        0x0 ../Vegetable-Viking_bsp/\libhal_bsp.a(altera_avalon_jtag_uart_ioctl.o)
 .bss           0x000000001000f2a0        0x0 ../Vegetable-Viking_bsp/\libhal_bsp.a(altera_avalon_jtag_uart_read.o)
 .bss           0x000000001000f2a0        0x0 ../Vegetable-Viking_bsp/\libhal_bsp.a(altera_avalon_jtag_uart_write.o)
 .bss           0x000000001000f2a0        0x0 ../Vegetable-Viking_bsp/\libhal_bsp.a(alt_alarm_start.o)
 .bss           0x000000001000f2a0        0x0 ../Vegetable-Viking_bsp/\libhal_bsp.a(alt_dcache_flush_all.o)
 .bss           0x000000001000f2a0        0x0 ../Vegetable-Viking_bsp/\libhal_bsp.a(alt_dev_llist_insert.o)
 .bss           0x000000001000f2a0        0x0 ../Vegetable-Viking_bsp/\libhal_bsp.a(alt_do_ctors.o)
 .bss           0x000000001000f2a0        0x0 ../Vegetable-Viking_bsp/\libhal_bsp.a(alt_do_dtors.o)
 .bss           0x000000001000f2a0        0x0 ../Vegetable-Viking_bsp/\libhal_bsp.a(alt_icache_flush_all.o)
 .bss           0x000000001000f2a0        0x0 ../Vegetable-Viking_bsp/\libhal_bsp.a(alt_iic.o)
 .bss           0x000000001000f2a0        0x0 ../Vegetable-Viking_bsp/\libhal_bsp.a(alt_iic_isr_register.o)
 .bss           0x000000001000f2a0        0x0 ../Vegetable-Viking_bsp/\libhal_bsp.a(alt_io_redirect.o)
 .bss           0x000000001000f2a0        0x0 ../Vegetable-Viking_bsp/\libhal_bsp.a(alt_irq_entry.o)
 .bss           0x000000001000f2a0        0x0 ../Vegetable-Viking_bsp/\libhal_bsp.a(alt_irq_handler.o)
 .bss           0x000000001000f2a0        0x0 ../Vegetable-Viking_bsp/\libhal_bsp.a(alt_irq_vars.o)
 .bss           0x000000001000f2a0        0x0 ../Vegetable-Viking_bsp/\libhal_bsp.a(alt_open.o)
 .bss           0x000000001000f2a0        0x0 ../Vegetable-Viking_bsp/\libhal_bsp.a(alt_tick.o)
 .bss           0x000000001000f2a0        0x0 ../Vegetable-Viking_bsp/\libhal_bsp.a(altera_nios2_gen2_irq.o)
 .bss           0x000000001000f2a0        0x0 ../Vegetable-Viking_bsp/\libhal_bsp.a(alt_exception_entry.o)
 .bss           0x000000001000f2a0        0x0 ../Vegetable-Viking_bsp/\libhal_bsp.a(alt_find_dev.o)
 .bss           0x000000001000f2a0        0x0 ../Vegetable-Viking_bsp/\libhal_bsp.a(alt_find_file.o)
 .bss           0x000000001000f2a0        0x0 ../Vegetable-Viking_bsp/\libhal_bsp.a(alt_get_fd.o)
 .bss           0x000000001000f2a0        0x0 ../Vegetable-Viking_bsp/\libhal_bsp.a(alt_instruction_exception_entry.o)
 .bss           0x000000001000f2a0        0x0 c:/altera/15.0/nios2eds/bin/gnu/h-x86_64-mingw32/bin/../lib/gcc/nios2-elf/4.9.1/../../../../../H-x86_64-mingw32/nios2-elf/lib/mno-hw-mul\libc.a(lib_a-atexit.o)
 .bss           0x000000001000f2a0        0x0 c:/altera/15.0/nios2eds/bin/gnu/h-x86_64-mingw32/bin/../lib/gcc/nios2-elf/4.9.1/../../../../../H-x86_64-mingw32/nios2-elf/lib/mno-hw-mul\libc.a(lib_a-exit.o)
 .bss           0x000000001000f2a0        0x0 c:/altera/15.0/nios2eds/bin/gnu/h-x86_64-mingw32/bin/../lib/gcc/nios2-elf/4.9.1/../../../../../H-x86_64-mingw32/nios2-elf/lib/mno-hw-mul\libc.a(lib_a-memcmp.o)
 .bss           0x000000001000f2a0        0x0 c:/altera/15.0/nios2eds/bin/gnu/h-x86_64-mingw32/bin/../lib/gcc/nios2-elf/4.9.1/../../../../../H-x86_64-mingw32/nios2-elf/lib/mno-hw-mul\libc.a(lib_a-__atexit.o)
 .bss           0x000000001000f2a0        0x0 c:/altera/15.0/nios2eds/bin/gnu/h-x86_64-mingw32/bin/../lib/gcc/nios2-elf/4.9.1/../../../../../H-x86_64-mingw32/nios2-elf/lib/mno-hw-mul\libc.a(lib_a-__call_atexit.o)
 .bss           0x000000001000f2a0        0x0 ../Vegetable-Viking_bsp/\libhal_bsp.a(alt_exit.o)
 *(COMMON)
 COMMON         0x000000001000f2a0      0x240 obj/default/main.o
                0x000000001000f2a0                veggieObject
 COMMON         0x000000001000f4e0      0x100 ../Vegetable-Viking_bsp/\libhal_bsp.a(alt_irq_handler.o)
                0x000000001000f4e0                alt_irq
                0x000000001000f5e0                . = ALIGN (0x4)
                0x000000001000f5e0                __bss_end = ABSOLUTE (.)

.onchip_memory2_0
                0x0000000000000000        0x0 load address 0x000000001000f5e0
                0x0000000000000000                PROVIDE (_alt_partition_onchip_memory2_0_start, ABSOLUTE (.))
 *(.onchip_memory2_0 .onchip_memory2_0. onchip_memory2_0.*)
                0x0000000000000000                . = ALIGN (0x4)
                0x0000000000000000                PROVIDE (_alt_partition_onchip_memory2_0_end, ABSOLUTE (.))
                0x000000001000f5e0                PROVIDE (_alt_partition_onchip_memory2_0_load_addr, LOADADDR (.onchip_memory2_0))

.sdram          0x000000001000f5e0        0x0
                0x000000001000f5e0                PROVIDE (_alt_partition_sdram_start, ABSOLUTE (.))
 *(.sdram .sdram. sdram.*)
                0x000000001000f5e0                . = ALIGN (0x4)
                0x000000001000f5e0                PROVIDE (_alt_partition_sdram_end, ABSOLUTE (.))
                0x000000001000f5e0                _end = ABSOLUTE (.)
                0x000000001000f5e0                end = ABSOLUTE (.)
                0x000000001000f5e0                __alt_stack_base = ABSOLUTE (.)
                0x000000001000f5e0                PROVIDE (_alt_partition_sdram_load_addr, LOADADDR (.sdram))

.stab
 *(.stab)

.stabstr
 *(.stabstr)

.stab.excl
 *(.stab.excl)

.stab.exclstr
 *(.stab.exclstr)

.stab.index
 *(.stab.index)

.stab.indexstr
 *(.stab.indexstr)

.comment        0x0000000000000000       0x23
 *(.comment)
 .comment       0x0000000000000000       0x23 obj/default/main.o
                                         0x24 (size before relaxing)
 .comment       0x0000000000000000       0x24 c:/altera/15.0/nios2eds/bin/gnu/h-x86_64-mingw32/bin/../lib/gcc/nios2-elf/4.9.1/../../../../../H-x86_64-mingw32/nios2-elf/lib/mno-hw-mul\libm.a(lib_a-w_pow.o)
 .comment       0x0000000000000000       0x24 c:/altera/15.0/nios2eds/bin/gnu/h-x86_64-mingw32/bin/../lib/gcc/nios2-elf/4.9.1/../../../../../H-x86_64-mingw32/nios2-elf/lib/mno-hw-mul\libm.a(lib_a-e_pow.o)
 .comment       0x0000000000000000       0x24 c:/altera/15.0/nios2eds/bin/gnu/h-x86_64-mingw32/bin/../lib/gcc/nios2-elf/4.9.1/../../../../../H-x86_64-mingw32/nios2-elf/lib/mno-hw-mul\libm.a(lib_a-e_sqrt.o)
 .comment       0x0000000000000000       0x24 c:/altera/15.0/nios2eds/bin/gnu/h-x86_64-mingw32/bin/../lib/gcc/nios2-elf/4.9.1/../../../../../H-x86_64-mingw32/nios2-elf/lib/mno-hw-mul\libm.a(lib_a-s_fabs.o)
 .comment       0x0000000000000000       0x24 c:/altera/15.0/nios2eds/bin/gnu/h-x86_64-mingw32/bin/../lib/gcc/nios2-elf/4.9.1/../../../../../H-x86_64-mingw32/nios2-elf/lib/mno-hw-mul\libm.a(lib_a-s_finite.o)
 .comment       0x0000000000000000       0x24 c:/altera/15.0/nios2eds/bin/gnu/h-x86_64-mingw32/bin/../lib/gcc/nios2-elf/4.9.1/../../../../../H-x86_64-mingw32/nios2-elf/lib/mno-hw-mul\libm.a(lib_a-s_fpclassify.o)
 .comment       0x0000000000000000       0x24 c:/altera/15.0/nios2eds/bin/gnu/h-x86_64-mingw32/bin/../lib/gcc/nios2-elf/4.9.1/../../../../../H-x86_64-mingw32/nios2-elf/lib/mno-hw-mul\libm.a(lib_a-s_lib_ver.o)
 .comment       0x0000000000000000       0x24 c:/altera/15.0/nios2eds/bin/gnu/h-x86_64-mingw32/bin/../lib/gcc/nios2-elf/4.9.1/../../../../../H-x86_64-mingw32/nios2-elf/lib/mno-hw-mul\libm.a(lib_a-s_matherr.o)
 .comment       0x0000000000000000       0x24 c:/altera/15.0/nios2eds/bin/gnu/h-x86_64-mingw32/bin/../lib/gcc/nios2-elf/4.9.1/../../../../../H-x86_64-mingw32/nios2-elf/lib/mno-hw-mul\libm.a(lib_a-s_nan.o)
 .comment       0x0000000000000000       0x24 c:/altera/15.0/nios2eds/bin/gnu/h-x86_64-mingw32/bin/../lib/gcc/nios2-elf/4.9.1/../../../../../H-x86_64-mingw32/nios2-elf/lib/mno-hw-mul\libm.a(lib_a-s_rint.o)
 .comment       0x0000000000000000       0x24 c:/altera/15.0/nios2eds/bin/gnu/h-x86_64-mingw32/bin/../lib/gcc/nios2-elf/4.9.1/../../../../../H-x86_64-mingw32/nios2-elf/lib/mno-hw-mul\libm.a(lib_a-s_scalbn.o)
 .comment       0x0000000000000000       0x24 c:/altera/15.0/nios2eds/bin/gnu/h-x86_64-mingw32/bin/../lib/gcc/nios2-elf/4.9.1/../../../../../H-x86_64-mingw32/nios2-elf/lib/mno-hw-mul\libm.a(lib_a-s_copysign.o)
 .comment       0x0000000000000000       0x24 c:/altera/15.0/nios2eds/bin/gnu/h-x86_64-mingw32/bin/../lib/gcc/nios2-elf/4.9.1/mno-hw-mul\libgcc.a(_muldi3.o)
 .comment       0x0000000000000000       0x24 c:/altera/15.0/nios2eds/bin/gnu/h-x86_64-mingw32/bin/../lib/gcc/nios2-elf/4.9.1/mno-hw-mul\libgcc.a(_fixunsdfsi.o)
 .comment       0x0000000000000000       0x24 c:/altera/15.0/nios2eds/bin/gnu/h-x86_64-mingw32/bin/../lib/gcc/nios2-elf/4.9.1/mno-hw-mul\libgcc.a(_udivdi3.o)
 .comment       0x0000000000000000       0x24 c:/altera/15.0/nios2eds/bin/gnu/h-x86_64-mingw32/bin/../lib/gcc/nios2-elf/4.9.1/mno-hw-mul\libgcc.a(_umoddi3.o)
 .comment       0x0000000000000000       0x24 c:/altera/15.0/nios2eds/bin/gnu/h-x86_64-mingw32/bin/../lib/gcc/nios2-elf/4.9.1/mno-hw-mul\libgcc.a(lib2-divmod.o)
 .comment       0x0000000000000000       0x24 c:/altera/15.0/nios2eds/bin/gnu/h-x86_64-mingw32/bin/../lib/gcc/nios2-elf/4.9.1/mno-hw-mul\libgcc.a(lib2-mul.o)
 .comment       0x0000000000000000       0x24 c:/altera/15.0/nios2eds/bin/gnu/h-x86_64-mingw32/bin/../lib/gcc/nios2-elf/4.9.1/mno-hw-mul\libgcc.a(adddf3.o)
 .comment       0x0000000000000000       0x24 c:/altera/15.0/nios2eds/bin/gnu/h-x86_64-mingw32/bin/../lib/gcc/nios2-elf/4.9.1/mno-hw-mul\libgcc.a(divdf3.o)
 .comment       0x0000000000000000       0x24 c:/altera/15.0/nios2eds/bin/gnu/h-x86_64-mingw32/bin/../lib/gcc/nios2-elf/4.9.1/mno-hw-mul\libgcc.a(eqdf2.o)
 .comment       0x0000000000000000       0x24 c:/altera/15.0/nios2eds/bin/gnu/h-x86_64-mingw32/bin/../lib/gcc/nios2-elf/4.9.1/mno-hw-mul\libgcc.a(gedf2.o)
 .comment       0x0000000000000000       0x24 c:/altera/15.0/nios2eds/bin/gnu/h-x86_64-mingw32/bin/../lib/gcc/nios2-elf/4.9.1/mno-hw-mul\libgcc.a(ledf2.o)
 .comment       0x0000000000000000       0x24 c:/altera/15.0/nios2eds/bin/gnu/h-x86_64-mingw32/bin/../lib/gcc/nios2-elf/4.9.1/mno-hw-mul\libgcc.a(muldf3.o)
 .comment       0x0000000000000000       0x24 c:/altera/15.0/nios2eds/bin/gnu/h-x86_64-mingw32/bin/../lib/gcc/nios2-elf/4.9.1/mno-hw-mul\libgcc.a(subdf3.o)
 .comment       0x0000000000000000       0x24 c:/altera/15.0/nios2eds/bin/gnu/h-x86_64-mingw32/bin/../lib/gcc/nios2-elf/4.9.1/mno-hw-mul\libgcc.a(fixdfsi.o)
 .comment       0x0000000000000000       0x24 c:/altera/15.0/nios2eds/bin/gnu/h-x86_64-mingw32/bin/../lib/gcc/nios2-elf/4.9.1/mno-hw-mul\libgcc.a(floatsidf.o)
 .comment       0x0000000000000000       0x24 c:/altera/15.0/nios2eds/bin/gnu/h-x86_64-mingw32/bin/../lib/gcc/nios2-elf/4.9.1/mno-hw-mul\libgcc.a(floatunsidf.o)
 .comment       0x0000000000000000       0x24 c:/altera/15.0/nios2eds/bin/gnu/h-x86_64-mingw32/bin/../lib/gcc/nios2-elf/4.9.1/mno-hw-mul\libgcc.a(_clz.o)
 .comment       0x0000000000000000       0x24 c:/altera/15.0/nios2eds/bin/gnu/h-x86_64-mingw32/bin/../lib/gcc/nios2-elf/4.9.1/mno-hw-mul\libgcc.a(_clzsi2.o)
 .comment       0x0000000000000000       0x24 c:/altera/15.0/nios2eds/bin/gnu/h-x86_64-mingw32/bin/../lib/gcc/nios2-elf/4.9.1/../../../../../H-x86_64-mingw32/nios2-elf/lib/mno-hw-mul\libc.a(lib_a-errno.o)
 .comment       0x0000000000000000       0x24 c:/altera/15.0/nios2eds/bin/gnu/h-x86_64-mingw32/bin/../lib/gcc/nios2-elf/4.9.1/../../../../../H-x86_64-mingw32/nios2-elf/lib/mno-hw-mul\libc.a(lib_a-impure.o)
 .comment       0x0000000000000000       0x24 c:/altera/15.0/nios2eds/bin/gnu/h-x86_64-mingw32/bin/../lib/gcc/nios2-elf/4.9.1/../../../../../H-x86_64-mingw32/nios2-elf/lib/mno-hw-mul\libc.a(lib_a-puts.o)
 .comment       0x0000000000000000       0x24 c:/altera/15.0/nios2eds/bin/gnu/h-x86_64-mingw32/bin/../lib/gcc/nios2-elf/4.9.1/../../../../../H-x86_64-mingw32/nios2-elf/lib/mno-hw-mul\libc.a(lib_a-rand.o)
 .comment       0x0000000000000000       0x24 c:/altera/15.0/nios2eds/bin/gnu/h-x86_64-mingw32/bin/../lib/gcc/nios2-elf/4.9.1/../../../../../H-x86_64-mingw32/nios2-elf/lib/mno-hw-mul\libc.a(lib_a-strlen.o)
 .comment       0x0000000000000000       0x24 c:/altera/15.0/nios2eds/bin/gnu/h-x86_64-mingw32/bin/../lib/gcc/nios2-elf/4.9.1/../../../../../H-x86_64-mingw32/nios2-elf/lib/mno-hw-mul\libc.a(lib_a-fvwrite.o)
 .comment       0x0000000000000000       0x24 c:/altera/15.0/nios2eds/bin/gnu/h-x86_64-mingw32/bin/../lib/gcc/nios2-elf/4.9.1/../../../../../H-x86_64-mingw32/nios2-elf/lib/mno-hw-mul\libc.a(lib_a-mallocr.o)
 .comment       0x0000000000000000       0x24 c:/altera/15.0/nios2eds/bin/gnu/h-x86_64-mingw32/bin/../lib/gcc/nios2-elf/4.9.1/../../../../../H-x86_64-mingw32/nios2-elf/lib/mno-hw-mul\libc.a(lib_a-memchr.o)
 .comment       0x0000000000000000       0x24 c:/altera/15.0/nios2eds/bin/gnu/h-x86_64-mingw32/bin/../lib/gcc/nios2-elf/4.9.1/../../../../../H-x86_64-mingw32/nios2-elf/lib/mno-hw-mul\libc.a(lib_a-memcpy.o)
 .comment       0x0000000000000000       0x24 c:/altera/15.0/nios2eds/bin/gnu/h-x86_64-mingw32/bin/../lib/gcc/nios2-elf/4.9.1/../../../../../H-x86_64-mingw32/nios2-elf/lib/mno-hw-mul\libc.a(lib_a-memmove.o)
 .comment       0x0000000000000000       0x24 c:/altera/15.0/nios2eds/bin/gnu/h-x86_64-mingw32/bin/../lib/gcc/nios2-elf/4.9.1/../../../../../H-x86_64-mingw32/nios2-elf/lib/mno-hw-mul\libc.a(lib_a-reallocr.o)
 .comment       0x0000000000000000       0x24 c:/altera/15.0/nios2eds/bin/gnu/h-x86_64-mingw32/bin/../lib/gcc/nios2-elf/4.9.1/../../../../../H-x86_64-mingw32/nios2-elf/lib/mno-hw-mul\libc.a(lib_a-sbrkr.o)
 .comment       0x0000000000000000       0x24 c:/altera/15.0/nios2eds/bin/gnu/h-x86_64-mingw32/bin/../lib/gcc/nios2-elf/4.9.1/../../../../../H-x86_64-mingw32/nios2-elf/lib/mno-hw-mul\libc.a(lib_a-wsetup.o)
 .comment       0x0000000000000000       0x24 c:/altera/15.0/nios2eds/bin/gnu/h-x86_64-mingw32/bin/../lib/gcc/nios2-elf/4.9.1/../../../../../H-x86_64-mingw32/nios2-elf/lib/mno-hw-mul\libc.a(lib_a-fflush.o)
 .comment       0x0000000000000000       0x24 c:/altera/15.0/nios2eds/bin/gnu/h-x86_64-mingw32/bin/../lib/gcc/nios2-elf/4.9.1/../../../../../H-x86_64-mingw32/nios2-elf/lib/mno-hw-mul\libc.a(lib_a-findfp.o)
 .comment       0x0000000000000000       0x24 c:/altera/15.0/nios2eds/bin/gnu/h-x86_64-mingw32/bin/../lib/gcc/nios2-elf/4.9.1/../../../../../H-x86_64-mingw32/nios2-elf/lib/mno-hw-mul\libc.a(lib_a-freer.o)
 .comment       0x0000000000000000       0x24 c:/altera/15.0/nios2eds/bin/gnu/h-x86_64-mingw32/bin/../lib/gcc/nios2-elf/4.9.1/../../../../../H-x86_64-mingw32/nios2-elf/lib/mno-hw-mul\libc.a(lib_a-fwalk.o)
 .comment       0x0000000000000000       0x24 c:/altera/15.0/nios2eds/bin/gnu/h-x86_64-mingw32/bin/../lib/gcc/nios2-elf/4.9.1/../../../../../H-x86_64-mingw32/nios2-elf/lib/mno-hw-mul\libc.a(lib_a-int_errno.o)
 .comment       0x0000000000000000       0x24 c:/altera/15.0/nios2eds/bin/gnu/h-x86_64-mingw32/bin/../lib/gcc/nios2-elf/4.9.1/../../../../../H-x86_64-mingw32/nios2-elf/lib/mno-hw-mul\libc.a(lib_a-makebuf.o)
 .comment       0x0000000000000000       0x24 c:/altera/15.0/nios2eds/bin/gnu/h-x86_64-mingw32/bin/../lib/gcc/nios2-elf/4.9.1/../../../../../H-x86_64-mingw32/nios2-elf/lib/mno-hw-mul\libc.a(lib_a-memset.o)
 .comment       0x0000000000000000       0x24 c:/altera/15.0/nios2eds/bin/gnu/h-x86_64-mingw32/bin/../lib/gcc/nios2-elf/4.9.1/../../../../../H-x86_64-mingw32/nios2-elf/lib/mno-hw-mul\libc.a(lib_a-stdio.o)
 .comment       0x0000000000000000       0x24 c:/altera/15.0/nios2eds/bin/gnu/h-x86_64-mingw32/bin/../lib/gcc/nios2-elf/4.9.1/../../../../../H-x86_64-mingw32/nios2-elf/lib/mno-hw-mul\libc.a(lib_a-writer.o)
 .comment       0x0000000000000000       0x24 c:/altera/15.0/nios2eds/bin/gnu/h-x86_64-mingw32/bin/../lib/gcc/nios2-elf/4.9.1/../../../../../H-x86_64-mingw32/nios2-elf/lib/mno-hw-mul\libc.a(closer.o)
 .comment       0x0000000000000000       0x24 c:/altera/15.0/nios2eds/bin/gnu/h-x86_64-mingw32/bin/../lib/gcc/nios2-elf/4.9.1/../../../../../H-x86_64-mingw32/nios2-elf/lib/mno-hw-mul\libc.a(lib_a-fclose.o)
 .comment       0x0000000000000000       0x24 c:/altera/15.0/nios2eds/bin/gnu/h-x86_64-mingw32/bin/../lib/gcc/nios2-elf/4.9.1/../../../../../H-x86_64-mingw32/nios2-elf/lib/mno-hw-mul\libc.a(lib_a-fstatr.o)
 .comment       0x0000000000000000       0x24 c:/altera/15.0/nios2eds/bin/gnu/h-x86_64-mingw32/bin/../lib/gcc/nios2-elf/4.9.1/../../../../../H-x86_64-mingw32/nios2-elf/lib/mno-hw-mul\libc.a(lib_a-isattyr.o)
 .comment       0x0000000000000000       0x24 c:/altera/15.0/nios2eds/bin/gnu/h-x86_64-mingw32/bin/../lib/gcc/nios2-elf/4.9.1/../../../../../H-x86_64-mingw32/nios2-elf/lib/mno-hw-mul\libc.a(lib_a-lseekr.o)
 .comment       0x0000000000000000       0x24 c:/altera/15.0/nios2eds/bin/gnu/h-x86_64-mingw32/bin/../lib/gcc/nios2-elf/4.9.1/../../../../../H-x86_64-mingw32/nios2-elf/lib/mno-hw-mul\libc.a(lib_a-readr.o)
 .comment       0x0000000000000000       0x24 ../Vegetable-Viking_bsp/\libhal_bsp.a(alt_close.o)
 .comment       0x0000000000000000       0x24 ../Vegetable-Viking_bsp/\libhal_bsp.a(alt_dev.o)
 .comment       0x0000000000000000       0x24 ../Vegetable-Viking_bsp/\libhal_bsp.a(alt_errno.o)
 .comment       0x0000000000000000       0x24 ../Vegetable-Viking_bsp/\libhal_bsp.a(alt_fstat.o)
 .comment       0x0000000000000000       0x24 ../Vegetable-Viking_bsp/\libhal_bsp.a(alt_isatty.o)
 .comment       0x0000000000000000       0x24 ../Vegetable-Viking_bsp/\libhal_bsp.a(alt_load.o)
 .comment       0x0000000000000000       0x24 ../Vegetable-Viking_bsp/\libhal_bsp.a(alt_lseek.o)
 .comment       0x0000000000000000       0x24 ../Vegetable-Viking_bsp/\libhal_bsp.a(alt_main.o)
 .comment       0x0000000000000000       0x24 ../Vegetable-Viking_bsp/\libhal_bsp.a(alt_malloc_lock.o)
 .comment       0x0000000000000000       0x24 ../Vegetable-Viking_bsp/\libhal_bsp.a(alt_read.o)
 .comment       0x0000000000000000       0x24 ../Vegetable-Viking_bsp/\libhal_bsp.a(alt_release_fd.o)
 .comment       0x0000000000000000       0x24 ../Vegetable-Viking_bsp/\libhal_bsp.a(alt_sbrk.o)
 .comment       0x0000000000000000       0x24 ../Vegetable-Viking_bsp/\libhal_bsp.a(alt_write.o)
 .comment       0x0000000000000000       0x24 ../Vegetable-Viking_bsp/\libhal_bsp.a(alt_sys_init.o)
 .comment       0x0000000000000000       0x24 ../Vegetable-Viking_bsp/\libhal_bsp.a(altera_avalon_jtag_uart_fd.o)
 .comment       0x0000000000000000       0x24 ../Vegetable-Viking_bsp/\libhal_bsp.a(altera_avalon_jtag_uart_init.o)
 .comment       0x0000000000000000       0x24 ../Vegetable-Viking_bsp/\libhal_bsp.a(altera_avalon_jtag_uart_ioctl.o)
 .comment       0x0000000000000000       0x24 ../Vegetable-Viking_bsp/\libhal_bsp.a(altera_avalon_jtag_uart_read.o)
 .comment       0x0000000000000000       0x24 ../Vegetable-Viking_bsp/\libhal_bsp.a(altera_avalon_jtag_uart_write.o)
 .comment       0x0000000000000000       0x24 ../Vegetable-Viking_bsp/\libhal_bsp.a(alt_alarm_start.o)
 .comment       0x0000000000000000       0x24 ../Vegetable-Viking_bsp/\libhal_bsp.a(alt_dcache_flush_all.o)
 .comment       0x0000000000000000       0x24 ../Vegetable-Viking_bsp/\libhal_bsp.a(alt_dev_llist_insert.o)
 .comment       0x0000000000000000       0x24 ../Vegetable-Viking_bsp/\libhal_bsp.a(alt_do_ctors.o)
 .comment       0x0000000000000000       0x24 ../Vegetable-Viking_bsp/\libhal_bsp.a(alt_do_dtors.o)
 .comment       0x0000000000000000       0x24 ../Vegetable-Viking_bsp/\libhal_bsp.a(alt_icache_flush_all.o)
 .comment       0x0000000000000000       0x24 ../Vegetable-Viking_bsp/\libhal_bsp.a(alt_iic.o)
 .comment       0x0000000000000000       0x24 ../Vegetable-Viking_bsp/\libhal_bsp.a(alt_iic_isr_register.o)
 .comment       0x0000000000000000       0x24 ../Vegetable-Viking_bsp/\libhal_bsp.a(alt_io_redirect.o)
 .comment       0x0000000000000000       0x24 ../Vegetable-Viking_bsp/\libhal_bsp.a(alt_irq_handler.o)
 .comment       0x0000000000000000       0x24 ../Vegetable-Viking_bsp/\libhal_bsp.a(alt_irq_vars.o)
 .comment       0x0000000000000000       0x24 ../Vegetable-Viking_bsp/\libhal_bsp.a(alt_open.o)
 .comment       0x0000000000000000       0x24 ../Vegetable-Viking_bsp/\libhal_bsp.a(alt_tick.o)
 .comment       0x0000000000000000       0x24 ../Vegetable-Viking_bsp/\libhal_bsp.a(altera_nios2_gen2_irq.o)
 .comment       0x0000000000000000       0x24 ../Vegetable-Viking_bsp/\libhal_bsp.a(alt_find_dev.o)
 .comment       0x0000000000000000       0x24 ../Vegetable-Viking_bsp/\libhal_bsp.a(alt_find_file.o)
 .comment       0x0000000000000000       0x24 ../Vegetable-Viking_bsp/\libhal_bsp.a(alt_get_fd.o)
 .comment       0x0000000000000000       0x24 ../Vegetable-Viking_bsp/\libhal_bsp.a(alt_instruction_exception_entry.o)
 .comment       0x0000000000000000       0x24 c:/altera/15.0/nios2eds/bin/gnu/h-x86_64-mingw32/bin/../lib/gcc/nios2-elf/4.9.1/../../../../../H-x86_64-mingw32/nios2-elf/lib/mno-hw-mul\libc.a(lib_a-atexit.o)
 .comment       0x0000000000000000       0x24 c:/altera/15.0/nios2eds/bin/gnu/h-x86_64-mingw32/bin/../lib/gcc/nios2-elf/4.9.1/../../../../../H-x86_64-mingw32/nios2-elf/lib/mno-hw-mul\libc.a(lib_a-exit.o)
 .comment       0x0000000000000000       0x24 c:/altera/15.0/nios2eds/bin/gnu/h-x86_64-mingw32/bin/../lib/gcc/nios2-elf/4.9.1/../../../../../H-x86_64-mingw32/nios2-elf/lib/mno-hw-mul\libc.a(lib_a-memcmp.o)
 .comment       0x0000000000000000       0x24 c:/altera/15.0/nios2eds/bin/gnu/h-x86_64-mingw32/bin/../lib/gcc/nios2-elf/4.9.1/../../../../../H-x86_64-mingw32/nios2-elf/lib/mno-hw-mul\libc.a(lib_a-__atexit.o)
 .comment       0x0000000000000000       0x24 c:/altera/15.0/nios2eds/bin/gnu/h-x86_64-mingw32/bin/../lib/gcc/nios2-elf/4.9.1/../../../../../H-x86_64-mingw32/nios2-elf/lib/mno-hw-mul\libc.a(lib_a-__call_atexit.o)
 .comment       0x0000000000000000       0x24 ../Vegetable-Viking_bsp/\libhal_bsp.a(alt_exit.o)

.debug
 *(.debug)

.line
 *(.line)

.debug_srcinfo
 *(.debug_srcinfo)

.debug_sfnames
 *(.debug_sfnames)

.debug_aranges  0x0000000000000000      0xd28
 *(.debug_aranges)
 .debug_aranges
                0x0000000000000000       0x28 ../Vegetable-Viking_bsp//obj/HAL/src/crt0.o
 .debug_aranges
                0x0000000000000028       0x20 obj/default/main.o
 .debug_aranges
                0x0000000000000048       0x20 c:/altera/15.0/nios2eds/bin/gnu/h-x86_64-mingw32/bin/../lib/gcc/nios2-elf/4.9.1/../../../../../H-x86_64-mingw32/nios2-elf/lib/mno-hw-mul\libm.a(lib_a-w_pow.o)
 .debug_aranges
                0x0000000000000068       0x20 c:/altera/15.0/nios2eds/bin/gnu/h-x86_64-mingw32/bin/../lib/gcc/nios2-elf/4.9.1/../../../../../H-x86_64-mingw32/nios2-elf/lib/mno-hw-mul\libm.a(lib_a-e_pow.o)
 .debug_aranges
                0x0000000000000088       0x20 c:/altera/15.0/nios2eds/bin/gnu/h-x86_64-mingw32/bin/../lib/gcc/nios2-elf/4.9.1/../../../../../H-x86_64-mingw32/nios2-elf/lib/mno-hw-mul\libm.a(lib_a-e_sqrt.o)
 .debug_aranges
                0x00000000000000a8       0x20 c:/altera/15.0/nios2eds/bin/gnu/h-x86_64-mingw32/bin/../lib/gcc/nios2-elf/4.9.1/../../../../../H-x86_64-mingw32/nios2-elf/lib/mno-hw-mul\libm.a(lib_a-s_fabs.o)
 .debug_aranges
                0x00000000000000c8       0x20 c:/altera/15.0/nios2eds/bin/gnu/h-x86_64-mingw32/bin/../lib/gcc/nios2-elf/4.9.1/../../../../../H-x86_64-mingw32/nios2-elf/lib/mno-hw-mul\libm.a(lib_a-s_finite.o)
 .debug_aranges
                0x00000000000000e8       0x20 c:/altera/15.0/nios2eds/bin/gnu/h-x86_64-mingw32/bin/../lib/gcc/nios2-elf/4.9.1/../../../../../H-x86_64-mingw32/nios2-elf/lib/mno-hw-mul\libm.a(lib_a-s_fpclassify.o)
 .debug_aranges
                0x0000000000000108       0x18 c:/altera/15.0/nios2eds/bin/gnu/h-x86_64-mingw32/bin/../lib/gcc/nios2-elf/4.9.1/../../../../../H-x86_64-mingw32/nios2-elf/lib/mno-hw-mul\libm.a(lib_a-s_lib_ver.o)
 .debug_aranges
                0x0000000000000120       0x20 c:/altera/15.0/nios2eds/bin/gnu/h-x86_64-mingw32/bin/../lib/gcc/nios2-elf/4.9.1/../../../../../H-x86_64-mingw32/nios2-elf/lib/mno-hw-mul\libm.a(lib_a-s_matherr.o)
 .debug_aranges
                0x0000000000000140       0x20 c:/altera/15.0/nios2eds/bin/gnu/h-x86_64-mingw32/bin/../lib/gcc/nios2-elf/4.9.1/../../../../../H-x86_64-mingw32/nios2-elf/lib/mno-hw-mul\libm.a(lib_a-s_nan.o)
 .debug_aranges
                0x0000000000000160       0x20 c:/altera/15.0/nios2eds/bin/gnu/h-x86_64-mingw32/bin/../lib/gcc/nios2-elf/4.9.1/../../../../../H-x86_64-mingw32/nios2-elf/lib/mno-hw-mul\libm.a(lib_a-s_rint.o)
 .debug_aranges
                0x0000000000000180       0x20 c:/altera/15.0/nios2eds/bin/gnu/h-x86_64-mingw32/bin/../lib/gcc/nios2-elf/4.9.1/../../../../../H-x86_64-mingw32/nios2-elf/lib/mno-hw-mul\libm.a(lib_a-s_scalbn.o)
 .debug_aranges
                0x00000000000001a0       0x20 c:/altera/15.0/nios2eds/bin/gnu/h-x86_64-mingw32/bin/../lib/gcc/nios2-elf/4.9.1/../../../../../H-x86_64-mingw32/nios2-elf/lib/mno-hw-mul\libm.a(lib_a-s_copysign.o)
 .debug_aranges