Archive member included to satisfy reference by file (symbol)

c:/altera/15.0/nios2eds/bin/gnu/h-x86_64-mingw32/bin/../lib/gcc/nios2-elf/4.9.1/mno-hw-mul\libgcc.a(lib2-mul.o)
                              obj/default/main.o (__mulsi3)
c:/altera/15.0/nios2eds/bin/gnu/h-x86_64-mingw32/bin/../lib/gcc/nios2-elf/4.9.1/../../../../../H-x86_64-mingw32/nios2-elf/lib/mno-hw-mul\libc.a(lib_a-puts.o)
                              obj/default/main.o (puts)
c:/altera/15.0/nios2eds/bin/gnu/h-x86_64-mingw32/bin/../lib/gcc/nios2-elf/4.9.1/../../../../../H-x86_64-mingw32/nios2-elf/lib/mno-hw-mul\libc.a(lib_a-strlen.o)
                              c:/altera/15.0/nios2eds/bin/gnu/h-x86_64-mingw32/bin/../lib/gcc/nios2-elf/4.9.1/../../../../../H-x86_64-mingw32/nios2-elf/lib/mno-hw-mul\libc.a(lib_a-puts.o) (strlen)
c:/altera/15.0/nios2eds/bin/gnu/h-x86_64-mingw32/bin/../lib/gcc/nios2-elf/4.9.1/../../../../../H-x86_64-mingw32/nios2-elf/lib/mno-hw-mul\libc.a(lib_a-fvwrite.o)
                              c:/altera/15.0/nios2eds/bin/gnu/h-x86_64-mingw32/bin/../lib/gcc/nios2-elf/4.9.1/../../../../../H-x86_64-mingw32/nios2-elf/lib/mno-hw-mul\libc.a(lib_a-puts.o) (__sfvwrite_r)
c:/altera/15.0/nios2eds/bin/gnu/h-x86_64-mingw32/bin/../lib/gcc/nios2-elf/4.9.1/../../../../../H-x86_64-mingw32/nios2-elf/lib/mno-hw-mul\libc.a(lib_a-impure.o)
                              c:/altera/15.0/nios2eds/bin/gnu/h-x86_64-mingw32/bin/../lib/gcc/nios2-elf/4.9.1/../../../../../H-x86_64-mingw32/nios2-elf/lib/mno-hw-mul\libc.a(lib_a-puts.o) (_impure_ptr)
c:/altera/15.0/nios2eds/bin/gnu/h-x86_64-mingw32/bin/../lib/gcc/nios2-elf/4.9.1/../../../../../H-x86_64-mingw32/nios2-elf/lib/mno-hw-mul\libc.a(lib_a-mallocr.o)
                              c:/altera/15.0/nios2eds/bin/gnu/h-x86_64-mingw32/bin/../lib/gcc/nios2-elf/4.9.1/../../../../../H-x86_64-mingw32/nios2-elf/lib/mno-hw-mul\libc.a(lib_a-fvwrite.o) (_malloc_r)
c:/altera/15.0/nios2eds/bin/gnu/h-x86_64-mingw32/bin/../lib/gcc/nios2-elf/4.9.1/../../../../../H-x86_64-mingw32/nios2-elf/lib/mno-hw-mul\libc.a(lib_a-memchr.o)
                              c:/altera/15.0/nios2eds/bin/gnu/h-x86_64-mingw32/bin/../lib/gcc/nios2-elf/4.9.1/../../../../../H-x86_64-mingw32/nios2-elf/lib/mno-hw-mul\libc.a(lib_a-fvwrite.o) (memchr)
c:/altera/15.0/nios2eds/bin/gnu/h-x86_64-mingw32/bin/../lib/gcc/nios2-elf/4.9.1/../../../../../H-x86_64-mingw32/nios2-elf/lib/mno-hw-mul\libc.a(lib_a-memcpy.o)
                              c:/altera/15.0/nios2eds/bin/gnu/h-x86_64-mingw32/bin/../lib/gcc/nios2-elf/4.9.1/../../../../../H-x86_64-mingw32/nios2-elf/lib/mno-hw-mul\libc.a(lib_a-fvwrite.o) (memcpy)
c:/altera/15.0/nios2eds/bin/gnu/h-x86_64-mingw32/bin/../lib/gcc/nios2-elf/4.9.1/../../../../../H-x86_64-mingw32/nios2-elf/lib/mno-hw-mul\libc.a(lib_a-memmove.o)
                              c:/altera/15.0/nios2eds/bin/gnu/h-x86_64-mingw32/bin/../lib/gcc/nios2-elf/4.9.1/../../../../../H-x86_64-mingw32/nios2-elf/lib/mno-hw-mul\libc.a(lib_a-fvwrite.o) (memmove)
c:/altera/15.0/nios2eds/bin/gnu/h-x86_64-mingw32/bin/../lib/gcc/nios2-elf/4.9.1/../../../../../H-x86_64-mingw32/nios2-elf/lib/mno-hw-mul\libc.a(lib_a-reallocr.o)
                              c:/altera/15.0/nios2eds/bin/gnu/h-x86_64-mingw32/bin/../lib/gcc/nios2-elf/4.9.1/../../../../../H-x86_64-mingw32/nios2-elf/lib/mno-hw-mul\libc.a(lib_a-fvwrite.o) (_realloc_r)
c:/altera/15.0/nios2eds/bin/gnu/h-x86_64-mingw32/bin/../lib/gcc/nios2-elf/4.9.1/../../../../../H-x86_64-mingw32/nios2-elf/lib/mno-hw-mul\libc.a(lib_a-sbrkr.o)
                              c:/altera/15.0/nios2eds/bin/gnu/h-x86_64-mingw32/bin/../lib/gcc/nios2-elf/4.9.1/../../../../../H-x86_64-mingw32/nios2-elf/lib/mno-hw-mul\libc.a(lib_a-mallocr.o) (_sbrk_r)
c:/altera/15.0/nios2eds/bin/gnu/h-x86_64-mingw32/bin/../lib/gcc/nios2-elf/4.9.1/../../../../../H-x86_64-mingw32/nios2-elf/lib/mno-hw-mul\libc.a(lib_a-wsetup.o)
                              c:/altera/15.0/nios2eds/bin/gnu/h-x86_64-mingw32/bin/../lib/gcc/nios2-elf/4.9.1/../../../../../H-x86_64-mingw32/nios2-elf/lib/mno-hw-mul\libc.a(lib_a-fvwrite.o) (__swsetup_r)
c:/altera/15.0/nios2eds/bin/gnu/h-x86_64-mingw32/bin/../lib/gcc/nios2-elf/4.9.1/../../../../../H-x86_64-mingw32/nios2-elf/lib/mno-hw-mul\libc.a(lib_a-fflush.o)
                              c:/altera/15.0/nios2eds/bin/gnu/h-x86_64-mingw32/bin/../lib/gcc/nios2-elf/4.9.1/../../../../../H-x86_64-mingw32/nios2-elf/lib/mno-hw-mul\libc.a(lib_a-fvwrite.o) (_fflush_r)
c:/altera/15.0/nios2eds/bin/gnu/h-x86_64-mingw32/bin/../lib/gcc/nios2-elf/4.9.1/../../../../../H-x86_64-mingw32/nios2-elf/lib/mno-hw-mul\libc.a(lib_a-findfp.o)
                              c:/altera/15.0/nios2eds/bin/gnu/h-x86_64-mingw32/bin/../lib/gcc/nios2-elf/4.9.1/../../../../../H-x86_64-mingw32/nios2-elf/lib/mno-hw-mul\libc.a(lib_a-wsetup.o) (__sinit)
c:/altera/15.0/nios2eds/bin/gnu/h-x86_64-mingw32/bin/../lib/gcc/nios2-elf/4.9.1/../../../../../H-x86_64-mingw32/nios2-elf/lib/mno-hw-mul\libc.a(lib_a-freer.o)
[...]
Memory Configuration

Name             Origin             Length             Attributes
onchip_memory2_0 0x0000000000000000 0x0000000000000010
reset            0x0000000010000000 0x0000000000000020
sdram            0x0000000010000020 0x0000000007ffffe0
*default*        0x0000000000000000 0xffffffffffffffff

Linker script and memory map

LOAD ../Vegetable-Viking_bsp//obj/HAL/src/crt0.o
LOAD obj/default/main.o
LOAD c:/altera/15.0/nios2eds/bin/gnu/h-x86_64-mingw32/bin/../lib/gcc/nios2-elf/4.9.1/../../../../../H-x86_64-mingw32/nios2-elf/lib/mno-hw-mul\libstdc++.a
LOAD c:/altera/15.0/nios2eds/bin/gnu/h-x86_64-mingw32/bin/../lib/gcc/nios2-elf/4.9.1/../../../../../H-x86_64-mingw32/nios2-elf/lib/mno-hw-mul\libm.a
LOAD c:/altera/15.0/nios2eds/bin/gnu/h-x86_64-mingw32/bin/../lib/gcc/nios2-elf/4.9.1/mno-hw-mul\libgcc.a
START GROUP
LOAD c:/altera/15.0/nios2eds/bin/gnu/h-x86_64-mingw32/bin/../lib/gcc/nios2-elf/4.9.1/../../../../../H-x86_64-mingw32/nios2-elf/lib/mno-hw-mul\libc.a
LOAD c:/altera/15.0/nios2eds/bin/gnu/h-x86_64-mingw32/bin/../lib/gcc/nios2-elf/4.9.1/mno-hw-mul\libgcc.a
LOAD ../Vegetable-Viking_bsp/\libhal_bsp.a
LOAD c:/altera/15.0/nios2eds/bin/gnu/h-x86_64-mingw32/bin/../lib/gcc/nios2-elf/4.9.1/../../../../../H-x86_64-mingw32/nios2-elf/lib/mno-hw-mul\libm.a
END GROUP
LOAD c:/altera/15.0/nios2eds/bin/gnu/h-x86_64-mingw32/bin/../lib/gcc/nios2-elf/4.9.1/mno-hw-mul\libgcc.a
                0x0000000000000000                __alt_mem_onchip_memory2_0 = 0x0
                0x0000000010000000                __alt_mem_sdram = 0x10000000

.entry          0x0000000010000000       0x20
 *(.entry)
 .entry         0x0000000010000000       0x20 ../Vegetable-Viking_bsp//obj/HAL/src/crt0.o
                0x0000000010000000                __reset

.exceptions     0x0000000010000020      0x20c
                0x0000000010000020                PROVIDE (__ram_exceptions_start, ABSOLUTE (.))
                0x0000000010000020                . = ALIGN (0x20)
 *(.irq)
 *(.exceptions.entry.label)
 .exceptions.entry.label
                0x0000000010000020        0x0 ../Vegetable-Viking_bsp/\libhal_bsp.a(alt_irq_entry.o)
                0x0000000010000020                alt_irq_entry
 .exceptions.entry.label
                0x0000000010000020        0x0 ../Vegetable-Viking_bsp/\libhal_bsp.a(alt_exception_entry.o)
                0x0000000010000020                alt_exception
 *(.exceptions.entry.user)
 *(.exceptions.entry.ecc_fatal)
 *(.exceptions.entry)
 .exceptions.entry
                0x0000000010000020       0x54 ../Vegetable-Viking_bsp/\libhal_bsp.a(alt_exception_entry.o)
 *(.exceptions.irqtest.user)
 *(.exceptions.irqtest)
 .exceptions.irqtest
                0x0000000010000074       0x10 ../Vegetable-Viking_bsp/\libhal_bsp.a(alt_irq_entry.o)
 *(.exceptions.irqhandler.user)
 *(.exceptions.irqhandler)
 .exceptions.irqhandler
                0x0000000010000084        0x4 ../Vegetable-Viking_bsp/\libhal_bsp.a(alt_irq_entry.o)
 *(.exceptions.irqreturn.user)
 *(.exceptions.irqreturn)
 .exceptions.irqreturn
                0x0000000010000088        0x4 ../Vegetable-Viking_bsp/\libhal_bsp.a(alt_irq_entry.o)
 *(.exceptions.notirq.label)
 .exceptions.notirq.label
                0x000000001000008c        0x0 ../Vegetable-Viking_bsp/\libhal_bsp.a(alt_irq_entry.o)
 *(.exceptions.notirq.user)
 *(.exceptions.notirq)
 .exceptions.notirq
                0x000000001000008c        0x8 ../Vegetable-Viking_bsp/\libhal_bsp.a(alt_exception_entry.o)
 *(.exceptions.soft.user)
 *(.exceptions.soft)
 *(.exceptions.unknown.user)
 *(.exceptions.unknown)
 .exceptions.unknown
                0x0000000010000094       0x14 ../Vegetable-Viking_bsp/\libhal_bsp.a(alt_exception_entry.o)
 *(.exceptions.exit.label)
 .exceptions.exit.label
                0x00000000100000a8        0x0 ../Vegetable-Viking_bsp/\libhal_bsp.a(alt_irq_entry.o)
 .exceptions.exit.label
                0x00000000100000a8        0x0 ../Vegetable-Viking_bsp/\libhal_bsp.a(alt_exception_entry.o)
 *(.exceptions.exit.user)
 *(.exceptions.exit)
 .exceptions.exit
                0x00000000100000a8       0x54 ../Vegetable-Viking_bsp/\libhal_bsp.a(alt_exception_entry.o)
 *(.exceptions)
 .exceptions    0x00000000100000fc       0xd0 ../Vegetable-Viking_bsp/\libhal_bsp.a(alt_irq_handler.o)
                0x00000000100000fc                alt_irq_handler
 .exceptions    0x00000000100001cc       0x60 ../Vegetable-Viking_bsp/\libhal_bsp.a(alt_instruction_exception_entry.o)
                0x00000000100001cc                alt_instruction_exception_entry
                0x000000001000022c                PROVIDE (__ram_exceptions_end, ABSOLUTE (.))
                0x0000000010000020                PROVIDE (__flash_exceptions_start, LOADADDR (.exceptions))

.text           0x000000001000022c     0x54e0
                0x000000001000022c                PROVIDE (stext, ABSOLUTE (.))
 *(.interp)
 *(.hash)
 *(.dynsym)
 *(.dynstr)
 *(.gnu.version)
 *(.gnu.version_d)
 *(.gnu.version_r)
 *(.rel.init)
 *(.rela.init)
 *(.rel.text .rel.text.* .rel.gnu.linkonce.t.*)
 *(.rela.text .rela.text.* .rela.gnu.linkonce.t.*)
 *(.rel.fini)
 *(.rela.fini)
 *(.rel.rodata .rel.rodata.* .rel.gnu.linkonce.r.*)
 *(.rela.rodata .rela.rodata.* .rela.gnu.linkonce.r.*)
 *(.rel.data .rel.data.* .rel.gnu.linkonce.d.*)
 *(.rela.data .rela.data.* .rela.gnu.linkonce.d.*)
 *(.rel.tdata .rel.tdata.* .rel.gnu.linkonce.td.*)
 *(.rela.tdata .rela.tdata.* .rela.gnu.linkonce.td.*)
 *(.rel.tbss .rel.tbss.* .rel.gnu.linkonce.tb.*)
 *(.rela.tbss .rela.tbss.* .rela.gnu.linkonce.tb.*)
 *(.rel.ctors)
 *(.rela.ctors)
 *(.rel.dtors)
 *(.rela.dtors)
 *(.rel.got)
 *(.rela.got)
 *(.rel.sdata .rel.sdata.* .rel.gnu.linkonce.s.*)
 *(.rela.sdata .rela.sdata.* .rela.gnu.linkonce.s.*)
 *(.rel.sbss .rel.sbss.* .rel.gnu.linkonce.sb.*)
 *(.rela.sbss .rela.sbss.* .rela.gnu.linkonce.sb.*)
 *(.rel.sdata2 .rel.sdata2.* .rel.gnu.linkonce.s2.*)
 *(.rela.sdata2 .rela.sdata2.* .rela.gnu.linkonce.s2.*)
 *(.rel.sbss2 .rel.sbss2.* .rel.gnu.linkonce.sb2.*)
 *(.rela.sbss2 .rela.sbss2.* .rela.gnu.linkonce.sb2.*)
 *(.rel.bss .rel.bss.* .rel.gnu.linkonce.b.*)
 *(.rela.bss .rela.bss.* .rela.gnu.linkonce.b.*)
 *(.rel.plt)
 *(.rela.plt)
 *(.rel.dyn)
 *(.init)
 *(.plt)
 *(.text .stub .text.* .gnu.linkonce.t.*)
 .text          0x000000001000022c       0x3c ../Vegetable-Viking_bsp//obj/HAL/src/crt0.o
                0x000000001000022c                _start
 .text          0x0000000010000268      0x204 obj/default/main.o
                0x0000000010000268                FPGAcommunicator
                0x00000000100003d4                main
 .text          0x000000001000046c       0x28 c:/altera/15.0/nios2eds/bin/gnu/h-x86_64-mingw32/bin/../lib/gcc/nios2-elf/4.9.1/mno-hw-mul\libgcc.a(lib2-mul.o)
                0x000000001000046c                __mulsi3
 .text          0x0000000010000494       0xcc c:/altera/15.0/nios2eds/bin/gnu/h-x86_64-mingw32/bin/../lib/gcc/nios2-elf/4.9.1/../../../../../H-x86_64-mingw32/nios2-elf/lib/mno-hw-mul\libc.a(lib_a-puts.o)
                0x0000000010000494                _puts_r
                0x000000001000054c                puts
 .text          0x0000000010000560       0x98 c:/altera/15.0/nios2eds/bin/gnu/h-x86_64-mingw32/bin/../lib/gcc/nios2-elf/4.9.1/../../../../../H-x86_64-mingw32/nios2-elf/lib/mno-hw-mul\libc.a(lib_a-strlen.o)
                0x0000000010000560                strlen
 .text          0x00000000100005f8      0x4a4 c:/altera/15.0/nios2eds/bin/gnu/h-x86_64-mingw32/bin/../lib/gcc/nios2-elf/4.9.1/../../../../../H-x86_64-mingw32/nios2-elf/lib/mno-hw-mul\libc.a(lib_a-fvwrite.o)
                0x00000000100005f8                __sfvwrite_r
 .text          0x0000000010000a9c        0x0 c:/altera/15.0/nios2eds/bin/gnu/h-x86_64-mingw32/bin/../lib/gcc/nios2-elf/4.9.1/../../../../../H-x86_64-mingw32/nios2-elf/lib/mno-hw-mul\libc.a(lib_a-impure.o)
 .text          0x0000000010000a9c      0x7a8 c:/altera/15.0/nios2eds/bin/gnu/h-x86_64-mingw32/bin/../lib/gcc/nios2-elf/4.9.1/../../../../../H-x86_64-mingw32/nios2-elf/lib/mno-hw-mul\libc.a(lib_a-mallocr.o)
                0x0000000010000a9c                _malloc_r
 .text          0x0000000010001244       0xe8 c:/altera/15.0/nios2eds/bin/gnu/h-x86_64-mingw32/bin/../lib/gcc/nios2-elf/4.9.1/../../../../../H-x86_64-mingw32/nios2-elf/lib/mno-hw-mul\libc.a(lib_a-memchr.o)
                0x0000000010001244                memchr
 .text          0x000000001000132c      0x138 c:/altera/15.0/nios2eds/bin/gnu/h-x86_64-mingw32/bin/../lib/gcc/nios2-elf/4.9.1/../../../../../H-x86_64-mingw32/nios2-elf/lib/mno-hw-mul\libc.a(lib_a-memcpy.o)
                0x000000001000132c                memcpy
 .text          0x0000000010001464      0x15c c:/altera/15.0/nios2eds/bin/gnu/h-x86_64-mingw32/bin/../lib/gcc/nios2-elf/4.9.1/../../../../../H-x86_64-mingw32/nios2-elf/lib/mno-hw-mul\libc.a(lib_a-memmove.o)
                0x0000000010001464                memmove
 .text          0x00000000100015c0      0x5a0 c:/altera/15.0/nios2eds/bin/gnu/h-x86_64-mingw32/bin/../lib/gcc/nios2-elf/4.9.1/../../../../../H-x86_64-mingw32/nios2-elf/lib/mno-hw-mul\libc.a(lib_a-reallocr.o)
                0x00000000100015c0                _realloc_r
 .text          0x0000000010001b60       0x54 c:/altera/15.0/nios2eds/bin/gnu/h-x86_64-mingw32/bin/../lib/gcc/nios2-elf/4.9.1/../../../../../H-x86_64-mingw32/nios2-elf/lib/mno-hw-mul\libc.a(lib_a-sbrkr.o)
                0x0000000010001b60                _sbrk_r
 .text          0x0000000010001bb4      0x130 c:/altera/15.0/nios2eds/bin/gnu/h-x86_64-mingw32/bin/../lib/gcc/nios2-elf/4.9.1/../../../../../H-x86_64-mingw32/nios2-elf/lib/mno-hw-mul\libc.a(lib_a-wsetup.o)
                0x0000000010001bb4                __swsetup_r
 .text          0x0000000010001ce4      0x258 c:/altera/15.0/nios2eds/bin/gnu/h-x86_64-mingw32/bin/../lib/gcc/nios2-elf/4.9.1/../../../../../H-x86_64-mingw32/nios2-elf/lib/mno-hw-mul\libc.a(lib_a-fflush.o)
                0x0000000010001ce4                _fflush_r
                0x0000000010001f0c                fflush
 .text          0x0000000010001f3c      0x3b4 c:/altera/15.0/nios2eds/bin/gnu/h-x86_64-mingw32/bin/../lib/gcc/nios2-elf/4.9.1/../../../../../H-x86_64-mingw32/nios2-elf/lib/mno-hw-mul\libc.a(lib_a-findfp.o)
                0x0000000010001f4c                _cleanup_r
                0x00000000100020f8                __sfmoreglue
                0x0000000010002170                __sfp
                0x0000000010002288                _cleanup
                0x00000000100022a0                __sinit
                0x00000000100022b0                __sfp_lock_acquire
                0x00000000100022b4                __sfp_lock_release
                0x00000000100022b8                __sinit_lock_acquire
                0x00000000100022bc                __sinit_lock_release
                0x00000000100022c0                __fp_lock_all
                0x00000000100022d8                __fp_unlock_all
 .text          0x00000000100022f0      0x414 c:/altera/15.0/nios2eds/bin/gnu/h-x86_64-mingw32/bin/../lib/gcc/nios2-elf/4.9.1/../../../../../H-x86_64-mingw32/nios2-elf/lib/mno-hw-mul\libc.a(lib_a-freer.o)
                0x00000000100022f0                _malloc_trim_r
                0x0000000010002414                _free_r
 .text          0x0000000010002704      0x170 c:/altera/15.0/nios2eds/bin/gnu/h-x86_64-mingw32/bin/../lib/gcc/nios2-elf/4.9.1/../../../../../H-x86_64-mingw32/nios2-elf/lib/mno-hw-mul\libc.a(lib_a-fwalk.o)
                0x0000000010002704                _fwalk
                0x00000000100027bc                _fwalk_reent
 .text          0x0000000010002874        0x0 c:/altera/15.0/nios2eds/bin/gnu/h-x86_64-mingw32/bin/../lib/gcc/nios2-elf/4.9.1/../../../../../H-x86_64-mingw32/nios2-elf/lib/mno-hw-mul\libc.a(lib_a-int_errno.o)
 .text          0x0000000010002874      0x1b8 c:/altera/15.0/nios2eds/bin/gnu/h-x86_64-mingw32/bin/../lib/gcc/nios2-elf/4.9.1/../../../../../H-x86_64-mingw32/nios2-elf/lib/mno-hw-mul\libc.a(lib_a-makebuf.o)
                0x0000000010002874                __smakebuf_r
 .text          0x0000000010002a2c      0x124 c:/altera/15.0/nios2eds/bin/gnu/h-x86_64-mingw32/bin/../lib/gcc/nios2-elf/4.9.1/../../../../../H-x86_64-mingw32/nios2-elf/lib/mno-hw-mul\libc.a(lib_a-memset.o)
                0x0000000010002a2c                memset
 .text          0x0000000010002b50      0x13c c:/altera/15.0/nios2eds/bin/gnu/h-x86_64-mingw32/bin/../lib/gcc/nios2-elf/4.9.1/../../../../../H-x86_64-mingw32/nios2-elf/lib/mno-hw-mul\libc.a(lib_a-stdio.o)
                0x0000000010002b50                __sread
                0x0000000010002ba4                __seofread
                0x0000000010002bac                __swrite
                0x0000000010002c28                __sseek
                0x0000000010002c84                __sclose
 .text          0x0000000010002c8c       0x5c c:/altera/15.0/nios2eds/bin/gnu/h-x86_64-mingw32/bin/../lib/gcc/nios2-elf/4.9.1/../../../../../H-x86_64-mingw32/nios2-elf/lib/mno-hw-mul\libc.a(lib_a-writer.o)
                0x0000000010002c8c                _write_r
 .text          0x0000000010002ce8       0x54 c:/altera/15.0/nios2eds/bin/gnu/h-x86_64-mingw32/bin/../lib/gcc/nios2-elf/4.9.1/../../../../../H-x86_64-mingw32/nios2-elf/lib/mno-hw-mul\libc.a(closer.o)
                0x0000000010002ce8                _close_r
 .text          0x0000000010002d3c      0x114 c:/altera/15.0/nios2eds/bin/gnu/h-x86_64-mingw32/bin/../lib/gcc/nios2-elf/4.9.1/../../../../../H-x86_64-mingw32/nios2-elf/lib/mno-hw-mul\libc.a(lib_a-fclose.o)
                0x0000000010002d3c                _fclose_r
                0x0000000010002e3c                fclose
 .text          0x0000000010002e50       0x58 c:/altera/15.0/nios2eds/bin/gnu/h-x86_64-mingw32/bin/../lib/gcc/nios2-elf/4.9.1/../../../../../H-x86_64-mingw32/nios2-elf/lib/mno-hw-mul\libc.a(lib_a-fstatr.o)
                0x0000000010002e50                _fstat_r
 .text          0x0000000010002ea8       0x54 c:/altera/15.0/nios2eds/bin/gnu/h-x86_64-mingw32/bin/../lib/gcc/nios2-elf/4.9.1/../../../../../H-x86_64-mingw32/nios2-elf/lib/mno-hw-mul\libc.a(lib_a-isattyr.o)
                0x0000000010002ea8                _isatty_r
 .text          0x0000000010002efc       0x5c c:/altera/15.0/nios2eds/bin/gnu/h-x86_64-mingw32/bin/../lib/gcc/nios2-elf/4.9.1/../../../../../H-x86_64-mingw32/nios2-elf/lib/mno-hw-mul\libc.a(lib_a-lseekr.o)
                0x0000000010002efc                _lseek_r
 .text          0x0000000010002f58       0x5c c:/altera/15.0/nios2eds/bin/gnu/h-x86_64-mingw32/bin/../lib/gcc/nios2-elf/4.9.1/../../../../../H-x86_64-mingw32/nios2-elf/lib/mno-hw-mul\libc.a(lib_a-readr.o)
                0x0000000010002f58                _read_r
 .text          0x0000000010002fb4      0x128 ../Vegetable-Viking_bsp/\libhal_bsp.a(alt_close.o)
                0x0000000010003004                close
 .text          0x00000000100030dc       0x2c ../Vegetable-Viking_bsp/\libhal_bsp.a(alt_dev.o)
 .text          0x0000000010003108        0x0 ../Vegetable-Viking_bsp/\libhal_bsp.a(alt_errno.o)
 .text          0x0000000010003108      0x108 ../Vegetable-Viking_bsp/\libhal_bsp.a(alt_fstat.o)
                0x0000000010003158                fstat
 .text          0x0000000010003210       0xfc ../Vegetable-Viking_bsp/\libhal_bsp.a(alt_isatty.o)
                0x0000000010003260                isatty
 .text          0x000000001000330c       0xe4 ../Vegetable-Viking_bsp/\libhal_bsp.a(alt_load.o)
                0x0000000010003370                alt_load
 .text          0x00000000100033f0      0x12c ../Vegetable-Viking_bsp/\libhal_bsp.a(alt_lseek.o)
                0x0000000010003440                lseek
 .text          0x000000001000351c       0x78 ../Vegetable-Viking_bsp/\libhal_bsp.a(alt_main.o)
                0x000000001000351c                alt_main
 .text          0x0000000010003594       0x40 ../Vegetable-Viking_bsp/\libhal_bsp.a(alt_malloc_lock.o)
                0x0000000010003594                __malloc_lock
                0x00000000100035b4                __malloc_unlock
 .text          0x00000000100035d4      0x154 ../Vegetable-Viking_bsp/\libhal_bsp.a(alt_read.o)
                0x0000000010003624                read
 .text          0x0000000010003728       0x80 ../Vegetable-Viking_bsp/\libhal_bsp.a(alt_release_fd.o)
                0x0000000010003728                alt_release_fd
 .text          0x00000000100037a8       0xb0 ../Vegetable-Viking_bsp/\libhal_bsp.a(alt_sbrk.o)
                0x00000000100037a8                sbrk
 .text          0x0000000010003858      0x150 ../Vegetable-Viking_bsp/\libhal_bsp.a(alt_write.o)
                0x00000000100038a8                write
 .text          0x00000000100039a8       0xb4 ../Vegetable-Viking_bsp/\libhal_bsp.a(alt_sys_init.o)
                0x00000000100039e0                alt_irq_init
                0x0000000010003a14                alt_sys_init
 .text          0x0000000010003a5c      0x164 ../Vegetable-Viking_bsp/\libhal_bsp.a(altera_avalon_jtag_uart_fd.o)
                0x0000000010003a5c                altera_avalon_jtag_uart_read_fd
                0x0000000010003abc                altera_avalon_jtag_uart_write_fd
                0x0000000010003b1c                altera_avalon_jtag_uart_close_fd
                0x0000000010003b6c                altera_avalon_jtag_uart_ioctl_fd
 .text          0x0000000010003bc0      0x3d8 ../Vegetable-Viking_bsp/\libhal_bsp.a(altera_avalon_jtag_uart_init.o)
                0x0000000010003bc0                altera_avalon_jtag_uart_init
                0x0000000010003f30                altera_avalon_jtag_uart_close
 .text          0x0000000010003f98       0xec ../Vegetable-Viking_bsp/\libhal_bsp.a(altera_avalon_jtag_uart_ioctl.o)
                0x0000000010003f98                altera_avalon_jtag_uart_ioctl
 .text          0x0000000010004084      0x20c ../Vegetable-Viking_bsp/\libhal_bsp.a(altera_avalon_jtag_uart_read.o)
                0x0000000010004084                altera_avalon_jtag_uart_read
 .text          0x0000000010004290      0x218 ../Vegetable-Viking_bsp/\libhal_bsp.a(altera_avalon_jtag_uart_write.o)
                0x0000000010004290                altera_avalon_jtag_uart_write
 .text          0x00000000100044a8      0x140 ../Vegetable-Viking_bsp/\libhal_bsp.a(alt_alarm_start.o)
                0x00000000100044a8                alt_alarm_start
 .text          0x00000000100045e8       0x1c ../Vegetable-Viking_bsp/\libhal_bsp.a(alt_dcache_flush_all.o)
                0x00000000100045e8                alt_dcache_flush_all
 .text          0x0000000010004604       0xf4 ../Vegetable-Viking_bsp/\libhal_bsp.a(alt_dev_llist_insert.o)
                0x0000000010004654                alt_dev_llist_insert
 .text          0x00000000100046f8       0x5c ../Vegetable-Viking_bsp/\libhal_bsp.a(alt_do_ctors.o)
                0x00000000100046f8                _do_ctors
 .text          0x0000000010004754       0x5c ../Vegetable-Viking_bsp/\libhal_bsp.a(alt_do_dtors.o)
                0x0000000010004754                _do_dtors
 .text          0x00000000100047b0       0x1c ../Vegetable-Viking_bsp/\libhal_bsp.a(alt_icache_flush_all.o)
                0x00000000100047b0                alt_icache_flush_all
 .text          0x00000000100047cc      0x1e0 ../Vegetable-Viking_bsp/\libhal_bsp.a(alt_iic.o)
                0x00000000100047cc                alt_ic_isr_register
                0x000000001000481c                alt_ic_irq_enable
                0x00000000100048bc                alt_ic_irq_disable
                0x0000000010004960                alt_ic_irq_enabled
 .text          0x00000000100049ac       0xf0 ../Vegetable-Viking_bsp/\libhal_bsp.a(alt_iic_isr_register.o)
                0x00000000100049ac                alt_iic_isr_register
 .text          0x0000000010004a9c      0x158 ../Vegetable-Viking_bsp/\libhal_bsp.a(alt_io_redirect.o)
                0x0000000010004b7c                alt_io_redirect
 .text          0x0000000010004bf4        0x0 ../Vegetable-Viking_bsp/\libhal_bsp.a(alt_irq_entry.o)
 .text          0x0000000010004bf4        0x0 ../Vegetable-Viking_bsp/\libhal_bsp.a(alt_irq_handler.o)
 .text          0x0000000010004bf4        0x0 ../Vegetable-Viking_bsp/\libhal_bsp.a(alt_irq_vars.o)
 .text          0x0000000010004bf4      0x2a4 ../Vegetable-Viking_bsp/\libhal_bsp.a(alt_open.o)
                0x0000000010004d38                open
 .text          0x0000000010004e98      0x19c ../Vegetable-Viking_bsp/\libhal_bsp.a(alt_tick.o)
                0x0000000010004e98                alt_alarm_stop
                0x0000000010004f30                alt_tick
 .text          0x0000000010005034       0x20 ../Vegetable-Viking_bsp/\libhal_bsp.a(altera_nios2_gen2_irq.o)
                0x0000000010005034                altera_nios2_gen2_irq_init
 .text          0x0000000010005054        0x0 ../Vegetable-Viking_bsp/\libhal_bsp.a(alt_exception_entry.o)
 .text          0x0000000010005054       0x90 ../Vegetable-Viking_bsp/\libhal_bsp.a(alt_find_dev.o)
                0x0000000010005054                alt_find_dev
 .text          0x00000000100050e4      0x114 ../Vegetable-Viking_bsp/\libhal_bsp.a(alt_find_file.o)
                0x00000000100050e4                alt_find_file
 .text          0x00000000100051f8       0xd4 ../Vegetable-Viking_bsp/\libhal_bsp.a(alt_get_fd.o)
                0x00000000100051f8                alt_get_fd
 .text          0x00000000100052cc       0x9c ../Vegetable-Viking_bsp/\libhal_bsp.a(alt_instruction_exception_entry.o)
                0x00000000100052cc                alt_exception_cause_generated_bad_addr
 .text          0x0000000010005368       0x14 c:/altera/15.0/nios2eds/bin/gnu/h-x86_64-mingw32/bin/../lib/gcc/nios2-elf/4.9.1/../../../../../H-x86_64-mingw32/nios2-elf/lib/mno-hw-mul\libc.a(lib_a-atexit.o)
                0x0000000010005368                atexit
 .text          0x000000001000537c       0x38 c:/altera/15.0/nios2eds/bin/gnu/h-x86_64-mingw32/bin/../lib/gcc/nios2-elf/4.9.1/../../../../../H-x86_64-mingw32/nios2-elf/lib/mno-hw-mul\libc.a(lib_a-exit.o)
                0x000000001000537c                exit
 .text          0x00000000100053b4       0x7c c:/altera/15.0/nios2eds/bin/gnu/h-x86_64-mingw32/bin/../lib/gcc/nios2-elf/4.9.1/../../../../../H-x86_64-mingw32/nios2-elf/lib/mno-hw-mul\libc.a(lib_a-memcmp.o)
                0x00000000100053b4                memcmp
 .text          0x0000000010005430      0x114 c:/altera/15.0/nios2eds/bin/gnu/h-x86_64-mingw32/bin/../lib/gcc/nios2-elf/4.9.1/../../../../../H-x86_64-mingw32/nios2-elf/lib/mno-hw-mul\libc.a(lib_a-__atexit.o)
                0x0000000010005430                __register_exitproc
 .text          0x0000000010005544      0x194 c:/altera/15.0/nios2eds/bin/gnu/h-x86_64-mingw32/bin/../lib/gcc/nios2-elf/4.9.1/../../../../../H-x86_64-mingw32/nios2-elf/lib/mno-hw-mul\libc.a(lib_a-__call_atexit.o)
                0x0000000010005544                __call_exitprocs
 .text          0x00000000100056d8       0x34 ../Vegetable-Viking_bsp/\libhal_bsp.a(alt_exit.o)
                0x00000000100056d8                _exit
 *(.gnu.warning.*)
 *(.fini)
                0x000000001000570c                PROVIDE (__etext, ABSOLUTE (.))
                0x000000001000570c                PROVIDE (_etext, ABSOLUTE (.))
                0x000000001000570c                PROVIDE (etext, ABSOLUTE (.))
 *(.eh_frame_hdr)
                0x000000001000570c                . = ALIGN (0x4)
                0x000000001000570c                PROVIDE (__preinit_array_start, ABSOLUTE (.))
 *(.preinit_array)
                0x000000001000570c                PROVIDE (__preinit_array_end, ABSOLUTE (.))
                0x000000001000570c                PROVIDE (__init_array_start, ABSOLUTE (.))
 *(.init_array)
                0x000000001000570c                PROVIDE (__init_array_end, ABSOLUTE (.))
                0x000000001000570c                PROVIDE (__fini_array_start, ABSOLUTE (.))
 *(.fini_array)
                0x000000001000570c                PROVIDE (__fini_array_end, ABSOLUTE (.))
 *(.eh_frame)
 *(.gcc_except_table .gcc_except_table.*)
 *(.dynamic)
                0x000000001000570c                PROVIDE (__CTOR_LIST__, ABSOLUTE (.))
 *(.ctors)
 *(SORT(.ctors.*))
                0x000000001000570c                PROVIDE (__CTOR_END__, ABSOLUTE (.))
                0x000000001000570c                PROVIDE (__DTOR_LIST__, ABSOLUTE (.))
 *(.dtors)
 *(SORT(.dtors.*))
                0x000000001000570c                PROVIDE (__DTOR_END__, ABSOLUTE (.))
 *(.jcr)
                0x000000001000570c                . = ALIGN (0x4)

.rodata         0x000000001000570c       0xb0
                0x000000001000570c                PROVIDE (__ram_rodata_start, ABSOLUTE (.))
                0x000000001000570c                . = ALIGN (0x4)
 *(.rodata .rodata.* .gnu.linkonce.r.*)
 .rodata        0x000000001000570c       0x74 obj/default/main.o
 .rodata.str1.4
                0x0000000010005780        0x2 c:/altera/15.0/nios2eds/bin/gnu/h-x86_64-mingw32/bin/../lib/gcc/nios2-elf/4.9.1/../../../../../H-x86_64-mingw32/nios2-elf/lib/mno-hw-mul\libc.a(lib_a-puts.o)
                                          0x4 (size before relaxing)
 *fill*         0x0000000010005782        0x2 
 .rodata.str1.4
                0x0000000010005784        0x4 c:/altera/15.0/nios2eds/bin/gnu/h-x86_64-mingw32/bin/../lib/gcc/nios2-elf/4.9.1/../../../../../H-x86_64-mingw32/nios2-elf/lib/mno-hw-mul\libc.a(lib_a-impure.o)
 .rodata        0x0000000010005788        0xc ../Vegetable-Viking_bsp/\libhal_bsp.a(alt_dev.o)
 .rodata        0x0000000010005794       0x14 ../Vegetable-Viking_bsp/\libhal_bsp.a(alt_main.o)
 .rodata        0x00000000100057a8       0x14 ../Vegetable-Viking_bsp/\libhal_bsp.a(alt_sys_init.o)
 *(.rodata1)
                0x00000000100057bc                . = ALIGN (0x4)
                0x00000000100057bc                PROVIDE (__ram_rodata_end, ABSOLUTE (.))
                0x000000001000570c                PROVIDE (__flash_rodata_start, LOADADDR (.rodata))

.rwdata         0x00000000100057bc     0x1a6c load address 0x0000000010007228
                0x00000000100057bc                PROVIDE (__ram_rwdata_start, ABSOLUTE (.))
                0x00000000100057bc                . = ALIGN (0x4)
 *(.got.plt)
 *(.got)
 *(.data1)
 *(.data .data.* .gnu.linkonce.d.*)
 .data          0x00000000100057bc        0x0 ../Vegetable-Viking_bsp//obj/HAL/src/crt0.o
 .data          0x00000000100057bc        0x0 obj/default/main.o
 .data          0x00000000100057bc        0x0 c:/altera/15.0/nios2eds/bin/gnu/h-x86_64-mingw32/bin/../lib/gcc/nios2-elf/4.9.1/mno-hw-mul\libgcc.a(lib2-mul.o)
 .data          0x00000000100057bc        0x0 c:/altera/15.0/nios2eds/bin/gnu/h-x86_64-mingw32/bin/../lib/gcc/nios2-elf/4.9.1/../../../../../H-x86_64-mingw32/nios2-elf/lib/mno-hw-mul\libc.a(lib_a-puts.o)
 .data          0x00000000100057bc        0x0 c:/altera/15.0/nios2eds/bin/gnu/h-x86_64-mingw32/bin/../lib/gcc/nios2-elf/4.9.1/../../../../../H-x86_64-mingw32/nios2-elf/lib/mno-hw-mul\libc.a(lib_a-strlen.o)
 .data          0x00000000100057bc        0x0 c:/altera/15.0/nios2eds/bin/gnu/h-x86_64-mingw32/bin/../lib/gcc/nios2-elf/4.9.1/../../../../../H-x86_64-mingw32/nios2-elf/lib/mno-hw-mul\libc.a(lib_a-fvwrite.o)
 .data          0x00000000100057bc      0x424 c:/altera/15.0/nios2eds/bin/gnu/h-x86_64-mingw32/bin/../lib/gcc/nios2-elf/4.9.1/../../../../../H-x86_64-mingw32/nios2-elf/lib/mno-hw-mul\libc.a(lib_a-impure.o)
 .data          0x0000000010005be0      0x408 c:/altera/15.0/nios2eds/bin/gnu/h-x86_64-mingw32/bin/../lib/gcc/nios2-elf/4.9.1/../../../../../H-x86_64-mingw32/nios2-elf/lib/mno-hw-mul\libc.a(lib_a-mallocr.o)
                0x0000000010005be0                __malloc_av_
 .data          0x0000000010005fe8        0x0 c:/altera/15.0/nios2eds/bin/gnu/h-x86_64-mingw32/bin/../lib/gcc/nios2-elf/4.9.1/../../../../../H-x86_64-mingw32/nios2-elf/lib/mno-hw-mul\libc.a(lib_a-memchr.o)
 .data          0x0000000010005fe8        0x0 c:/altera/15.0/nios2eds/bin/gnu/h-x86_64-mingw32/bin/../lib/gcc/nios2-elf/4.9.1/../../../../../H-x86_64-mingw32/nios2-elf/lib/mno-hw-mul\libc.a(lib_a-memcpy.o)
 .data          0x0000000010005fe8        0x0 c:/altera/15.0/nios2eds/bin/gnu/h-x86_64-mingw32/bin/../lib/gcc/nios2-elf/4.9.1/../../../../../H-x86_64-mingw32/nios2-elf/lib/mno-hw-mul\libc.a(lib_a-memmove.o)
 .data          0x0000000010005fe8        0x0 c:/altera/15.0/nios2eds/bin/gnu/h-x86_64-mingw32/bin/../lib/gcc/nios2-elf/4.9.1/../../../../../H-x86_64-mingw32/nios2-elf/lib/mno-hw-mul\libc.a(lib_a-reallocr.o)
 .data          0x0000000010005fe8        0x0 c:/altera/15.0/nios2eds/bin/gnu/h-x86_64-mingw32/bin/../lib/gcc/nios2-elf/4.9.1/../../../../../H-x86_64-mingw32/nios2-elf/lib/mno-hw-mul\libc.a(lib_a-sbrkr.o)
 .data          0x0000000010005fe8        0x0 c:/altera/15.0/nios2eds/bin/gnu/h-x86_64-mingw32/bin/../lib/gcc/nios2-elf/4.9.1/../../../../../H-x86_64-mingw32/nios2-elf/lib/mno-hw-mul\libc.a(lib_a-wsetup.o)
 .data          0x0000000010005fe8        0x0 c:/altera/15.0/nios2eds/bin/gnu/h-x86_64-mingw32/bin/../lib/gcc/nios2-elf/4.9.1/../../../../../H-x86_64-mingw32/nios2-elf/lib/mno-hw-mul\libc.a(lib_a-fflush.o)
 .data          0x0000000010005fe8        0x0 c:/altera/15.0/nios2eds/bin/gnu/h-x86_64-mingw32/bin/../lib/gcc/nios2-elf/4.9.1/../../../../../H-x86_64-mingw32/nios2-elf/lib/mno-hw-mul\libc.a(lib_a-findfp.o)
 .data          0x0000000010005fe8        0x0 c:/altera/15.0/nios2eds/bin/gnu/h-x86_64-mingw32/bin/../lib/gcc/nios2-elf/4.9.1/../../../../../H-x86_64-mingw32/nios2-elf/lib/mno-hw-mul\libc.a(lib_a-freer.o)
 .data          0x0000000010005fe8        0x0 c:/altera/15.0/nios2eds/bin/gnu/h-x86_64-mingw32/bin/../lib/gcc/nios2-elf/4.9.1/../../../../../H-x86_64-mingw32/nios2-elf/lib/mno-hw-mul\libc.a(lib_a-fwalk.o)
 .data          0x0000000010005fe8        0x0 c:/altera/15.0/nios2eds/bin/gnu/h-x86_64-mingw32/bin/../lib/gcc/nios2-elf/4.9.1/../../../../../H-x86_64-mingw32/nios2-elf/lib/mno-hw-mul\libc.a(lib_a-int_errno.o)
 .data          0x0000000010005fe8        0x0 c:/altera/15.0/nios2eds/bin/gnu/h-x86_64-mingw32/bin/../lib/gcc/nios2-elf/4.9.1/../../../../../H-x86_64-mingw32/nios2-elf/lib/mno-hw-mul\libc.a(lib_a-makebuf.o)
 .data          0x0000000010005fe8        0x0 c:/altera/15.0/nios2eds/bin/gnu/h-x86_64-mingw32/bin/../lib/gcc/nios2-elf/4.9.1/../../../../../H-x86_64-mingw32/nios2-elf/lib/mno-hw-mul\libc.a(lib_a-memset.o)
 .data          0x0000000010005fe8        0x0 c:/altera/15.0/nios2eds/bin/gnu/h-x86_64-mingw32/bin/../lib/gcc/nios2-elf/4.9.1/../../../../../H-x86_64-mingw32/nios2-elf/lib/mno-hw-mul\libc.a(lib_a-stdio.o)
 .data          0x0000000010005fe8        0x0 c:/altera/15.0/nios2eds/bin/gnu/h-x86_64-mingw32/bin/../lib/gcc/nios2-elf/4.9.1/../../../../../H-x86_64-mingw32/nios2-elf/lib/mno-hw-mul\libc.a(lib_a-writer.o)
 .data          0x0000000010005fe8        0x0 c:/altera/15.0/nios2eds/bin/gnu/h-x86_64-mingw32/bin/../lib/gcc/nios2-elf/4.9.1/../../../../../H-x86_64-mingw32/nios2-elf/lib/mno-hw-mul\libc.a(closer.o)
 .data          0x0000000010005fe8        0x0 c:/altera/15.0/nios2eds/bin/gnu/h-x86_64-mingw32/bin/../lib/gcc/nios2-elf/4.9.1/../../../../../H-x86_64-mingw32/nios2-elf/lib/mno-hw-mul\libc.a(lib_a-fclose.o)
 .data          0x0000000010005fe8        0x0 c:/altera/15.0/nios2eds/bin/gnu/h-x86_64-mingw32/bin/../lib/gcc/nios2-elf/4.9.1/../../../../../H-x86_64-mingw32/nios2-elf/lib/mno-hw-mul\libc.a(lib_a-fstatr.o)
 .data          0x0000000010005fe8        0x0 c:/altera/15.0/nios2eds/bin/gnu/h-x86_64-mingw32/bin/../lib/gcc/nios2-elf/4.9.1/../../../../../H-x86_64-mingw32/nios2-elf/lib/mno-hw-mul\libc.a(lib_a-isattyr.o)
 .data          0x0000000010005fe8        0x0 c:/altera/15.0/nios2eds/bin/gnu/h-x86_64-mingw32/bin/../lib/gcc/nios2-elf/4.9.1/../../../../../H-x86_64-mingw32/nios2-elf/lib/mno-hw-mul\libc.a(lib_a-lseekr.o)
 .data          0x0000000010005fe8        0x0 c:/altera/15.0/nios2eds/bin/gnu/h-x86_64-mingw32/bin/../lib/gcc/nios2-elf/4.9.1/../../../../../H-x86_64-mingw32/nios2-elf/lib/mno-hw-mul\libc.a(lib_a-readr.o)
 .data          0x0000000010005fe8        0x0 ../Vegetable-Viking_bsp/\libhal_bsp.a(alt_close.o)
 .data          0x0000000010005fe8      0x1a8 ../Vegetable-Viking_bsp/\libhal_bsp.a(alt_dev.o)
                0x0000000010005fe8                alt_dev_null
                0x0000000010006010                alt_fd_list
 .data          0x0000000010006190        0x0 ../Vegetable-Viking_bsp/\libhal_bsp.a(alt_errno.o)
 .data          0x0000000010006190        0x0 ../Vegetable-Viking_bsp/\libhal_bsp.a(alt_fstat.o)
 .data          0x0000000010006190        0x0 ../Vegetable-Viking_bsp/\libhal_bsp.a(alt_isatty.o)
 .data          0x0000000010006190        0x0 ../Vegetable-Viking_bsp/\libhal_bsp.a(alt_load.o)
 .data          0x0000000010006190        0x0 ../Vegetable-Viking_bsp/\libhal_bsp.a(alt_lseek.o)
 .data          0x0000000010006190        0x0 ../Vegetable-Viking_bsp/\libhal_bsp.a(alt_main.o)
 .data          0x0000000010006190        0x0 ../Vegetable-Viking_bsp/\libhal_bsp.a(alt_malloc_lock.o)
 .data          0x0000000010006190        0x0 ../Vegetable-Viking_bsp/\libhal_bsp.a(alt_read.o)
 .data          0x0000000010006190        0x0 ../Vegetable-Viking_bsp/\libhal_bsp.a(alt_release_fd.o)
 .data          0x0000000010006190        0x0 ../Vegetable-Viking_bsp/\libhal_bsp.a(alt_sbrk.o)
 .data          0x0000000010006190        0x0 ../Vegetable-Viking_bsp/\libhal_bsp.a(alt_write.o)
 .data          0x0000000010006190     0x1060 ../Vegetable-Viking_bsp/\libhal_bsp.a(alt_sys_init.o)
 .data          0x00000000100071f0        0x0 ../Vegetable-Viking_bsp/\libhal_bsp.a(altera_avalon_jtag_uart_fd.o)
 .data          0x00000000100071f0        0x0 ../Vegetable-Viking_bsp/\libhal_bsp.a(altera_avalon_jtag_uart_init.o)
 .data          0x00000000100071f0        0x0 ../Vegetable-Viking_bsp/\libhal_bsp.a(altera_avalon_jtag_uart_ioctl.o)
 .data          0x00000000100071f0        0x0 ../Vegetable-Viking_bsp/\libhal_bsp.a(altera_avalon_jtag_uart_read.o)
 .data          0x00000000100071f0        0x0 ../Vegetable-Viking_bsp/\libhal_bsp.a(altera_avalon_jtag_uart_write.o)
 .data          0x00000000100071f0        0x0 ../Vegetable-Viking_bsp/\libhal_bsp.a(alt_alarm_start.o)
 .data          0x00000000100071f0        0x0 ../Vegetable-Viking_bsp/\libhal_bsp.a(alt_dcache_flush_all.o)
 .data          0x00000000100071f0        0x0 ../Vegetable-Viking_bsp/\libhal_bsp.a(alt_dev_llist_insert.o)
 .data          0x00000000100071f0        0x0 ../Vegetable-Viking_bsp/\libhal_bsp.a(alt_do_ctors.o)
 .data          0x00000000100071f0        0x0 ../Vegetable-Viking_bsp/\libhal_bsp.a(alt_do_dtors.o)
 .data          0x00000000100071f0        0x0 ../Vegetable-Viking_bsp/\libhal_bsp.a(alt_icache_flush_all.o)
 .data          0x00000000100071f0        0x0 ../Vegetable-Viking_bsp/\libhal_bsp.a(alt_iic.o)
 .data          0x00000000100071f0        0x0 ../Vegetable-Viking_bsp/\libhal_bsp.a(alt_iic_isr_register.o)
 .data          0x00000000100071f0        0x0 ../Vegetable-Viking_bsp/\libhal_bsp.a(alt_io_redirect.o)
 .data          0x00000000100071f0        0x0 ../Vegetable-Viking_bsp/\libhal_bsp.a(alt_irq_entry.o)
 .data          0x00000000100071f0        0x0 ../Vegetable-Viking_bsp/\libhal_bsp.a(alt_irq_handler.o)
 .data          0x00000000100071f0        0x0 ../Vegetable-Viking_bsp/\libhal_bsp.a(alt_irq_vars.o)
 .data          0x00000000100071f0        0x0 ../Vegetable-Viking_bsp/\libhal_bsp.a(alt_open.o)
 .data          0x00000000100071f0        0x0 ../Vegetable-Viking_bsp/\libhal_bsp.a(alt_tick.o)
 .data          0x00000000100071f0        0x0 ../Vegetable-Viking_bsp/\libhal_bsp.a(altera_nios2_gen2_irq.o)
 .data          0x00000000100071f0        0x0 ../Vegetable-Viking_bsp/\libhal_bsp.a(alt_exception_entry.o)
 .data          0x00000000100071f0        0x0 ../Vegetable-Viking_bsp/\libhal_bsp.a(alt_find_dev.o)
 .data          0x00000000100071f0        0x0 ../Vegetable-Viking_bsp/\libhal_bsp.a(alt_find_file.o)
 .data          0x00000000100071f0        0x0 ../Vegetable-Viking_bsp/\libhal_bsp.a(alt_get_fd.o)
 .data          0x00000000100071f0        0x0 ../Vegetable-Viking_bsp/\libhal_bsp.a(alt_instruction_exception_entry.o)
 .data          0x00000000100071f0        0x0 c:/altera/15.0/nios2eds/bin/gnu/h-x86_64-mingw32/bin/../lib/gcc/nios2-elf/4.9.1/../../../../../H-x86_64-mingw32/nios2-elf/lib/mno-hw-mul\libc.a(lib_a-atexit.o)
 .data          0x00000000100071f0        0x0 c:/altera/15.0/nios2eds/bin/gnu/h-x86_64-mingw32/bin/../lib/gcc/nios2-elf/4.9.1/../../../../../H-x86_64-mingw32/nios2-elf/lib/mno-hw-mul\libc.a(lib_a-exit.o)
 .data          0x00000000100071f0        0x0 c:/altera/15.0/nios2eds/bin/gnu/h-x86_64-mingw32/bin/../lib/gcc/nios2-elf/4.9.1/../../../../../H-x86_64-mingw32/nios2-elf/lib/mno-hw-mul\libc.a(lib_a-memcmp.o)
 .data          0x00000000100071f0        0x0 c:/altera/15.0/nios2eds/bin/gnu/h-x86_64-mingw32/bin/../lib/gcc/nios2-elf/4.9.1/../../../../../H-x86_64-mingw32/nios2-elf/lib/mno-hw-mul\libc.a(lib_a-__atexit.o)
 .data          0x00000000100071f0        0x0 c:/altera/15.0/nios2eds/bin/gnu/h-x86_64-mingw32/bin/../lib/gcc/nios2-elf/4.9.1/../../../../../H-x86_64-mingw32/nios2-elf/lib/mno-hw-mul\libc.a(lib_a-__call_atexit.o)
 .data          0x00000000100071f0        0x0 ../Vegetable-Viking_bsp/\libhal_bsp.a(alt_exit.o)
                0x000000001000f1f0                _gp = ABSOLUTE ((. + 0x8000))
                0x000000001000f1f0                PROVIDE (gp, _gp)
 *(.rwdata .rwdata.*)
 *(.sdata .sdata.* .gnu.linkonce.s.*)
 .sdata         0x00000000100071f0        0x8 c:/altera/15.0/nios2eds/bin/gnu/h-x86_64-mingw32/bin/../lib/gcc/nios2-elf/4.9.1/../../../../../H-x86_64-mingw32/nios2-elf/lib/mno-hw-mul\libc.a(lib_a-impure.o)
                0x00000000100071f0                _global_impure_ptr
                0x00000000100071f4                _impure_ptr
 .sdata         0x00000000100071f8        0x8 c:/altera/15.0/nios2eds/bin/gnu/h-x86_64-mingw32/bin/../lib/gcc/nios2-elf/4.9.1/../../../../../H-x86_64-mingw32/nios2-elf/lib/mno-hw-mul\libc.a(lib_a-mallocr.o)
                0x00000000100071f8                __malloc_sbrk_base
                0x00000000100071fc                __malloc_trim_threshold
 .sdata         0x0000000010007200       0x14 ../Vegetable-Viking_bsp/\libhal_bsp.a(alt_dev.o)
                0x0000000010007200                alt_fs_list
                0x0000000010007208                alt_dev_list
                0x0000000010007210                alt_max_fd
 .sdata         0x0000000010007214        0x4 ../Vegetable-Viking_bsp/\libhal_bsp.a(alt_errno.o)
                0x0000000010007214                alt_errno
 .sdata         0x0000000010007218        0x4 ../Vegetable-Viking_bsp/\libhal_bsp.a(alt_sbrk.o)
 .sdata         0x000000001000721c        0x4 ../Vegetable-Viking_bsp/\libhal_bsp.a(alt_irq_vars.o)
                0x000000001000721c                alt_priority_mask
 .sdata         0x0000000010007220        0x8 ../Vegetable-Viking_bsp/\libhal_bsp.a(alt_tick.o)
                0x0000000010007220                alt_alarm_list
 *(.sdata2 .sdata2.* .gnu.linkonce.s2.*)
                0x0000000010007228                . = ALIGN (0x4)
                0x0000000010007228                _edata = ABSOLUTE (.)
                0x0000000010007228                PROVIDE (edata, ABSOLUTE (.))
                0x0000000010007228                PROVIDE (__ram_rwdata_end, ABSOLUTE (.))
                0x0000000010007228                PROVIDE (__flash_rwdata_start, LOADADDR (.rwdata))

.bss            0x0000000010008c94      0x154
                0x0000000010008c94                __bss_start = ABSOLUTE (.)
                0x0000000010008c94                PROVIDE (__sbss_start, ABSOLUTE (.))
                0x0000000010008c94                PROVIDE (___sbss_start, ABSOLUTE (.))
 *(.dynsbss)
 *(.sbss .sbss.* .gnu.linkonce.sb.*)
 .sbss          0x0000000010008c94        0xc c:/altera/15.0/nios2eds/bin/gnu/h-x86_64-mingw32/bin/../lib/gcc/nios2-elf/4.9.1/../../../../../H-x86_64-mingw32/nios2-elf/lib/mno-hw-mul\libc.a(lib_a-mallocr.o)
                0x0000000010008c94                __malloc_max_total_mem
                0x0000000010008c98                __malloc_max_sbrked_mem
                0x0000000010008c9c                __malloc_top_pad
 .sbss          0x0000000010008ca0        0x4 c:/altera/15.0/nios2eds/bin/gnu/h-x86_64-mingw32/bin/../lib/gcc/nios2-elf/4.9.1/../../../../../H-x86_64-mingw32/nios2-elf/lib/mno-hw-mul\libc.a(lib_a-int_errno.o)
                0x0000000010008ca0                errno
 .sbss          0x0000000010008ca4        0xc ../Vegetable-Viking_bsp/\libhal_bsp.a(alt_main.o)
                0x0000000010008ca4                alt_argc
                0x0000000010008ca8                alt_argv
                0x0000000010008cac                alt_envp
 .sbss          0x0000000010008cb0        0x4 ../Vegetable-Viking_bsp/\libhal_bsp.a(alt_irq_vars.o)
                0x0000000010008cb0                alt_irq_active
 .sbss          0x0000000010008cb4        0x8 ../Vegetable-Viking_bsp/\libhal_bsp.a(alt_tick.o)
                0x0000000010008cb4                _alt_tick_rate
                0x0000000010008cb8                _alt_nticks
 .sbss          0x0000000010008cbc        0x4 ../Vegetable-Viking_bsp/\libhal_bsp.a(alt_instruction_exception_entry.o)
                0x0000000010008cbc                alt_instruction_exception_handler
 *(.sbss2 .sbss2.* .gnu.linkonce.sb2.*)
 *(.scommon)
                0x0000000010008cc0                PROVIDE (__sbss_end, ABSOLUTE (.))
                0x0000000010008cc0                PROVIDE (___sbss_end, ABSOLUTE (.))
 *(.dynbss)
 *(.bss .bss.* .gnu.linkonce.b.*)
 .bss           0x0000000010008cc0        0x0 ../Vegetable-Viking_bsp//obj/HAL/src/crt0.o
 .bss           0x0000000010008cc0        0x0 obj/default/main.o
 .bss           0x0000000010008cc0        0x0 c:/altera/15.0/nios2eds/bin/gnu/h-x86_64-mingw32/bin/../lib/gcc/nios2-elf/4.9.1/mno-hw-mul\libgcc.a(lib2-mul.o)
 .bss           0x0000000010008cc0        0x0 c:/altera/15.0/nios2eds/bin/gnu/h-x86_64-mingw32/bin/../lib/gcc/nios2-elf/4.9.1/../../../../../H-x86_64-mingw32/nios2-elf/lib/mno-hw-mul\libc.a(lib_a-puts.o)
 .bss           0x0000000010008cc0        0x0 c:/altera/15.0/nios2eds/bin/gnu/h-x86_64-mingw32/bin/../lib/gcc/nios2-elf/4.9.1/../../../../../H-x86_64-mingw32/nios2-elf/lib/mno-hw-mul\libc.a(lib_a-strlen.o)
 .bss           0x0000000010008cc0        0x0 c:/altera/15.0/nios2eds/bin/gnu/h-x86_64-mingw32/bin/../lib/gcc/nios2-elf/4.9.1/../../../../../H-x86_64-mingw32/nios2-elf/lib/mno-hw-mul\libc.a(lib_a-fvwrite.o)
 .bss           0x0000000010008cc0        0x0 c:/altera/15.0/nios2eds/bin/gnu/h-x86_64-mingw32/bin/../lib/gcc/nios2-elf/4.9.1/../../../../../H-x86_64-mingw32/nios2-elf/lib/mno-hw-mul\libc.a(lib_a-impure.o)
 .bss           0x0000000010008cc0       0x28 c:/altera/15.0/nios2eds/bin/gnu/h-x86_64-mingw32/bin/../lib/gcc/nios2-elf/4.9.1/../../../../../H-x86_64-mingw32/nios2-elf/lib/mno-hw-mul\libc.a(lib_a-mallocr.o)
                0x0000000010008cc0                __malloc_current_mallinfo
 .bss           0x0000000010008ce8        0x0 c:/altera/15.0/nios2eds/bin/gnu/h-x86_64-mingw32/bin/../lib/gcc/nios2-elf/4.9.1/../../../../../H-x86_64-mingw32/nios2-elf/lib/mno-hw-mul\libc.a(lib_a-memchr.o)
 .bss           0x0000000010008ce8        0x0 c:/altera/15.0/nios2eds/bin/gnu/h-x86_64-mingw32/bin/../lib/gcc/nios2-elf/4.9.1/../../../../../H-x86_64-mingw32/nios2-elf/lib/mno-hw-mul\libc.a(lib_a-memcpy.o)
 .bss           0x0000000010008ce8        0x0 c:/altera/15.0/nios2eds/bin/gnu/h-x86_64-mingw32/bin/../lib/gcc/nios2-elf/4.9.1/../../../../../H-x86_64-mingw32/nios2-elf/lib/mno-hw-mul\libc.a(lib_a-memmove.o)
 .bss           0x0000000010008ce8        0x0 c:/altera/15.0/nios2eds/bin/gnu/h-x86_64-mingw32/bin/../lib/gcc/nios2-elf/4.9.1/../../../../../H-x86_64-mingw32/nios2-elf/lib/mno-hw-mul\libc.a(lib_a-reallocr.o)
 .bss           0x0000000010008ce8        0x0 c:/altera/15.0/nios2eds/bin/gnu/h-x86_64-mingw32/bin/../lib/gcc/nios2-elf/4.9.1/../../../../../H-x86_64-mingw32/nios2-elf/lib/mno-hw-mul\libc.a(lib_a-sbrkr.o)
 .bss           0x0000000010008ce8        0x0 c:/altera/15.0/nios2eds/bin/gnu/h-x86_64-mingw32/bin/../lib/gcc/nios2-elf/4.9.1/../../../../../H-x86_64-mingw32/nios2-elf/lib/mno-hw-mul\libc.a(lib_a-wsetup.o)
 .bss           0x0000000010008ce8        0x0 c:/altera/15.0/nios2eds/bin/gnu/h-x86_64-mingw32/bin/../lib/gcc/nios2-elf/4.9.1/../../../../../H-x86_64-mingw32/nios2-elf/lib/mno-hw-mul\libc.a(lib_a-fflush.o)
 .bss           0x0000000010008ce8        0x0 c:/altera/15.0/nios2eds/bin/gnu/h-x86_64-mingw32/bin/../lib/gcc/nios2-elf/4.9.1/../../../../../H-x86_64-mingw32/nios2-elf/lib/mno-hw-mul\libc.a(lib_a-findfp.o)
 .bss           0x0000000010008ce8        0x0 c:/altera/15.0/nios2eds/bin/gnu/h-x86_64-mingw32/bin/../lib/gcc/nios2-elf/4.9.1/../../../../../H-x86_64-mingw32/nios2-elf/lib/mno-hw-mul\libc.a(lib_a-freer.o)
 .bss           0x0000000010008ce8        0x0 c:/altera/15.0/nios2eds/bin/gnu/h-x86_64-mingw32/bin/../lib/gcc/nios2-elf/4.9.1/../../../../../H-x86_64-mingw32/nios2-elf/lib/mno-hw-mul\libc.a(lib_a-fwalk.o)
 .bss           0x0000000010008ce8        0x0 c:/altera/15.0/nios2eds/bin/gnu/h-x86_64-mingw32/bin/../lib/gcc/nios2-elf/4.9.1/../../../../../H-x86_64-mingw32/nios2-elf/lib/mno-hw-mul\libc.a(lib_a-int_errno.o)
 .bss           0x0000000010008ce8        0x0 c:/altera/15.0/nios2eds/bin/gnu/h-x86_64-mingw32/bin/../lib/gcc/nios2-elf/4.9.1/../../../../../H-x86_64-mingw32/nios2-elf/lib/mno-hw-mul\libc.a(lib_a-makebuf.o)
 .bss           0x0000000010008ce8        0x0 c:/altera/15.0/nios2eds/bin/gnu/h-x86_64-mingw32/bin/../lib/gcc/nios2-elf/4.9.1/../../../../../H-x86_64-mingw32/nios2-elf/lib/mno-hw-mul\libc.a(lib_a-memset.o)
 .bss           0x0000000010008ce8        0x0 c:/altera/15.0/nios2eds/bin/gnu/h-x86_64-mingw32/bin/../lib/gcc/nios2-elf/4.9.1/../../../../../H-x86_64-mingw32/nios2-elf/lib/mno-hw-mul\libc.a(lib_a-stdio.o)
 .bss           0x0000000010008ce8        0x0 c:/altera/15.0/nios2eds/bin/gnu/h-x86_64-mingw32/bin/../lib/gcc/nios2-elf/4.9.1/../../../../../H-x86_64-mingw32/nios2-elf/lib/mno-hw-mul\libc.a(lib_a-writer.o)
 .bss           0x0000000010008ce8        0x0 c:/altera/15.0/nios2eds/bin/gnu/h-x86_64-mingw32/bin/../lib/gcc/nios2-elf/4.9.1/../../../../../H-x86_64-mingw32/nios2-elf/lib/mno-hw-mul\libc.a(closer.o)
 .bss           0x0000000010008ce8        0x0 c:/altera/15.0/nios2eds/bin/gnu/h-x86_64-mingw32/bin/../lib/gcc/nios2-elf/4.9.1/../../../../../H-x86_64-mingw32/nios2-elf/lib/mno-hw-mul\libc.a(lib_a-fclose.o)
 .bss           0x0000000010008ce8        0x0 c:/altera/15.0/nios2eds/bin/gnu/h-x86_64-mingw32/bin/../lib/gcc/nios2-elf/4.9.1/../../../../../H-x86_64-mingw32/nios2-elf/lib/mno-hw-mul\libc.a(lib_a-fstatr.o)
 .bss           0x0000000010008ce8        0x0 c:/altera/15.0/nios2eds/bin/gnu/h-x86_64-mingw32/bin/../lib/gcc/nios2-elf/4.9.1/../../../../../H-x86_64-mingw32/nios2-elf/lib/mno-hw-mul\libc.a(lib_a-isattyr.o)
 .bss           0x0000000010008ce8        0x0 c:/altera/15.0/nios2eds/bin/gnu/h-x86_64-mingw32/bin/../lib/gcc/nios2-elf/4.9.1/../../../../../H-x86_64-mingw32/nios2-elf/lib/mno-hw-mul\libc.a(lib_a-lseekr.o)
 .bss           0x0000000010008ce8        0x0 c:/altera/15.0/nios2eds/bin/gnu/h-x86_64-mingw32/bin/../lib/gcc/nios2-elf/4.9.1/../../../../../H-x86_64-mingw32/nios2-elf/lib/mno-hw-mul\libc.a(lib_a-readr.o)
 .bss           0x0000000010008ce8        0x0 ../Vegetable-Viking_bsp/\libhal_bsp.a(alt_close.o)
 .bss           0x0000000010008ce8        0x0 ../Vegetable-Viking_bsp/\libhal_bsp.a(alt_dev.o)
 .bss           0x0000000010008ce8        0x0 ../Vegetable-Viking_bsp/\libhal_bsp.a(alt_errno.o)
 .bss           0x0000000010008ce8        0x0 ../Vegetable-Viking_bsp/\libhal_bsp.a(alt_fstat.o)
 .bss           0x0000000010008ce8        0x0 ../Vegetable-Viking_bsp/\libhal_bsp.a(alt_isatty.o)
 .bss           0x0000000010008ce8        0x0 ../Vegetable-Viking_bsp/\libhal_bsp.a(alt_load.o)
 .bss           0x0000000010008ce8        0x0 ../Vegetable-Viking_bsp/\libhal_bsp.a(alt_lseek.o)
 .bss           0x0000000010008ce8        0x0 ../Vegetable-Viking_bsp/\libhal_bsp.a(alt_main.o)
 .bss           0x0000000010008ce8        0x0 ../Vegetable-Viking_bsp/\libhal_bsp.a(alt_malloc_lock.o)
 .bss           0x0000000010008ce8        0x0 ../Vegetable-Viking_bsp/\libhal_bsp.a(alt_read.o)
 .bss           0x0000000010008ce8        0x0 ../Vegetable-Viking_bsp/\libhal_bsp.a(alt_release_fd.o)
 .bss           0x0000000010008ce8        0x0 ../Vegetable-Viking_bsp/\libhal_bsp.a(alt_sbrk.o)
 .bss           0x0000000010008ce8        0x0 ../Vegetable-Viking_bsp/\libhal_bsp.a(alt_write.o)
 .bss           0x0000000010008ce8        0x0 ../Vegetable-Viking_bsp/\libhal_bsp.a(alt_sys_init.o)
 .bss           0x0000000010008ce8        0x0 ../Vegetable-Viking_bsp/\libhal_bsp.a(altera_avalon_jtag_uart_fd.o)
 .bss           0x0000000010008ce8        0x0 ../Vegetable-Viking_bsp/\libhal_bsp.a(altera_avalon_jtag_uart_init.o)
 .bss           0x0000000010008ce8        0x0 ../Vegetable-Viking_bsp/\libhal_bsp.a(altera_avalon_jtag_uart_ioctl.o)
 .bss           0x0000000010008ce8        0x0 ../Vegetable-Viking_bsp/\libhal_bsp.a(altera_avalon_jtag_uart_read.o)
 .bss           0x0000000010008ce8        0x0 ../Vegetable-Viking_bsp/\libhal_bsp.a(altera_avalon_jtag_uart_write.o)
 .bss           0x0000000010008ce8        0x0 ../Vegetable-Viking_bsp/\libhal_bsp.a(alt_alarm_start.o)
 .bss           0x0000000010008ce8        0x0 ../Vegetable-Viking_bsp/\libhal_bsp.a(alt_dcache_flush_all.o)
 .bss           0x0000000010008ce8        0x0 ../Vegetable-Viking_bsp/\libhal_bsp.a(alt_dev_llist_insert.o)
 .bss           0x0000000010008ce8        0x0 ../Vegetable-Viking_bsp/\libhal_bsp.a(alt_do_ctors.o)
 .bss           0x0000000010008ce8        0x0 ../Vegetable-Viking_bsp/\libhal_bsp.a(alt_do_dtors.o)
 .bss           0x0000000010008ce8        0x0 ../Vegetable-Viking_bsp/\libhal_bsp.a(alt_icache_flush_all.o)
 .bss           0x0000000010008ce8        0x0 ../Vegetable-Viking_bsp/\libhal_bsp.a(alt_iic.o)
 .bss           0x0000000010008ce8        0x0 ../Vegetable-Viking_bsp/\libhal_bsp.a(alt_iic_isr_register.o)
 .bss           0x0000000010008ce8        0x0 ../Vegetable-Viking_bsp/\libhal_bsp.a(alt_io_redirect.o)
 .bss           0x0000000010008ce8        0x0 ../Vegetable-Viking_bsp/\libhal_bsp.a(alt_irq_entry.o)
 .bss           0x0000000010008ce8        0x0 ../Vegetable-Viking_bsp/\libhal_bsp.a(alt_irq_handler.o)
 .bss           0x0000000010008ce8        0x0 ../Vegetable-Viking_bsp/\libhal_bsp.a(alt_irq_vars.o)
 .bss           0x0000000010008ce8        0x0 ../Vegetable-Viking_bsp/\libhal_bsp.a(alt_open.o)
 .bss           0x0000000010008ce8        0x0 ../Vegetable-Viking_bsp/\libhal_bsp.a(alt_tick.o)
 .bss           0x0000000010008ce8        0x0 ../Vegetable-Viking_bsp/\libhal_bsp.a(altera_nios2_gen2_irq.o)
 .bss           0x0000000010008ce8        0x0 ../Vegetable-Viking_bsp/\libhal_bsp.a(alt_exception_entry.o)
 .bss           0x0000000010008ce8        0x0 ../Vegetable-Viking_bsp/\libhal_bsp.a(alt_find_dev.o)
 .bss           0x0000000010008ce8        0x0 ../Vegetable-Viking_bsp/\libhal_bsp.a(alt_find_file.o)
 .bss           0x0000000010008ce8        0x0 ../Vegetable-Viking_bsp/\libhal_bsp.a(alt_get_fd.o)
 .bss           0x0000000010008ce8        0x0 ../Vegetable-Viking_bsp/\libhal_bsp.a(alt_instruction_exception_entry.o)
 .bss           0x0000000010008ce8        0x0 c:/altera/15.0/nios2eds/bin/gnu/h-x86_64-mingw32/bin/../lib/gcc/nios2-elf/4.9.1/../../../../../H-x86_64-mingw32/nios2-elf/lib/mno-hw-mul\libc.a(lib_a-atexit.o)
 .bss           0x0000000010008ce8        0x0 c:/altera/15.0/nios2eds/bin/gnu/h-x86_64-mingw32/bin/../lib/gcc/nios2-elf/4.9.1/../../../../../H-x86_64-mingw32/nios2-elf/lib/mno-hw-mul\libc.a(lib_a-exit.o)
 .bss           0x0000000010008ce8        0x0 c:/altera/15.0/nios2eds/bin/gnu/h-x86_64-mingw32/bin/../lib/gcc/nios2-elf/4.9.1/../../../../../H-x86_64-mingw32/nios2-elf/lib/mno-hw-mul\libc.a(lib_a-memcmp.o)
 .bss           0x0000000010008ce8        0x0 c:/altera/15.0/nios2eds/bin/gnu/h-x86_64-mingw32/bin/../lib/gcc/nios2-elf/4.9.1/../../../../../H-x86_64-mingw32/nios2-elf/lib/mno-hw-mul\libc.a(lib_a-__atexit.o)
 .bss           0x0000000010008ce8        0x0 c:/altera/15.0/nios2eds/bin/gnu/h-x86_64-mingw32/bin/../lib/gcc/nios2-elf/4.9.1/../../../../../H-x86_64-mingw32/nios2-elf/lib/mno-hw-mul\libc.a(lib_a-__call_atexit.o)
 .bss           0x0000000010008ce8        0x0 ../Vegetable-Viking_bsp/\libhal_bsp.a(alt_exit.o)
 *(COMMON)
 COMMON         0x0000000010008ce8      0x100 ../Vegetable-Viking_bsp/\libhal_bsp.a(alt_irq_handler.o)
                0x0000000010008ce8                alt_irq
                0x0000000010008de8                . = ALIGN (0x4)
                0x0000000010008de8                __bss_end = ABSOLUTE (.)

.onchip_memory2_0
                0x0000000000000000        0x0 load address 0x0000000010008de8
                0x0000000000000000                PROVIDE (_alt_partition_onchip_memory2_0_start, ABSOLUTE (.))
 *(.onchip_memory2_0 .onchip_memory2_0. onchip_memory2_0.*)
                0x0000000000000000                . = ALIGN (0x4)
                0x0000000000000000                PROVIDE (_alt_partition_onchip_memory2_0_end, ABSOLUTE (.))
                0x0000000010008de8                PROVIDE (_alt_partition_onchip_memory2_0_load_addr, LOADADDR (.onchip_memory2_0))

.sdram          0x0000000010008de8        0x0
                0x0000000010008de8                PROVIDE (_alt_partition_sdram_start, ABSOLUTE (.))
 *(.sdram .sdram. sdram.*)
                0x0000000010008de8                . = ALIGN (0x4)
                0x0000000010008de8                PROVIDE (_alt_partition_sdram_end, ABSOLUTE (.))
                0x0000000010008de8                _end = ABSOLUTE (.)
                0x0000000010008de8                end = ABSOLUTE (.)
                0x0000000010008de8                __alt_stack_base = ABSOLUTE (.)
                0x0000000010008de8                PROVIDE (_alt_partition_sdram_load_addr, LOADADDR (.sdram))

.stab
 *(.stab)

.stabstr
 *(.stabstr)

.stab.excl
 *(.stab.excl)

.stab.exclstr
 *(.stab.exclstr)

.stab.index
 *(.stab.index)

.stab.indexstr
 *(.stab.indexstr)

.comment        0x0000000000000000       0x23
 *(.comment)
 .comment       0x0000000000000000       0x23 obj/default/main.o
                                         0x24 (size before relaxing)
 .comment       0x0000000000000000       0x24 c:/altera/15.0/nios2eds/bin/gnu/h-x86_64-mingw32/bin/../lib/gcc/nios2-elf/4.9.1/mno-hw-mul\libgcc.a(lib2-mul.o)
 .comment       0x0000000000000000       0x24 c:/altera/15.0/nios2eds/bin/gnu/h-x86_64-mingw32/bin/../lib/gcc/nios2-elf/4.9.1/../../../../../H-x86_64-mingw32/nios2-elf/lib/mno-hw-mul\libc.a(lib_a-puts.o)
 .comment       0x0000000000000000       0x24 c:/altera/15.0/nios2eds/bin/gnu/h-x86_64-mingw32/bin/../lib/gcc/nios2-elf/4.9.1/../../../../../H-x86_64-mingw32/nios2-elf/lib/mno-hw-mul\libc.a(lib_a-strlen.o)
 .comment       0x0000000000000000       0x24 c:/altera/15.0/nios2eds/bin/gnu/h-x86_64-mingw32/bin/../lib/gcc/nios2-elf/4.9.1/../../../../../H-x86_64-mingw32/nios2-elf/lib/mno-hw-mul\libc.a(lib_a-fvwrite.o)
 .comment       0x0000000000000000       0x24 c:/altera/15.0/nios2eds/bin/gnu/h-x86_64-mingw32/bin/../lib/gcc/nios2-elf/4.9.1/../../../../../H-x86_64-mingw32/nios2-elf/lib/mno-hw-mul\libc.a(lib_a-impure.o)
 .comment       0x0000000000000000       0x24 c:/altera/15.0/nios2eds/bin/gnu/h-x86_64-mingw32/bin/../lib/gcc/nios2-elf/4.9.1/../../../../../H-x86_64-mingw32/nios2-elf/lib/mno-hw-mul\libc.a(lib_a-mallocr.o)
 .comment       0x0000000000000000       0x24 c:/altera/15.0/nios2eds/bin/gnu/h-x86_64-mingw32/bin/../lib/gcc/nios2-elf/4.9.1/../../../../../H-x86_64-mingw32/nios2-elf/lib/mno-hw-mul\libc.a(lib_a-memchr.o)
 .comment       0x0000000000000000       0x24 c:/altera/15.0/nios2eds/bin/gnu/h-x86_64-mingw32/bin/../lib/gcc/nios2-elf/4.9.1/../../../../../H-x86_64-mingw32/nios2-elf/lib/mno-hw-mul\libc.a(lib_a-memcpy.o)
 .comment       0x0000000000000000       0x24 c:/altera/15.0/nios2eds/bin/gnu/h-x86_64-mingw32/bin/../lib/gcc/nios2-elf/4.9.1/../../../../../H-x86_64-mingw32/nios2-elf/lib/mno-hw-mul\libc.a(lib_a-memmove.o)
 .comment       0x0000000000000000       0x24 c:/altera/15.0/nios2eds/bin/gnu/h-x86_64-mingw32/bin/../lib/gcc/nios2-elf/4.9.1/../../../../../H-x86_64-mingw32/nios2-elf/lib/mno-hw-mul\libc.a(lib_a-reallocr.o)
 .comment       0x0000000000000000       0x24 c:/altera/15.0/nios2eds/bin/gnu/h-x86_64-mingw32/bin/../lib/gcc/nios2-elf/4.9.1/../../../../../H-x86_64-mingw32/nios2-elf/lib/mno-hw-mul\libc.a(lib_a-sbrkr.o)
 .comment       0x0000000000000000       0x24 c:/altera/15.0/nios2eds/bin/gnu/h-x86_64-mingw32/bin/../lib/gcc/nios2-elf/4.9.1/../../../../../H-x86_64-mingw32/nios2-elf/lib/mno-hw-mul\libc.a(lib_a-wsetup.o)
 .comment       0x0000000000000000       0x24 c:/altera/15.0/nios2eds/bin/gnu/h-x86_64-mingw32/bin/../lib/gcc/nios2-elf/4.9.1/../../../../../H-x86_64-mingw32/nios2-elf/lib/mno-hw-mul\libc.a(lib_a-fflush.o)
 .comment       0x0000000000000000       0x24 c:/altera/15.0/nios2eds/bin/gnu/h-x86_64-mingw32/bin/../lib/gcc/nios2-elf/4.9.1/../../../../../H-x86_64-mingw32/nios2-elf/lib/mno-hw-mul\libc.a(lib_a-findfp.o)
 .comment       0x0000000000000000       0x24 c:/altera/15.0/nios2eds/bin/gnu/h-x86_64-mingw32/bin/../lib/gcc/nios2-elf/4.9.1/../../../../../H-x86_64-mingw32/nios2-elf/lib/mno-hw-mul\libc.a(lib_a-freer.o)
 .comment       0x0000000000000000       0x24 c:/altera/15.0/nios2eds/bin/gnu/h-x86_64-mingw32/bin/../lib/gcc/nios2-elf/4.9.1/../../../../../H-x86_64-mingw32/nios2-elf/lib/mno-hw-mul\libc.a(lib_a-fwalk.o)
 .comment       0x0000000000000000       0x24 c:/altera/15.0/nios2eds/bin/gnu/h-x86_64-mingw32/bin/../lib/gcc/nios2-elf/4.9.1/../../../../../H-x86_64-mingw32/nios2-elf/lib/mno-hw-mul\libc.a(lib_a-int_errno.o)
 .comment       0x0000000000000000       0x24 c:/altera/15.0/nios2eds/bin/gnu/h-x86_64-mingw32/bin/../lib/gcc/nios2-elf/4.9.1/../../../../../H-x86_64-mingw32/nios2-elf/lib/mno-hw-mul\libc.a(lib_a-makebuf.o)
 .comment       0x0000000000000000       0x24 c:/altera/15.0/nios2eds/bin/gnu/h-x86_64-mingw32/bin/../lib/gcc/nios2-elf/4.9.1/../../../../../H-x86_64-mingw32/nios2-elf/lib/mno-hw-mul\libc.a(lib_a-memset.o)
 .comment       0x0000000000000000       0x24 c:/altera/15.0/nios2eds/bin/gnu/h-x86_64-mingw32/bin/../lib/gcc/nios2-elf/4.9.1/../../../../../H-x86_64-mingw32/nios2-elf/lib/mno-hw-mul\libc.a(lib_a-stdio.o)
 .comment       0x0000000000000000       0x24 c:/altera/15.0/nios2eds/bin/gnu/h-x86_64-mingw32/bin/../lib/gcc/nios2-elf/4.9.1/../../../../../H-x86_64-mingw32/nios2-elf/lib/mno-hw-mul\libc.a(lib_a-writer.o)
 .comment       0x0000000000000000       0x24 c:/altera/15.0/nios2eds/bin/gnu/h-x86_64-mingw32/bin/../lib/gcc/nios2-elf/4.9.1/../../../../../H-x86_64-mingw32/nios2-elf/lib/mno-hw-mul\libc.a(closer.o)
 .comment       0x0000000000000000       0x24 c:/altera/15.0/nios2eds/bin/gnu/h-x86_64-mingw32/bin/../lib/gcc/nios2-elf/4.9.1/../../../../../H-x86_64-mingw32/nios2-elf/lib/mno-hw-mul\libc.a(lib_a-fclose.o)
 .comment       0x0000000000000000       0x24 c:/altera/15.0/nios2eds/bin/gnu/h-x86_64-mingw32/bin/../lib/gcc/nios2-elf/4.9.1/../../../../../H-x86_64-mingw32/nios2-elf/lib/mno-hw-mul\libc.a(lib_a-fstatr.o)
 .comment       0x0000000000000000       0x24 c:/altera/15.0/nios2eds/bin/gnu/h-x86_64-mingw32/bin/../lib/gcc/nios2-elf/4.9.1/../../../../../H-x86_64-mingw32/nios2-elf/lib/mno-hw-mul\libc.a(lib_a-isattyr.o)
 .comment       0x0000000000000000       0x24 c:/altera/15.0/nios2eds/bin/gnu/h-x86_64-mingw32/bin/../lib/gcc/nios2-elf/4.9.1/../../../../../H-x86_64-mingw32/nios2-elf/lib/mno-hw-mul\libc.a(lib_a-lseekr.o)
 .comment       0x0000000000000000       0x24 c:/altera/15.0/nios2eds/bin/gnu/h-x86_64-mingw32/bin/../lib/gcc/nios2-elf/4.9.1/../../../../../H-x86_64-mingw32/nios2-elf/lib/mno-hw-mul\libc.a(lib_a-readr.o)
 .comment       0x0000000000000000       0x24 ../Vegetable-Viking_bsp/\libhal_bsp.a(alt_close.o)
 .comment       0x0000000000000000       0x24 ../Vegetable-Viking_bsp/\libhal_bsp.a(alt_dev.o)
 .comment       0x0000000000000000       0x24 ../Vegetable-Viking_bsp/\libhal_bsp.a(alt_errno.o)
 .comment       0x0000000000000000       0x24 ../Vegetable-Viking_bsp/\libhal_bsp.a(alt_fstat.o)
 .comment       0x0000000000000000       0x24 ../Vegetable-Viking_bsp/\libhal_bsp.a(alt_isatty.o)
 .comment       0x0000000000000000       0x24 ../Vegetable-Viking_bsp/\libhal_bsp.a(alt_load.o)
 .comment       0x0000000000000000       0x24 ../Vegetable-Viking_bsp/\libhal_bsp.a(alt_lseek.o)
 .comment       0x0000000000000000       0x24 ../Vegetable-Viking_bsp/\libhal_bsp.a(alt_main.o)
 .comment       0x0000000000000000       0x24 ../Vegetable-Viking_bsp/\libhal_bsp.a(alt_malloc_lock.o)
 .comment       0x0000000000000000       0x24 ../Vegetable-Viking_bsp/\libhal_bsp.a(alt_read.o)
 .comment       0x0000000000000000       0x24 ../Vegetable-Viking_bsp/\libhal_bsp.a(alt_release_fd.o)
 .comment       0x0000000000000000       0x24 ../Vegetable-Viking_bsp/\libhal_bsp.a(alt_sbrk.o)
 .comment       0x0000000000000000       0x24 ../Vegetable-Viking_bsp/\libhal_bsp.a(alt_write.o)
 .comment       0x0000000000000000       0x24 ../Vegetable-Viking_bsp/\libhal_bsp.a(alt_sys_init.o)
 .comment       0x0000000000000000       0x24 ../Vegetable-Viking_bsp/\libhal_bsp.a(altera_avalon_jtag_uart_fd.o)
 .comment       0x0000000000000000       0x24 ../Vegetable-Viking_bsp/\libhal_bsp.a(altera_avalon_jtag_uart_init.o)
 .comment       0x0000000000000000       0x24 ../Vegetable-Viking_bsp/\libhal_bsp.a(altera_avalon_jtag_uart_ioctl.o)
 .comment       0x0000000000000000       0x24 ../Vegetable-Viking_bsp/\libhal_bsp.a(altera_avalon_jtag_uart_read.o)
 .comment       0x0000000000000000       0x24 ../Vegetable-Viking_bsp/\libhal_bsp.a(altera_avalon_jtag_uart_write.o)
 .comment       0x0000000000000000       0x24 ../Vegetable-Viking_bsp/\libhal_bsp.a(alt_alarm_start.o)
 .comment       0x0000000000000000       0x24 ../Vegetable-Viking_bsp/\libhal_bsp.a(alt_dcache_flush_all.o)
 .comment       0x0000000000000000       0x24 ../Vegetable-Viking_bsp/\libhal_bsp.a(alt_dev_llist_insert.o)
 .comment       0x0000000000000000       0x24 ../Vegetable-Viking_bsp/\libhal_bsp.a(alt_do_ctors.o)
 .comment       0x0000000000000000       0x24 ../Vegetable-Viking_bsp/\libhal_bsp.a(alt_do_dtors.o)
 .comment       0x0000000000000000       0x24 ../Vegetable-Viking_bsp/\libhal_bsp.a(alt_icache_flush_all.o)
 .comment       0x0000000000000000       0x24 ../Vegetable-Viking_bsp/\libhal_bsp.a(alt_iic.o)
 .comment       0x0000000000000000       0x24 ../Vegetable-Viking_bsp/\libhal_bsp.a(alt_iic_isr_register.o)
 .comment       0x0000000000000000       0x24 ../Vegetable-Viking_bsp/\libhal_bsp.a(alt_io_redirect.o)
 .comment       0x0000000000000000       0x24 ../Vegetable-Viking_bsp/\libhal_bsp.a(alt_irq_handler.o)
 .comment       0x0000000000000000       0x24 ../Vegetable-Viking_bsp/\libhal_bsp.a(alt_irq_vars.o)
 .comment       0x0000000000000000       0x24 ../Vegetable-Viking_bsp/\libhal_bsp.a(alt_open.o)
 .comment       0x0000000000000000       0x24 ../Vegetable-Viking_bsp/\libhal_bsp.a(alt_tick.o)
 .comment       0x0000000000000000       0x24 ../Vegetable-Viking_bsp/\libhal_bsp.a(altera_nios2_gen2_irq.o)
 .comment       0x0000000000000000       0x24 ../Vegetable-Viking_bsp/\libhal_bsp.a(alt_find_dev.o)
 .comment       0x0000000000000000       0x24 ../Vegetable-Viking_bsp/\libhal_bsp.a(alt_find_file.o)
 .comment       0x0000000000000000       0x24 ../Vegetable-Viking_bsp/\libhal_bsp.a(alt_get_fd.o)
 .comment       0x0000000000000000       0x24 ../Vegetable-Viking_bsp/\libhal_bsp.a(alt_instruction_exception_entry.o)
 .comment       0x0000000000000000       0x24 c:/altera/15.0/nios2eds/bin/gnu/h-x86_64-mingw32/bin/../lib/gcc/nios2-elf/4.9.1/../../../../../H-x86_64-mingw32/nios2-elf/lib/mno-hw-mul\libc.a(lib_a-atexit.o)
 .comment       0x0000000000000000       0x24 c:/altera/15.0/nios2eds/bin/gnu/h-x86_64-mingw32/bin/../lib/gcc/nios2-elf/4.9.1/../../../../../H-x86_64-mingw32/nios2-elf/lib/mno-hw-mul\libc.a(lib_a-exit.o)
 .comment       0x0000000000000000       0x24 c:/altera/15.0/nios2eds/bin/gnu/h-x86_64-mingw32/bin/../lib/gcc/nios2-elf/4.9.1/../../../../../H-x86_64-mingw32/nios2-elf/lib/mno-hw-mul\libc.a(lib_a-memcmp.o)
 .comment       0x0000000000000000       0x24 c:/altera/15.0/nios2eds/bin/gnu/h-x86_64-mingw32/bin/../lib/gcc/nios2-elf/4.9.1/../../../../../H-x86_64-mingw32/nios2-elf/lib/mno-hw-mul\libc.a(lib_a-__atexit.o)
 .comment       0x0000000000000000       0x24 c:/altera/15.0/nios2eds/bin/gnu/h-x86_64-mingw32/bin/../lib/gcc/nios2-elf/4.9.1/../../../../../H-x86_64-mingw32/nios2-elf/lib/mno-hw-mul\libc.a(lib_a-__call_atexit.o)
 .comment       0x0000000000000000       0x24 ../Vegetable-Viking_bsp/\libhal_bsp.a(alt_exit.o)

.debug
 *(.debug)

.line
 *(.line)

.debug_srcinfo
 *(.debug_srcinfo)

.debug_sfnames
 *(.debug_sfnames)

.debug_aranges  0x0000000000000000      0x958
 *(.debug_aranges)
 .debug_aranges
                0x0000000000000000       0x28 ../Vegetable-Viking_bsp//obj/HAL/src/crt0.o
 .debug_aranges
                0x0000000000000028       0x20 obj/default/main.o
 .debug_aranges
                0x0000000000000048       0x20 c:/altera/15.0/nios2eds/bin/gnu/h-x86_64-mingw32/bin/../lib/gcc/nios2-elf/4.9.1/mno-hw-mul\libgcc.a(lib2-mul.o)
 .debug_aranges
                0x0000000000000068       0x20 c:/altera/15.0/nios2eds/bin/gnu/h-x86_64-mingw32/bin/../lib/gcc/nios2-elf/4.9.1/../../../../../H-x86_64-mingw32/nios2-elf/lib/mno-hw-mul\libc.a(lib_a-puts.o)
 .debug_aranges
                0x0000000000000088       0x20 c:/altera/15.0/nios2eds/bin/gnu/h-x86_64-mingw32/bin/../lib/gcc/nios2-elf/4.9.1/../../../../../H-x86_64-mingw32/nios2-elf/lib/mno-hw-mul\libc.a(lib_a-strlen.o)
 .debug_aranges
                0x00000000000000a8       0x20 c:/altera/15.0/nios2eds/bin/gnu/h-x86_64-mingw32/bin/../lib/gcc/nios2-elf/4.9.1/../../../../../H-x86_64-mingw32/nios2-elf/lib/mno-hw-mul\libc.a(lib_a-fvwrite.o)
 .debug_aranges
                0x00000000000000c8       0x18 c:/altera/15.0/nios2eds/bin/gnu/h-x86_64-mingw32/bin/../lib/gcc/nios2-elf/4.9.1/../../../../../H-x86_64-mingw32/nios2-elf/lib/mno-hw-mul\libc.a(lib_a-impure.o)
 .debug_aranges
                0x00000000000000e0       0x20 c:/altera/15.0/nios2eds/bin/gnu/h-x86_64-mingw32/bin/../lib/gcc/nios2-elf/4.9.1/../../../../../H-x86_64-mingw32/nios2-elf/lib/mno-hw-mul\libc.a(lib_a-mallocr.o)
 .debug_aranges
                0x0000000000000100       0x20 c:/altera/15.0/nios2eds/bin/gnu/h-x86_64-mingw32/bin/../lib/gcc/nios2-elf/4.9.1/../../../../../H-x86_64-mingw32/nios2-elf/lib/mno-hw-mul\libc.a(lib_a-memchr.o)
 .debug_aranges
                0x0000000000000120       0x20 c:/altera/15.0/nios2eds/bin/gnu/h-x86_64-mingw32/bin/../lib/gcc/nios2-elf/4.9.1/../../../../../H-x86_64-mingw32/nios2-elf/lib/mno-hw-mul\libc.a(lib_a-memcpy.o)
 .debug_aranges
                0x0000000000000140       0x20 c:/altera/15.0/nios2eds/bin/gnu/h-x86_64-mingw32/bin/../lib/gcc/nios2-elf/4.9.1/../../../../../H-x86_64-mingw32/nios2-elf/lib/mno-hw-mul\libc.a(lib_a-memmove.o)
 .debug_aranges
                0x0000000000000160       0x20 c:/altera/15.0/nios2eds/bin/gnu/h-x86_64-mingw32/bin/../lib/gcc/nios2-elf/4.9.1/../../../../../H-x86_64-mingw32/nios2-elf/lib/mno-hw-mul\libc.a(lib_a-reallocr.o)
 .debug_aranges
                0x0000000000000180       0x20 c:/altera/15.0/nios2eds/bin/gnu/h-x86_64-mingw32/bin/../lib/gcc/nios2-elf/4.9.1/../../../../../H-x86_64-mingw32/nios2-elf/lib/mno-hw-mul\libc.a(lib_a-sbrkr.o)
 .debug_aranges
                0x00000000000001a0       0x20 c:/altera/15.0/nios2eds/bin/gnu/h-x86_64-mingw32/bin/../lib/gcc/nios2-elf/4.9.1/../../../../../H-x86_64-mingw32/nios2-elf/lib/mno-hw-mul\libc.a(lib_a-wsetup.o)
 .debug_aranges
                0x00000000000001c0       0x20 c:/altera/15.0/nios2eds/bin/gnu/h-x86_64-mingw32/bin/../lib/gcc/nios2-elf/4.9.1/../../../../../H-x86_64-mingw32/nios2-elf/lib/mno-hw-mul\libc.a(lib_a-fflush.o)
 .debug_aranges
                0x00000000000001e0       0x20 c:/altera/15.0/nios2eds/bin/gnu/h-x86_64-mingw32/bin/../lib/gcc/nios2-elf/4.9.1/../../../../../H-x86_64-mingw32/nios2-elf/lib/mno-hw-mul\libc.a(lib_a-findfp.o)
 .debug_aranges
                0x0000000000000200       0x20 c:/altera/15.0/nios2eds/bin/gnu/h-x86_64-mingw32/bin/../lib/gcc/nios2-elf/4.9.1/../../../../../H-x86_64-mingw32/nios2-elf/lib/mno-hw-mul\libc.a(lib_a-freer.o)
 .debug_aranges
                0x0000000000000220       0x20 c:/altera/15.0/nios2eds/bin/gnu/h-x86_64-mingw32/bin/../lib/gcc/nios2-elf/4.9.1/../../../../../H-x86_64-mingw32/nios2-elf/lib/mno-hw-mul\libc.a(lib_a-fwalk.o)
 .debug_aranges
                0x0000000000000240       0x18 c:/altera/15.0/nios2eds/bin/gnu/h-x86_64-mingw32/bin/../lib/gcc/nios2-elf/4.9.1/../../../../../H-x86_64-mingw32/nios2-elf/lib/mno-hw-mul\libc.a(lib_a-int_errno.o)
 .debug_aranges
                0x0000000000000258       0x20 c:/altera/15.0/nios2eds/bin/gnu/h-x86_64-mingw32/bin/../lib/gcc/nios2-elf/4.9.1/../../../../../H-x86_64-mingw32/nios2-elf/lib/mno-hw-mul\libc.a(lib_a-makebuf.o)
 .debug_aranges
                0x0000000000000278       0x20 c:/altera/15.0/nios2eds/bin/gnu/h-x86_64-mingw32/bin/../lib/gcc/nios2-elf/4.9.1/../../../../../H-x86_64-mingw32/nios2-elf/lib/mno-hw-mul\libc.a(lib_a-memset.o)
 .debug_aranges
                0x0000000000000298       0x20 c:/altera/15.0/nios2eds/bin/gnu/h-x86_64-mingw32/bin/../lib/gcc/nios2-elf/4.9.1/../../../../../H-x86_64-mingw32/nios2-elf/lib/mno-hw-mul\libc.a(lib_a-stdio.o)
 .debug_aranges
                0x00000000000002b8       0x20 c:/altera/15.0/nios2eds/bin/gnu/h-x86_64-mingw32/bin/../lib/gcc/nios2-elf/4.9.1/../../../../../H-x86_64-mingw32/nios2-elf/lib/mno-hw-mul\libc.a(lib_a-writer.o)
 .debug_aranges
                0x00000000000002d8       0x20 c:/altera/15.0/nios2eds/bin/gnu/h-x86_64-mingw32/bin/../lib/gcc/nios2-elf/4.9.1/../../../../../H-x86_64-mingw32/nios2-elf/lib/mno-hw-mul\libc.a(closer.o)
 .debug_aranges
                0x00000000000002f8       0x20 c:/altera/15.0/nios2eds/bin/gnu/h-x86_64-mingw32/bin/../lib/gcc/nios2-elf/4.9.1/../../../../../H-x86_64-mingw32/nios2-elf/lib/mno-hw-mul\libc.a(lib_a-fclose.o)
 .debug_aranges
                0x0000000000000318       0x20 c:/altera/15.0/nios2eds/bin/gnu/h-x86_64-mingw32/bin/../lib/gcc/nios2-elf/4.9.1/../../../../../H-x86_64-mingw32/nios2-elf/lib/mno-hw-mul\libc.a(lib_a-fstatr.o)
 .debug_aranges
                0x0000000000000338       0x20 c:/altera/15.0/nios2eds/bin/gnu/h-x86_64-mingw32/bin/../lib/gcc/nios2-elf/4.9.1/../../../../../H-x86_64-mingw32/nios2-elf/lib/mno-hw-mul\libc.a(lib_a-isattyr.o)
 .debug_aranges
                0x0000000000000358       0x20 c:/altera/15.0/nios2eds/bin/gnu/h-x86_64-mingw32/bin/../lib/gcc/nios2-elf/4.9.1/../../../../../H-x86_64-mingw32/nios2-elf/lib/mno-hw-mul\libc.a(lib_a-lseekr.o)
 .debug_aranges
                0x0000000000000378       0x20 c:/altera/15.0/nios2eds/bin/gnu/h-x86_64-mingw32/bin/../lib/gcc/nios2-elf/4.9.1/../../../../../H-x86_64-mingw32/nios2-elf/lib/mno-hw-mul\libc.a(lib_a-readr.o)
 .debug_aranges
                0x0000000000000398       0x20 ../Vegetable-Viking_bsp/\libhal_bsp.a(alt_close.o)
 .debug_aranges
                0x00000000000003b8       0x20 ../Vegetable-Viking_bsp/\libhal_bsp.a(alt_dev.o)
 .debug_aranges
                0x00000000000003d8       0x18 ../Vegetable-Viking_bsp/\libhal_bsp.a(alt_errno.o)
 .debug_aranges
                0x00000000000003f0       0x20 ../Vegetable-Viking_bsp/\libhal_bsp.a(alt_fstat.o)
 .debug_aranges
                0x0000000000000410       0x20 ../Vegetable-Viking_bsp/\libhal_bsp.a(alt_isatty.o)
 .debug_aranges
                0x0000000000000430       0x20 ../Vegetable-Viking_bsp/\libhal_bsp.a(alt_load.o)
 .debug_aranges
                0x0000000000000450       0x20 ../Vegetable-Viking_bsp/\libhal_bsp.a(alt_lseek.o)
 .debug_aranges
                0x0000000000000470       0x20 ../Vegetable-Viking_bsp/\libhal_bsp.a(alt_main.o)
 .debug_aranges
                0x0000000000000490       0x20 ../Vegetable-Viking_bsp/\libhal_bsp.a(alt_malloc_lock.o)
 .debug_aranges
                0x00000000000004b0       0x20 ../Vegetable-Viking_bsp/\libhal_bsp.a(alt_read.o)
 .debug_aranges
                0x00000000000004d0       0x20 ../Vegetable-Viking_bsp/\libhal_bsp.a(alt_release_fd.o)
 .debug_aranges
                0x00000000000004f0       0x20 ../Vegetable-Viking_bsp/\libhal_bsp.a(alt_sbrk.o)
 .debug_aranges
                0x0000000000000510       0x20 ../Vegetable-Viking_bsp/\libhal_bsp.a(alt_write.o)
 .debug_aranges
                0x0000000000000530       0x20 ../Vegetable-Viking_bsp/\libhal_bsp.a(alt_sys_init.o)
 .debug_aranges
                0x0000000000000550       0x20 ../Vegetable-Viking_bsp/\libhal_bsp.a(altera_avalon_jtag_uart_fd.o)
 .debug_aranges
                0x0000000000000570       0x20 ../Vegetable-Viking_bsp/\libhal_bsp.a(altera_avalon_jtag_uart_init.o)
 .debug_aranges
                0x0000000000000590       0x20 ../Vegetable-Viking_bsp/\libhal_bsp.a(altera_avalon_jtag_uart_ioctl.o)
 .debug_aranges
                0x00000000000005b0       0x20 ../Vegetable-Viking_bsp/\libhal_bsp.a(altera_avalon_jtag_uart_read.o)
 .debug_aranges
                0x00000000000005d0       0x20 ../Vegetable-Viking_bsp/\libhal_bsp.a(altera_avalon_jtag_uart_write.o)
 .debug_aranges
                0x00000000000005f0       0x20 ../Vegetable-Viking_bsp/\libhal_bsp.a(alt_alarm_start.o)
 .debug_aranges
                0x0000000000000610       0x20 ../Vegetable-Viking_bsp/\libhal_bsp.a(alt_dcache_flush_all.o)
 .debug_aranges
                0x0000000000000630       0x20 ../Vegetable-Viking_bsp/\libhal_bsp.a(alt_dev_llist_insert.o)
 .debug_aranges
                0x0000000000000650       0x20 ../Vegetable-Viking_bsp/\libhal_bsp.a(alt_do_ctors.o)
 .debug_aranges
                0x0000000000000670       0x20 ../Vegetable-Viking_bsp/\libhal_bsp.a(alt_do_dtors.o)
 .debug_aranges
                0x0000000000000690       0x20 ../Vegetable-Viking_bsp/\libhal_bsp.a(alt_icache_flush_all.o)
 .debug_aranges
                0x00000000000006b0       0x20 ../Vegetable-Viking_bsp/\libhal_bsp.a(alt_iic.o)
 .debug_aranges
                0x00000000000006d0       0x20 ../Vegetable-Viking_bsp/\libhal_bsp.a(alt_iic_isr_register.o)
 .debug_aranges
                0x00000000000006f0       0x20 ../Vegetable-Viking_bsp/\libhal_bsp.a(alt_io_redirect.o)
 .debug_aranges
                0x0000000000000710       0x30 ../Vegetable-Viking_bsp/\libhal_bsp.a(alt_irq_entry.o)
 .debug_aranges
                0x0000000000000740       0x20 ../Vegetable-Viking_bsp/\libhal_bsp.a(alt_irq_handler.o)
 .debug_aranges
                0x0000000000000760       0x18 ../Vegetable-Viking_bsp/\libhal_bsp.a(alt_irq_vars.o)
 .debug_aranges
                0x0000000000000778       0x20 ../Vegetable-Viking_bsp/\libhal_bsp.a(alt_open.o)
 .debug_aranges
                0x0000000000000798       0x20 ../Vegetable-Viking_bsp/\libhal_bsp.a(alt_tick.o)
 .debug_aranges
                0x00000000000007b8       0x20 ../Vegetable-Viking_bsp/\libhal_bsp.a(altera_nios2_gen2_irq.o)
 .debug_aranges
                0x00000000000007d8       0x38 ../Vegetable-Viking_bsp/\libhal_bsp.a(alt_exception_entry.o)
 .debug_aranges
                0x0000000000000810       0x20 ../Vegetable-Viking_bsp/\libhal_bsp.a(alt_find_dev.o)
 .debug_aranges
                0x0000000000000830       0x20 ../Vegetable-Viking_bsp/\libhal_bsp.a(alt_find_file.o)
 .debug_aranges
                0x0000000000000850       0x20 ../Vegetable-Viking_bsp/\libhal_bsp.a(alt_get_fd.o)
 .debug_aranges
                0x0000000000000870       0x28 ../Vegetable-Viking_bsp/\libhal_bsp.a(alt_instruction_exception_entry.o)
 .debug_aranges
                0x0000000000000898       0x20 c:/altera/15.0/nios2eds/bin/gnu/h-x86_64-mingw32/bin/../lib/gcc/nios2-elf/4.9.1/../../../../../H-x86_64-mingw32/nios2-elf/lib/mno-hw-mul\libc.a(lib_a-atexit.o)
 .debug_aranges
                0x00000000000008b8       0x20 c:/altera/15.0/nios2eds/bin/gnu/h-x86_64-mingw32/bin/../lib/gcc/nios2-elf/4.9.1/../../../../../H-x86_64-mingw32/nios2-elf/lib/mno-hw-mul\libc.a(lib_a-exit.o)
 .debug_aranges
                0x00000000000008d8       0x20 c:/altera/15.0/nios2eds/bin/gnu/h-x86_64-mingw32/bin/../lib/gcc/nios2-elf/4.9.1/../../../../../H-x86_64-mingw32/nios2-elf/lib/mno-hw-mul\libc.a(lib_a-memcmp.o)
 .debug_aranges
                0x00000000000008f8       0x20 c:/altera/15.0/nios2eds/bin/gnu/h-x86_64-mingw32/bin/../lib/gcc/nios2-elf/4.9.1/../../../../../H-x86_64-mingw32/nios2-elf/lib/mno-hw-mul\libc.a(lib_a-__atexit.o)
 .debug_aranges
                0x0000000000000918       0x20 c:/altera/15.0/nios2eds/bin/gnu/h-x86_64-mingw32/bin/../lib/gcc/nios2-elf/4.9.1/../../../../../H-x86_64-mingw32/nios2-elf/lib/mno-hw-mul\libc.a(lib_a-__call_atexit.o)
 .debug_aranges
                0x0000000000000938       0x20 ../Vegetable-Viking_bsp/\libhal_bsp.a(alt_exit.o)

.debug_pubnames
 *(.debug_pubnames)

.debug_info     0x0000000000000000    0x16000
 *(.debug_info .gnu.linkonce.wi.*)
 .debug_info    0x0000000000000000       0x6d ../Vegetable-Viking_bsp//obj/HAL/src/crt0.o
 .debug_info    0x000000000000006d       0xe6 obj/default/main.o
 .debug_info    0x0000000000000153       0xb4 c:/altera/15.0/nios2eds/bin/gnu/h-x86_64-mingw32/bin/../lib/gcc/nios2-elf/4.9.1/mno-hw-mul\libgcc.a(lib2-mul.o)
 .debug_info    0x0000000000000207      0x9f4 c:/altera/15.0/nios2eds/bin/gnu/h-x86_64-mingw32/bin/../lib/gcc/nios2-elf/4.9.1/../../../../../H-x86_64-mingw32/nios2-elf/lib/mno-hw-mul\libc.a(lib_a-puts.o)
 .debug_info    0x0000000000000bfb       0xdb c:/altera/15.0/nios2eds/bin/gnu/h-x86_64-mingw32/bin/../lib/gcc/nios2-elf/4.9.1/../../../../../H-x86_64-mingw32/nios2-elf/lib/mno-hw-mul\libc.a(lib_a-strlen.o)
 .debug_info    0x0000000000000cd6      0xc31 c:/altera/15.0/nios2eds/bin/gnu/h-x86_64-mingw32/bin/../lib/gcc/nios2-elf/4.9.1/../../../../../H-x86_64-mingw32/nios2-elf/lib/mno-hw-mul\libc.a(lib_a-fvwrite.o)
 .debug_info    0x0000000000001907      0x88f c:/altera/15.0/nios2eds/bin/gnu/h-x86_64-mingw32/bin/../lib/gcc/nios2-elf/4.9.1/../../../../../H-x86_64-mingw32/nios2-elf/lib/mno-hw-mul\libc.a(lib_a-impure.o)
 .debug_info    0x0000000000002196      0xd71 c:/altera/15.0/nios2eds/bin/gnu/h-x86_64-mingw32/bin/../lib/gcc/nios2-elf/4.9.1/../../../../../H-x86_64-mingw32/nios2-elf/lib/mno-hw-mul\libc.a(lib_a-mallocr.o)
 .debug_info    0x0000000000002f07      0x12b c:/altera/15.0/nios2eds/bin/gnu/h-x86_64-mingw32/bin/../lib/gcc/nios2-elf/4.9.1/../../../../../H-x86_64-mingw32/nios2-elf/lib/mno-hw-mul\libc.a(lib_a-memchr.o)
 .debug_info    0x0000000000003032      0x133 c:/altera/15.0/nios2eds/bin/gnu/h-x86_64-mingw32/bin/../lib/gcc/nios2-elf/4.9.1/../../../../../H-x86_64-mingw32/nios2-elf/lib/mno-hw-mul\libc.a(lib_a-memcpy.o)
 .debug_info    0x0000000000003165      0x133 c:/altera/15.0/nios2eds/bin/gnu/h-x86_64-mingw32/bin/../lib/gcc/nios2-elf/4.9.1/../../../../../H-x86_64-mingw32/nios2-elf/lib/mno-hw-mul\libc.a(lib_a-memmove.o)
 .debug_info    0x0000000000003298      0xcc6 c:/altera/15.0/nios2eds/bin/gnu/h-x86_64-mingw32/bin/../lib/gcc/nios2-elf/4.9.1/../../../../../H-x86_64-mingw32/nios2-elf/lib/mno-hw-mul\libc.a(lib_a-reallocr.o)
 .debug_info    0x0000000000003f5e      0x8ef c:/altera/15.0/nios2eds/bin/gnu/h-x86_64-mingw32/bin/../lib/gcc/nios2-elf/4.9.1/../../../../../H-x86_64-mingw32/nios2-elf/lib/mno-hw-mul\libc.a(lib_a-sbrkr.o)
 .debug_info    0x000000000000484d      0x91d c:/altera/15.0/nios2eds/bin/gnu/h-x86_64-mingw32/bin/../lib/gcc/nios2-elf/4.9.1/../../../../../H-x86_64-mingw32/nios2-elf/lib/mno-hw-mul\libc.a(lib_a-wsetup.o)
 .debug_info    0x000000000000516a      0xa3a c:/altera/15.0/nios2eds/bin/gnu/h-x86_64-mingw32/bin/../lib/gcc/nios2-elf/4.9.1/../../../../../H-x86_64-mingw32/nios2-elf/lib/mno-hw-mul\libc.a(lib_a-fflush.o)
 .debug_info    0x0000000000005ba4      0xd37 c:/altera/15.0/nios2eds/bin/gnu/h-x86_64-mingw32/bin/../lib/gcc/nios2-elf/4.9.1/../../../../../H-x86_64-mingw32/nios2-elf/lib/mno-hw-mul\libc.a(lib_a-findfp.o)
 .debug_info    0x00000000000068db      0xc02 c:/altera/15.0/nios2eds/bin/gnu/h-x86_64-mingw32/bin/../lib/gcc/nios2-elf/4.9.1/../../../../../H-x86_64-mingw32/nios2-elf/lib/mno-hw-mul\libc.a(lib_a-freer.o)
 .debug_info    0x00000000000074dd      0xab7 c:/altera/15.0/nios2eds/bin/gnu/h-x86_64-mingw32/bin/../lib/gcc/nios2-elf/4.9.1/../../../../../H-x86_64-mingw32/nios2-elf/lib/mno-hw-mul\libc.a(lib_a-fwalk.o)
 .debug_info    0x0000000000007f94       0x83 c:/altera/15.0/nios2eds/bin/gnu/h-x86_64-mingw32/bin/../lib/gcc/nios2-elf/4.9.1/../../../../../H-x86_64-mingw32/nios2-elf/lib/mno-hw-mul\libc.a(lib_a-int_errno.o)
 .debug_info    0x0000000000008017      0xaff c:/altera/15.0/nios2eds/bin/gnu/h-x86_64-mingw32/bin/../lib/gcc/nios2-elf/4.9.1/../../../../../H-x86_64-mingw32/nios2-elf/lib/mno-hw-mul\libc.a(lib_a-makebuf.o)
 .debug_info    0x0000000000008b16      0x11a c:/altera/15.0/nios2eds/bin/gnu/h-x86_64-mingw32/bin/../lib/gcc/nios2-elf/4.9.1/../../../../../H-x86_64-mingw32/nios2-elf/lib/mno-hw-mul\libc.a(lib_a-memset.o)
 .debug_info    0x0000000000008c30      0xb83 c:/altera/15.0/nios2eds/bin/gnu/h-x86_64-mingw32/bin/../lib/gcc/nios2-elf/4.9.1/../../../../../H-x86_64-mingw32/nios2-elf/lib/mno-hw-mul\libc.a(lib_a-stdio.o)
 .debug_info    0x00000000000097b3      0x921 c:/altera/15.0/nios2eds/bin/gnu/h-x86_64-mingw32/bin/../lib/gcc/nios2-elf/4.9.1/../../../../../H-x86_64-mingw32/nios2-elf/lib/mno-hw-mul\libc.a(lib_a-writer.o)
 .debug_info    0x000000000000a0d4      0x8ce c:/altera/15.0/nios2eds/bin/gnu/h-x86_64-mingw32/bin/../lib/gcc/nios2-elf/4.9.1/../../../../../H-x86_64-mingw32/nios2-elf/lib/mno-hw-mul\libc.a(closer.o)
 .debug_info    0x000000000000a9a2      0xa12 c:/altera/15.0/nios2eds/bin/gnu/h-x86_64-mingw32/bin/../lib/gcc/nios2-elf/4.9.1/../../../../../H-x86_64-mingw32/nios2-elf/lib/mno-hw-mul\libc.a(lib_a-fclose.o)
 .debug_info    0x000000000000b3b4      0xa5c c:/altera/15.0/nios2eds/bin/gnu/h-x86_64-mingw32/bin/../lib/gcc/nios2-elf/4.9.1/../../../../../H-x86_64-mingw32/nios2-elf/lib/mno-hw-mul\libc.a(lib_a-fstatr.o)
 .debug_info    0x000000000000be10      0x8ce c:/altera/15.0/nios2eds/bin/gnu/h-x86_64-mingw32/bin/../lib/gcc/nios2-elf/4.9.1/../../../../../H-x86_64-mingw32/nios2-elf/lib/mno-hw-mul\libc.a(lib_a-isattyr.o)
 .debug_info    0x000000000000c6de      0x91a c:/altera/15.0/nios2eds/bin/gnu/h-x86_64-mingw32/bin/../lib/gcc/nios2-elf/4.9.1/../../../../../H-x86_64-mingw32/nios2-elf/lib/mno-hw-mul\libc.a(lib_a-lseekr.o)
 .debug_info    0x000000000000cff8      0x91a c:/altera/15.0/nios2eds/bin/gnu/h-x86_64-mingw32/bin/../lib/gcc/nios2-elf/4.9.1/../../../../../H-x86_64-mingw32/nios2-elf/lib/mno-hw-mul\libc.a(lib_a-readr.o)
 .debug_info    0x000000000000d912      0x31a ../Vegetable-Viking_bsp/\libhal_bsp.a(alt_close.o)
 .debug_info    0x000000000000dc2c      0x495 ../Vegetable-Viking_bsp/\libhal_bsp.a(alt_dev.o)
 .debug_info    0x000000000000e0c1       0x9f ../Vegetable-Viking_bsp/\libhal_bsp.a(alt_errno.o)
 .debug_info    0x000000000000e160      0x481 ../Vegetable-Viking_bsp/\libhal_bsp.a(alt_fstat.o)
 .debug_info    0x000000000000e5e1      0x484 ../Vegetable-Viking_bsp/\libhal_bsp.a(alt_isatty.o)
 .debug_info    0x000000000000ea65      0x13e ../Vegetable-Viking_bsp/\libhal_bsp.a(alt_load.o)
 .debug_info    0x000000000000eba3      0x34b ../Vegetable-Viking_bsp/\libhal_bsp.a(alt_lseek.o)
 .debug_info    0x000000000000eeee      0x12a ../Vegetable-Viking_bsp/\libhal_bsp.a(alt_main.o)
 .debug_info    0x000000000000f018      0x89f ../Vegetable-Viking_bsp/\libhal_bsp.a(alt_malloc_lock.o)
 .debug_info    0x000000000000f8b7      0x4a9 ../Vegetable-Viking_bsp/\libhal_bsp.a(alt_read.o)
 .debug_info    0x000000000000fd60      0x2b0 ../Vegetable-Viking_bsp/\libhal_bsp.a(alt_release_fd.o)
 .debug_info    0x0000000000010010      0x1a5 ../Vegetable-Viking_bsp/\libhal_bsp.a(alt_sbrk.o)
 .debug_info    0x00000000000101b5      0x4b0 ../Vegetable-Viking_bsp/\libhal_bsp.a(alt_write.o)
 .debug_info    0x0000000000010665      0x4bc ../Vegetable-Viking_bsp/\libhal_bsp.a(alt_sys_init.o)
 .debug_info    0x0000000000010b21      0x527 ../Vegetable-Viking_bsp/\libhal_bsp.a(altera_avalon_jtag_uart_fd.o)
 .debug_info    0x0000000000011048      0x3a1 ../Vegetable-Viking_bsp/\libhal_bsp.a(altera_avalon_jtag_uart_init.o)
 .debug_info    0x00000000000113e9      0x279 ../Vegetable-Viking_bsp/\libhal_bsp.a(altera_avalon_jtag_uart_ioctl.o)
 .debug_info    0x0000000000011662      0x342 ../Vegetable-Viking_bsp/\libhal_bsp.a(altera_avalon_jtag_uart_read.o)
 .debug_info    0x00000000000119a4      0x339 ../Vegetable-Viking_bsp/\libhal_bsp.a(altera_avalon_jtag_uart_write.o)
 .debug_info    0x0000000000011cdd      0x2c5 ../Vegetable-Viking_bsp/\libhal_bsp.a(alt_alarm_start.o)
 .debug_info    0x0000000000011fa2       0x8b ../Vegetable-Viking_bsp/\libhal_bsp.a(alt_dcache_flush_all.o)
 .debug_info    0x000000000001202d      0x1a2 ../Vegetable-Viking_bsp/\libhal_bsp.a(alt_dev_llist_insert.o)
 .debug_info    0x00000000000121cf       0x83 ../Vegetable-Viking_bsp/\libhal_bsp.a(alt_do_ctors.o)
 .debug_info    0x0000000000012252       0x83 ../Vegetable-Viking_bsp/\libhal_bsp.a(alt_do_dtors.o)
 .debug_info    0x00000000000122d5       0x8b ../Vegetable-Viking_bsp/\libhal_bsp.a(alt_icache_flush_all.o)
 .debug_info    0x0000000000012360      0x349 ../Vegetable-Viking_bsp/\libhal_bsp.a(alt_iic.o)
 .debug_info    0x00000000000126a9      0x1e8 ../Vegetable-Viking_bsp/\libhal_bsp.a(alt_iic_isr_register.o)
 .debug_info    0x0000000000012891      0x49e ../Vegetable-Viking_bsp/\libhal_bsp.a(alt_io_redirect.o)
 .debug_info    0x0000000000012d2f       0x76 ../Vegetable-Viking_bsp/\libhal_bsp.a(alt_irq_entry.o)
 .debug_info    0x0000000000012da5      0x180 ../Vegetable-Viking_bsp/\libhal_bsp.a(alt_irq_handler.o)
 .debug_info    0x0000000000012f25       0x88 ../Vegetable-Viking_bsp/\libhal_bsp.a(alt_irq_vars.o)
 .debug_info    0x0000000000012fad      0x3b4 ../Vegetable-Viking_bsp/\libhal_bsp.a(alt_open.o)
 .debug_info    0x0000000000013361      0x292 ../Vegetable-Viking_bsp/\libhal_bsp.a(alt_tick.o)
 .debug_info    0x00000000000135f3       0x8b ../Vegetable-Viking_bsp/\libhal_bsp.a(altera_nios2_gen2_irq.o)
 .debug_info    0x000000000001367e       0x7c ../Vegetable-Viking_bsp/\libhal_bsp.a(alt_exception_entry.o)
 .debug_info    0x00000000000136fa      0x2e2 ../Vegetable-Viking_bsp/\libhal_bsp.a(alt_find_dev.o)
 .debug_info    0x00000000000139dc      0x2df ../Vegetable-Viking_bsp/\libhal_bsp.a(alt_find_file.o)
 .debug_info    0x0000000000013cbb      0x309 ../Vegetable-Viking_bsp/\libhal_bsp.a(alt_get_fd.o)
 .debug_info    0x0000000000013fc4      0x1d8 ../Vegetable-Viking_bsp/\libhal_bsp.a(alt_instruction_exception_entry.o)
 .debug_info    0x000000000001419c      0x10a c:/altera/15.0/nios2eds/bin/gnu/h-x86_64-mingw32/bin/../lib/gcc/nios2-elf/4.9.1/../../../../../H-x86_64-mingw32/nios2-elf/lib/mno-hw-mul\libc.a(lib_a-atexit.o)
 .debug_info    0x00000000000142a6      0x8df c:/altera/15.0/nios2eds/bin/gnu/h-x86_64-mingw32/bin/../lib/gcc/nios2-elf/4.9.1/../../../../../H-x86_64-mingw32/nios2-elf/lib/mno-hw-mul\libc.a(lib_a-exit.o)
 .debug_info    0x0000000000014b85      0x113 c:/altera/15.0/nios2eds/bin/gnu/h-x86_64-mingw32/bin/../lib/gcc/nios2-elf/4.9.1/../../../../../H-x86_64-mingw32/nios2-elf/lib/mno-hw-mul\libc.a(lib_a-memcmp.o)
 .debug_info    0x0000000000014c98      0x93b c:/altera/15.0/nios2eds/bin/gnu/h-x86_64-mingw32/bin/../lib/gcc/nios2-elf/4.9.1/../../../../../H-x86_64-mingw32/nios2-elf/lib/mno-hw-mul\libc.a(lib_a-__atexit.o)
 .debug_info    0x00000000000155d3      0x948 c:/altera/15.0/nios2eds/bin/gnu/h-x86_64-mingw32/bin/../lib/gcc/nios2-elf/4.9.1/../../../../../H-x86_64-mingw32/nios2-elf/lib/mno-hw-mul\libc.a(lib_a-__call_atexit.o)
 .debug_info    0x0000000000015f1b       0xe5 ../Vegetable-Viking_bsp/\libhal_bsp.a(alt_exit.o)

.debug_abbrev   0x0000000000000000     0x5def
 *(.debug_abbrev)
 .debug_abbrev  0x0000000000000000       0x12 ../Vegetable-Viking_bsp//obj/HAL/src/crt0.o
 .debug_abbrev  0x0000000000000012       0xa4 obj/default/main.o
 .debug_abbrev  0x00000000000000b6       0x6f c:/altera/15.0/nios2eds/bin/gnu/h-x86_64-mingw32/bin/../lib/gcc/nios2-elf/4.9.1/mno-hw-mul\libgcc.a(lib2-mul.o)
 .debug_abbrev  0x0000000000000125      0x226 c:/altera/15.0/nios2eds/bin/gnu/h-x86_64-mingw32/bin/../lib/gcc/nios2-elf/4.9.1/../../../../../H-x86_64-mingw32/nios2-elf/lib/mno-hw-mul\libc.a(lib_a-puts.o)
 .debug_abbrev  0x000000000000034b       0x90 c:/altera/15.0/nios2eds/bin/gnu/h-x86_64-mingw32/bin/../lib/gcc/nios2-elf/4.9.1/../../../../../H-x86_64-mingw32/nios2-elf/lib/mno-hw-mul\libc.a(lib_a-strlen.o)
 .debug_abbrev  0x00000000000003db      0x252 c:/altera/15.0/nios2eds/bin/gnu/h-x86_64-mingw32/bin/../lib/gcc/nios2-elf/4.9.1/../../../../../H-x86_64-mingw32/nios2-elf/lib/mno-hw-mul\libc.a(lib_a-fvwrite.o)
 .debug_abbrev  0x000000000000062d      0x180 c:/altera/15.0/nios2eds/bin/gnu/h-x86_64-mingw32/bin/../lib/gcc/nios2-elf/4.9.1/../../../../../H-x86_64-mingw32/nios2-elf/lib/mno-hw-mul\libc.a(lib_a-impure.o)
 .debug_abbrev  0x00000000000007ad      0x2ad c:/altera/15.0/nios2eds/bin/gnu/h-x86_64-mingw32/bin/../lib/gcc/nios2-elf/4.9.1/../../../../../H-x86_64-mingw32/nios2-elf/lib/mno-hw-mul\libc.a(lib_a-mallocr.o)
 .debug_abbrev  0x0000000000000a5a       0xab c:/altera/15.0/nios2eds/bin/gnu/h-x86_64-mingw32/bin/../lib/gcc/nios2-elf/4.9.1/../../../../../H-x86_64-mingw32/nios2-elf/lib/mno-hw-mul\libc.a(lib_a-memchr.o)
 .debug_abbrev  0x0000000000000b05       0x9c c:/altera/15.0/nios2eds/bin/gnu/h-x86_64-mingw32/bin/../lib/gcc/nios2-elf/4.9.1/../../../../../H-x86_64-mingw32/nios2-elf/lib/mno-hw-mul\libc.a(lib_a-memcpy.o)
 .debug_abbrev  0x0000000000000ba1       0x9c c:/altera/15.0/nios2eds/bin/gnu/h-x86_64-mingw32/bin/../lib/gcc/nios2-elf/4.9.1/../../../../../H-x86_64-mingw32/nios2-elf/lib/mno-hw-mul\libc.a(lib_a-memmove.o)
 .debug_abbrev  0x0000000000000c3d      0x269 c:/altera/15.0/nios2eds/bin/gnu/h-x86_64-mingw32/bin/../lib/gcc/nios2-elf/4.9.1/../../../../../H-x86_64-mingw32/nios2-elf/lib/mno-hw-mul\libc.a(lib_a-reallocr.o)
 .debug_abbrev  0x0000000000000ea6      0x1fd c:/altera/15.0/nios2eds/bin/gnu/h-x86_64-mingw32/bin/../lib/gcc/nios2-elf/4.9.1/../../../../../H-x86_64-mingw32/nios2-elf/lib/mno-hw-mul\libc.a(lib_a-sbrkr.o)
 .debug_abbrev  0x00000000000010a3      0x1f3 c:/altera/15.0/nios2eds/bin/gnu/h-x86_64-mingw32/bin/../lib/gcc/nios2-elf/4.9.1/../../../../../H-x86_64-mingw32/nios2-elf/lib/mno-hw-mul\libc.a(lib_a-wsetup.o)
 .debug_abbrev  0x0000000000001296      0x275 c:/altera/15.0/nios2eds/bin/gnu/h-x86_64-mingw32/bin/../lib/gcc/nios2-elf/4.9.1/../../../../../H-x86_64-mingw32/nios2-elf/lib/mno-hw-mul\libc.a(lib_a-fflush.o)
 .debug_abbrev  0x000000000000150b      0x387 c:/altera/15.0/nios2eds/bin/gnu/h-x86_64-mingw32/bin/../lib/gcc/nios2-elf/4.9.1/../../../../../H-x86_64-mingw32/nios2-elf/lib/mno-hw-mul\libc.a(lib_a-findfp.o)
 .debug_abbrev  0x0000000000001892      0x27b c:/altera/15.0/nios2eds/bin/gnu/h-x86_64-mingw32/bin/../lib/gcc/nios2-elf/4.9.1/../../../../../H-x86_64-mingw32/nios2-elf/lib/mno-hw-mul\libc.a(lib_a-freer.o)
 .debug_abbrev  0x0000000000001b0d      0x242 c:/altera/15.0/nios2eds/bin/gnu/h-x86_64-mingw32/bin/../lib/gcc/nios2-elf/4.9.1/../../../../../H-x86_64-mingw32/nios2-elf/lib/mno-hw-mul\libc.a(lib_a-fwalk.o)
 .debug_abbrev  0x0000000000001d4f       0x37 c:/altera/15.0/nios2eds/bin/gnu/h-x86_64-mingw32/bin/../lib/gcc/nios2-elf/4.9.1/../../../../../H-x86_64-mingw32/nios2-elf/lib/mno-hw-mul\libc.a(lib_a-int_errno.o)
 .debug_abbrev  0x0000000000001d86      0x206 c:/altera/15.0/nios2eds/bin/gnu/h-x86_64-mingw32/bin/../lib/gcc/nios2-elf/4.9.1/../../../../../H-x86_64-mingw32/nios2-elf/lib/mno-hw-mul\libc.a(lib_a-makebuf.o)
 .debug_abbrev  0x0000000000001f8c       0xae c:/altera/15.0/nios2eds/bin/gnu/h-x86_64-mingw32/bin/../lib/gcc/nios2-elf/4.9.1/../../../../../H-x86_64-mingw32/nios2-elf/lib/mno-hw-mul\libc.a(lib_a-memset.o)
 .debug_abbrev  0x000000000000203a      0x246 c:/altera/15.0/nios2eds/bin/gnu/h-x86_64-mingw32/bin/../lib/gcc/nios2-elf/4.9.1/../../../../../H-x86_64-mingw32/nios2-elf/lib/mno-hw-mul\libc.a(lib_a-stdio.o)
 .debug_abbrev  0x0000000000002280      0x1de c:/altera/15.0/nios2eds/bin/gnu/h-x86_64-mingw32/bin/../lib/gcc/nios2-elf/4.9.1/../../../../../H-x86_64-mingw32/nios2-elf/lib/mno-hw-mul\libc.a(lib_a-writer.o)
 .debug_abbrev  0x000000000000245e      0x1d9 c:/altera/15.0/nios2eds/bin/gnu/h-x86_64-mingw32/bin/../lib/gcc/nios2-elf/4.9.1/../../../../../H-x86_64-mingw32/nios2-elf/lib/mno-hw-mul\libc.a(closer.o)
 .debug_abbrev  0x0000000000002637      0x2a9 c:/altera/15.0/nios2eds/bin/gnu/h-x86_64-mingw32/bin/../lib/gcc/nios2-elf/4.9.1/../../../../../H-x86_64-mingw32/nios2-elf/lib/mno-hw-mul\libc.a(lib_a-fclose.o)
 .debug_abbrev  0x00000000000028e0      0x1e8 c:/altera/15.0/nios2eds/bin/gnu/h-x86_64-mingw32/bin/../lib/gcc/nios2-elf/4.9.1/../../../../../H-x86_64-mingw32/nios2-elf/lib/mno-hw-mul\libc.a(lib_a-fstatr.o)
 .debug_abbrev  0x0000000000002ac8      0x1d9 c:/altera/15.0/nios2eds/bin/gnu/h-x86_64-mingw32/bin/../lib/gcc/nios2-elf/4.9.1/../../../../../H-x86_64-mingw32/nios2-elf/lib/mno-hw-mul\libc.a(lib_a-isattyr.o)
 .debug_abbrev  0x0000000000002ca1      0x1e8 c:/altera/15.0/nios2eds/bin/gnu/h-x86_64-mingw32/bin/../lib/gcc/nios2-elf/4.9.1/../../../../../H-x86_64-mingw32/nios2-elf/lib/mno-hw-mul\libc.a(lib_a-lseekr.o)
 .debug_abbrev  0x0000000000002e89      0x1d9 c:/altera/15.0/nios2eds/bin/gnu/h-x86_64-mingw32/bin/../lib/gcc/nios2-elf/4.9.1/../../../../../H-x86_64-mingw32/nios2-elf/lib/mno-hw-mul\libc.a(lib_a-readr.o)
 .debug_abbrev  0x0000000000003062      0x11f ../Vegetable-Viking_bsp/\libhal_bsp.a(alt_close.o)
 .debug_abbrev  0x0000000000003181       0xd9 ../Vegetable-Viking_bsp/\libhal_bsp.a(alt_dev.o)
 .debug_abbrev  0x000000000000325a       0x5a ../Vegetable-Viking_bsp/\libhal_bsp.a(alt_errno.o)
 .debug_abbrev  0x00000000000032b4      0x11f ../Vegetable-Viking_bsp/\libhal_bsp.a(alt_fstat.o)
 .debug_abbrev  0x00000000000033d3      0x11f ../Vegetable-Viking_bsp/\libhal_bsp.a(alt_isatty.o)
 .debug_abbrev  0x00000000000034f2       0x9f ../Vegetable-Viking_bsp/\libhal_bsp.a(alt_load.o)
 .debug_abbrev  0x0000000000003591      0x11f ../Vegetable-Viking_bsp/\libhal_bsp.a(alt_lseek.o)
 .debug_abbrev  0x00000000000036b0       0xba ../Vegetable-Viking_bsp/\libhal_bsp.a(alt_main.o)
 .debug_abbrev  0x000000000000376a      0x1a5 ../Vegetable-Viking_bsp/\libhal_bsp.a(alt_malloc_lock.o)
 .debug_abbrev  0x000000000000390f      0x12e ../Vegetable-Viking_bsp/\libhal_bsp.a(alt_read.o)
 .debug_abbrev  0x0000000000003a3d       0xde ../Vegetable-Viking_bsp/\libhal_bsp.a(alt_release_fd.o)